$ pnpm --filter @ditto/runtime typecheck && node --test apps/runtime/src/pi-durable-imports.test.mjs scripts/pi-durable-host-auth.test.mjs && pnpm --filter @ditto/runtime exec vitest run
$ tsc --noEmit && tsc --noEmit -p tsconfig.forbidden-bindings.json
✔ audits the candidate's static imports, variable importer and closed auth path (324.350025ms)
✔ rejects filesystem and process execution imports, including variable specifiers (1385.030984ms)
✔ rejects omitted closed auth, escaped default auth and additional Models callers (1138.175318ms)
[96mAlchemy[0m (v0.93.12)
App: synthetic-auth
Phase: up
Stage: dev
✔ selects only host auth keys without exporting dotenv values (39.946561ms)
✔ invalid credentials and split logs cannot expose selected values (3.917002ms)
✔ public resource auth keeps inherited Docker child environment credential-free (179.216147ms)
ℹ tests 6
ℹ suites 0
ℹ pass 6
ℹ fail 0
ℹ cancelled 0
ℹ skipped 0
ℹ todo 0
ℹ duration_ms 3659.519033

[1m[46m RUN [49m[22m [36mv3.2.7 [39m[90m/home/ayan/ditto-execution/plan-007-recovery/apps/runtime[39m

[vpw:debug] Adding `enable_nodejs_tty_module` compatibility flag during tests as this feature is needed to support the Vitest runner.
[vpw:debug] Adding `enable_nodejs_fs_module` compatibility flag during tests as this feature is needed to support the Vitest runner.
[vpw:debug] Adding `enable_nodejs_http_modules` compatibility flag during tests as this feature is needed to support the Vitest runner.
[vpw:debug] Adding `enable_nodejs_perf_hooks_module` compatibility flag during tests as this feature is needed to support the Vitest runner.
[vpw:info] Starting isolated runtimes for vitest.config.ts...
[mf:warn] The latest compatibility date supported by the installed Cloudflare Workers Runtime is "2026-03-10",
but you've requested "2026-09-16". Falling back to "2026-03-10"...
[mf:warn] The latest compatibility date supported by the installed Cloudflare Workers Runtime is "2026-03-10",
but you've requested "2026-09-16". Falling back to "2026-03-10"...
[mf:warn] The latest compatibility date supported by the installed Cloudflare Workers Runtime is "2026-03-10",
but you've requested "2026-09-16". Falling back to "2026-03-10"...
[mf:warn] The latest compatibility date supported by the installed Cloudflare Workers Runtime is "2026-03-10",
but you've requested "2026-09-16". Falling back to "2026-03-10"...
[mf:warn] The latest compatibility date supported by the installed Cloudflare Workers Runtime is "2026-03-10",
but you've requested "2026-09-16". Falling back to "2026-03-10"...
[mf:warn] The latest compatibility date supported by the installed Cloudflare Workers Runtime is "2026-03-10",
but you've requested "2026-09-16". Falling back to "2026-03-10"...
[mf:warn] The latest compatibility date supported by the installed Cloudflare Workers Runtime is "2026-03-10",
but you've requested "2026-09-16". Falling back to "2026-03-10"...
[mf:warn] The latest compatibility date supported by the installed Cloudflare Workers Runtime is "2026-03-10",
but you've requested "2026-09-16". Falling back to "2026-03-10"...
[mf:warn] The latest compatibility date supported by the installed Cloudflare Workers Runtime is "2026-03-10",
but you've requested "2026-09-16". Falling back to "2026-03-10"...
[mf:warn] The latest compatibility date supported by the installed Cloudflare Workers Runtime is "2026-03-10",
but you've requested "2026-09-16". Falling back to "2026-03-10"...
[mf:warn] The latest compatibility date supported by the installed Cloudflare Workers Runtime is "2026-03-10",
but you've requested "2026-09-16". Falling back to "2026-03-10"...
[mf:warn] The latest compatibility date supported by the installed Cloudflare Workers Runtime is "2026-03-10",
but you've requested "2026-09-16". Falling back to "2026-03-10"...
 [32m✓[39m src/forbidden-import-graph.test.ts [2m([22m[2m1 test[22m[2m)[22m[32m 147[2mms[22m[39m
 [32m✓[39m src/runtime-crypto.test.ts [2m([22m[2m5 tests[22m[2m)[22m[33m 382[2mms[22m[39m
 [32m✓[39m src/feasibility.test.ts [2m([22m[2m19 tests[22m[2m)[22m[33m 565[2mms[22m[39m
[90mstdout[2m | src/pi-durable-models.test.ts[2m > [22m[2mheld product callback denies changed host authority {"current":false}, encrypted=false
[22m[39m[007-model-claim-snapshot] {"name":"product-{\"current\":false}","encrypted":false,"claimed":1,"receiptState":"consumed","encryptedReceipt":false,"effectState":"admitted","epoch":1,"calls":0}

 [32m✓[39m src/pi-durable-compatibility.test.ts [2m([22m[2m3 tests[22m[2m)[22m[33m 645[2mms[22m[39m
[90mstdout[2m | src/pi-durable-models.test.ts[2m > [22m[2mheld product callback denies changed host authority {"executor":2}, encrypted=false
[22m[39m[007-model-claim-snapshot] {"name":"product-{\"executor\":2}","encrypted":false,"claimed":1,"receiptState":"consumed","encryptedReceipt":false,"effectState":"admitted","epoch":1,"calls":0}

 [32m✓[39m src/pi-durable-encrypted-corrections.test.ts [2m([22m[2m5 tests[22m[2m)[22m[33m 738[2mms[22m[39m
[90mstdout[2m | src/pi-durable-model-preparation.gate.test.ts[2m > [22m[2m007 initial gate: prepared compaction must resume through the integrated mandatory guard after reopen before first admission
[22m[39m007 compaction gate evidence {"task":11,"before":{"phase":"select"},"after":{"status":"terminal","outcome":{"status":"completed","result":{"submissionId":13}}},"attempts":2,"dispatched":2,"requests":[{"model":"faux-1"},{"model":"faux-1","thinking":"low","maxTokens":1024},{"model":"faux-2","thinking":"high"}]}

 [32m✓[39m src/pi-durable-model-preparation.gate.test.ts [2m([22m[2m2 tests[22m[2m)[22m[33m 890[2mms[22m[39m
   [33m[2m✓[22m[39m 007 initial gate: prepared compaction must resume through the integrated mandatory guard after reopen before first admission [33m 646[2mms[22m[39m
[90mstdout[2m | src/pi-durable-models.test.ts[2m > [22m[2mheld product callback denies changed host authority {"generation":2}, encrypted=false
[22m[39m[007-model-claim-snapshot] {"name":"product-{\"generation\":2}","encrypted":false,"claimed":1,"receiptState":"consumed","encryptedReceipt":false,"effectState":"admitted","epoch":1,"calls":0}

[90mstdout[2m | src/pi-durable-models.test.ts[2m > [22m[2ma rewound live claim cannot acknowledge consumption again, encrypted=false
[22m[39m[007-model-claim-snapshot] {"name":"rewound","encrypted":false,"claimed":0,"receiptState":"consumed","encryptedReceipt":false,"effectState":"admitted","epoch":1,"calls":0}

[90mstdout[2m | src/pi-durable-models.test.ts[2m > [22m[2mclaim denies authority during held task, encrypted=false
[22m[39m[007-model-claim-snapshot] {"name":"task-authority","encrypted":false,"claimed":0,"receiptState":"reserved","encryptedReceipt":false,"effectState":"admitted","epoch":1,"calls":0}

[90mstdout[2m | src/pi-durable-models.test.ts[2m > [22m[2mclaim denies authority during held task, encrypted=false
[22m[39m[007-model-claim-snapshot] {"name":"task-authority","encrypted":false,"claimed":1,"receiptState":"consumed","encryptedReceipt":false,"effectState":"admitted","epoch":1,"calls":0}

[90mstdout[2m | src/pi-durable-models.test.ts[2m > [22m[2mclaim denies Stop during held task, encrypted=false
[22m[39m[007-model-claim-snapshot] {"name":"task-Stop","encrypted":false,"claimed":0,"receiptState":"reserved","encryptedReceipt":false,"effectState":"admitted","epoch":1,"calls":0}

[90mstdout[2m | src/pi-durable-models.test.ts[2m > [22m[2mclaim denies Stop during held task, encrypted=false
[22m[39m[007-model-claim-snapshot] {"name":"task-Stop","encrypted":false,"claimed":0,"receiptState":"reserved","encryptedReceipt":false,"effectState":"admitted","epoch":2,"calls":0}

[90mstdout[2m | src/pi-durable-models.test.ts[2m > [22m[2mclaim denies authority during held flush, encrypted=false
[22m[39m[007-model-claim-snapshot] {"name":"flush-authority","encrypted":false,"claimed":1,"receiptState":"consumed","encryptedReceipt":false,"effectState":"admitted","epoch":1,"calls":0}

[90mstdout[2m | src/pi-durable-models.test.ts[2m > [22m[2mclaim denies authority during held flush, encrypted=false
[22m[39m[007-model-claim-snapshot] {"name":"flush-authority","encrypted":false,"claimed":1,"receiptState":"consumed","encryptedReceipt":false,"effectState":"admitted","epoch":1,"calls":0}

[90mstdout[2m | src/pi-durable-models.test.ts[2m > [22m[2mclaim denies Stop during held flush, encrypted=false
[22m[39m[007-model-claim-snapshot] {"name":"flush-Stop","encrypted":false,"claimed":1,"receiptState":"consumed","encryptedReceipt":false,"effectState":"admitted","epoch":1,"calls":0}

[90mstdout[2m | src/pi-durable-models.test.ts[2m > [22m[2mclaim denies Stop during held flush, encrypted=false
[22m[39m[007-model-claim-snapshot] {"name":"flush-Stop","encrypted":false,"claimed":1,"receiptState":"consumed","encryptedReceipt":false,"effectState":"admitted","epoch":3,"calls":0}

[90mstdout[2m | src/pi-durable-host.test.ts[2m > [22m[2mGuarded local host with real DO SQLite[2m > [22m[2mactually closes with request authority read 1 still pending
[22m[39m[002-authority-close] {"phase":"request","blockedRead":1,"id":"5e5daf81-d5fe-46f7-85b6-b194fae073b3","generation":1,"started":1791532883573,"yield_at":1791532884573,"end_at":1791532885573,"state":"active","closedAt":1791532883693,"preparationPending":true}

[90mstdout[2m | src/pi-durable-models.test.ts[2m > [22m[2mconcurrent exact claims reserve only once, encrypted=false
[22m[39m[007-model-claim-snapshot] {"name":"concurrent","encrypted":false,"claimed":1,"receiptState":"consumed","encryptedReceipt":false,"effectState":"admitted","epoch":1,"calls":0}

 [32m✓[39m src/pi-durable-history.test.ts [2m([22m[2m26 tests[22m[2m)[22m[33m 2919[2mms[22m[39m
   [33m[2m✓[22m[39m exact bounded encrypted history[2m > [22mreopens a compacted conversation with completed tools and queued followup and sends the exact next prepared provider request [33m 415[2mms[22m[39m
[90mstdout[2m | src/pi-durable-host.test.ts[2m > [22m[2mGuarded local host with real DO SQLite[2m > [22m[2mactually closes with request authority read 2 still pending
[22m[39m[002-authority-close] {"phase":"request","blockedRead":2,"id":"30d2d10d-5311-4345-b8a6-fcbbbffad88c","generation":1,"started":1791532883811,"yield_at":1791532884811,"end_at":1791532885811,"state":"active","closedAt":1791532883930,"preparationPending":true}

[90mstdout[2m | src/pi-durable-models.test.ts[2m > [22m[2mactual joined close cancels a held claim flush without refund, encrypted=false
[22m[39m[007-model-claim-close] {"encrypted":false,"elapsedMs":16}

[90mstdout[2m | src/pi-durable-models.test.ts[2m > [22m[2mactual joined close cancels a held claim flush without refund, encrypted=false
[22m[39m[007-model-claim-snapshot] {"name":"close-held-flush","encrypted":false,"claimed":1,"receiptState":"consumed","encryptedReceipt":false,"effectState":"admitted","epoch":2,"calls":0}

[90mstdout[2m | src/pi-durable-models.test.ts[2m > [22m[2mactual joined close cancels a held claim flush without refund, encrypted=false
[22m[39m[007-model-claim-snapshot] {"name":"close-held-flush","encrypted":false,"claimed":1,"receiptState":"consumed","encryptedReceipt":false,"effectState":"admitted","epoch":2,"calls":0}

[90mstdout[2m | src/pi-durable-host.test.ts[2m > [22m[2mGuarded local host with real DO SQLite[2m > [22m[2mactually closes with tool authority read 1 still pending
[22m[39m[002-authority-close] {"phase":"tool","blockedRead":1,"id":"559b8b89-90fb-4450-bcc3-015e3e9da227","generation":1,"started":1791532884042,"yield_at":1791532885042,"end_at":1791532886042,"state":"active","closedAt":1791532884203,"preparationPending":true}

[90mstdout[2m | src/pi-durable-models.test.ts[2m > [22m[2mlost claim acknowledgment retains consumption across two reopens, encrypted=false
[22m[39m[007-model-claim-snapshot] {"name":"lost-ack","encrypted":false,"claimed":1,"receiptState":"consumed","encryptedReceipt":false,"effectState":"admitted","epoch":2,"calls":0}

[90mstdout[2m | src/pi-durable-models.test.ts[2m > [22m[2mlost claim acknowledgment retains consumption across two reopens, encrypted=false
[22m[39m[007-model-claim-snapshot] {"name":"lost-ack","encrypted":false,"claimed":1,"receiptState":"consumed","encryptedReceipt":false,"effectState":"admitted","epoch":2,"calls":0}

[90mstdout[2m | src/pi-durable-models.test.ts[2m > [22m[2mlost claim acknowledgment retains consumption across two reopens, encrypted=false
[22m[39m[007-model-claim-snapshot] {"name":"lost-ack","encrypted":false,"claimed":1,"receiptState":"consumed","encryptedReceipt":false,"effectState":"admitted","epoch":2,"calls":0}

[90mstdout[2m | src/pi-durable-host.test.ts[2m > [22m[2mGuarded local host with real DO SQLite[2m > [22m[2mactually closes with tool authority read 2 still pending
[22m[39m[002-authority-close] {"phase":"tool","blockedRead":2,"id":"7ddc41e7-7788-4b43-b330-c3ad150f1215","generation":1,"started":1791532884305,"yield_at":1791532885305,"end_at":1791532886305,"state":"active","closedAt":1791532884480,"preparationPending":true}

[90mstdout[2m | src/pi-durable-models.test.ts[2m > [22m[2man older reserved receipt cannot refund an uncertain effect across reopens, encrypted=false
[22m[39m[007-model-claim-snapshot] {"name":"reserved-rollback","encrypted":false,"claimed":1,"receiptState":"consumed","encryptedReceipt":false,"effectState":"admitted","epoch":1,"calls":0}

[90mstdout[2m | src/pi-durable-models.test.ts[2m > [22m[2man older reserved receipt cannot refund an uncertain effect across reopens, encrypted=false
[22m[39m[007-model-claim-snapshot] {"name":"reserved-rollback","encrypted":false,"claimed":0,"receiptState":"reserved","encryptedReceipt":false,"effectState":"admitted","epoch":2,"calls":0}

[90mstdout[2m | src/pi-durable-models.test.ts[2m > [22m[2man older reserved receipt cannot refund an uncertain effect across reopens, encrypted=false
[22m[39m[007-model-claim-snapshot] {"name":"reserved-rollback","encrypted":false,"claimed":0,"receiptState":"reserved","encryptedReceipt":false,"effectState":"admitted","epoch":2,"calls":0}

[90mstdout[2m | src/pi-durable-models.test.ts[2m > [22m[2mdispatch digest substitution denies before consumption, encrypted=false
[22m[39m[007-model-claim-snapshot] {"name":"digest-substitution","encrypted":false,"claimed":0,"receiptState":"reserved","encryptedReceipt":false,"effectState":"admitted","epoch":2,"calls":0}

[90mstdout[2m | src/pi-durable-models.test.ts[2m > [22m[2mheld product callback denies changed host authority {"current":false}, encrypted=true
[22m[39m[007-model-claim-snapshot] {"name":"product-{\"current\":false}","encrypted":true,"claimed":1,"receiptState":"consumed","encryptedReceipt":true,"effectState":"admitted","epoch":1,"calls":0}

[90mstdout[2m | src/pi-durable-models.test.ts[2m > [22m[2mheld product callback denies changed host authority {"executor":2}, encrypted=true
[22m[39m[007-model-claim-snapshot] {"name":"product-{\"executor\":2}","encrypted":true,"claimed":1,"receiptState":"consumed","encryptedReceipt":true,"effectState":"admitted","epoch":1,"calls":0}

[90mstdout[2m | src/pi-durable-models.test.ts[2m > [22m[2mheld product callback denies changed host authority {"generation":2}, encrypted=true
[22m[39m[007-model-claim-snapshot] {"name":"product-{\"generation\":2}","encrypted":true,"claimed":1,"receiptState":"consumed","encryptedReceipt":true,"effectState":"admitted","epoch":1,"calls":0}

 [32m✓[39m src/pi-durable-storage.test.ts [2m([22m[2m41 tests[22m[2m)[22m[33m 8129[2mms[22m[39m
   [33m[2m✓[22m[39m encrypted DO SQLite[2m > [22mstreams long document tails across root replacement deltas [33m 2362[2mms[22m[39m
   [33m[2m✓[22m[39m encrypted storage transactions and integrity[2m > [22mrejects each compatibility field and a keyring that lacks the historical key [33m 339[2mms[22m[39m
   [33m[2m✓[22m[39m authenticated durable counters[2m > [22mrejects malformed, negative, noncanonical, and unsafe counter values [33m 2178[2mms[22m[39m
[90mstdout[2m | src/pi-durable-models.test.ts[2m > [22m[2ma rewound live claim cannot acknowledge consumption again, encrypted=true
[22m[39m[007-model-claim-snapshot] {"name":"rewound","encrypted":true,"claimed":0,"receiptState":"consumed","encryptedReceipt":true,"effectState":"admitted","epoch":1,"calls":0}

[90mstdout[2m | src/pi-durable-models.test.ts[2m > [22m[2mclaim denies authority during held task, encrypted=true
[22m[39m[007-model-claim-snapshot] {"name":"task-authority","encrypted":true,"claimed":0,"receiptState":"reserved","encryptedReceipt":true,"effectState":"admitted","epoch":1,"calls":0}

[90mstdout[2m | src/pi-durable-models.test.ts[2m > [22m[2mclaim denies authority during held task, encrypted=true
[22m[39m[007-model-claim-snapshot] {"name":"task-authority","encrypted":true,"claimed":1,"receiptState":"consumed","encryptedReceipt":true,"effectState":"admitted","epoch":1,"calls":0}

[90mstdout[2m | src/pi-durable-models.test.ts[2m > [22m[2mclaim denies Stop during held task, encrypted=true
[22m[39m[007-model-claim-snapshot] {"name":"task-Stop","encrypted":true,"claimed":0,"receiptState":"reserved","encryptedReceipt":true,"effectState":"admitted","epoch":1,"calls":0}

[90mstdout[2m | src/pi-durable-models.test.ts[2m > [22m[2mclaim denies Stop during held task, encrypted=true
[22m[39m[007-model-claim-snapshot] {"name":"task-Stop","encrypted":true,"claimed":0,"receiptState":"reserved","encryptedReceipt":true,"effectState":"admitted","epoch":2,"calls":0}

[90mstdout[2m | src/pi-durable-models.test.ts[2m > [22m[2mclaim denies authority during held flush, encrypted=true
[22m[39m[007-model-claim-snapshot] {"name":"flush-authority","encrypted":true,"claimed":1,"receiptState":"consumed","encryptedReceipt":true,"effectState":"admitted","epoch":1,"calls":0}

[90mstdout[2m | src/pi-durable-models.test.ts[2m > [22m[2mclaim denies authority during held flush, encrypted=true
[22m[39m[007-model-claim-snapshot] {"name":"flush-authority","encrypted":true,"claimed":1,"receiptState":"consumed","encryptedReceipt":true,"effectState":"admitted","epoch":1,"calls":0}

[90mstdout[2m | src/pi-durable-models.test.ts[2m > [22m[2mclaim denies Stop during held flush, encrypted=true
[22m[39m[007-model-claim-snapshot] {"name":"flush-Stop","encrypted":true,"claimed":1,"receiptState":"consumed","encryptedReceipt":true,"effectState":"admitted","epoch":1,"calls":0}

[90mstdout[2m | src/pi-durable-models.test.ts[2m > [22m[2mclaim denies Stop during held flush, encrypted=true
[22m[39m[007-model-claim-snapshot] {"name":"flush-Stop","encrypted":true,"claimed":1,"receiptState":"consumed","encryptedReceipt":true,"effectState":"admitted","epoch":3,"calls":0}

[90mstdout[2m | src/pi-durable-models.test.ts[2m > [22m[2mconcurrent exact claims reserve only once, encrypted=true
[22m[39m[007-model-claim-snapshot] {"name":"concurrent","encrypted":true,"claimed":1,"receiptState":"consumed","encryptedReceipt":true,"effectState":"admitted","epoch":1,"calls":0}

[90mstdout[2m | src/pi-durable-models.test.ts[2m > [22m[2mactual joined close cancels a held claim flush without refund, encrypted=true
[22m[39m[007-model-claim-close] {"encrypted":true,"elapsedMs":15}

[90mstdout[2m | src/pi-durable-models.test.ts[2m > [22m[2mactual joined close cancels a held claim flush without refund, encrypted=true
[22m[39m[007-model-claim-snapshot] {"name":"close-held-flush","encrypted":true,"claimed":1,"receiptState":"consumed","encryptedReceipt":true,"effectState":"admitted","epoch":2,"calls":0}

[90mstdout[2m | src/pi-durable-models.test.ts[2m > [22m[2mactual joined close cancels a held claim flush without refund, encrypted=true
[22m[39m[007-model-claim-snapshot] {"name":"close-held-flush","encrypted":true,"claimed":1,"receiptState":"consumed","encryptedReceipt":true,"effectState":"admitted","epoch":2,"calls":0}

[90mstdout[2m | src/pi-durable-models.test.ts[2m > [22m[2mlost claim acknowledgment retains consumption across two reopens, encrypted=true
[22m[39m[007-model-claim-snapshot] {"name":"lost-ack","encrypted":true,"claimed":1,"receiptState":"consumed","encryptedReceipt":true,"effectState":"admitted","epoch":2,"calls":0}

[90mstdout[2m | src/pi-durable-models.test.ts[2m > [22m[2mlost claim acknowledgment retains consumption across two reopens, encrypted=true
[22m[39m[007-model-claim-snapshot] {"name":"lost-ack","encrypted":true,"claimed":1,"receiptState":"consumed","encryptedReceipt":true,"effectState":"admitted","epoch":2,"calls":0}

[90mstdout[2m | src/pi-durable-models.test.ts[2m > [22m[2mlost claim acknowledgment retains consumption across two reopens, encrypted=true
[22m[39m[007-model-claim-snapshot] {"name":"lost-ack","encrypted":true,"claimed":1,"receiptState":"consumed","encryptedReceipt":true,"effectState":"admitted","epoch":2,"calls":0}

[90mstdout[2m | src/pi-durable-models.test.ts[2m > [22m[2man older reserved receipt cannot refund an uncertain effect across reopens, encrypted=true
[22m[39m[007-model-claim-snapshot] {"name":"reserved-rollback","encrypted":true,"claimed":1,"receiptState":"consumed","encryptedReceipt":true,"effectState":"admitted","epoch":1,"calls":0}

[90mstdout[2m | src/pi-durable-models.test.ts[2m > [22m[2man older reserved receipt cannot refund an uncertain effect across reopens, encrypted=true
[22m[39m[007-model-claim-snapshot] {"name":"reserved-rollback","encrypted":true,"claimed":0,"receiptState":"reserved","encryptedReceipt":true,"effectState":"admitted","epoch":2,"calls":0}

[90mstdout[2m | src/pi-durable-models.test.ts[2m > [22m[2man older reserved receipt cannot refund an uncertain effect across reopens, encrypted=true
[22m[39m[007-model-claim-snapshot] {"name":"reserved-rollback","encrypted":true,"claimed":0,"receiptState":"reserved","encryptedReceipt":true,"effectState":"admitted","epoch":2,"calls":0}

[90mstdout[2m | src/pi-durable-models.test.ts[2m > [22m[2mdispatch digest substitution denies before consumption, encrypted=true
[22m[39m[007-model-claim-snapshot] {"name":"digest-substitution","encrypted":true,"claimed":0,"receiptState":"reserved","encryptedReceipt":true,"effectState":"admitted","epoch":2,"calls":0}

[90mstdout[2m | src/pi-durable-models.test.ts[2m > [22m[2mprivate Worker RPC carries the live exact claim and admits one start, encrypted=false
[22m[39m[007-model-claim-snapshot] {"name":"rpc-admit","encrypted":false,"claimed":1,"receiptState":"consumed","encryptedReceipt":false,"effectState":"admitted","epoch":1,"calls":1}

[90mstdout[2m | src/pi-durable-models.test.ts[2m > [22m[2mreal epoch-first Stop wins before a private RPC acknowledgment, encrypted=false
[22m[39m[007-model-claim-snapshot] {"name":"rpc-stop-first","encrypted":false,"claimed":1,"receiptState":"consumed","encryptedReceipt":false,"effectState":"admitted","epoch":3,"calls":0}

[90mstdout[2m | src/pi-durable-models.test.ts[2m > [22m[2mStop after a private RPC acknowledgment retains the admitted start, encrypted=false
[22m[39m[007-model-claim-snapshot] {"name":"rpc-stop-after","encrypted":false,"claimed":1,"receiptState":"consumed","encryptedReceipt":false,"effectState":"admitted","epoch":2,"calls":1}

[90mstdout[2m | src/pi-durable-models.test.ts[2m > [22m[2mprivate RPC rejects foreign owned context and a JSON-only association, encrypted=false
[22m[39m[007-model-claim-snapshot] {"name":"rpc-foreign","encrypted":false,"claimed":0,"receiptState":"reserved","encryptedReceipt":false,"effectState":"admitted","epoch":1,"calls":0}

[90mstdout[2m | src/pi-durable-models.test.ts[2m > [22m[2mprivate Worker RPC carries the live exact claim and admits one start, encrypted=true
[22m[39m[007-model-claim-snapshot] {"name":"rpc-admit","encrypted":true,"claimed":1,"receiptState":"consumed","encryptedReceipt":true,"effectState":"admitted","epoch":1,"calls":1}

[90mstdout[2m | src/pi-durable-models.test.ts[2m > [22m[2mreal epoch-first Stop wins before a private RPC acknowledgment, encrypted=true
[22m[39m[007-model-claim-snapshot] {"name":"rpc-stop-first","encrypted":true,"claimed":1,"receiptState":"consumed","encryptedReceipt":true,"effectState":"admitted","epoch":3,"calls":0}

[90mstdout[2m | src/pi-durable-models.test.ts[2m > [22m[2mStop after a private RPC acknowledgment retains the admitted start, encrypted=true
[22m[39m[007-model-claim-snapshot] {"name":"rpc-stop-after","encrypted":true,"claimed":1,"receiptState":"consumed","encryptedReceipt":true,"effectState":"admitted","epoch":2,"calls":1}

[90mstdout[2m | src/pi-durable-models.test.ts[2m > [22m[2mprivate RPC rejects foreign owned context and a JSON-only association, encrypted=true
[22m[39m[007-model-claim-snapshot] {"name":"rpc-foreign","encrypted":true,"claimed":0,"receiptState":"reserved","encryptedReceipt":true,"effectState":"admitted","epoch":1,"calls":0}

 [32m✓[39m src/pi-durable-models.test.ts [2m([22m[2m50 tests[22m[2m)[22m[33m 13612[2mms[22m[39m
   [33m[2m✓[22m[39m held product callback denies changed host authority {"current":false}, encrypted=false [33m 350[2mms[22m[39m
   [33m[2m✓[22m[39m claim denies authority during held task, encrypted=false [33m 303[2mms[22m[39m
   [33m[2m✓[22m[39m claim denies Stop during held task, encrypted=false [33m 303[2mms[22m[39m
   [33m[2m✓[22m[39m claim denies authority during held flush, encrypted=false [33m 307[2mms[22m[39m
   [33m[2m✓[22m[39m claim denies Stop during held flush, encrypted=false [33m 337[2mms[22m[39m
   [33m[2m✓[22m[39m lost claim acknowledgment retains consumption across two reopens, encrypted=false [33m 316[2mms[22m[39m
   [33m[2m✓[22m[39m a claimed exact attempt starts once and Stop retains its admitted work, encrypted=false [33m 303[2mms[22m[39m
   [33m[2m✓[22m[39m held product callback denies changed host authority {"current":false}, encrypted=true [33m 955[2mms[22m[39m
   [33m[2m✓[22m[39m held product callback denies changed host authority {"executor":2}, encrypted=true [33m 1098[2mms[22m[39m
[90mstdout[2m | src/pi-durable-host.test.ts[2m > [22m[2mGuarded local host with real DO SQLite[2m > [22m[2mcombines wall-clock yield and native alarms with joined event resources
[22m[39m[002-native-close] {"id":"4a2533a6-711f-452f-940f-208fc89dbba4","generation":1,"started":1791532893728,"yield_at":1791532894728,"end_at":1791532895728,"state":"active","closedAt":1791532894747,"remotePending":true}

 [32m✓[39m src/pi-durable-host.test.ts [2m([22m[2m55 tests[22m[2m)[22m[33m 20300[2mms[22m[39m
   [33m[2m✓[22m[39m Guarded local host with real DO SQLite[2m > [22mfences tool, accounts actual close, retains effects across two passive reopens [33m 323[2mms[22m[39m
   [33m[2m✓[22m[39m Guarded local host with real DO SQLite[2m > [22mdenies effects after result persistence fails, continuing unavailability=false [33m 446[2mms[22m[39m
   [33m[2m✓[22m[39m Guarded local host with real DO SQLite[2m > [22mdenies effects after result persistence fails, continuing unavailability=true [33m 445[2mms[22m[39m
   [33m[2m✓[22m[39m Guarded local host with real DO SQLite[2m > [22mblocks recovery across two reopens after safety-result-missing [33m 518[2mms[22m[39m
   [33m[2m✓[22m[39m Guarded local host with real DO SQLite[2m > [22mblocks recovery across two reopens after pi-result-missing [33m 511[2mms[22m[39m
   [33m[2m✓[22m[39m Guarded local host with real DO SQLite[2m > [22mencrypted adapter blocks recovery across two reopens after safety-result-missing [33m 386[2mms[22m[39m
   [33m[2m✓[22m[39m Guarded local host with real DO SQLite[2m > [22mencrypted adapter blocks recovery across two reopens after pi-result-missing [33m 388[2mms[22m[39m
   [33m[2m✓[22m[39m Guarded local host with real DO SQLite[2m > [22mrechecks tool admission after fresh authority changes to revoked [33m 1983[2mms[22m[39m
   [33m[2m✓[22m[39m Guarded local host with real DO SQLite[2m > [22mrechecks tool admission after fresh authority changes to generation [33m 362[2mms[22m[39m
   [33m[2m✓[22m[39m Guarded local host with real DO SQLite[2m > [22mrechecks tool admission after fresh authority changes to executor [33m 372[2mms[22m[39m
   [33m[2m✓[22m[39m Guarded local host with real DO SQLite[2m > [22mrechecks tool admission after fresh authority changes to capacity [33m 374[2mms[22m[39m
   [33m[2m✓[22m[39m Guarded local host with real DO SQLite[2m > [22mconsumes a safety result only after Pi's public terminal tool receipt [33m 385[2mms[22m[39m
   [33m[2m✓[22m[39m Guarded local host with real DO SQLite[2m > [22mretains a live unknown shell while real Pi recovery and subsequent requests deny effects across two reopens [33m 444[2mms[22m[39m
   [33m[2m✓[22m[39m Guarded local host with real DO SQLite[2m > [22mcloses the real built-in retry sleep and allocates one new budget only after accounted close [33m 321[2mms[22m[39m
   [33m[2m✓[22m[39m Guarded local host with real DO SQLite[2m > [22mautomatic yield awaits actual close before the absolute 2000 ms end deadline [33m 1103[2mms[22m[39m
   [33m[2m✓[22m[39m Guarded local host with real DO SQLite[2m > [22mcombines wall-clock yield and native alarms with joined event resources [33m 1155[2mms[22m[39m
   [33m[2m✓[22m[39m Guarded local host with real DO SQLite[2m > [22malarm-reactivates real Pi retry on the same surviving DO without retire [33m 1964[2mms[22m[39m
   [33m[2m✓[22m[39m Guarded local host with real DO SQLite[2m > [22malarm-reconciles unknown tool on the same surviving DO without retire [33m 315[2mms[22m[39m
   [33m[2m✓[22m[39m Guarded local host with real DO SQLite[2m > [22mactivates passively and repairs retained intent without reattaching a host [33m 375[2mms[22m[39m
   [33m[2m✓[22m[39m Guarded local host with real DO SQLite[2m > [22mdenies adversarial generation before dispatch [33m 316[2mms[22m[39m
   [33m[2m✓[22m[39m Guarded local host with real DO SQLite[2m > [22mnever abandons actual close when a public Storage cleanup fault overruns its deadline [33m 494[2mms[22m[39m
 [32m✓[39m src/pi-durable-effects.test.ts [2m([22m[2m62 tests[22m[2m)[22m[33m 28613[2mms[22m[39m
   [33m[2m✓[22m[39m identical durable result delivery is idempotent [33m 367[2mms[22m[39m
   [33m[2m✓[22m[39m actual Pi unsafe recovery attempts the next tool and model but neither dispatches through two reopens [33m 634[2mms[22m[39m
   [33m[2m✓[22m[39m completed synthetic mutations and follow-up membership survive reopen without repetition [33m 783[2mms[22m[39m
   [33m[2m✓[22m[39m conflicting result persists review block across reopen and new command [33m 352[2mms[22m[39m
   [33m[2m✓[22m[39m healthy later writes cannot clear a storage barrier but current trusted reconciliation can account for an undispatched admission [33m 475[2mms[22m[39m
   [33m[2m✓[22m[39m actual generation and unsafe tool persist structured exact membership before dispatch [33m 466[2mms[22m[39m
   [33m[2m✓[22m[39m lost shell result commit denies actual tool/model callbacks across two SQLite reopens, unavailable=false [33m 650[2mms[22m[39m
   [33m[2m✓[22m[39m lost shell result commit denies actual tool/model callbacks across two SQLite reopens, unavailable=true [33m 597[2mms[22m[39m
   [33m[2m✓[22m[39m unavailable failure marker is unnecessary for reopen denial from durable admitted shell [33m 508[2mms[22m[39m
   [33m[2m✓[22m[39m safety result before failed Pi commit is not original successful tool receipt [33m 517[2mms[22m[39m
   [33m[2m✓[22m[39m shell-replay is denied on actual registered tool before executor I/O [33m 438[2mms[22m[39m
   [33m[2m✓[22m[39m implicit-read is denied on actual registered tool before executor I/O [33m 1174[2mms[22m[39m
   [33m[2m✓[22m[39m unsupported-write is denied on actual registered tool before executor I/O [33m 1305[2mms[22m[39m
   [33m[2m✓[22m[39m read repeats are explicit new observations on distinct original calls, never replay of an unresolved call [33m 552[2mms[22m[39m
   [33m[2m✓[22m[39m uncooperative shell Stop is stopping, cancellation receipt is not termination [33m 382[2mms[22m[39m
   [33m[2m✓[22m[39m delayed old-run Stop never cancels later run or revives terminal completion [33m 415[2mms[22m[39m
   [33m[2m✓[22m[39m public committed retry evidence authorizes a separate summary attempt without reopening or guessing current task [33m 718[2mms[22m[39m
   [33m[2m✓[22m[39m known completed summary error retries after reopen with retained logical request and separately recorded spending [33m 460[2mms[22m[39m
   [33m[2m✓[22m[39m validated first summary preparation survives close without admitting an effect [33m 384[2mms[22m[39m
   [33m[2m✓[22m[39m missing first summary association after close denies the sole retained producer [33m 377[2mms[22m[39m
   [33m[2m✓[22m[39m corrupt first summary association after close denies the sole retained producer [33m 365[2mms[22m[39m
   [33m[2m✓[22m[39m selection handoff interrupted before Pi summarize commit remains exact or fails closed [33m 394[2mms[22m[39m
   [33m[2m✓[22m[39m selection handoff interrupted after Pi summarize commit remains exact or fails closed [33m 356[2mms[22m[39m
   [33m[2m✓[22m[39m owned blocking compaction excludes its actual waiting generation parent and preserves command membership [33m 478[2mms[22m[39m
   [33m[2m✓[22m[39m mixed actual generation and compaction producers deny both under one lane [33m 351[2mms[22m[39m
   [33m[2m✓[22m[39m unknown admitted summary blocks actual recovered requests through two SQLite reopens [33m 450[2mms[22m[39m
   [33m[2m✓[22m[39m mapping during summary preparation denies actual dispatch [33m 306[2mms[22m[39m
   [33m[2m✓[22m[39m competition during summary preparation denies actual dispatch [33m 346[2mms[22m[39m
   [33m[2m✓[22m[39m normal compaction establishes hook-bound tuple and preserves completed summary across reopen [33m 365[2mms[22m[39m
   [33m[2m✓[22m[39m correction: native settled no-work alarms consume serviced reconciliation without past rearm [33m 3295[2mms[22m[39m
   [33m[2m✓[22m[39m correction: known final compaction error settles original run, retryable=false [33m 347[2mms[22m[39m
   [33m[2m✓[22m[39m correction: known final compaction error settles original run, retryable=true [33m 704[2mms[22m[39m
   [33m[2m✓[22m[39m correction: actual tool/manual-summary race reserves at most one operation and dispatch [33m 514[2mms[22m[39m
   [33m[2m✓[22m[39m correction: fixed recovery expiry is enforced after held preparation [33m 399[2mms[22m[39m
   [33m[2m✓[22m[39m correction: response-only recovery expiry rejects result before Pi consumes it [33m 451[2mms[22m[39m
   [33m[2m✓[22m[39m correction: trusted abrupt takeover fixes recovery from the prior durable bound [33m 347[2mms[22m[39m
   [33m[2m✓[22m[39m encrypted L1: guarded model and tool settle without a false integrity failure [33m 351[2mms[22m[39m
   [33m[2m✓[22m[39m encrypted L1: compaction, retry, and follow-up keep distinct IDs and context order [33m 877[2mms[22m[39m
   [33m[2m✓[22m[39m encrypted L1: stale Stop does not cancel a later completed run [33m 361[2mms[22m[39m
   [33m[2m✓[22m[39m encrypted L1: result loss and Pi commit loss both block two reopens [33m 526[2mms[22m[39m
   [33m[2m✓[22m[39m encrypted L1: retry seal failure fences before close and survives both orders [33m 501[2mms[22m[39m
[90mstdout[2m | src/pi-durable-summary.test.ts[2m > [22m[2mconfiguration authority wait joins close by admitted deadline, external cancellation=false, encrypted=false
[22m[39m007 configuration-close advisor probe {"encrypted":false,"externallyCanceled":false,"invocation":{"id":"42cd60de-d0a6-4ebd-84c6-e9dd86c8e115","started":1791532977603,"yield_at":1791532987603,"end_at":1791532988603},"observedAt":1791532989383,"elapsedMs":1780,"configuration":{"state":"failed","at":1791532987604,"error":"The operation was aborted"},"close":{"state":"complete","at":1791532987613},"remoteSettled":false,"joinedConfiguration":{"state":"failed","at":1791532987604,"error":"The operation was aborted"},"joinedClose":{"state":"complete","at":1791532987613}}

[90mstdout[2m | src/pi-durable-summary.test.ts[2m > [22m[2mconfiguration authority wait joins close by admitted deadline, external cancellation=true, encrypted=false
[22m[39m007 configuration-close advisor probe {"encrypted":false,"externallyCanceled":true,"invocation":{"id":"157e7ee8-1fde-4cbb-9f6c-4eb06a90fb15","started":1791532980383,"yield_at":1791532990383,"end_at":1791532991383},"observedAt":1791532991435,"elapsedMs":1052,"configuration":{"state":"failed","at":1791532990384,"error":"The operation was aborted"},"close":{"state":"complete","at":1791532990392},"remoteSettled":false,"joinedConfiguration":{"state":"failed","at":1791532990384,"error":"The operation was aborted"},"joinedClose":{"state":"complete","at":1791532990392}}

[90mstdout[2m | src/pi-durable-summary.test.ts[2m > [22m[2mconfiguration authority wait joins close by admitted deadline, external cancellation=false, encrypted=true
[22m[39m007 configuration-close advisor probe {"encrypted":true,"externallyCanceled":false,"invocation":{"id":"938190be-bbaf-45d8-bee6-dfa1ff555da2","started":1791532981589,"yield_at":1791532991589,"end_at":1791532992589},"observedAt":1791532992640,"elapsedMs":1051,"configuration":{"state":"failed","at":1791532991589,"error":"The operation was aborted"},"close":{"state":"complete","at":1791532991599},"remoteSettled":false,"joinedConfiguration":{"state":"failed","at":1791532991589,"error":"The operation was aborted"},"joinedClose":{"state":"complete","at":1791532991599}}

[90mstdout[2m | src/pi-durable-summary.test.ts[2m > [22m[2mconfiguration authority wait joins close by admitted deadline, external cancellation=true, encrypted=true
[22m[39m007 configuration-close advisor probe {"encrypted":true,"externallyCanceled":true,"invocation":{"id":"a9be405e-8691-45b5-afc8-a2cd1e0e5207","started":1791532982768,"yield_at":1791532992768,"end_at":1791532993768},"observedAt":1791532993819,"elapsedMs":1051,"configuration":{"state":"failed","at":1791532992769,"error":"The operation was aborted"},"close":{"state":"complete","at":1791532992778},"remoteSettled":false,"joinedConfiguration":{"state":"failed","at":1791532992769,"error":"The operation was aborted"},"joinedClose":{"state":"complete","at":1791532992778}}

 [32m✓[39m src/pi-durable-summary.test.ts [2m([22m[2m118 tests[22m[2m)[22m[33m 42954[2mms[22m[39m
   [33m[2m✓[22m[39m custom summary places a real manual Pi receipt, encrypted=false [33m 459[2mms[22m[39m
   [33m[2m✓[22m[39m custom summary places a real automatic Pi receipt, encrypted=false [33m 567[2mms[22m[39m
   [33m[2m✓[22m[39m recorded success survives close before hook return and is accounted once, encrypted=false [33m 465[2mms[22m[39m
   [33m[2m✓[22m[39m unknown admitted custom summary blocks two reopens without a second attempt, encrypted=false [33m 467[2mms[22m[39m
   [33m[2m✓[22m[39m custom preparation-write persistence failure fences every later effect, encrypted=false [33m 360[2mms[22m[39m
   [33m[2m✓[22m[39m custom preparation-flush persistence failure fences every later effect, encrypted=false [33m 415[2mms[22m[39m
   [33m[2m✓[22m[39m custom result persistence failure fences every later effect, encrypted=false [33m 382[2mms[22m[39m
   [33m[2m✓[22m[39m custom summary-result-write persistence failure fences every later effect, encrypted=false [33m 375[2mms[22m[39m
   [33m[2m✓[22m[39m custom summary-result-flush persistence failure fences every later effect, encrypted=false [33m 356[2mms[22m[39m
   [33m[2m✓[22m[39m custom summary places a real manual Pi receipt, encrypted=true [33m 334[2mms[22m[39m
   [33m[2m✓[22m[39m custom summary places a real automatic Pi receipt, encrypted=true [33m 420[2mms[22m[39m
   [33m[2m✓[22m[39m recorded success survives close before hook return and is accounted once, encrypted=true [33m 388[2mms[22m[39m
   [33m[2m✓[22m[39m unknown admitted custom summary blocks two reopens without a second attempt, encrypted=true [33m 328[2mms[22m[39m
   [33m[2m✓[22m[39m custom result persistence failure fences every later effect, encrypted=true [33m 1023[2mms[22m[39m
   [33m[2m✓[22m[39m custom summary-result-write persistence failure fences every later effect, encrypted=true [33m 1175[2mms[22m[39m
   [33m[2m✓[22m[39m known custom failure error/0 settles the run with one nonrefundable attempt, encrypted=false [33m 373[2mms[22m[39m
   [33m[2m✓[22m[39m known custom failure aborted/0 settles the run with one nonrefundable attempt, encrypted=false [33m 374[2mms[22m[39m
   [33m[2m✓[22m[39m known custom failure stop/1 settles the run with one nonrefundable attempt, encrypted=false [33m 348[2mms[22m[39m
   [33m[2m✓[22m[39m known custom failure toolUse/1 settles the run with one nonrefundable attempt, encrypted=false [33m 353[2mms[22m[39m
   [33m[2m✓[22m[39m known custom failure stop/1 settles the run with one nonrefundable attempt, encrypted=false [33m 355[2mms[22m[39m
   [33m[2m✓[22m[39m known custom failure toolUse/1 settles the run with one nonrefundable attempt, encrypted=true [33m 301[2mms[22m[39m
   [33m[2m✓[22m[39m custom summary policy after preparation dispatches nothing [33m 309[2mms[22m[39m
   [33m[2m✓[22m[39m custom summary authority after preparation dispatches nothing [33m 314[2mms[22m[39m
   [33m[2m✓[22m[39m custom summary stop after preparation dispatches nothing [33m 333[2mms[22m[39m
   [33m[2m✓[22m[39m custom summary digest after preparation dispatches nothing [33m 314[2mms[22m[39m
   [33m[2m✓[22m[39m custom summary task after preparation dispatches nothing [33m 312[2mms[22m[39m
   [33m[2m✓[22m[39m custom summary conversation after preparation dispatches nothing [33m 309[2mms[22m[39m
   [33m[2m✓[22m[39m configuration at before custom preparation survives reopen, encrypted=false [33m 506[2mms[22m[39m
   [33m[2m✓[22m[39m configuration at after custom preparation survives reopen, encrypted=false [33m 515[2mms[22m[39m
   [33m[2m✓[22m[39m success at before actual Pi placement storage commit resumes without redispatch, encrypted=false [33m 390[2mms[22m[39m
   [33m[2m✓[22m[39m success at after actual Pi placement storage commit resumes without redispatch, encrypted=false [33m 378[2mms[22m[39m
   [33m[2m✓[22m[39m absent custom hook cannot dispatch stock fallback, encrypted=false [33m 306[2mms[22m[39m
   [33m[2m✓[22m[39m throwing custom hook cannot dispatch stock fallback, encrypted=false [33m 309[2mms[22m[39m
   [33m[2m✓[22m[39m custom response provider schema violation never places a summary, encrypted=false [33m 341[2mms[22m[39m
   [33m[2m✓[22m[39m custom response model schema violation never places a summary, encrypted=false [33m 347[2mms[22m[39m
   [33m[2m✓[22m[39m custom response usage schema violation never places a summary, encrypted=false [33m 366[2mms[22m[39m
   [33m[2m✓[22m[39m custom response timestamp schema violation never places a summary, encrypted=false [33m 344[2mms[22m[39m
   [33m[2m✓[22m[39m configuration at before custom preparation survives reopen, encrypted=true [33m 422[2mms[22m[39m
   [33m[2m✓[22m[39m configuration at after custom preparation survives reopen, encrypted=true [33m 412[2mms[22m[39m
   [33m[2m✓[22m[39m success at before actual Pi placement storage commit resumes without redispatch, encrypted=true [33m 317[2mms[22m[39m
   [33m[2m✓[22m[39m transport interruption retains uncertainty with one reservation, encrypted=false [33m 340[2mms[22m[39m
   [33m[2m✓[22m[39m forced configuration-winning transition holds asynchronous preparation, encrypted=false [33m 582[2mms[22m[39m
   [33m[2m✓[22m[39m forced preparation-winning transition holds asynchronous preparation, encrypted=false [33m 597[2mms[22m[39m
   [33m[2m✓[22m[39m forced configuration-winning transition holds asynchronous preparation, encrypted=true [33m 530[2mms[22m[39m
   [33m[2m✓[22m[39m forced preparation-winning transition holds asynchronous preparation, encrypted=true [33m 509[2mms[22m[39m
   [33m[2m✓[22m[39m owning transition releases after cancel-configuration during asynchronous preparation, encrypted=false [33m 374[2mms[22m[39m
   [33m[2m✓[22m[39m owning transition releases after stop during asynchronous preparation, encrypted=false [33m 431[2mms[22m[39m
   [33m[2m✓[22m[39m owning transition releases after preparation-failure during asynchronous preparation, encrypted=false [33m 350[2mms[22m[39m
   [33m[2m✓[22m[39m owning transition releases after cancel-configuration during asynchronous preparation, encrypted=true [33m 344[2mms[22m[39m
   [33m[2m✓[22m[39m automatic waiting parent recovers at before-preparation, encrypted=false [33m 509[2mms[22m[39m
   [33m[2m✓[22m[39m automatic waiting parent recovers at prepared, encrypted=false [33m 403[2mms[22m[39m
   [33m[2m✓[22m[39m automatic waiting parent recovers at result, encrypted=false [33m 324[2mms[22m[39m
   [33m[2m✓[22m[39m automatic waiting parent recovers at before-placement, encrypted=false [33m 334[2mms[22m[39m
   [33m[2m✓[22m[39m automatic waiting parent recovers at after-placement, encrypted=false [33m 318[2mms[22m[39m
   [33m[2m✓[22m[39m automatic waiting parent recovers at before-preparation, encrypted=true [33m 312[2mms[22m[39m
   [33m[2m✓[22m[39m automatic waiting parent recovers at prepared, encrypted=true [33m 318[2mms[22m[39m
   [33m[2m✓[22m[39m automatic waiting parent recovers at result, encrypted=true [33m 321[2mms[22m[39m
   [33m[2m✓[22m[39m automatic waiting parent recovers at before-placement, encrypted=true [33m 314[2mms[22m[39m
   [33m[2m✓[22m[39m automatic waiting parent recovers at after-placement, encrypted=true [33m 301[2mms[22m[39m
   [33m[2m✓[22m[39m configuration authority wait joins close by admitted deadline, external cancellation=false, encrypted=false [33m 1922[2mms[22m[39m
   [33m[2m✓[22m[39m configuration authority wait joins close by admitted deadline, external cancellation=true, encrypted=false [33m 2063[2mms[22m[39m
   [33m[2m✓[22m[39m configuration authority wait joins close by admitted deadline, external cancellation=false, encrypted=true [33m 1181[2mms[22m[39m
   [33m[2m✓[22m[39m configuration authority wait joins close by admitted deadline, external cancellation=true, encrypted=true [33m 1182[2mms[22m[39m

[2m Test Files [22m [1m[32m12 passed[39m[22m[90m (12)[39m
[2m      Tests [22m [1m[32m387 passed[39m[22m[90m (387)[39m
[2m   Start at [22m 10:01:16
[2m   Duration [22m 43.86s[2m (transform 888ms, setup 0ms, collect 11.50s, tests 119.89s, environment 1ms, prepare 4.74s)[22m

[vpw:debug] Shutting down runtimes...
[vpw:debug] Disposing remote proxy sessions...
