
[1m[46m RUN [49m[22m [36mv3.2.7 [39m[90m/home/ayan/ditto-execution/plan-007-recovery/apps/runtime[39m

[vpw:debug] Adding `enable_nodejs_tty_module` compatibility flag during tests as this feature is needed to support the Vitest runner.
[vpw:debug] Adding `enable_nodejs_fs_module` compatibility flag during tests as this feature is needed to support the Vitest runner.
[vpw:debug] Adding `enable_nodejs_http_modules` compatibility flag during tests as this feature is needed to support the Vitest runner.
[vpw:debug] Adding `enable_nodejs_perf_hooks_module` compatibility flag during tests as this feature is needed to support the Vitest runner.
[vpw:info] Starting isolated runtimes for vitest.config.ts...
[mf:warn] The latest compatibility date supported by the installed Cloudflare Workers Runtime is "2026-03-10",
but you've requested "2026-09-16". Falling back to "2026-03-10"...
[90mstdout[2m | src/pi-durable-summary.test.ts[2m > [22m[2mconfiguration authority wait joins close by admitted deadline, external cancellation=false, encrypted=false
[22m[39m007 configuration-close advisor probe {"encrypted":false,"externallyCanceled":false,"invocation":{"id":"45fa662f-6c0a-43a9-b3f6-031590ec0876","started":1791522431586,"yield_at":1791522441586,"end_at":1791522442586},"observedAt":1791522442638,"elapsedMs":1052,"configuration":{"state":"failed","at":1791522441586,"error":"The operation was aborted"},"close":{"state":"complete","at":1791522441596},"remoteSettled":false,"joinedConfiguration":{"state":"failed","at":1791522441586,"error":"The operation was aborted"},"joinedClose":{"state":"complete","at":1791522441596}}

[90mstdout[2m | src/pi-durable-summary.test.ts[2m > [22m[2mconfiguration authority wait joins close by admitted deadline, external cancellation=true, encrypted=false
[22m[39m007 configuration-close advisor probe {"encrypted":false,"externallyCanceled":true,"invocation":{"id":"6fd5dacd-463e-4a5c-ac1d-985584cbf8a2","started":1791522432812,"yield_at":1791522442812,"end_at":1791522443812},"observedAt":1791522443863,"elapsedMs":1051,"configuration":{"state":"failed","at":1791522442817,"error":"The operation was aborted"},"close":{"state":"complete","at":1791522442829},"remoteSettled":false,"joinedConfiguration":{"state":"failed","at":1791522442817,"error":"The operation was aborted"},"joinedClose":{"state":"complete","at":1791522442829}}

[90mstdout[2m | src/pi-durable-summary.test.ts[2m > [22m[2mconfiguration authority wait joins close by admitted deadline, external cancellation=false, encrypted=true
[22m[39m007 configuration-close advisor probe {"encrypted":true,"externallyCanceled":false,"invocation":{"id":"a53110e5-9695-4ba5-a749-b15cebbe2f59","started":1791522434011,"yield_at":1791522444011,"end_at":1791522445011},"observedAt":1791522445061,"elapsedMs":1050,"configuration":{"state":"failed","at":1791522444012,"error":"The operation was aborted"},"close":{"state":"complete","at":1791522444021},"remoteSettled":false,"joinedConfiguration":{"state":"failed","at":1791522444012,"error":"The operation was aborted"},"joinedClose":{"state":"complete","at":1791522444021}}

[90mstdout[2m | src/pi-durable-summary.test.ts[2m > [22m[2mconfiguration authority wait joins close by admitted deadline, external cancellation=true, encrypted=true
[22m[39m007 configuration-close advisor probe {"encrypted":true,"externallyCanceled":true,"invocation":{"id":"bf072aa5-4438-48e8-ae7a-8301230cd5ba","started":1791522435206,"yield_at":1791522445206,"end_at":1791522446206},"observedAt":1791522446258,"elapsedMs":1052,"configuration":{"state":"failed","at":1791522445207,"error":"The operation was aborted"},"close":{"state":"complete","at":1791522445217},"remoteSettled":false,"joinedConfiguration":{"state":"failed","at":1791522445207,"error":"The operation was aborted"},"joinedClose":{"state":"complete","at":1791522445217}}

 [32m✓[39m src/pi-durable-summary.test.ts [2m([22m[2m118 tests[22m[2m | [22m[33m114 skipped[39m[2m)[22m[33m 4815[2mms[22m[39m
   [33m[2m✓[22m[39m configuration authority wait joins close by admitted deadline, external cancellation=false, encrypted=false [33m 1234[2mms[22m[39m
   [33m[2m✓[22m[39m configuration authority wait joins close by admitted deadline, external cancellation=true, encrypted=false [33m 1196[2mms[22m[39m
   [33m[2m✓[22m[39m configuration authority wait joins close by admitted deadline, external cancellation=false, encrypted=true [33m 1195[2mms[22m[39m
   [33m[2m✓[22m[39m configuration authority wait joins close by admitted deadline, external cancellation=true, encrypted=true [33m 1188[2mms[22m[39m

[2m Test Files [22m [1m[32m1 passed[39m[22m[90m (1)[39m
[2m      Tests [22m [1m[32m4 passed[39m[22m[2m | [22m[33m114 skipped[39m[90m (118)[39m
[2m   Start at [22m 07:06:10
[2m   Duration [22m 6.17s[2m (transform 259ms, setup 0ms, collect 472ms, tests 4.82s, environment 0ms, prepare 89ms)[22m

[vpw:debug] Shutting down runtimes...
[vpw:debug] Disposing remote proxy sessions...
