
[1m[46m RUN [49m[22m [36mv3.2.7 [39m[90m/tmp/ditto-plan-007-3oi7vl/apps/runtime[39m

[vpw:debug] Adding `enable_nodejs_tty_module` compatibility flag during tests as this feature is needed to support the Vitest runner.
[vpw:debug] Adding `enable_nodejs_fs_module` compatibility flag during tests as this feature is needed to support the Vitest runner.
[vpw:debug] Adding `enable_nodejs_http_modules` compatibility flag during tests as this feature is needed to support the Vitest runner.
[vpw:debug] Adding `enable_nodejs_perf_hooks_module` compatibility flag during tests as this feature is needed to support the Vitest runner.
[vpw:info] Starting isolated runtimes for vitest.config.ts...
[mf:warn] The latest compatibility date supported by the installed Cloudflare Workers Runtime is "2026-03-10",
but you've requested "2026-09-16". Falling back to "2026-03-10"...
[90mstdout[2m | src/pi-durable-host.test.ts[2m > [22m[2mGuarded local host with real DO SQLite[2m > [22m[2mactually closes with request authority read 1 still pending
[22m[39m[002-authority-close] {"phase":"request","blockedRead":1,"id":"2fa02249-36d0-4691-abb6-e53a42994c08","generation":1,"started":1791450349328,"yield_at":1791450350328,"end_at":1791450351328,"state":"active","closedAt":1791450349385,"preparationPending":true}

[90mstdout[2m | src/pi-durable-host.test.ts[2m > [22m[2mGuarded local host with real DO SQLite[2m > [22m[2mactually closes with request authority read 2 still pending
[22m[39m[002-authority-close] {"phase":"request","blockedRead":2,"id":"b8273b56-09e9-4ead-adb3-32682a607390","generation":1,"started":1791450349447,"yield_at":1791450350447,"end_at":1791450351447,"state":"active","closedAt":1791450349512,"preparationPending":true}

[90mstdout[2m | src/pi-durable-host.test.ts[2m > [22m[2mGuarded local host with real DO SQLite[2m > [22m[2mactually closes with tool authority read 1 still pending
[22m[39m[002-authority-close] {"phase":"tool","blockedRead":1,"id":"643ce435-0d6f-4882-8b69-3ec61f99295e","generation":1,"started":1791450349571,"yield_at":1791450350571,"end_at":1791450351571,"state":"active","closedAt":1791450349656,"preparationPending":true}

[90mstdout[2m | src/pi-durable-host.test.ts[2m > [22m[2mGuarded local host with real DO SQLite[2m > [22m[2mactually closes with tool authority read 2 still pending
[22m[39m[002-authority-close] {"phase":"tool","blockedRead":2,"id":"02a63177-b016-4bd4-9a4a-aaeebadd4816","generation":1,"started":1791450349716,"yield_at":1791450350716,"end_at":1791450351716,"state":"active","closedAt":1791450349805,"preparationPending":true}

[90mstdout[2m | src/pi-durable-host.test.ts[2m > [22m[2mGuarded local host with real DO SQLite[2m > [22m[2mcombines wall-clock yield and native alarms with joined event resources
[22m[39m[002-native-close] {"id":"55db21b1-3d0e-4f7d-8e1c-421ec4c1d237","generation":1,"started":1791450356851,"yield_at":1791450357851,"end_at":1791450358851,"state":"active","closedAt":1791450357865,"remotePending":true}

 [32m✓[39m src/pi-durable-host.test.ts [2m([22m[2m55 tests[22m[2m)[22m[33m 14650[2mms[22m[39m
   [33m[2m✓[22m[39m Guarded local host with real DO SQLite[2m > [22mblocks recovery across two reopens after safety-result-missing [33m 1162[2mms[22m[39m
   [33m[2m✓[22m[39m Guarded local host with real DO SQLite[2m > [22mblocks recovery across two reopens after pi-result-missing [33m 1552[2mms[22m[39m
   [33m[2m✓[22m[39m Guarded local host with real DO SQLite[2m > [22mencrypted adapter blocks recovery across two reopens after safety-result-missing [33m 313[2mms[22m[39m
   [33m[2m✓[22m[39m Guarded local host with real DO SQLite[2m > [22mautomatic yield awaits actual close before the absolute 2000 ms end deadline [33m 1064[2mms[22m[39m
   [33m[2m✓[22m[39m Guarded local host with real DO SQLite[2m > [22mcombines wall-clock yield and native alarms with joined event resources [33m 1096[2mms[22m[39m
   [33m[2m✓[22m[39m Guarded local host with real DO SQLite[2m > [22malarm-reactivates real Pi retry on the same surviving DO without retire [33m 1819[2mms[22m[39m
   [33m[2m✓[22m[39m Guarded local host with real DO SQLite[2m > [22mnever abandons actual close when a public Storage cleanup fault overruns its deadline [33m 466[2mms[22m[39m

[2m Test Files [22m [1m[32m1 passed[39m[22m[90m (1)[39m
[2m      Tests [22m [1m[32m55 passed[39m[22m[90m (55)[39m
[2m   Start at [22m 11:05:46
[2m   Duration [22m 13.85s[2m (transform 216ms, setup 0ms, collect 411ms, tests 14.65s, environment 0ms, prepare 87ms)[22m

[vpw:debug] Shutting down runtimes...
[vpw:debug] Disposing remote proxy sessions...
