npm warn deprecated node-domexception@1.0.0: Use your platform's native DOMException instead
npm warn deprecated node-domexception@1.0.0: Use your platform's native DOMException instead

added 274 packages, and audited 276 packages in 8s

24 packages are looking for funding
  run `npm fund` for details

4 vulnerabilities (2 moderate, 2 high)

To address issues that do not require attention, run:
  npm audit fix

To address all issues (including breaking changes), run:
  npm audit fix --force

Run `npm audit` for details.
npm warn install-scripts 6 packages had install scripts blocked because they are not covered by allowScripts:
npm warn install-scripts   @google/genai@1.52.0 (preinstall: echo 'preinstall: no-op')
npm warn install-scripts   esbuild@0.28.1 (postinstall: node install.js)
npm warn install-scripts   protobufjs@7.6.5 (postinstall: node scripts/postinstall)
npm warn install-scripts   @google/genai@1.52.0 (preinstall: echo 'preinstall: no-op')
npm warn install-scripts   esbuild@0.28.1 (postinstall: node install.js)
npm warn install-scripts   protobufjs@7.6.5 (postinstall: node scripts/postinstall)
npm warn install-scripts
npm warn install-scripts Run `npm install-scripts ls` to review, or `npm install-scripts approve <pkg>` to allow.
