$ pnpm contracts:verify && npm run contracts:check --prefix packages/session-brain && npm run typecheck --prefix packages/session-brain && npm test --prefix packages/session-brain && npm run build --prefix packages/session-brain
$ pnpm --filter @ditto/runtime-contracts typecheck && pnpm --filter @ditto/runtime-contracts exec vitest run && pnpm --filter @ditto/runtime-contracts build
$ tsc --noEmit

 RUN  v3.2.7 /home/ayan/ditto-worktrees/plan-003-grok/packages/runtime-contracts

 ✓ src/contracts.test.ts (14 tests) 16ms

 Test Files  1 passed (1)
      Tests  14 passed (14)
   Start at  19:25:13
   Duration  464ms (transform 143ms, setup 0ms, collect 153ms, tests 16ms, environment 0ms, prepare 77ms)

$ tsc -p tsconfig.json
npm notice run contracts:check
npm notice run vitest run src/pi-feasibility.test.ts -t contracts-consumer-freshness

 RUN  v3.2.7 /home/ayan/ditto-worktrees/plan-003-grok/packages/session-brain

 ✓ src/pi-feasibility.test.ts (6 tests | 3 skipped) 7159ms
   ✓ contracts-consumer-freshness > contracts-consumer-freshness: imported emitted JS/declarations match a fresh contracts build  814ms
   ✓ contracts-consumer-freshness > contracts-consumer-freshness: isolated npm copy is stale until the documented npm refresh recipe  6284ms

 Test Files  1 passed (1)
      Tests  3 passed | 3 skipped (6)
   Start at  19:25:15
   Duration  8.48s (transform 166ms, setup 0ms, collect 1.09s, tests 7.16s, environment 0ms, prepare 71ms)

npm notice run typecheck
npm notice run tsc -p tsconfig.json --noEmit
npm notice run test
npm notice run vitest run

 RUN  v3.2.7 /home/ayan/ditto-worktrees/plan-003-grok/packages/session-brain

 ✓ src/pi-restoration.test.ts (3 tests) 59ms
 ✓ src/pi-feasibility.test.ts (6 tests) 25747ms
   ✓ contracts-consumer-freshness > contracts-consumer-freshness: imported emitted JS/declarations match a fresh contracts build  1359ms
   ✓ contracts-consumer-freshness > contracts-consumer-freshness: isolated npm copy is stale until the documented npm refresh recipe  24151ms
 ✓ src/pi-recovery.test.ts (34 tests) 31913ms
   ✓ awaited durability barriers > initial-command: SIGKILL before-persist and restart  5045ms
   ✓ awaited durability barriers > initial-command: SIGKILL after-persist-before-ack and restart  5988ms
   ✓ awaited durability barriers > initial-command: SIGKILL after-ack-before-next and restart  5573ms
   ✓ awaited durability barriers > follow-up: SIGKILL before-persist and restart  6682ms
   ✓ awaited durability barriers > follow-up: SIGKILL after-persist-before-ack and restart  6098ms
   ✓ awaited durability barriers > follow-up: SIGKILL after-ack-before-next and restart  6074ms
   ✓ awaited durability barriers > assistant-tools: SIGKILL before-persist and restart  7007ms
   ✓ awaited durability barriers > assistant-tools: SIGKILL after-persist-before-ack and restart  7794ms
   ✓ awaited durability barriers > assistant-tools: SIGKILL after-ack-before-next and restart  6136ms
   ✓ awaited durability barriers > tool-result: SIGKILL before-persist and restart  8229ms
   ✓ awaited durability barriers > tool-result: SIGKILL after-persist-before-ack and restart  7664ms
   ✓ awaited durability barriers > tool-result: SIGKILL after-ack-before-next and restart  7616ms
   ✓ awaited durability barriers > final-answer: SIGKILL before-persist and restart  7302ms
   ✓ awaited durability barriers > final-answer: SIGKILL after-persist-before-ack and restart  6496ms
   ✓ awaited durability barriers > final-answer: SIGKILL after-ack-before-next and restart  6203ms
   ✓ awaited durability barriers > compaction: SIGKILL before-persist and restart  5646ms
   ✓ awaited durability barriers > compaction: SIGKILL after-persist-before-ack and restart  6138ms
   ✓ awaited durability barriers > compaction: SIGKILL after-ack-before-next and restart  5793ms
   ✓ awaited durability barriers > extension-state: SIGKILL before-persist and restart  6060ms
   ✓ awaited durability barriers > extension-state: SIGKILL after-persist-before-ack and restart  6297ms
   ✓ awaited durability barriers > extension-state: SIGKILL after-ack-before-next and restart  5021ms
   ✓ awaited durability barriers > spending-attempt: SIGKILL before-persist and restart  4728ms
   ✓ awaited durability barriers > spending-attempt: SIGKILL after-persist-before-ack and restart  4457ms
   ✓ awaited durability barriers > spending-attempt: SIGKILL after-ack-before-next and restart  4480ms

 Test Files  3 passed (3)
      Tests  43 passed (43)
   Start at  19:25:28
   Duration  33.55s (transform 219ms, setup 0ms, collect 4.26s, tests 57.72s, environment 0ms, prepare 244ms)

npm notice run build
npm notice run tsc -p tsconfig.json
