$ pnpm contracts:verify && npm run contracts:check --prefix packages/session-brain && npm run typecheck --prefix packages/session-brain && npm test --prefix packages/session-brain && npm run build --prefix packages/session-brain
$ pnpm --filter @ditto/runtime-contracts typecheck && pnpm --filter @ditto/runtime-contracts exec vitest run && pnpm --filter @ditto/runtime-contracts build
$ tsc --noEmit

[1m[46m RUN [49m[22m [36mv3.2.7 [39m[90m/home/ayan/ditto-execution/plan-007-recovery/packages/runtime-contracts[39m

 [32m✓[39m src/configuration.test.ts [2m([22m[2m9 tests[22m[2m)[22m[32m 9[2mms[22m[39m
 [32m✓[39m src/model.test.ts [2m([22m[2m2 tests[22m[2m)[22m[32m 4[2mms[22m[39m
 [32m✓[39m src/contracts.test.ts [2m([22m[2m14 tests[22m[2m)[22m[32m 12[2mms[22m[39m

[2m Test Files [22m [1m[32m3 passed[39m[22m[90m (3)[39m
[2m      Tests [22m [1m[32m25 passed[39m[22m[90m (25)[39m
[2m   Start at [22m 07:51:31
[2m   Duration [22m 265ms[2m (transform 174ms, setup 0ms, collect 270ms, tests 25ms, environment 0ms, prepare 153ms)[22m

$ tsc -p tsconfig.json
npm notice run contracts:check
npm notice run vitest run src/pi-feasibility.test.ts -t contracts-consumer-freshness

[1m[46m RUN [49m[22m [36mv3.2.7 [39m[90m/home/ayan/ditto-execution/plan-007-recovery/packages/session-brain[39m

 [32m✓[39m src/pi-feasibility.test.ts [2m([22m[2m6 tests[22m[2m | [22m[33m3 skipped[39m[2m)[22m[33m 6131[2mms[22m[39m
   [33m[2m✓[22m[39m contracts-consumer-freshness[2m > [22mcontracts-consumer-freshness: imported emitted JS/declarations match a fresh contracts build [33m 555[2mms[22m[39m
   [33m[2m✓[22m[39m contracts-consumer-freshness[2m > [22mcontracts-consumer-freshness: isolated npm copy is stale until the documented npm refresh recipe [33m 5522[2mms[22m[39m

[2m Test Files [22m [1m[32m1 passed[39m[22m[90m (1)[39m
[2m      Tests [22m [1m[32m3 passed[39m[22m[2m | [22m[33m3 skipped[39m[90m (6)[39m
[2m   Start at [22m 07:51:32
[2m   Duration [22m 7.05s[2m (transform 96ms, setup 0ms, collect 755ms, tests 6.13s, environment 0ms, prepare 48ms)[22m

npm notice run typecheck
npm notice run tsc -p tsconfig.json --noEmit
npm notice run test
npm notice run vitest run

[1m[46m RUN [49m[22m [36mv3.2.7 [39m[90m/home/ayan/ditto-execution/plan-007-recovery/packages/session-brain[39m

 [32m✓[39m src/pi-restoration.test.ts [2m([22m[2m3 tests[22m[2m)[22m[32m 21[2mms[22m[39m
 [32m✓[39m src/pi-feasibility.test.ts [2m([22m[2m6 tests[22m[2m)[22m[33m 13129[2mms[22m[39m
   [33m[2m✓[22m[39m contracts-consumer-freshness[2m > [22mcontracts-consumer-freshness: imported emitted JS/declarations match a fresh contracts build [33m 548[2mms[22m[39m
   [33m[2m✓[22m[39m contracts-consumer-freshness[2m > [22mcontracts-consumer-freshness: isolated npm copy is stale until the documented npm refresh recipe [33m 12429[2mms[22m[39m
 [32m✓[39m src/pi-recovery.test.ts [2m([22m[2m34 tests[22m[2m)[22m[33m 17106[2mms[22m[39m
   [33m[2m✓[22m[39m awaited durability barriers[2m > [22minitial-command: SIGKILL before-persist and restart [33m 3808[2mms[22m[39m
   [33m[2m✓[22m[39m awaited durability barriers[2m > [22minitial-command: SIGKILL after-persist-before-ack and restart [33m 3400[2mms[22m[39m
   [33m[2m✓[22m[39m awaited durability barriers[2m > [22minitial-command: SIGKILL after-ack-before-next and restart [33m 3382[2mms[22m[39m
   [33m[2m✓[22m[39m awaited durability barriers[2m > [22mfollow-up: SIGKILL before-persist and restart [33m 3666[2mms[22m[39m
   [33m[2m✓[22m[39m awaited durability barriers[2m > [22mfollow-up: SIGKILL after-persist-before-ack and restart [33m 3777[2mms[22m[39m
   [33m[2m✓[22m[39m awaited durability barriers[2m > [22mfollow-up: SIGKILL after-ack-before-next and restart [33m 3410[2mms[22m[39m
   [33m[2m✓[22m[39m awaited durability barriers[2m > [22massistant-tools: SIGKILL before-persist and restart [33m 3839[2mms[22m[39m
   [33m[2m✓[22m[39m awaited durability barriers[2m > [22massistant-tools: SIGKILL after-persist-before-ack and restart [33m 3756[2mms[22m[39m
   [33m[2m✓[22m[39m awaited durability barriers[2m > [22massistant-tools: SIGKILL after-ack-before-next and restart [33m 3769[2mms[22m[39m
   [33m[2m✓[22m[39m awaited durability barriers[2m > [22mtool-result: SIGKILL before-persist and restart [33m 3086[2mms[22m[39m
   [33m[2m✓[22m[39m awaited durability barriers[2m > [22mtool-result: SIGKILL after-persist-before-ack and restart [33m 3886[2mms[22m[39m
   [33m[2m✓[22m[39m awaited durability barriers[2m > [22mtool-result: SIGKILL after-ack-before-next and restart [33m 3317[2mms[22m[39m
   [33m[2m✓[22m[39m awaited durability barriers[2m > [22mfinal-answer: SIGKILL before-persist and restart [33m 3796[2mms[22m[39m
   [33m[2m✓[22m[39m awaited durability barriers[2m > [22mfinal-answer: SIGKILL after-persist-before-ack and restart [33m 3233[2mms[22m[39m
   [33m[2m✓[22m[39m awaited durability barriers[2m > [22mfinal-answer: SIGKILL after-ack-before-next and restart [33m 3466[2mms[22m[39m
   [33m[2m✓[22m[39m awaited durability barriers[2m > [22mcompaction: SIGKILL before-persist and restart [33m 3544[2mms[22m[39m
   [33m[2m✓[22m[39m awaited durability barriers[2m > [22mcompaction: SIGKILL after-persist-before-ack and restart [33m 3125[2mms[22m[39m
   [33m[2m✓[22m[39m awaited durability barriers[2m > [22mcompaction: SIGKILL after-ack-before-next and restart [33m 3317[2mms[22m[39m
   [33m[2m✓[22m[39m awaited durability barriers[2m > [22mextension-state: SIGKILL before-persist and restart [33m 3437[2mms[22m[39m
   [33m[2m✓[22m[39m awaited durability barriers[2m > [22mextension-state: SIGKILL after-persist-before-ack and restart [33m 3430[2mms[22m[39m
   [33m[2m✓[22m[39m awaited durability barriers[2m > [22mextension-state: SIGKILL after-ack-before-next and restart [33m 2560[2mms[22m[39m
   [33m[2m✓[22m[39m awaited durability barriers[2m > [22mspending-attempt: SIGKILL before-persist and restart [33m 2415[2mms[22m[39m
   [33m[2m✓[22m[39m awaited durability barriers[2m > [22mspending-attempt: SIGKILL after-persist-before-ack and restart [33m 2297[2mms[22m[39m
   [33m[2m✓[22m[39m awaited durability barriers[2m > [22mspending-attempt: SIGKILL after-ack-before-next and restart [33m 2080[2mms[22m[39m

[2m Test Files [22m [1m[32m3 passed[39m[22m[90m (3)[39m
[2m      Tests [22m [1m[32m43 passed[39m[22m[90m (43)[39m
[2m   Start at [22m 07:51:43
[2m   Duration [22m 18.04s[2m (transform 174ms, setup 0ms, collect 2.35s, tests 30.26s, environment 0ms, prepare 146ms)[22m

npm notice run build
npm notice run tsc -p tsconfig.json
