plans/evidence/artifacts/007/advisor-model-claim.config.ts: OK
plans/evidence/artifacts/007/advisor-model-claim.probe.log: OK
plans/evidence/artifacts/007/advisor-model-claim.probe.test.ts: OK
plans/evidence/artifacts/007/configuration/advisor-d1-final-rerun.log: OK
plans/evidence/artifacts/007/configuration/advisor-d1-final.log: OK
plans/evidence/artifacts/007/configuration/advisor-d1.log: OK
plans/evidence/artifacts/007/configuration/advisor-host-product-final.log: OK
plans/evidence/artifacts/007/configuration/advisor-host-product.log: OK
plans/evidence/artifacts/007/configuration/advisor-original-final.log: OK
plans/evidence/artifacts/007/configuration/advisor-original.log: OK
plans/evidence/artifacts/007/configuration/archive-verification.txt: OK
plans/evidence/artifacts/007/configuration/baseline-status.txt: OK
plans/evidence/artifacts/007/configuration/baseline-verification.txt: OK
plans/evidence/artifacts/007/configuration/baseline.patch: OK
plans/evidence/artifacts/007/configuration/baseline.sha256: OK
plans/evidence/artifacts/007/configuration/baseline.tar.gz: OK
plans/evidence/artifacts/007/configuration/brain.log: OK
plans/evidence/artifacts/007/configuration/changed-files.json: OK
plans/evidence/artifacts/007/configuration/contracts-nearest-final.log: OK
plans/evidence/artifacts/007/configuration/contracts-nearest.log: OK
plans/evidence/artifacts/007/configuration/contracts.log: OK
plans/evidence/artifacts/007/configuration/counts.json: OK
plans/evidence/artifacts/007/configuration/credentials-nearest-fifth.log: OK
plans/evidence/artifacts/007/configuration/credentials-nearest-final.log: OK
plans/evidence/artifacts/007/configuration/credentials-nearest-fourth.log: OK
plans/evidence/artifacts/007/configuration/credentials-nearest-initial.log: OK
plans/evidence/artifacts/007/configuration/credentials-nearest-second.log: OK
plans/evidence/artifacts/007/configuration/credentials-nearest-third.log: OK
plans/evidence/artifacts/007/configuration/credentials.log: OK
plans/evidence/artifacts/007/configuration/current-status.txt: OK
plans/evidence/artifacts/007/configuration/diff-check-final.log: OK
plans/evidence/artifacts/007/configuration/diff-check.log: OK
plans/evidence/artifacts/007/configuration/evidence.sha256: OK
plans/evidence/artifacts/007/configuration/final-preservation.txt: OK
plans/evidence/artifacts/007/configuration/format-final.log: OK
plans/evidence/artifacts/007/configuration/format.log: OK
plans/evidence/artifacts/007/configuration/graph-verification.log: OK
plans/evidence/artifacts/007/configuration/increment-1.patch: OK
plans/evidence/artifacts/007/configuration/increment-1.sha256: OK
plans/evidence/artifacts/007/configuration/increment-1.tar.gz: OK
plans/evidence/artifacts/007/configuration/increment-2.patch: OK
plans/evidence/artifacts/007/configuration/increment-2.sha256: OK
plans/evidence/artifacts/007/configuration/increment-2.tar.gz: OK
plans/evidence/artifacts/007/configuration/original-configuration-close-final.log: OK
plans/evidence/artifacts/007/configuration/original-configuration-close.log: OK
plans/evidence/artifacts/007/configuration/preservation-verification.txt: OK
plans/evidence/artifacts/007/configuration/repository.log: OK
plans/evidence/artifacts/007/configuration/request-snapshots.json: OK
plans/evidence/artifacts/007/configuration/runtime-nearest.log: OK
plans/evidence/artifacts/007/configuration/runtime.log: OK
plans/evidence/artifacts/007/configuration/source-verification.log: OK
plans/evidence/artifacts/007/configuration/source.patch: OK
plans/evidence/artifacts/007/configuration/source.sha256: OK
plans/evidence/artifacts/007/configuration/source.tar.gz: OK
plans/evidence/artifacts/007/configuration/toolchain.txt: OK
plans/evidence/artifacts/007/configuration/typecheck-fifth.log: OK
plans/evidence/artifacts/007/configuration/typecheck-final.log: OK
plans/evidence/artifacts/007/configuration/typecheck-fourth.log: OK
plans/evidence/artifacts/007/configuration/typecheck-initial.log: OK
plans/evidence/artifacts/007/configuration/typecheck-second.log: OK
plans/evidence/artifacts/007/configuration/typecheck-third.log: OK
plans/evidence/artifacts/007/configuration/web-policy-nearest.log: OK
plans/evidence/artifacts/007/configuration-advisor/acceptance-cache/vitest/da39a3ee5e6b4b0d3255bfef95601890afd80709/deps_ssr/@cloudflare_containers.js: OK
plans/evidence/artifacts/007/configuration-advisor/acceptance-cache/vitest/da39a3ee5e6b4b0d3255bfef95601890afd80709/deps_ssr/@cloudflare_containers.js.map: OK
plans/evidence/artifacts/007/configuration-advisor/acceptance-cache/vitest/da39a3ee5e6b4b0d3255bfef95601890afd80709/deps_ssr/@cloudflare_sandbox.js: OK
plans/evidence/artifacts/007/configuration-advisor/acceptance-cache/vitest/da39a3ee5e6b4b0d3255bfef95601890afd80709/deps_ssr/@cloudflare_sandbox.js.map: OK
plans/evidence/artifacts/007/configuration-advisor/acceptance-cache/vitest/da39a3ee5e6b4b0d3255bfef95601890afd80709/deps_ssr/@earendil-works_chord_context.js: OK
plans/evidence/artifacts/007/configuration-advisor/acceptance-cache/vitest/da39a3ee5e6b4b0d3255bfef95601890afd80709/deps_ssr/@earendil-works_chord_context.js.map: OK
plans/evidence/artifacts/007/configuration-advisor/acceptance-cache/vitest/da39a3ee5e6b4b0d3255bfef95601890afd80709/deps_ssr/@earendil-works_chord_delta.js: OK
plans/evidence/artifacts/007/configuration-advisor/acceptance-cache/vitest/da39a3ee5e6b4b0d3255bfef95601890afd80709/deps_ssr/@earendil-works_chord_delta.js.map: OK
plans/evidence/artifacts/007/configuration-advisor/acceptance-cache/vitest/da39a3ee5e6b4b0d3255bfef95601890afd80709/deps_ssr/@earendil-works_pi-ai_models.js: OK
plans/evidence/artifacts/007/configuration-advisor/acceptance-cache/vitest/da39a3ee5e6b4b0d3255bfef95601890afd80709/deps_ssr/@earendil-works_pi-ai_models.js.map: OK
plans/evidence/artifacts/007/configuration-advisor/acceptance-cache/vitest/da39a3ee5e6b4b0d3255bfef95601890afd80709/deps_ssr/@earendil-works_pi-ai_providers_faux.js: OK
plans/evidence/artifacts/007/configuration-advisor/acceptance-cache/vitest/da39a3ee5e6b4b0d3255bfef95601890afd80709/deps_ssr/@earendil-works_pi-ai_providers_faux.js.map: OK
plans/evidence/artifacts/007/configuration-advisor/acceptance-cache/vitest/da39a3ee5e6b4b0d3255bfef95601890afd80709/deps_ssr/@earendil-works_pi-durable.js: OK
plans/evidence/artifacts/007/configuration-advisor/acceptance-cache/vitest/da39a3ee5e6b4b0d3255bfef95601890afd80709/deps_ssr/@earendil-works_pi-durable.js.map: OK
plans/evidence/artifacts/007/configuration-advisor/acceptance-cache/vitest/da39a3ee5e6b4b0d3255bfef95601890afd80709/deps_ssr/@earendil-works_pi-durable_storage_sqlite.js: OK
plans/evidence/artifacts/007/configuration-advisor/acceptance-cache/vitest/da39a3ee5e6b4b0d3255bfef95601890afd80709/deps_ssr/@earendil-works_pi-durable_storage_sqlite.js.map: OK
plans/evidence/artifacts/007/configuration-advisor/acceptance-cache/vitest/da39a3ee5e6b4b0d3255bfef95601890afd80709/deps_ssr/_metadata.json: OK
plans/evidence/artifacts/007/configuration-advisor/acceptance-cache/vitest/da39a3ee5e6b4b0d3255bfef95601890afd80709/deps_ssr/chunk-47T7GGRX.js: OK
plans/evidence/artifacts/007/configuration-advisor/acceptance-cache/vitest/da39a3ee5e6b4b0d3255bfef95601890afd80709/deps_ssr/chunk-47T7GGRX.js.map: OK
plans/evidence/artifacts/007/configuration-advisor/acceptance-cache/vitest/da39a3ee5e6b4b0d3255bfef95601890afd80709/deps_ssr/chunk-7KYW7EK3.js: OK
plans/evidence/artifacts/007/configuration-advisor/acceptance-cache/vitest/da39a3ee5e6b4b0d3255bfef95601890afd80709/deps_ssr/chunk-7KYW7EK3.js.map: OK
plans/evidence/artifacts/007/configuration-advisor/acceptance-cache/vitest/da39a3ee5e6b4b0d3255bfef95601890afd80709/deps_ssr/chunk-BONGBIOZ.js: OK
plans/evidence/artifacts/007/configuration-advisor/acceptance-cache/vitest/da39a3ee5e6b4b0d3255bfef95601890afd80709/deps_ssr/chunk-BONGBIOZ.js.map: OK
plans/evidence/artifacts/007/configuration-advisor/acceptance-cache/vitest/da39a3ee5e6b4b0d3255bfef95601890afd80709/deps_ssr/chunk-E62EHYRK.js: OK
plans/evidence/artifacts/007/configuration-advisor/acceptance-cache/vitest/da39a3ee5e6b4b0d3255bfef95601890afd80709/deps_ssr/chunk-E62EHYRK.js.map: OK
plans/evidence/artifacts/007/configuration-advisor/acceptance-cache/vitest/da39a3ee5e6b4b0d3255bfef95601890afd80709/deps_ssr/chunk-EOP7IIM4.js: OK
plans/evidence/artifacts/007/configuration-advisor/acceptance-cache/vitest/da39a3ee5e6b4b0d3255bfef95601890afd80709/deps_ssr/chunk-EOP7IIM4.js.map: OK
plans/evidence/artifacts/007/configuration-advisor/acceptance-cache/vitest/da39a3ee5e6b4b0d3255bfef95601890afd80709/deps_ssr/chunk-PZ5AY32C.js: OK
plans/evidence/artifacts/007/configuration-advisor/acceptance-cache/vitest/da39a3ee5e6b4b0d3255bfef95601890afd80709/deps_ssr/chunk-PZ5AY32C.js.map: OK
plans/evidence/artifacts/007/configuration-advisor/acceptance-cache/vitest/da39a3ee5e6b4b0d3255bfef95601890afd80709/deps_ssr/chunk-SSUJQZQA.js: OK
plans/evidence/artifacts/007/configuration-advisor/acceptance-cache/vitest/da39a3ee5e6b4b0d3255bfef95601890afd80709/deps_ssr/chunk-SSUJQZQA.js.map: OK
plans/evidence/artifacts/007/configuration-advisor/acceptance-cache/vitest/da39a3ee5e6b4b0d3255bfef95601890afd80709/deps_ssr/chunk-XWH7TXR6.js: OK
plans/evidence/artifacts/007/configuration-advisor/acceptance-cache/vitest/da39a3ee5e6b4b0d3255bfef95601890afd80709/deps_ssr/chunk-XWH7TXR6.js.map: OK
plans/evidence/artifacts/007/configuration-advisor/acceptance-cache/vitest/da39a3ee5e6b4b0d3255bfef95601890afd80709/deps_ssr/package.json: OK
plans/evidence/artifacts/007/configuration-advisor/acceptance-cache/vitest/da39a3ee5e6b4b0d3255bfef95601890afd80709/deps_ssr/typebox.js: OK
plans/evidence/artifacts/007/configuration-advisor/acceptance-cache/vitest/da39a3ee5e6b4b0d3255bfef95601890afd80709/deps_ssr/typebox.js.map: OK
plans/evidence/artifacts/007/configuration-advisor/acceptance-cache/vitest/da39a3ee5e6b4b0d3255bfef95601890afd80709/deps_ssr/vitest___@vitest_expect___chai.js: OK
plans/evidence/artifacts/007/configuration-advisor/acceptance-cache/vitest/da39a3ee5e6b4b0d3255bfef95601890afd80709/deps_ssr/vitest___@vitest_expect___chai.js.map: OK
plans/evidence/artifacts/007/configuration-advisor/acceptance-cache/vitest/da39a3ee5e6b4b0d3255bfef95601890afd80709/deps_ssr/vitest___@vitest_snapshot___magic-string.js: OK
plans/evidence/artifacts/007/configuration-advisor/acceptance-cache/vitest/da39a3ee5e6b4b0d3255bfef95601890afd80709/deps_ssr/vitest___@vitest_snapshot___magic-string.js.map: OK
plans/evidence/artifacts/007/configuration-advisor/acceptance-cache/vitest/da39a3ee5e6b4b0d3255bfef95601890afd80709/results.json: FAILED
plans/evidence/artifacts/007/configuration-advisor/acceptance-probes-red-second.log: OK
plans/evidence/artifacts/007/configuration-advisor/acceptance-probes-red.log: OK
plans/evidence/artifacts/007/configuration-advisor/acceptance-probes.config.ts: OK
plans/evidence/artifacts/007/configuration-advisor/acceptance-probes.worker.test.ts: OK
plans/evidence/artifacts/007/configuration-advisor/brain.log: OK
plans/evidence/artifacts/007/configuration-advisor/cache/vitest/da39a3ee5e6b4b0d3255bfef95601890afd80709/deps_ssr/@cloudflare_containers.js: OK
plans/evidence/artifacts/007/configuration-advisor/cache/vitest/da39a3ee5e6b4b0d3255bfef95601890afd80709/deps_ssr/@cloudflare_containers.js.map: OK
plans/evidence/artifacts/007/configuration-advisor/cache/vitest/da39a3ee5e6b4b0d3255bfef95601890afd80709/deps_ssr/@cloudflare_sandbox.js: OK
plans/evidence/artifacts/007/configuration-advisor/cache/vitest/da39a3ee5e6b4b0d3255bfef95601890afd80709/deps_ssr/@cloudflare_sandbox.js.map: OK
plans/evidence/artifacts/007/configuration-advisor/cache/vitest/da39a3ee5e6b4b0d3255bfef95601890afd80709/deps_ssr/@earendil-works_chord_context.js: OK
plans/evidence/artifacts/007/configuration-advisor/cache/vitest/da39a3ee5e6b4b0d3255bfef95601890afd80709/deps_ssr/@earendil-works_chord_context.js.map: OK
plans/evidence/artifacts/007/configuration-advisor/cache/vitest/da39a3ee5e6b4b0d3255bfef95601890afd80709/deps_ssr/@earendil-works_chord_delta.js: OK
plans/evidence/artifacts/007/configuration-advisor/cache/vitest/da39a3ee5e6b4b0d3255bfef95601890afd80709/deps_ssr/@earendil-works_chord_delta.js.map: OK
plans/evidence/artifacts/007/configuration-advisor/cache/vitest/da39a3ee5e6b4b0d3255bfef95601890afd80709/deps_ssr/@earendil-works_pi-ai_models.js: OK
plans/evidence/artifacts/007/configuration-advisor/cache/vitest/da39a3ee5e6b4b0d3255bfef95601890afd80709/deps_ssr/@earendil-works_pi-ai_models.js.map: OK
plans/evidence/artifacts/007/configuration-advisor/cache/vitest/da39a3ee5e6b4b0d3255bfef95601890afd80709/deps_ssr/@earendil-works_pi-ai_providers_faux.js: OK
plans/evidence/artifacts/007/configuration-advisor/cache/vitest/da39a3ee5e6b4b0d3255bfef95601890afd80709/deps_ssr/@earendil-works_pi-ai_providers_faux.js.map: OK
plans/evidence/artifacts/007/configuration-advisor/cache/vitest/da39a3ee5e6b4b0d3255bfef95601890afd80709/deps_ssr/@earendil-works_pi-durable.js: OK
plans/evidence/artifacts/007/configuration-advisor/cache/vitest/da39a3ee5e6b4b0d3255bfef95601890afd80709/deps_ssr/@earendil-works_pi-durable.js.map: OK
plans/evidence/artifacts/007/configuration-advisor/cache/vitest/da39a3ee5e6b4b0d3255bfef95601890afd80709/deps_ssr/@earendil-works_pi-durable_storage_sqlite.js: OK
plans/evidence/artifacts/007/configuration-advisor/cache/vitest/da39a3ee5e6b4b0d3255bfef95601890afd80709/deps_ssr/@earendil-works_pi-durable_storage_sqlite.js.map: OK
plans/evidence/artifacts/007/configuration-advisor/cache/vitest/da39a3ee5e6b4b0d3255bfef95601890afd80709/deps_ssr/_metadata.json: OK
plans/evidence/artifacts/007/configuration-advisor/cache/vitest/da39a3ee5e6b4b0d3255bfef95601890afd80709/deps_ssr/chunk-47T7GGRX.js: OK
plans/evidence/artifacts/007/configuration-advisor/cache/vitest/da39a3ee5e6b4b0d3255bfef95601890afd80709/deps_ssr/chunk-47T7GGRX.js.map: OK
plans/evidence/artifacts/007/configuration-advisor/cache/vitest/da39a3ee5e6b4b0d3255bfef95601890afd80709/deps_ssr/chunk-7KYW7EK3.js: OK
plans/evidence/artifacts/007/configuration-advisor/cache/vitest/da39a3ee5e6b4b0d3255bfef95601890afd80709/deps_ssr/chunk-7KYW7EK3.js.map: OK
plans/evidence/artifacts/007/configuration-advisor/cache/vitest/da39a3ee5e6b4b0d3255bfef95601890afd80709/deps_ssr/chunk-BONGBIOZ.js: OK
plans/evidence/artifacts/007/configuration-advisor/cache/vitest/da39a3ee5e6b4b0d3255bfef95601890afd80709/deps_ssr/chunk-BONGBIOZ.js.map: OK
plans/evidence/artifacts/007/configuration-advisor/cache/vitest/da39a3ee5e6b4b0d3255bfef95601890afd80709/deps_ssr/chunk-E62EHYRK.js: OK
plans/evidence/artifacts/007/configuration-advisor/cache/vitest/da39a3ee5e6b4b0d3255bfef95601890afd80709/deps_ssr/chunk-E62EHYRK.js.map: OK
plans/evidence/artifacts/007/configuration-advisor/cache/vitest/da39a3ee5e6b4b0d3255bfef95601890afd80709/deps_ssr/chunk-EOP7IIM4.js: OK
plans/evidence/artifacts/007/configuration-advisor/cache/vitest/da39a3ee5e6b4b0d3255bfef95601890afd80709/deps_ssr/chunk-EOP7IIM4.js.map: OK
plans/evidence/artifacts/007/configuration-advisor/cache/vitest/da39a3ee5e6b4b0d3255bfef95601890afd80709/deps_ssr/chunk-NQC64ZD5.js: OK
plans/evidence/artifacts/007/configuration-advisor/cache/vitest/da39a3ee5e6b4b0d3255bfef95601890afd80709/deps_ssr/chunk-NQC64ZD5.js.map: OK
plans/evidence/artifacts/007/configuration-advisor/cache/vitest/da39a3ee5e6b4b0d3255bfef95601890afd80709/deps_ssr/chunk-PZ5AY32C.js: OK
plans/evidence/artifacts/007/configuration-advisor/cache/vitest/da39a3ee5e6b4b0d3255bfef95601890afd80709/deps_ssr/chunk-PZ5AY32C.js.map: OK
plans/evidence/artifacts/007/configuration-advisor/cache/vitest/da39a3ee5e6b4b0d3255bfef95601890afd80709/deps_ssr/chunk-SSUJQZQA.js: OK
plans/evidence/artifacts/007/configuration-advisor/cache/vitest/da39a3ee5e6b4b0d3255bfef95601890afd80709/deps_ssr/chunk-SSUJQZQA.js.map: OK
plans/evidence/artifacts/007/configuration-advisor/cache/vitest/da39a3ee5e6b4b0d3255bfef95601890afd80709/deps_ssr/package.json: OK
plans/evidence/artifacts/007/configuration-advisor/cache/vitest/da39a3ee5e6b4b0d3255bfef95601890afd80709/deps_ssr/typebox.js: OK
plans/evidence/artifacts/007/configuration-advisor/cache/vitest/da39a3ee5e6b4b0d3255bfef95601890afd80709/deps_ssr/typebox.js.map: OK
plans/evidence/artifacts/007/configuration-advisor/cache/vitest/da39a3ee5e6b4b0d3255bfef95601890afd80709/deps_ssr/vitest___@vitest_expect___chai.js: OK
plans/evidence/artifacts/007/configuration-advisor/cache/vitest/da39a3ee5e6b4b0d3255bfef95601890afd80709/deps_ssr/vitest___@vitest_expect___chai.js.map: OK
plans/evidence/artifacts/007/configuration-advisor/cache/vitest/da39a3ee5e6b4b0d3255bfef95601890afd80709/deps_ssr/vitest___@vitest_snapshot___magic-string.js: OK
plans/evidence/artifacts/007/configuration-advisor/cache/vitest/da39a3ee5e6b4b0d3255bfef95601890afd80709/deps_ssr/vitest___@vitest_snapshot___magic-string.js.map: OK
plans/evidence/artifacts/007/configuration-advisor/cache/vitest/da39a3ee5e6b4b0d3255bfef95601890afd80709/results.json: FAILED
plans/evidence/artifacts/007/configuration-advisor/contracts.log: OK
plans/evidence/artifacts/007/configuration-advisor/credentials.log: OK
plans/evidence/artifacts/007/configuration-advisor/fixture-copy.ts: OK
plans/evidence/artifacts/007/configuration-advisor/host-adapter-probes.log: OK
plans/evidence/artifacts/007/configuration-advisor/original-probes.log: OK
plans/evidence/artifacts/007/configuration-advisor/policy-probes.log: OK
plans/evidence/artifacts/007/configuration-advisor/probes-1.log: OK
plans/evidence/artifacts/007/configuration-advisor/probes-2.log: OK
plans/evidence/artifacts/007/configuration-advisor/probes-3.log: OK
plans/evidence/artifacts/007/configuration-advisor/probes-4.log: OK
plans/evidence/artifacts/007/configuration-advisor/probes-5.log: OK
plans/evidence/artifacts/007/configuration-advisor/probes-6.log: OK
plans/evidence/artifacts/007/configuration-advisor/probes.worker.test.ts: OK
plans/evidence/artifacts/007/configuration-advisor/product-authority-review-expanded.log: OK
plans/evidence/artifacts/007/configuration-advisor/product-authority-review.config.ts: OK
plans/evidence/artifacts/007/configuration-advisor/product-authority-review.log: OK
plans/evidence/artifacts/007/configuration-advisor/product-authority-review.worker.test.ts: OK
plans/evidence/artifacts/007/configuration-advisor/product-boundary-originals.log: OK
plans/evidence/artifacts/007/configuration-advisor/repository.log: OK
plans/evidence/artifacts/007/configuration-advisor/runtime.log: OK
plans/evidence/artifacts/007/configuration-advisor/vitest.config.ts: OK
plans/evidence/artifacts/007/configuration-close-advisor-probe.sha256: OK
plans/evidence/artifacts/007/configuration-close-advisor-probe.tar.gz: OK
plans/evidence/artifacts/007/configuration-close-repair-baseline.tar.gz: OK
plans/evidence/artifacts/007/configuration-close-repair-final.sha256: OK
plans/evidence/artifacts/007/configuration-close-repair-final.tar.gz: OK
plans/evidence/artifacts/007/configuration-close-repair-intermediate.tar.gz: OK
plans/evidence/artifacts/007/configuration-close-repair-only.patch: OK
plans/evidence/artifacts/007/configuration-close-repair-source.sha256: OK
plans/evidence/artifacts/007/custom-summary-correction-final.sha256: OK
plans/evidence/artifacts/007/custom-summary-correction-final.tar.gz: OK
plans/evidence/artifacts/007/custom-summary-correction-intermediate.tar.gz: OK
plans/evidence/artifacts/007/custom-summary-correction-only.patch: OK
plans/evidence/artifacts/007/custom-summary-correction-restoration-blocked.sha256: OK
plans/evidence/artifacts/007/custom-summary-correction-restoration-blocked.tar.gz: OK
plans/evidence/artifacts/007/custom-summary-correction-restoration-reference/007-custom-summary-correction-handoff.md: OK
plans/evidence/artifacts/007/custom-summary-correction-restoration-reference/source.sha256: OK
plans/evidence/artifacts/007/custom-summary-correction-source.patch: OK
plans/evidence/artifacts/007/custom-summary-correction-source.sha256: OK
plans/evidence/artifacts/007/custom-summary-correction-verified-baseline.tar.gz: OK
plans/evidence/artifacts/007/model-claim-advisor-final/nearest.log: OK
plans/evidence/artifacts/007/model-claim-advisor-final/probe.log: OK
plans/evidence/artifacts/007/model-claim-advisor-final/repository.log: OK
plans/evidence/artifacts/007/model-claim-advisor-final/runtime.log: OK
plans/evidence/artifacts/007/model-claim-correction/advisor-green-final.log: OK
plans/evidence/artifacts/007/model-claim-correction/advisor-green-first.log: OK
plans/evidence/artifacts/007/model-claim-correction/advisor-red.log: OK
plans/evidence/artifacts/007/model-claim-correction/before-host.ts: OK
plans/evidence/artifacts/007/model-claim-correction/before-models.test.ts: OK
plans/evidence/artifacts/007/model-claim-correction/close.log: OK
plans/evidence/artifacts/007/model-claim-correction/correction.patch: OK
plans/evidence/artifacts/007/model-claim-correction/format-last.log: OK
plans/evidence/artifacts/007/model-claim-correction/format-models-final.log: OK
plans/evidence/artifacts/007/model-claim-correction/format.log: OK
plans/evidence/artifacts/007/model-claim-correction/models-final.log: OK
plans/evidence/artifacts/007/model-claim-correction/models-first.log: OK
plans/evidence/artifacts/007/model-claim-correction/nearest-final.log: OK
plans/evidence/artifacts/007/model-claim-correction/nearest.log: OK
plans/evidence/artifacts/007/model-claim-correction/permanent-green.log: OK
plans/evidence/artifacts/007/model-claim-correction/permanent-red.log: OK
plans/evidence/artifacts/007/model-claim-correction/preserved.sha256: OK
plans/evidence/artifacts/007/model-claim-correction/repository-final.log: OK
plans/evidence/artifacts/007/model-claim-correction/repository.log: OK
plans/evidence/artifacts/007/model-claim-correction/runtime-final.log: OK
plans/evidence/artifacts/007/model-claim-correction/runtime.log: OK
plans/evidence/artifacts/007/model-claim-correction/snapshots.json: OK
plans/evidence/artifacts/007/model-claim-correction/source.sha256: OK
plans/evidence/artifacts/007/model-claim-correction/test-preservation.log: OK
plans/evidence/artifacts/007/model-claim-correction/typecheck-first.log: OK
plans/evidence/artifacts/007/product-advisor-review/credentials.log: OK
plans/evidence/artifacts/007/product-advisor-review/generation-domain.config.ts: OK
plans/evidence/artifacts/007/product-advisor-review/generation-domain.log: OK
plans/evidence/artifacts/007/product-advisor-review/generation-domain.probe.test.ts: OK
plans/evidence/artifacts/007/product-advisor-review/host-adapter-probes-final.log: OK
plans/evidence/artifacts/007/product-advisor-review/host-adapter-probes.log: OK
plans/evidence/artifacts/007/product-advisor-review/policy-probes.log: OK
plans/evidence/artifacts/007/product-advisor-review/post-product-check.config.ts: OK
plans/evidence/artifacts/007/product-advisor-review/post-product-check.log: OK
plans/evidence/artifacts/007/product-advisor-review/post-product-check.probe.test.ts: OK
plans/evidence/artifacts/007/product-advisor-review/probe.log: OK
plans/evidence/artifacts/007/product-advisor-review/repository-rerun.log: OK
plans/evidence/artifacts/007/product-advisor-review/repository.log: OK
plans/evidence/artifacts/007/product-advisor-review/runtime.log: OK
plans/evidence/artifacts/007/product-advisor-review/web.log: OK
plans/evidence/artifacts/007/product-correction/advisor-preservation.sha256: OK
plans/evidence/artifacts/007/product-correction/brain.log: OK
plans/evidence/artifacts/007/product-correction/changed-files.json: OK
plans/evidence/artifacts/007/product-correction/contracts.log: OK
plans/evidence/artifacts/007/product-correction/correction-only.patch: OK
plans/evidence/artifacts/007/product-correction/counts.json: OK
plans/evidence/artifacts/007/product-correction/credentials-nearest.log: OK
plans/evidence/artifacts/007/product-correction/credentials.log: OK
plans/evidence/artifacts/007/product-correction/format.log: OK
plans/evidence/artifacts/007/product-correction/graph.sha256: OK
plans/evidence/artifacts/007/product-correction/original-config-probes.log: OK
plans/evidence/artifacts/007/product-correction/original-host-probes.log: OK
plans/evidence/artifacts/007/product-correction/policy-probes-green.log: OK
plans/evidence/artifacts/007/product-correction/policy-red.log: OK
plans/evidence/artifacts/007/product-correction/race-snapshots.json: OK
plans/evidence/artifacts/007/product-correction/repository.log: OK
plans/evidence/artifacts/007/product-correction/runtime-nearest-initial.log: OK
plans/evidence/artifacts/007/product-correction/runtime-nearest.log: OK
plans/evidence/artifacts/007/product-correction/runtime-probes-green.log: OK
plans/evidence/artifacts/007/product-correction/runtime-red.log: OK
plans/evidence/artifacts/007/product-correction/runtime.log: OK
plans/evidence/artifacts/007/product-correction/source.sha256: OK
plans/evidence/artifacts/007/product-correction/source.tar.gz: OK
plans/evidence/artifacts/007/product-correction/web-nearest.log: OK
plans/evidence/artifacts/007/product-correction-advisor/brain.log: OK
plans/evidence/artifacts/007/product-correction-advisor/contracts.log: OK
plans/evidence/artifacts/007/product-correction-advisor/credentials.log: OK
plans/evidence/artifacts/007/product-correction-advisor/host-adapter-probes.log: OK
plans/evidence/artifacts/007/product-correction-advisor/original-probes.log: OK
plans/evidence/artifacts/007/product-correction-advisor/policy-probes.log: OK
plans/evidence/artifacts/007/product-correction-advisor/repository-rerun.log: OK
plans/evidence/artifacts/007/product-correction-advisor/repository.log: OK
plans/evidence/artifacts/007/product-correction-advisor/runtime.log: OK
plans/evidence/artifacts/007/product-model-runtime-types-first.log: OK
plans/evidence/artifacts/007/product-request-pure-first.log: OK
plans/evidence/artifacts/007/product-request-types-first.log: OK
plans/evidence/artifacts/007/product-request-worker-all-first.log: OK
plans/evidence/artifacts/007/product-request-worker-all-second.log: OK
plans/evidence/artifacts/007/product-request-worker-fifth.log: OK
plans/evidence/artifacts/007/product-request-worker-first.log: OK
plans/evidence/artifacts/007/product-request-worker-fourth.log: OK
plans/evidence/artifacts/007/product-request-worker-second.log: OK
plans/evidence/artifacts/007/product-request-worker-seventh.log: OK
plans/evidence/artifacts/007/product-request-worker-sixth.log: OK
plans/evidence/artifacts/007/product-request-worker-third.log: OK
plans/evidence/artifacts/007/product-resumption-current/accepted-preservation.txt: OK
plans/evidence/artifacts/007/product-resumption-current/advisor-config-probes-candidate.log: OK
plans/evidence/artifacts/007/product-resumption-current/advisor-config-probes.log: OK
plans/evidence/artifacts/007/product-resumption-current/advisor-host-probes-candidate.log: OK
plans/evidence/artifacts/007/product-resumption-current/advisor-host-probes.log: OK
plans/evidence/artifacts/007/product-resumption-current/brain-verify-candidate.log: OK
plans/evidence/artifacts/007/product-resumption-current/brain-verify-final.log: OK
plans/evidence/artifacts/007/product-resumption-current/brain-verify.log: OK
plans/evidence/artifacts/007/product-resumption-current/candidate-base.patch: OK
plans/evidence/artifacts/007/product-resumption-current/candidate-source.sha256: OK
plans/evidence/artifacts/007/product-resumption-current/candidate-source.tar.gz: OK
plans/evidence/artifacts/007/product-resumption-current/constructed-snapshots.json: OK
plans/evidence/artifacts/007/product-resumption-current/contracts-verify-candidate.log: OK
plans/evidence/artifacts/007/product-resumption-current/contracts-verify-final.log: OK
plans/evidence/artifacts/007/product-resumption-current/contracts-verify.log: OK
plans/evidence/artifacts/007/product-resumption-current/counts.json: OK
plans/evidence/artifacts/007/product-resumption-current/crash-fixed.log: OK
plans/evidence/artifacts/007/product-resumption-current/credential-nearest.log: OK
plans/evidence/artifacts/007/product-resumption-current/credentials-verify-candidate.log: OK
plans/evidence/artifacts/007/product-resumption-current/credentials-verify-final.log: OK
plans/evidence/artifacts/007/product-resumption-current/credentials-verify.log: OK
plans/evidence/artifacts/007/product-resumption-current/format-bounds.log: OK
plans/evidence/artifacts/007/product-resumption-current/format-composition.log: OK
plans/evidence/artifacts/007/product-resumption-current/format-final.log: OK
plans/evidence/artifacts/007/product-resumption-current/format.log: OK
plans/evidence/artifacts/007/product-resumption-current/graphs.sha256: OK
plans/evidence/artifacts/007/product-resumption-current/preservation.txt: OK
plans/evidence/artifacts/007/product-resumption-current/request-complete.log: OK
plans/evidence/artifacts/007/product-resumption-current/resumption-changed-files.json: OK
plans/evidence/artifacts/007/product-resumption-current/resumption-only.patch: OK
plans/evidence/artifacts/007/product-resumption-current/runtime-nearest-candidate.log: OK
plans/evidence/artifacts/007/product-resumption-current/runtime-nearest.log: OK
plans/evidence/artifacts/007/product-resumption-current/runtime-types.log: OK
plans/evidence/artifacts/007/product-resumption-current/runtime-verify-candidate.log: OK
plans/evidence/artifacts/007/product-resumption-current/runtime-verify-final.log: OK
plans/evidence/artifacts/007/product-resumption-current/source.patch: OK
plans/evidence/artifacts/007/product-resumption-current/source.sha256: OK
plans/evidence/artifacts/007/product-resumption-current/source.tar.gz: OK
plans/evidence/artifacts/007/product-resumption-current/status.txt: OK
plans/evidence/artifacts/007/product-resumption-current/summary-debug.log: OK
plans/evidence/artifacts/007/product-resumption-current/summary-fixed.log: OK
plans/evidence/artifacts/007/product-resumption-current/types-initial.log: OK
plans/evidence/artifacts/007/product-resumption-current/verify-candidate.log: OK
plans/evidence/artifacts/007/product-resumption-current/verify-final.log: OK
plans/evidence/artifacts/007/product-resumption-current/web-nearest-candidate.log: OK
plans/evidence/artifacts/007/product-resumption-current/web-nearest.log: OK
plans/evidence/artifacts/007/product-resumption-current/web-types.log: OK
plans/evidence/artifacts/007/product-rpc-advisor/nearest.log: OK
plans/evidence/artifacts/007/product-rpc-advisor/probe.log: OK
plans/evidence/artifacts/007/product-transport-advisor-probes-second.log: OK
plans/evidence/artifacts/007/product-transport-advisor-probes.log: OK
plans/evidence/artifacts/007/product-transport-brain-verify.log: OK
plans/evidence/artifacts/007/product-transport-config.patch: OK
plans/evidence/artifacts/007/product-transport-contracts-verify.log: OK
plans/evidence/artifacts/007/product-transport-credentials-verify.log: OK
plans/evidence/artifacts/007/product-transport-models-first.log: OK
plans/evidence/artifacts/007/product-transport-models-increment.patch: OK
plans/evidence/artifacts/007/product-transport-models-second.log: OK
plans/evidence/artifacts/007/product-transport-nearest.log: OK
plans/evidence/artifacts/007/product-transport-preservation.log: OK
plans/evidence/artifacts/007/product-transport-runtime-verify.log: OK
plans/evidence/artifacts/007/product-transport-source.sha256: OK
plans/evidence/artifacts/007/product-transport-verify-second.log: OK
plans/evidence/artifacts/007/product-transport-verify.log: OK
plans/evidence/artifacts/007/remaining-boundary-preflight/agent-models.log: OK
plans/evidence/artifacts/007/remaining-boundary-preflight/brain-verify.log: OK
plans/evidence/artifacts/007/remaining-boundary-preflight/contracts-verify.log: OK
plans/evidence/artifacts/007/remaining-boundary-preflight/credentials-verify.log: OK
plans/evidence/artifacts/007/remaining-boundary-preflight/nearest.log: OK
plans/evidence/artifacts/007/remaining-boundary-preflight/preservation.log: OK
plans/evidence/artifacts/007/remaining-boundary-preflight/request-runtime.log: OK
plans/evidence/artifacts/007/remaining-boundary-preflight/request-web.log: OK
plans/evidence/artifacts/007/remaining-boundary-preflight/request-worker.log: OK
plans/evidence/artifacts/007/remaining-boundary-preflight/results.txt: OK
plans/evidence/artifacts/007/remaining-boundary-preflight/runtime-verify.log: OK
plans/evidence/artifacts/007/remaining-boundary-preflight/verify.log: OK
plans/evidence/artifacts/007/remaining-fixture-resume/brain.log: OK
plans/evidence/artifacts/007/remaining-fixture-resume/dependencies-after.sha256: OK
plans/evidence/artifacts/007/remaining-fixture-resume/dependencies-before.sha256: OK
plans/evidence/artifacts/007/remaining-fixture-resume/install.log: OK
plans/evidence/artifacts/007/remaining-implementation/accepted-test-preservation.log: OK
plans/evidence/artifacts/007/remaining-implementation/brain-baseline.log: OK
plans/evidence/artifacts/007/remaining-implementation/brain-final.log: OK
plans/evidence/artifacts/007/remaining-implementation/brain-last.log: OK
plans/evidence/artifacts/007/remaining-implementation/cache-preparation.log: OK
plans/evidence/artifacts/007/remaining-implementation/cache-vitest.log: OK
plans/evidence/artifacts/007/remaining-implementation/check-detail.log: OK
plans/evidence/artifacts/007/remaining-implementation/contracts-final.log: OK
plans/evidence/artifacts/007/remaining-implementation/contracts.log: OK
plans/evidence/artifacts/007/remaining-implementation/credential-nearest.log: OK
plans/evidence/artifacts/007/remaining-implementation/credentials-final.log: OK
plans/evidence/artifacts/007/remaining-implementation/credentials.log: OK
plans/evidence/artifacts/007/remaining-implementation/current-host-diff.patch: OK
plans/evidence/artifacts/007/remaining-implementation/format-final.log: OK
plans/evidence/artifacts/007/remaining-implementation/format.log: OK
plans/evidence/artifacts/007/remaining-implementation/graphs-after.sha256: OK
plans/evidence/artifacts/007/remaining-implementation/graphs-before.sha256: OK
plans/evidence/artifacts/007/remaining-implementation/incremental.patch: OK
plans/evidence/artifacts/007/remaining-implementation/model-claim-final.log: OK
plans/evidence/artifacts/007/remaining-implementation/model-claim-first.log: OK
plans/evidence/artifacts/007/remaining-implementation/nearest-first.log: OK
plans/evidence/artifacts/007/remaining-implementation/repository-final.log: OK
plans/evidence/artifacts/007/remaining-implementation/repository-rerun.log: OK
plans/evidence/artifacts/007/remaining-implementation/repository.log: OK
plans/evidence/artifacts/007/remaining-implementation/runtime-final.log: OK
plans/evidence/artifacts/007/remaining-implementation/runtime-nearest-final.log: OK
plans/evidence/artifacts/007/remaining-implementation/runtime-nearest.log: OK
plans/evidence/artifacts/007/remaining-implementation/runtime.log: OK
plans/evidence/artifacts/007/remaining-implementation/source.sha256: OK
plans/evidence/artifacts/007/remaining-implementation/typecheck-final.log: OK
plans/evidence/artifacts/007/remaining-implementation/typecheck-first.log: OK
plans/evidence/artifacts/007/remaining-implementation/web-contracts.log: OK
plans/evidence/artifacts/007/remaining-implementation/web-models.log: OK
sha256sum: WARNING: 2 computed checksums did NOT match
