$ pnpm --filter @ditto/runtime typecheck && node --test apps/runtime/src/pi-durable-imports.test.mjs scripts/pi-durable-host-auth.test.mjs && pnpm --filter @ditto/runtime exec vitest run
$ tsc --noEmit && tsc --noEmit -p tsconfig.forbidden-bindings.json
✔ audits the candidate's static imports, variable importer and closed auth path (304.918617ms)
✔ rejects filesystem and process execution imports, including variable specifiers (1452.333674ms)
✔ rejects omitted closed auth, escaped default auth and additional Models callers (1174.178954ms)
[96mAlchemy[0m (v0.93.12)
App: synthetic-auth
Phase: up
Stage: dev
✔ selects only host auth keys without exporting dotenv values (51.972984ms)
✔ invalid credentials and split logs cannot expose selected values (5.195883ms)
✔ public resource auth keeps inherited Docker child environment credential-free (199.340234ms)
ℹ tests 6
ℹ suites 0
ℹ pass 6
ℹ fail 0
ℹ cancelled 0
ℹ skipped 0
ℹ todo 0
ℹ duration_ms 3782.742052

[1m[46m RUN [49m[22m [36mv3.2.7 [39m[90m/home/ayan/ditto-execution/plan-007-recovery/apps/runtime[39m

[vpw:debug] Adding `enable_nodejs_tty_module` compatibility flag during tests as this feature is needed to support the Vitest runner.
[vpw:debug] Adding `enable_nodejs_fs_module` compatibility flag during tests as this feature is needed to support the Vitest runner.
[vpw:debug] Adding `enable_nodejs_http_modules` compatibility flag during tests as this feature is needed to support the Vitest runner.
[vpw:debug] Adding `enable_nodejs_perf_hooks_module` compatibility flag during tests as this feature is needed to support the Vitest runner.
[vpw:info] Starting isolated runtimes for vitest.config.ts...
[mf:warn] The latest compatibility date supported by the installed Cloudflare Workers Runtime is "2026-03-10",
but you've requested "2026-09-16". Falling back to "2026-03-10"...
[mf:warn] The latest compatibility date supported by the installed Cloudflare Workers Runtime is "2026-03-10",
but you've requested "2026-09-16". Falling back to "2026-03-10"...
[mf:warn] The latest compatibility date supported by the installed Cloudflare Workers Runtime is "2026-03-10",
but you've requested "2026-09-16". Falling back to "2026-03-10"...
[mf:warn] The latest compatibility date supported by the installed Cloudflare Workers Runtime is "2026-03-10",
but you've requested "2026-09-16". Falling back to "2026-03-10"...
[mf:warn] The latest compatibility date supported by the installed Cloudflare Workers Runtime is "2026-03-10",
but you've requested "2026-09-16". Falling back to "2026-03-10"...
[mf:warn] The latest compatibility date supported by the installed Cloudflare Workers Runtime is "2026-03-10",
but you've requested "2026-09-16". Falling back to "2026-03-10"...
[mf:warn] The latest compatibility date supported by the installed Cloudflare Workers Runtime is "2026-03-10",
but you've requested "2026-09-16". Falling back to "2026-03-10"...
[mf:warn] The latest compatibility date supported by the installed Cloudflare Workers Runtime is "2026-03-10",
but you've requested "2026-09-16". Falling back to "2026-03-10"...
[mf:warn] The latest compatibility date supported by the installed Cloudflare Workers Runtime is "2026-03-10",
but you've requested "2026-09-16". Falling back to "2026-03-10"...
[mf:warn] The latest compatibility date supported by the installed Cloudflare Workers Runtime is "2026-03-10",
but you've requested "2026-09-16". Falling back to "2026-03-10"...
[mf:warn] The latest compatibility date supported by the installed Cloudflare Workers Runtime is "2026-03-10",
but you've requested "2026-09-16". Falling back to "2026-03-10"...
[mf:warn] The latest compatibility date supported by the installed Cloudflare Workers Runtime is "2026-03-10",
but you've requested "2026-09-16". Falling back to "2026-03-10"...
 [32m✓[39m src/forbidden-import-graph.test.ts [2m([22m[2m1 test[22m[2m)[22m[32m 127[2mms[22m[39m
 [32m✓[39m src/runtime-crypto.test.ts [2m([22m[2m5 tests[22m[2m)[22m[33m 352[2mms[22m[39m
 [32m✓[39m src/feasibility.test.ts [2m([22m[2m19 tests[22m[2m)[22m[33m 465[2mms[22m[39m
[90mstdout[2m | src/pi-durable-models.test.ts[2m > [22m[2mheld product callback denies changed host authority {"current":false}, encrypted=false
[22m[39m[007-model-claim-snapshot] {"name":"product-{\"current\":false}","encrypted":false,"claimed":1,"receiptState":"consumed","encryptedReceipt":false,"effectState":"admitted","epoch":1,"calls":0}

 [32m✓[39m src/pi-durable-compatibility.test.ts [2m([22m[2m3 tests[22m[2m)[22m[33m 645[2mms[22m[39m
[90mstdout[2m | src/pi-durable-models.test.ts[2m > [22m[2mheld product callback denies changed host authority {"executor":2}, encrypted=false
[22m[39m[007-model-claim-snapshot] {"name":"product-{\"executor\":2}","encrypted":false,"claimed":1,"receiptState":"consumed","encryptedReceipt":false,"effectState":"admitted","epoch":1,"calls":0}

 [32m✓[39m src/pi-durable-encrypted-corrections.test.ts [2m([22m[2m5 tests[22m[2m)[22m[33m 740[2mms[22m[39m
[90mstdout[2m | src/pi-durable-model-preparation.gate.test.ts[2m > [22m[2m007 initial gate: prepared compaction must resume through the integrated mandatory guard after reopen before first admission
[22m[39m007 compaction gate evidence {"task":11,"before":{"phase":"select"},"after":{"status":"terminal","outcome":{"status":"completed","result":{"submissionId":13}}},"attempts":2,"dispatched":2,"requests":[{"model":"faux-1"},{"model":"faux-1","thinking":"low","maxTokens":1024},{"model":"faux-2","thinking":"high"}]}

 [32m✓[39m src/pi-durable-model-preparation.gate.test.ts [2m([22m[2m2 tests[22m[2m)[22m[33m 922[2mms[22m[39m
   [33m[2m✓[22m[39m 007 initial gate: prepared compaction must resume through the integrated mandatory guard after reopen before first admission [33m 672[2mms[22m[39m
[90mstdout[2m | src/pi-durable-models.test.ts[2m > [22m[2mheld product callback denies changed host authority {"generation":2}, encrypted=false
[22m[39m[007-model-claim-snapshot] {"name":"product-{\"generation\":2}","encrypted":false,"claimed":1,"receiptState":"consumed","encryptedReceipt":false,"effectState":"admitted","epoch":1,"calls":0}

[90mstdout[2m | src/pi-durable-models.test.ts[2m > [22m[2ma rewound live claim cannot acknowledge consumption again, encrypted=false
[22m[39m[007-model-claim-snapshot] {"name":"rewound","encrypted":false,"claimed":0,"receiptState":"consumed","encryptedReceipt":false,"effectState":"admitted","epoch":1,"calls":0}

[90mstdout[2m | src/pi-durable-models.test.ts[2m > [22m[2mclaim denies authority during held task, encrypted=false
[22m[39m[007-model-claim-snapshot] {"name":"task-authority","encrypted":false,"claimed":0,"receiptState":"reserved","encryptedReceipt":false,"effectState":"admitted","epoch":1,"calls":0}

[90mstdout[2m | src/pi-durable-models.test.ts[2m > [22m[2mclaim denies authority during held task, encrypted=false
[22m[39m[007-model-claim-snapshot] {"name":"task-authority","encrypted":false,"claimed":1,"receiptState":"consumed","encryptedReceipt":false,"effectState":"admitted","epoch":1,"calls":0}

[90mstdout[2m | src/pi-durable-models.test.ts[2m > [22m[2mclaim denies Stop during held task, encrypted=false
[22m[39m[007-model-claim-snapshot] {"name":"task-Stop","encrypted":false,"claimed":0,"receiptState":"reserved","encryptedReceipt":false,"effectState":"admitted","epoch":1,"calls":0}

[90mstdout[2m | src/pi-durable-models.test.ts[2m > [22m[2mclaim denies Stop during held task, encrypted=false
[22m[39m[007-model-claim-snapshot] {"name":"task-Stop","encrypted":false,"claimed":0,"receiptState":"reserved","encryptedReceipt":false,"effectState":"admitted","epoch":2,"calls":0}

[90mstdout[2m | src/pi-durable-models.test.ts[2m > [22m[2mclaim denies authority during held flush, encrypted=false
[22m[39m[007-model-claim-snapshot] {"name":"flush-authority","encrypted":false,"claimed":1,"receiptState":"consumed","encryptedReceipt":false,"effectState":"admitted","epoch":1,"calls":0}

[90mstdout[2m | src/pi-durable-models.test.ts[2m > [22m[2mclaim denies authority during held flush, encrypted=false
[22m[39m[007-model-claim-snapshot] {"name":"flush-authority","encrypted":false,"claimed":1,"receiptState":"consumed","encryptedReceipt":false,"effectState":"admitted","epoch":1,"calls":0}

[90mstdout[2m | src/pi-durable-models.test.ts[2m > [22m[2mclaim denies Stop during held flush, encrypted=false
[22m[39m[007-model-claim-snapshot] {"name":"flush-Stop","encrypted":false,"claimed":1,"receiptState":"consumed","encryptedReceipt":false,"effectState":"admitted","epoch":1,"calls":0}

[90mstdout[2m | src/pi-durable-models.test.ts[2m > [22m[2mclaim denies Stop during held flush, encrypted=false
[22m[39m[007-model-claim-snapshot] {"name":"flush-Stop","encrypted":false,"claimed":1,"receiptState":"consumed","encryptedReceipt":false,"effectState":"admitted","epoch":3,"calls":0}

[90mstdout[2m | src/pi-durable-host.test.ts[2m > [22m[2mGuarded local host with real DO SQLite[2m > [22m[2mactually closes with request authority read 1 still pending
[22m[39m[002-authority-close] {"phase":"request","blockedRead":1,"id":"28d19805-60fa-4d3d-b9ae-144e1d5e0400","generation":1,"started":1791527018485,"yield_at":1791527019485,"end_at":1791527020485,"state":"active","closedAt":1791527018609,"preparationPending":true}

[90mstdout[2m | src/pi-durable-models.test.ts[2m > [22m[2mconcurrent exact claims reserve only once, encrypted=false
[22m[39m[007-model-claim-snapshot] {"name":"concurrent","encrypted":false,"claimed":1,"receiptState":"consumed","encryptedReceipt":false,"effectState":"admitted","epoch":1,"calls":0}

 [32m✓[39m src/pi-durable-history.test.ts [2m([22m[2m26 tests[22m[2m)[22m[33m 2856[2mms[22m[39m
   [33m[2m✓[22m[39m exact bounded encrypted history[2m > [22mreopens a compacted conversation with completed tools and queued followup and sends the exact next prepared provider request [33m 379[2mms[22m[39m
[90mstdout[2m | src/pi-durable-host.test.ts[2m > [22m[2mGuarded local host with real DO SQLite[2m > [22m[2mactually closes with request authority read 2 still pending
[22m[39m[002-authority-close] {"phase":"request","blockedRead":2,"id":"3ff84b25-c427-4691-8614-6a6dc7f16929","generation":1,"started":1791527018738,"yield_at":1791527019738,"end_at":1791527020738,"state":"active","closedAt":1791527018863,"preparationPending":true}

[90mstdout[2m | src/pi-durable-models.test.ts[2m > [22m[2mactual joined close cancels a held claim flush without refund, encrypted=false
[22m[39m[007-model-claim-close] {"encrypted":false,"elapsedMs":20}

[90mstdout[2m | src/pi-durable-models.test.ts[2m > [22m[2mactual joined close cancels a held claim flush without refund, encrypted=false
[22m[39m[007-model-claim-snapshot] {"name":"close-held-flush","encrypted":false,"claimed":1,"receiptState":"consumed","encryptedReceipt":false,"effectState":"admitted","epoch":2,"calls":0}

[90mstdout[2m | src/pi-durable-models.test.ts[2m > [22m[2mactual joined close cancels a held claim flush without refund, encrypted=false
[22m[39m[007-model-claim-snapshot] {"name":"close-held-flush","encrypted":false,"claimed":1,"receiptState":"consumed","encryptedReceipt":false,"effectState":"admitted","epoch":2,"calls":0}

[90mstdout[2m | src/pi-durable-host.test.ts[2m > [22m[2mGuarded local host with real DO SQLite[2m > [22m[2mactually closes with tool authority read 1 still pending
[22m[39m[002-authority-close] {"phase":"tool","blockedRead":1,"id":"9907303c-a581-4450-92a9-6c909478e012","generation":1,"started":1791527018983,"yield_at":1791527019983,"end_at":1791527020983,"state":"active","closedAt":1791527019135,"preparationPending":true}

[90mstdout[2m | src/pi-durable-models.test.ts[2m > [22m[2mlost claim acknowledgment retains consumption across two reopens, encrypted=false
[22m[39m[007-model-claim-snapshot] {"name":"lost-ack","encrypted":false,"claimed":1,"receiptState":"consumed","encryptedReceipt":false,"effectState":"admitted","epoch":2,"calls":0}

[90mstdout[2m | src/pi-durable-models.test.ts[2m > [22m[2mlost claim acknowledgment retains consumption across two reopens, encrypted=false
[22m[39m[007-model-claim-snapshot] {"name":"lost-ack","encrypted":false,"claimed":1,"receiptState":"consumed","encryptedReceipt":false,"effectState":"admitted","epoch":2,"calls":0}

[90mstdout[2m | src/pi-durable-models.test.ts[2m > [22m[2mlost claim acknowledgment retains consumption across two reopens, encrypted=false
[22m[39m[007-model-claim-snapshot] {"name":"lost-ack","encrypted":false,"claimed":1,"receiptState":"consumed","encryptedReceipt":false,"effectState":"admitted","epoch":2,"calls":0}

[90mstdout[2m | src/pi-durable-host.test.ts[2m > [22m[2mGuarded local host with real DO SQLite[2m > [22m[2mactually closes with tool authority read 2 still pending
[22m[39m[002-authority-close] {"phase":"tool","blockedRead":2,"id":"0da3cf52-9499-48c6-84de-89ab8e5c08b0","generation":1,"started":1791527019248,"yield_at":1791527020248,"end_at":1791527021248,"state":"active","closedAt":1791527019416,"preparationPending":true}

[90mstdout[2m | src/pi-durable-models.test.ts[2m > [22m[2man older reserved receipt cannot refund an uncertain effect across reopens, encrypted=false
[22m[39m[007-model-claim-snapshot] {"name":"reserved-rollback","encrypted":false,"claimed":1,"receiptState":"consumed","encryptedReceipt":false,"effectState":"admitted","epoch":1,"calls":0}

[90mstdout[2m | src/pi-durable-models.test.ts[2m > [22m[2man older reserved receipt cannot refund an uncertain effect across reopens, encrypted=false
[22m[39m[007-model-claim-snapshot] {"name":"reserved-rollback","encrypted":false,"claimed":0,"receiptState":"reserved","encryptedReceipt":false,"effectState":"admitted","epoch":2,"calls":0}

[90mstdout[2m | src/pi-durable-models.test.ts[2m > [22m[2man older reserved receipt cannot refund an uncertain effect across reopens, encrypted=false
[22m[39m[007-model-claim-snapshot] {"name":"reserved-rollback","encrypted":false,"claimed":0,"receiptState":"reserved","encryptedReceipt":false,"effectState":"admitted","epoch":2,"calls":0}

[90mstdout[2m | src/pi-durable-models.test.ts[2m > [22m[2mdispatch digest substitution denies before consumption, encrypted=false
[22m[39m[007-model-claim-snapshot] {"name":"digest-substitution","encrypted":false,"claimed":0,"receiptState":"reserved","encryptedReceipt":false,"effectState":"admitted","epoch":2,"calls":0}

[90mstdout[2m | src/pi-durable-models.test.ts[2m > [22m[2mheld product callback denies changed host authority {"current":false}, encrypted=true
[22m[39m[007-model-claim-snapshot] {"name":"product-{\"current\":false}","encrypted":true,"claimed":1,"receiptState":"consumed","encryptedReceipt":true,"effectState":"admitted","epoch":1,"calls":0}

[90mstdout[2m | src/pi-durable-models.test.ts[2m > [22m[2mheld product callback denies changed host authority {"executor":2}, encrypted=true
[22m[39m[007-model-claim-snapshot] {"name":"product-{\"executor\":2}","encrypted":true,"claimed":1,"receiptState":"consumed","encryptedReceipt":true,"effectState":"admitted","epoch":1,"calls":0}

[90mstdout[2m | src/pi-durable-models.test.ts[2m > [22m[2mheld product callback denies changed host authority {"generation":2}, encrypted=true
[22m[39m[007-model-claim-snapshot] {"name":"product-{\"generation\":2}","encrypted":true,"claimed":1,"receiptState":"consumed","encryptedReceipt":true,"effectState":"admitted","epoch":1,"calls":0}

 [32m✓[39m src/pi-durable-storage.test.ts [2m([22m[2m41 tests[22m[2m)[22m[33m 6554[2mms[22m[39m
   [33m[2m✓[22m[39m encrypted DO SQLite[2m > [22mstreams long document tails across root replacement deltas [33m 2344[2mms[22m[39m
   [33m[2m✓[22m[39m encrypted storage transactions and integrity[2m > [22mrejects each compatibility field and a keyring that lacks the historical key [33m 349[2mms[22m[39m
   [33m[2m✓[22m[39m authenticated durable counters[2m > [22mrejects malformed, negative, noncanonical, and unsafe counter values [33m 590[2mms[22m[39m
[90mstdout[2m | src/pi-durable-models.test.ts[2m > [22m[2ma rewound live claim cannot acknowledge consumption again, encrypted=true
[22m[39m[007-model-claim-snapshot] {"name":"rewound","encrypted":true,"claimed":0,"receiptState":"consumed","encryptedReceipt":true,"effectState":"admitted","epoch":1,"calls":0}

[90mstdout[2m | src/pi-durable-models.test.ts[2m > [22m[2mclaim denies authority during held task, encrypted=true
[22m[39m[007-model-claim-snapshot] {"name":"task-authority","encrypted":true,"claimed":0,"receiptState":"reserved","encryptedReceipt":true,"effectState":"admitted","epoch":1,"calls":0}

[90mstdout[2m | src/pi-durable-models.test.ts[2m > [22m[2mclaim denies authority during held task, encrypted=true
[22m[39m[007-model-claim-snapshot] {"name":"task-authority","encrypted":true,"claimed":1,"receiptState":"consumed","encryptedReceipt":true,"effectState":"admitted","epoch":1,"calls":0}

[90mstdout[2m | src/pi-durable-models.test.ts[2m > [22m[2mclaim denies Stop during held task, encrypted=true
[22m[39m[007-model-claim-snapshot] {"name":"task-Stop","encrypted":true,"claimed":0,"receiptState":"reserved","encryptedReceipt":true,"effectState":"admitted","epoch":1,"calls":0}

[90mstdout[2m | src/pi-durable-models.test.ts[2m > [22m[2mclaim denies Stop during held task, encrypted=true
[22m[39m[007-model-claim-snapshot] {"name":"task-Stop","encrypted":true,"claimed":0,"receiptState":"reserved","encryptedReceipt":true,"effectState":"admitted","epoch":2,"calls":0}

[90mstdout[2m | src/pi-durable-models.test.ts[2m > [22m[2mclaim denies authority during held flush, encrypted=true
[22m[39m[007-model-claim-snapshot] {"name":"flush-authority","encrypted":true,"claimed":1,"receiptState":"consumed","encryptedReceipt":true,"effectState":"admitted","epoch":1,"calls":0}

[90mstdout[2m | src/pi-durable-models.test.ts[2m > [22m[2mclaim denies authority during held flush, encrypted=true
[22m[39m[007-model-claim-snapshot] {"name":"flush-authority","encrypted":true,"claimed":1,"receiptState":"consumed","encryptedReceipt":true,"effectState":"admitted","epoch":1,"calls":0}

[90mstdout[2m | src/pi-durable-models.test.ts[2m > [22m[2mclaim denies Stop during held flush, encrypted=true
[22m[39m[007-model-claim-snapshot] {"name":"flush-Stop","encrypted":true,"claimed":1,"receiptState":"consumed","encryptedReceipt":true,"effectState":"admitted","epoch":1,"calls":0}

[90mstdout[2m | src/pi-durable-models.test.ts[2m > [22m[2mclaim denies Stop during held flush, encrypted=true
[22m[39m[007-model-claim-snapshot] {"name":"flush-Stop","encrypted":true,"claimed":1,"receiptState":"consumed","encryptedReceipt":true,"effectState":"admitted","epoch":3,"calls":0}

[90mstdout[2m | src/pi-durable-models.test.ts[2m > [22m[2mconcurrent exact claims reserve only once, encrypted=true
[22m[39m[007-model-claim-snapshot] {"name":"concurrent","encrypted":true,"claimed":1,"receiptState":"consumed","encryptedReceipt":true,"effectState":"admitted","epoch":1,"calls":0}

[90mstdout[2m | src/pi-durable-models.test.ts[2m > [22m[2mactual joined close cancels a held claim flush without refund, encrypted=true
[22m[39m[007-model-claim-close] {"encrypted":true,"elapsedMs":19}

[90mstdout[2m | src/pi-durable-models.test.ts[2m > [22m[2mactual joined close cancels a held claim flush without refund, encrypted=true
[22m[39m[007-model-claim-snapshot] {"name":"close-held-flush","encrypted":true,"claimed":1,"receiptState":"consumed","encryptedReceipt":true,"effectState":"admitted","epoch":2,"calls":0}

[90mstdout[2m | src/pi-durable-models.test.ts[2m > [22m[2mactual joined close cancels a held claim flush without refund, encrypted=true
[22m[39m[007-model-claim-snapshot] {"name":"close-held-flush","encrypted":true,"claimed":1,"receiptState":"consumed","encryptedReceipt":true,"effectState":"admitted","epoch":2,"calls":0}

[90mstdout[2m | src/pi-durable-models.test.ts[2m > [22m[2mlost claim acknowledgment retains consumption across two reopens, encrypted=true
[22m[39m[007-model-claim-snapshot] {"name":"lost-ack","encrypted":true,"claimed":1,"receiptState":"consumed","encryptedReceipt":true,"effectState":"admitted","epoch":2,"calls":0}

[90mstdout[2m | src/pi-durable-models.test.ts[2m > [22m[2mlost claim acknowledgment retains consumption across two reopens, encrypted=true
[22m[39m[007-model-claim-snapshot] {"name":"lost-ack","encrypted":true,"claimed":1,"receiptState":"consumed","encryptedReceipt":true,"effectState":"admitted","epoch":2,"calls":0}

[90mstdout[2m | src/pi-durable-models.test.ts[2m > [22m[2mlost claim acknowledgment retains consumption across two reopens, encrypted=true
[22m[39m[007-model-claim-snapshot] {"name":"lost-ack","encrypted":true,"claimed":1,"receiptState":"consumed","encryptedReceipt":true,"effectState":"admitted","epoch":2,"calls":0}

[90mstdout[2m | src/pi-durable-models.test.ts[2m > [22m[2man older reserved receipt cannot refund an uncertain effect across reopens, encrypted=true
[22m[39m[007-model-claim-snapshot] {"name":"reserved-rollback","encrypted":true,"claimed":1,"receiptState":"consumed","encryptedReceipt":true,"effectState":"admitted","epoch":1,"calls":0}

[90mstdout[2m | src/pi-durable-models.test.ts[2m > [22m[2man older reserved receipt cannot refund an uncertain effect across reopens, encrypted=true
[22m[39m[007-model-claim-snapshot] {"name":"reserved-rollback","encrypted":true,"claimed":0,"receiptState":"reserved","encryptedReceipt":true,"effectState":"admitted","epoch":2,"calls":0}

[90mstdout[2m | src/pi-durable-models.test.ts[2m > [22m[2man older reserved receipt cannot refund an uncertain effect across reopens, encrypted=true
[22m[39m[007-model-claim-snapshot] {"name":"reserved-rollback","encrypted":true,"claimed":0,"receiptState":"reserved","encryptedReceipt":true,"effectState":"admitted","epoch":2,"calls":0}

[90mstdout[2m | src/pi-durable-models.test.ts[2m > [22m[2mdispatch digest substitution denies before consumption, encrypted=true
[22m[39m[007-model-claim-snapshot] {"name":"digest-substitution","encrypted":true,"claimed":0,"receiptState":"reserved","encryptedReceipt":true,"effectState":"admitted","epoch":2,"calls":0}

[90mstdout[2m | src/pi-durable-models.test.ts[2m > [22m[2mprivate Worker RPC carries the live exact claim and admits one start, encrypted=false
[22m[39m[007-model-claim-snapshot] {"name":"rpc-admit","encrypted":false,"claimed":1,"receiptState":"consumed","encryptedReceipt":false,"effectState":"admitted","epoch":1,"calls":1}

[90mstdout[2m | src/pi-durable-models.test.ts[2m > [22m[2mreal epoch-first Stop wins before a private RPC acknowledgment, encrypted=false
[22m[39m[007-model-claim-snapshot] {"name":"rpc-stop-first","encrypted":false,"claimed":1,"receiptState":"consumed","encryptedReceipt":false,"effectState":"admitted","epoch":3,"calls":0}

[90mstdout[2m | src/pi-durable-models.test.ts[2m > [22m[2mStop after a private RPC acknowledgment retains the admitted start, encrypted=false
[22m[39m[007-model-claim-snapshot] {"name":"rpc-stop-after","encrypted":false,"claimed":1,"receiptState":"consumed","encryptedReceipt":false,"effectState":"admitted","epoch":2,"calls":1}

[90mstdout[2m | src/pi-durable-models.test.ts[2m > [22m[2mprivate RPC rejects foreign owned context and a JSON-only association, encrypted=false
[22m[39m[007-model-claim-snapshot] {"name":"rpc-foreign","encrypted":false,"claimed":0,"receiptState":"reserved","encryptedReceipt":false,"effectState":"admitted","epoch":1,"calls":0}

[90mstdout[2m | src/pi-durable-models.test.ts[2m > [22m[2mprivate Worker RPC carries the live exact claim and admits one start, encrypted=true
[22m[39m[007-model-claim-snapshot] {"name":"rpc-admit","encrypted":true,"claimed":1,"receiptState":"consumed","encryptedReceipt":true,"effectState":"admitted","epoch":1,"calls":1}

[90mstdout[2m | src/pi-durable-models.test.ts[2m > [22m[2mreal epoch-first Stop wins before a private RPC acknowledgment, encrypted=true
[22m[39m[007-model-claim-snapshot] {"name":"rpc-stop-first","encrypted":true,"claimed":1,"receiptState":"consumed","encryptedReceipt":true,"effectState":"admitted","epoch":3,"calls":0}

[90mstdout[2m | src/pi-durable-models.test.ts[2m > [22m[2mStop after a private RPC acknowledgment retains the admitted start, encrypted=true
[22m[39m[007-model-claim-snapshot] {"name":"rpc-stop-after","encrypted":true,"claimed":1,"receiptState":"consumed","encryptedReceipt":true,"effectState":"admitted","epoch":2,"calls":1}

[90mstdout[2m | src/pi-durable-models.test.ts[2m > [22m[2mprivate RPC rejects foreign owned context and a JSON-only association, encrypted=true
[22m[39m[007-model-claim-snapshot] {"name":"rpc-foreign","encrypted":true,"claimed":0,"receiptState":"reserved","encryptedReceipt":true,"effectState":"admitted","epoch":1,"calls":0}

 [32m✓[39m src/pi-durable-models.test.ts [2m([22m[2m50 tests[22m[2m)[22m[33m 12144[2mms[22m[39m
   [33m[2m✓[22m[39m held product callback denies changed host authority {"current":false}, encrypted=false [33m 337[2mms[22m[39m
   [33m[2m✓[22m[39m held product callback denies changed host authority {"generation":2}, encrypted=false [33m 310[2mms[22m[39m
   [33m[2m✓[22m[39m claim denies Stop during held task, encrypted=false [33m 318[2mms[22m[39m
   [33m[2m✓[22m[39m claim denies Stop during held flush, encrypted=false [33m 307[2mms[22m[39m
   [33m[2m✓[22m[39m concurrent exact claims reserve only once, encrypted=false [33m 301[2mms[22m[39m
   [33m[2m✓[22m[39m lost claim acknowledgment retains consumption across two reopens, encrypted=false [33m 325[2mms[22m[39m
   [33m[2m✓[22m[39m an older reserved receipt cannot refund an uncertain effect across reopens, encrypted=false [33m 315[2mms[22m[39m
   [33m[2m✓[22m[39m private Worker RPC carries the live exact claim and admits one start, encrypted=false [33m 311[2mms[22m[39m
[90mstdout[2m | src/pi-durable-host.test.ts[2m > [22m[2mGuarded local host with real DO SQLite[2m > [22m[2mcombines wall-clock yield and native alarms with joined event resources
[22m[39m[002-native-close] {"id":"58a47c36-0266-4067-8a31-4e11d2b7853e","generation":1,"started":1791527027117,"yield_at":1791527028117,"end_at":1791527029117,"state":"active","closedAt":1791527028133,"remotePending":true}

 [32m✓[39m src/pi-durable-host.test.ts [2m([22m[2m55 tests[22m[2m)[22m[33m 20185[2mms[22m[39m
   [33m[2m✓[22m[39m Guarded local host with real DO SQLite[2m > [22mfences tool, accounts actual close, retains effects across two passive reopens [33m 313[2mms[22m[39m
   [33m[2m✓[22m[39m Guarded local host with real DO SQLite[2m > [22mdenies effects after result persistence fails, continuing unavailability=false [33m 435[2mms[22m[39m
   [33m[2m✓[22m[39m Guarded local host with real DO SQLite[2m > [22mdenies effects after result persistence fails, continuing unavailability=true [33m 410[2mms[22m[39m
   [33m[2m✓[22m[39m Guarded local host with real DO SQLite[2m > [22mblocks recovery across two reopens after safety-result-missing [33m 519[2mms[22m[39m
   [33m[2m✓[22m[39m Guarded local host with real DO SQLite[2m > [22mblocks recovery across two reopens after pi-result-missing [33m 539[2mms[22m[39m
   [33m[2m✓[22m[39m Guarded local host with real DO SQLite[2m > [22mencrypted adapter blocks recovery across two reopens after safety-result-missing [33m 389[2mms[22m[39m
   [33m[2m✓[22m[39m Guarded local host with real DO SQLite[2m > [22mencrypted adapter blocks recovery across two reopens after pi-result-missing [33m 370[2mms[22m[39m
   [33m[2m✓[22m[39m Guarded local host with real DO SQLite[2m > [22mrechecks tool admission after fresh authority changes to revoked [33m 396[2mms[22m[39m
   [33m[2m✓[22m[39m Guarded local host with real DO SQLite[2m > [22mrechecks tool admission after fresh authority changes to generation [33m 366[2mms[22m[39m
   [33m[2m✓[22m[39m Guarded local host with real DO SQLite[2m > [22mrechecks tool admission after fresh authority changes to executor [33m 366[2mms[22m[39m
   [33m[2m✓[22m[39m Guarded local host with real DO SQLite[2m > [22mrechecks tool admission after fresh authority changes to capacity [33m 360[2mms[22m[39m
   [33m[2m✓[22m[39m Guarded local host with real DO SQLite[2m > [22mconsumes a safety result only after Pi's public terminal tool receipt [33m 377[2mms[22m[39m
   [33m[2m✓[22m[39m Guarded local host with real DO SQLite[2m > [22mretains a live unknown shell while real Pi recovery and subsequent requests deny effects across two reopens [33m 450[2mms[22m[39m
   [33m[2m✓[22m[39m Guarded local host with real DO SQLite[2m > [22mcloses the real built-in retry sleep and allocates one new budget only after accounted close [33m 317[2mms[22m[39m
   [33m[2m✓[22m[39m Guarded local host with real DO SQLite[2m > [22mautomatic yield awaits actual close before the absolute 2000 ms end deadline [33m 1116[2mms[22m[39m
   [33m[2m✓[22m[39m Guarded local host with real DO SQLite[2m > [22mcombines wall-clock yield and native alarms with joined event resources [33m 1159[2mms[22m[39m
   [33m[2m✓[22m[39m Guarded local host with real DO SQLite[2m > [22malarm-reactivates real Pi retry on the same surviving DO without retire [33m 1966[2mms[22m[39m
   [33m[2m✓[22m[39m Guarded local host with real DO SQLite[2m > [22malarm-reconciles unknown tool on the same surviving DO without retire [33m 318[2mms[22m[39m
   [33m[2m✓[22m[39m Guarded local host with real DO SQLite[2m > [22mactivates passively and repairs retained intent without reattaching a host [33m 348[2mms[22m[39m
   [33m[2m✓[22m[39m Guarded local host with real DO SQLite[2m > [22mdenies adversarial generation before dispatch [33m 334[2mms[22m[39m
   [33m[2m✓[22m[39m Guarded local host with real DO SQLite[2m > [22mdenies adversarial executor before dispatch [33m 339[2mms[22m[39m
   [33m[2m✓[22m[39m Guarded local host with real DO SQLite[2m > [22mdenies adversarial capacity before dispatch [33m 1692[2mms[22m[39m
   [33m[2m✓[22m[39m Guarded local host with real DO SQLite[2m > [22mnever abandons actual close when a public Storage cleanup fault overruns its deadline [33m 482[2mms[22m[39m
 [32m✓[39m src/pi-durable-effects.test.ts [2m([22m[2m62 tests[22m[2m)[22m[33m 28537[2mms[22m[39m
   [33m[2m✓[22m[39m identical durable result delivery is idempotent [33m 372[2mms[22m[39m
   [33m[2m✓[22m[39m actual Pi unsafe recovery attempts the next tool and model but neither dispatches through two reopens [33m 643[2mms[22m[39m
   [33m[2m✓[22m[39m completed synthetic mutations and follow-up membership survive reopen without repetition [33m 801[2mms[22m[39m
   [33m[2m✓[22m[39m conflicting result persists review block across reopen and new command [33m 336[2mms[22m[39m
   [33m[2m✓[22m[39m healthy later writes cannot clear a storage barrier but current trusted reconciliation can account for an undispatched admission [33m 435[2mms[22m[39m
   [33m[2m✓[22m[39m actual generation and unsafe tool persist structured exact membership before dispatch [33m 480[2mms[22m[39m
   [33m[2m✓[22m[39m lost shell result commit denies actual tool/model callbacks across two SQLite reopens, unavailable=false [33m 647[2mms[22m[39m
   [33m[2m✓[22m[39m lost shell result commit denies actual tool/model callbacks across two SQLite reopens, unavailable=true [33m 606[2mms[22m[39m
   [33m[2m✓[22m[39m unavailable failure marker is unnecessary for reopen denial from durable admitted shell [33m 509[2mms[22m[39m
   [33m[2m✓[22m[39m safety result before failed Pi commit is not original successful tool receipt [33m 515[2mms[22m[39m
   [33m[2m✓[22m[39m shell-replay is denied on actual registered tool before executor I/O [33m 453[2mms[22m[39m
   [33m[2m✓[22m[39m implicit-read is denied on actual registered tool before executor I/O [33m 453[2mms[22m[39m
   [33m[2m✓[22m[39m unsupported-write is denied on actual registered tool before executor I/O [33m 449[2mms[22m[39m
   [33m[2m✓[22m[39m read repeats are explicit new observations on distinct original calls, never replay of an unresolved call [33m 558[2mms[22m[39m
   [33m[2m✓[22m[39m uncooperative shell Stop is stopping, cancellation receipt is not termination [33m 386[2mms[22m[39m
   [33m[2m✓[22m[39m delayed old-run Stop never cancels later run or revives terminal completion [33m 416[2mms[22m[39m
   [33m[2m✓[22m[39m public committed retry evidence authorizes a separate summary attempt without reopening or guessing current task [33m 721[2mms[22m[39m
   [33m[2m✓[22m[39m known completed summary error retries after reopen with retained logical request and separately recorded spending [33m 517[2mms[22m[39m
   [33m[2m✓[22m[39m validated first summary preparation survives close without admitting an effect [33m 398[2mms[22m[39m
   [33m[2m✓[22m[39m missing first summary association after close denies the sole retained producer [33m 379[2mms[22m[39m
   [33m[2m✓[22m[39m corrupt first summary association after close denies the sole retained producer [33m 390[2mms[22m[39m
   [33m[2m✓[22m[39m selection handoff interrupted before Pi summarize commit remains exact or fails closed [33m 422[2mms[22m[39m
   [33m[2m✓[22m[39m selection handoff interrupted after Pi summarize commit remains exact or fails closed [33m 349[2mms[22m[39m
   [33m[2m✓[22m[39m stale epoch after validated summary preparation cannot admit an effect [33m 303[2mms[22m[39m
   [33m[2m✓[22m[39m owned blocking compaction excludes its actual waiting generation parent and preserves command membership [33m 481[2mms[22m[39m
   [33m[2m✓[22m[39m mixed actual generation and compaction producers deny both under one lane [33m 362[2mms[22m[39m
   [33m[2m✓[22m[39m unknown admitted summary blocks actual recovered requests through two SQLite reopens [33m 459[2mms[22m[39m
   [33m[2m✓[22m[39m mapping during summary preparation denies actual dispatch [33m 310[2mms[22m[39m
   [33m[2m✓[22m[39m competition during summary preparation denies actual dispatch [33m 343[2mms[22m[39m
   [33m[2m✓[22m[39m normal compaction establishes hook-bound tuple and preserves completed summary across reopen [33m 368[2mms[22m[39m
   [33m[2m✓[22m[39m correction: native settled no-work alarms consume serviced reconciliation without past rearm [33m 4672[2mms[22m[39m
   [33m[2m✓[22m[39m correction: known final compaction error settles original run, retryable=false [33m 342[2mms[22m[39m
   [33m[2m✓[22m[39m correction: known final compaction error settles original run, retryable=true [33m 697[2mms[22m[39m
   [33m[2m✓[22m[39m correction: actual tool/manual-summary race reserves at most one operation and dispatch [33m 526[2mms[22m[39m
   [33m[2m✓[22m[39m correction: fixed recovery expiry is enforced after held preparation [33m 416[2mms[22m[39m
   [33m[2m✓[22m[39m correction: response-only recovery expiry rejects result before Pi consumes it [33m 439[2mms[22m[39m
   [33m[2m✓[22m[39m correction: trusted abrupt takeover fixes recovery from the prior durable bound [33m 345[2mms[22m[39m
   [33m[2m✓[22m[39m encrypted validated summary preparation reopens with exact ciphertext provenance and no prior admission [33m 312[2mms[22m[39m
   [33m[2m✓[22m[39m encrypted L1: guarded model and tool settle without a false integrity failure [33m 341[2mms[22m[39m
   [33m[2m✓[22m[39m encrypted L1: compaction, retry, and follow-up keep distinct IDs and context order [33m 848[2mms[22m[39m
   [33m[2m✓[22m[39m encrypted L1: stale Stop does not cancel a later completed run [33m 303[2mms[22m[39m
   [33m[2m✓[22m[39m encrypted L1: result loss and Pi commit loss both block two reopens [33m 520[2mms[22m[39m
   [33m[2m✓[22m[39m encrypted L1: retry seal failure fences before close and survives both orders [33m 503[2mms[22m[39m
[90mstdout[2m | src/pi-durable-summary.test.ts[2m > [22m[2mconfiguration authority wait joins close by admitted deadline, external cancellation=false, encrypted=false
[22m[39m007 configuration-close advisor probe {"encrypted":false,"externallyCanceled":false,"invocation":{"id":"a08eb375-2d06-4cef-81ef-49d687b7ce0b","started":1791527112632,"yield_at":1791527122632,"end_at":1791527123632},"observedAt":1791527123684,"elapsedMs":1052,"configuration":{"state":"failed","at":1791527122632,"error":"The operation was aborted"},"close":{"state":"complete","at":1791527122642},"remoteSettled":false,"joinedConfiguration":{"state":"failed","at":1791527122632,"error":"The operation was aborted"},"joinedClose":{"state":"complete","at":1791527122642}}

[90mstdout[2m | src/pi-durable-summary.test.ts[2m > [22m[2mconfiguration authority wait joins close by admitted deadline, external cancellation=true, encrypted=false
[22m[39m007 configuration-close advisor probe {"encrypted":false,"externallyCanceled":true,"invocation":{"id":"af83851d-92a8-45d6-8209-24fec34f21c0","started":1791527113830,"yield_at":1791527123830,"end_at":1791527124830},"observedAt":1791527124881,"elapsedMs":1051,"configuration":{"state":"failed","at":1791527123831,"error":"The operation was aborted"},"close":{"state":"complete","at":1791527123841},"remoteSettled":false,"joinedConfiguration":{"state":"failed","at":1791527123831,"error":"The operation was aborted"},"joinedClose":{"state":"complete","at":1791527123841}}

[90mstdout[2m | src/pi-durable-summary.test.ts[2m > [22m[2mconfiguration authority wait joins close by admitted deadline, external cancellation=false, encrypted=true
[22m[39m007 configuration-close advisor probe {"encrypted":true,"externallyCanceled":false,"invocation":{"id":"02d99ed9-c1d5-4914-8fba-fef5d635d321","started":1791527115025,"yield_at":1791527125025,"end_at":1791527126025},"observedAt":1791527126076,"elapsedMs":1051,"configuration":{"state":"failed","at":1791527125025,"error":"The operation was aborted"},"close":{"state":"complete","at":1791527125035},"remoteSettled":false,"joinedConfiguration":{"state":"failed","at":1791527125025,"error":"The operation was aborted"},"joinedClose":{"state":"complete","at":1791527125035}}

[90mstdout[2m | src/pi-durable-summary.test.ts[2m > [22m[2mconfiguration authority wait joins close by admitted deadline, external cancellation=true, encrypted=true
[22m[39m007 configuration-close advisor probe {"encrypted":true,"externallyCanceled":true,"invocation":{"id":"92dda3cf-fb11-4b86-a254-5f23e24a78a9","started":1791527116222,"yield_at":1791527126222,"end_at":1791527127222},"observedAt":1791527127274,"elapsedMs":1052,"configuration":{"state":"failed","at":1791527126222,"error":"The operation was aborted"},"close":{"state":"complete","at":1791527126233},"remoteSettled":false,"joinedConfiguration":{"state":"failed","at":1791527126222,"error":"The operation was aborted"},"joinedClose":{"state":"complete","at":1791527126233}}

 [32m✓[39m src/pi-durable-summary.test.ts [2m([22m[2m118 tests[22m[2m)[22m[33m 41444[2mms[22m[39m
   [33m[2m✓[22m[39m custom summary places a real manual Pi receipt, encrypted=false [33m 451[2mms[22m[39m
   [33m[2m✓[22m[39m custom summary places a real automatic Pi receipt, encrypted=false [33m 582[2mms[22m[39m
   [33m[2m✓[22m[39m recorded success survives close before hook return and is accounted once, encrypted=false [33m 476[2mms[22m[39m
   [33m[2m✓[22m[39m unknown admitted custom summary blocks two reopens without a second attempt, encrypted=false [33m 459[2mms[22m[39m
   [33m[2m✓[22m[39m custom preparation-write persistence failure fences every later effect, encrypted=false [33m 361[2mms[22m[39m
   [33m[2m✓[22m[39m custom preparation-flush persistence failure fences every later effect, encrypted=false [33m 369[2mms[22m[39m
   [33m[2m✓[22m[39m custom result persistence failure fences every later effect, encrypted=false [33m 393[2mms[22m[39m
   [33m[2m✓[22m[39m custom summary-result-write persistence failure fences every later effect, encrypted=false [33m 368[2mms[22m[39m
   [33m[2m✓[22m[39m custom summary-result-flush persistence failure fences every later effect, encrypted=false [33m 359[2mms[22m[39m
   [33m[2m✓[22m[39m custom summary places a real manual Pi receipt, encrypted=true [33m 338[2mms[22m[39m
   [33m[2m✓[22m[39m custom summary places a real automatic Pi receipt, encrypted=true [33m 432[2mms[22m[39m
   [33m[2m✓[22m[39m recorded success survives close before hook return and is accounted once, encrypted=true [33m 382[2mms[22m[39m
   [33m[2m✓[22m[39m unknown admitted custom summary blocks two reopens without a second attempt, encrypted=true [33m 348[2mms[22m[39m
   [33m[2m✓[22m[39m custom summary-result-write persistence failure fences every later effect, encrypted=true [33m 319[2mms[22m[39m
   [33m[2m✓[22m[39m known custom failure error/0 settles the run with one nonrefundable attempt, encrypted=false [33m 376[2mms[22m[39m
   [33m[2m✓[22m[39m known custom failure aborted/0 settles the run with one nonrefundable attempt, encrypted=false [33m 363[2mms[22m[39m
   [33m[2m✓[22m[39m known custom failure stop/1 settles the run with one nonrefundable attempt, encrypted=false [33m 350[2mms[22m[39m
   [33m[2m✓[22m[39m known custom failure toolUse/1 settles the run with one nonrefundable attempt, encrypted=false [33m 359[2mms[22m[39m
   [33m[2m✓[22m[39m known custom failure stop/1 settles the run with one nonrefundable attempt, encrypted=false [33m 359[2mms[22m[39m
   [33m[2m✓[22m[39m known custom failure error/0 settles the run with one nonrefundable attempt, encrypted=true [33m 304[2mms[22m[39m
   [33m[2m✓[22m[39m known custom failure stop/1 settles the run with one nonrefundable attempt, encrypted=true [33m 304[2mms[22m[39m
   [33m[2m✓[22m[39m known custom failure toolUse/1 settles the run with one nonrefundable attempt, encrypted=true [33m 301[2mms[22m[39m
   [33m[2m✓[22m[39m custom summary range after preparation dispatches nothing [33m 364[2mms[22m[39m
   [33m[2m✓[22m[39m custom summary policy after preparation dispatches nothing [33m 309[2mms[22m[39m
   [33m[2m✓[22m[39m custom summary epoch after preparation dispatches nothing [33m 316[2mms[22m[39m
   [33m[2m✓[22m[39m custom summary authority after preparation dispatches nothing [33m 311[2mms[22m[39m
   [33m[2m✓[22m[39m custom summary stop after preparation dispatches nothing [33m 354[2mms[22m[39m
   [33m[2m✓[22m[39m custom summary digest after preparation dispatches nothing [33m 339[2mms[22m[39m
   [33m[2m✓[22m[39m custom summary task after preparation dispatches nothing [33m 331[2mms[22m[39m
   [33m[2m✓[22m[39m custom summary conversation after preparation dispatches nothing [33m 306[2mms[22m[39m
   [33m[2m✓[22m[39m configuration at before custom preparation survives reopen, encrypted=false [33m 510[2mms[22m[39m
   [33m[2m✓[22m[39m configuration at after custom preparation survives reopen, encrypted=false [33m 529[2mms[22m[39m
   [33m[2m✓[22m[39m success at before actual Pi placement storage commit resumes without redispatch, encrypted=false [33m 392[2mms[22m[39m
   [33m[2m✓[22m[39m success at after actual Pi placement storage commit resumes without redispatch, encrypted=false [33m 388[2mms[22m[39m
   [33m[2m✓[22m[39m absent custom hook cannot dispatch stock fallback, encrypted=false [33m 313[2mms[22m[39m
   [33m[2m✓[22m[39m throwing custom hook cannot dispatch stock fallback, encrypted=false [33m 307[2mms[22m[39m
   [33m[2m✓[22m[39m custom response provider schema violation never places a summary, encrypted=false [33m 349[2mms[22m[39m
   [33m[2m✓[22m[39m custom response model schema violation never places a summary, encrypted=false [33m 365[2mms[22m[39m
   [33m[2m✓[22m[39m custom response usage schema violation never places a summary, encrypted=false [33m 352[2mms[22m[39m
   [33m[2m✓[22m[39m custom response timestamp schema violation never places a summary, encrypted=false [33m 325[2mms[22m[39m
   [33m[2m✓[22m[39m configuration at before custom preparation survives reopen, encrypted=true [33m 416[2mms[22m[39m
   [33m[2m✓[22m[39m configuration at after custom preparation survives reopen, encrypted=true [33m 1797[2mms[22m[39m
   [33m[2m✓[22m[39m success at before actual Pi placement storage commit resumes without redispatch, encrypted=true [33m 336[2mms[22m[39m
   [33m[2m✓[22m[39m transport interruption retains uncertainty with one reservation, encrypted=false [33m 319[2mms[22m[39m
   [33m[2m✓[22m[39m forced configuration-winning transition holds asynchronous preparation, encrypted=false [33m 597[2mms[22m[39m
   [33m[2m✓[22m[39m forced preparation-winning transition holds asynchronous preparation, encrypted=false [33m 639[2mms[22m[39m
   [33m[2m✓[22m[39m forced configuration-winning transition holds asynchronous preparation, encrypted=true [33m 556[2mms[22m[39m
   [33m[2m✓[22m[39m forced preparation-winning transition holds asynchronous preparation, encrypted=true [33m 418[2mms[22m[39m
   [33m[2m✓[22m[39m owning transition releases after cancel-configuration during asynchronous preparation, encrypted=false [33m 378[2mms[22m[39m
   [33m[2m✓[22m[39m owning transition releases after stop during asynchronous preparation, encrypted=false [33m 381[2mms[22m[39m
   [33m[2m✓[22m[39m owning transition releases after preparation-failure during asynchronous preparation, encrypted=false [33m 355[2mms[22m[39m
   [33m[2m✓[22m[39m owning transition releases after cancel-configuration during asynchronous preparation, encrypted=true [33m 334[2mms[22m[39m
   [33m[2m✓[22m[39m automatic waiting parent recovers at before-preparation, encrypted=false [33m 500[2mms[22m[39m
   [33m[2m✓[22m[39m automatic waiting parent recovers at prepared, encrypted=false [33m 368[2mms[22m[39m
   [33m[2m✓[22m[39m automatic waiting parent recovers at result, encrypted=false [33m 330[2mms[22m[39m
   [33m[2m✓[22m[39m automatic waiting parent recovers at before-placement, encrypted=false [33m 337[2mms[22m[39m
   [33m[2m✓[22m[39m automatic waiting parent recovers at after-placement, encrypted=false [33m 323[2mms[22m[39m
   [33m[2m✓[22m[39m automatic waiting parent recovers at before-preparation, encrypted=true [33m 319[2mms[22m[39m
   [33m[2m✓[22m[39m automatic waiting parent recovers at prepared, encrypted=true [33m 320[2mms[22m[39m
   [33m[2m✓[22m[39m automatic waiting parent recovers at result, encrypted=true [33m 318[2mms[22m[39m
   [33m[2m✓[22m[39m automatic waiting parent recovers at before-placement, encrypted=true [33m 316[2mms[22m[39m
   [33m[2m✓[22m[39m automatic waiting parent recovers at after-placement, encrypted=true [33m 305[2mms[22m[39m
   [33m[2m✓[22m[39m automatic waiting parent is fenced after epoch, encrypted=false [33m 309[2mms[22m[39m
   [33m[2m✓[22m[39m configuration authority wait joins close by admitted deadline, external cancellation=false, encrypted=false [33m 1193[2mms[22m[39m
   [33m[2m✓[22m[39m configuration authority wait joins close by admitted deadline, external cancellation=true, encrypted=false [33m 1199[2mms[22m[39m
   [33m[2m✓[22m[39m configuration authority wait joins close by admitted deadline, external cancellation=false, encrypted=true [33m 1192[2mms[22m[39m
   [33m[2m✓[22m[39m configuration authority wait joins close by admitted deadline, external cancellation=true, encrypted=true [33m 1186[2mms[22m[39m

[2m Test Files [22m [1m[32m12 passed[39m[22m[90m (12)[39m
[2m      Tests [22m [1m[32m387 passed[39m[22m[90m (387)[39m
[2m   Start at [22m 08:23:32
[2m   Duration [22m 43.92s[2m (transform 1.23s, setup 0ms, collect 10.59s, tests 114.97s, environment 1ms, prepare 3.79s)[22m

[vpw:debug] Shutting down runtimes...
[vpw:debug] Disposing remote proxy sessions...
