
[1m[46m RUN [49m[22m [36mv3.2.7 [39m[90m/home/ayan/ditto-execution/plan-007-recovery/apps/runtime[39m

[vpw:debug] Adding `enable_nodejs_tty_module` compatibility flag during tests as this feature is needed to support the Vitest runner.
[vpw:debug] Adding `enable_nodejs_fs_module` compatibility flag during tests as this feature is needed to support the Vitest runner.
[vpw:debug] Adding `enable_nodejs_http_modules` compatibility flag during tests as this feature is needed to support the Vitest runner.
[vpw:debug] Adding `enable_nodejs_perf_hooks_module` compatibility flag during tests as this feature is needed to support the Vitest runner.
[vpw:info] Starting isolated runtimes for vitest.config.ts...
[mf:warn] The latest compatibility date supported by the installed Cloudflare Workers Runtime is "2026-03-10",
but you've requested "2026-09-16". Falling back to "2026-03-10"...
 [32m✓[39m src/pi-durable-summary.test.ts [2m([22m[2m108 tests[22m[2m)[22m[33m 24632[2mms[22m[39m
   [33m[2m✓[22m[39m configuration at before custom preparation survives reopen, encrypted=false [33m 332[2mms[22m[39m
   [33m[2m✓[22m[39m configuration at after custom preparation survives reopen, encrypted=false [33m 311[2mms[22m[39m
   [33m[2m✓[22m[39m configuration at before custom preparation survives reopen, encrypted=true [33m 302[2mms[22m[39m
   [33m[2m✓[22m[39m forced configuration-winning transition holds asynchronous preparation, encrypted=false [33m 389[2mms[22m[39m
   [33m[2m✓[22m[39m forced preparation-winning transition holds asynchronous preparation, encrypted=false [33m 402[2mms[22m[39m
   [33m[2m✓[22m[39m forced configuration-winning transition holds asynchronous preparation, encrypted=true [33m 372[2mms[22m[39m
   [33m[2m✓[22m[39m forced preparation-winning transition holds asynchronous preparation, encrypted=true [33m 389[2mms[22m[39m
   [33m[2m✓[22m[39m automatic waiting parent recovers at before-preparation, encrypted=false [33m 323[2mms[22m[39m
   [33m[2m✓[22m[39m automatic waiting parent recovers at prepared, encrypted=false [33m 331[2mms[22m[39m
   [33m[2m✓[22m[39m automatic waiting parent recovers at result, encrypted=false [33m 322[2mms[22m[39m
   [33m[2m✓[22m[39m automatic waiting parent recovers at before-placement, encrypted=false [33m 329[2mms[22m[39m
   [33m[2m✓[22m[39m automatic waiting parent recovers at after-placement, encrypted=false [33m 308[2mms[22m[39m
   [33m[2m✓[22m[39m automatic waiting parent recovers at before-preparation, encrypted=true [33m 325[2mms[22m[39m
   [33m[2m✓[22m[39m automatic waiting parent recovers at prepared, encrypted=true [33m 324[2mms[22m[39m
   [33m[2m✓[22m[39m automatic waiting parent recovers at result, encrypted=true [33m 326[2mms[22m[39m
   [33m[2m✓[22m[39m automatic waiting parent recovers at before-placement, encrypted=true [33m 325[2mms[22m[39m
   [33m[2m✓[22m[39m automatic waiting parent recovers at after-placement, encrypted=true [33m 313[2mms[22m[39m
   [33m[2m✓[22m[39m automatic waiting parent is fenced after stop, encrypted=false [33m 304[2mms[22m[39m

[2m Test Files [22m [1m[32m1 passed[39m[22m[90m (1)[39m
[2m      Tests [22m [1m[32m108 passed[39m[22m[90m (108)[39m
[2m   Start at [22m 14:57:47
[2m   Duration [22m 26.01s[2m (transform 250ms, setup 0ms, collect 454ms, tests 24.63s, environment 1ms, prepare 97ms)[22m

[vpw:debug] Shutting down runtimes...
[vpw:debug] Disposing remote proxy sessions...
