
[1m[46m RUN [49m[22m [36mv3.2.7 [39m[90m/tmp/ditto-plan-007-3oi7vl/apps/runtime[39m

[vpw:debug] Adding `enable_nodejs_tty_module` compatibility flag during tests as this feature is needed to support the Vitest runner.
[vpw:debug] Adding `enable_nodejs_fs_module` compatibility flag during tests as this feature is needed to support the Vitest runner.
[vpw:debug] Adding `enable_nodejs_http_modules` compatibility flag during tests as this feature is needed to support the Vitest runner.
[vpw:debug] Adding `enable_nodejs_perf_hooks_module` compatibility flag during tests as this feature is needed to support the Vitest runner.
[vpw:info] Starting isolated runtimes for vitest.config.ts...
[mf:warn] The latest compatibility date supported by the installed Cloudflare Workers Runtime is "2026-03-10",
but you've requested "2026-09-16". Falling back to "2026-03-10"...
 [32m✓[39m src/pi-durable-summary.test.ts [2m([22m[2m69 tests[22m[2m)[22m[33m 15746[2mms[22m[39m
   [33m[2m✓[22m[39m custom summary places a real manual Pi receipt, encrypted=false [33m 369[2mms[22m[39m
   [33m[2m✓[22m[39m custom summary places a real automatic Pi receipt, encrypted=false [33m 406[2mms[22m[39m
   [33m[2m✓[22m[39m configuration at before custom preparation survives reopen, encrypted=false [33m 400[2mms[22m[39m
   [33m[2m✓[22m[39m configuration at after custom preparation survives reopen, encrypted=false [33m 359[2mms[22m[39m
   [33m[2m✓[22m[39m configuration at before custom preparation survives reopen, encrypted=true [33m 343[2mms[22m[39m
   [33m[2m✓[22m[39m configuration at after custom preparation survives reopen, encrypted=true [33m 330[2mms[22m[39m

[2m Test Files [22m [1m[32m1 passed[39m[22m[90m (1)[39m
[2m      Tests [22m [1m[32m69 passed[39m[22m[90m (69)[39m
[2m   Start at [22m 14:09:04
[2m   Duration [22m 18.03s[2m (transform 608ms, setup 0ms, collect 1.00s, tests 15.75s, environment 0ms, prepare 144ms)[22m

[vpw:debug] Shutting down runtimes...
[vpw:debug] Disposing remote proxy sessions...
