
[1m[46m RUN [49m[22m [36mv3.2.7 [39m[90m/home/ayan/ditto-execution/plan-007-recovery/apps/runtime[39m

[vpw:debug] Adding `enable_nodejs_tty_module` compatibility flag during tests as this feature is needed to support the Vitest runner.
[vpw:debug] Adding `enable_nodejs_fs_module` compatibility flag during tests as this feature is needed to support the Vitest runner.
[vpw:debug] Adding `enable_nodejs_http_modules` compatibility flag during tests as this feature is needed to support the Vitest runner.
[vpw:debug] Adding `enable_nodejs_perf_hooks_module` compatibility flag during tests as this feature is needed to support the Vitest runner.
[vpw:info] Starting isolated runtimes for vitest.config.ts...
[mf:warn] The latest compatibility date supported by the installed Cloudflare Workers Runtime is "2026-03-10",
but you've requested "2026-09-16". Falling back to "2026-03-10"...
[90mstdout[2m | src/pi-durable-models.test.ts[2m > [22m[2mactual joined close cancels a held claim flush without refund, encrypted=false
[22m[39m[007-model-claim-snapshot] {"name":"close-held-flush","encrypted":false,"claimed":1,"receiptState":"consumed","encryptedReceipt":false,"effectState":"admitted","epoch":2,"calls":0}

[90mstdout[2m | src/pi-durable-models.test.ts[2m > [22m[2mactual joined close cancels a held claim flush without refund, encrypted=false
[22m[39m[007-model-claim-snapshot] {"name":"close-held-flush","encrypted":false,"claimed":1,"receiptState":"consumed","encryptedReceipt":false,"effectState":"admitted","epoch":2,"calls":0}

[90mstdout[2m | src/pi-durable-models.test.ts[2m > [22m[2mactual joined close cancels a held claim flush without refund, encrypted=true
[22m[39m[007-model-claim-snapshot] {"name":"close-held-flush","encrypted":true,"claimed":1,"receiptState":"consumed","encryptedReceipt":true,"effectState":"admitted","epoch":2,"calls":0}

[90mstdout[2m | src/pi-durable-models.test.ts[2m > [22m[2mactual joined close cancels a held claim flush without refund, encrypted=true
[22m[39m[007-model-claim-snapshot] {"name":"close-held-flush","encrypted":true,"claimed":1,"receiptState":"consumed","encryptedReceipt":true,"effectState":"admitted","epoch":2,"calls":0}

 [32m✓[39m src/pi-durable-models.test.ts [2m([22m[2m34 tests[22m[2m | [22m[33m32 skipped[39m[2m)[22m[33m 461[2mms[22m[39m

[2m Test Files [22m [1m[32m1 passed[39m[22m[90m (1)[39m
[2m      Tests [22m [1m[32m2 passed[39m[22m[2m | [22m[33m32 skipped[39m[90m (34)[39m
[2m   Start at [22m 18:59:51
[2m   Duration [22m 2.48s[2m (transform 340ms, setup 0ms, collect 651ms, tests 461ms, environment 0ms, prepare 146ms)[22m

[vpw:debug] Shutting down runtimes...
[vpw:debug] Disposing remote proxy sessions...
