
[1m[46m RUN [49m[22m [36mv3.2.7 [39m[90m/home/ayan/ditto-execution/plan-007-recovery/apps/runtime[39m

[vpw:debug] Adding `enable_nodejs_tty_module` compatibility flag during tests as this feature is needed to support the Vitest runner.
[vpw:debug] Adding `enable_nodejs_fs_module` compatibility flag during tests as this feature is needed to support the Vitest runner.
[vpw:debug] Adding `enable_nodejs_http_modules` compatibility flag during tests as this feature is needed to support the Vitest runner.
[vpw:debug] Adding `enable_nodejs_perf_hooks_module` compatibility flag during tests as this feature is needed to support the Vitest runner.
[vpw:info] Starting isolated runtimes for vitest.config.ts...
[mf:warn] The latest compatibility date supported by the installed Cloudflare Workers Runtime is "2026-03-10",
but you've requested "2026-09-16". Falling back to "2026-03-10"...
[mf:warn] The latest compatibility date supported by the installed Cloudflare Workers Runtime is "2026-03-10",
but you've requested "2026-09-16". Falling back to "2026-03-10"...
[mf:warn] The latest compatibility date supported by the installed Cloudflare Workers Runtime is "2026-03-10",
but you've requested "2026-09-16". Falling back to "2026-03-10"...
[mf:warn] The latest compatibility date supported by the installed Cloudflare Workers Runtime is "2026-03-10",
but you've requested "2026-09-16". Falling back to "2026-03-10"...
[90mstdout[2m | src/pi-durable-models.test.ts[2m > [22m[2ma rewound live claim cannot acknowledge consumption again, encrypted=false
[22m[39m[007-model-claim-snapshot] {"name":"rewound","encrypted":false,"claimed":0,"receiptState":"consumed","encryptedReceipt":false,"effectState":"admitted","epoch":1,"calls":0}

[90mstdout[2m | src/pi-durable-models.test.ts[2m > [22m[2mclaim denies authority during held task, encrypted=false
[22m[39m[007-model-claim-snapshot] {"name":"task-authority","encrypted":false,"claimed":0,"receiptState":"reserved","encryptedReceipt":false,"effectState":"admitted","epoch":1,"calls":0}

[90mstdout[2m | src/pi-durable-models.test.ts[2m > [22m[2mclaim denies authority during held task, encrypted=false
[22m[39m[007-model-claim-snapshot] {"name":"task-authority","encrypted":false,"claimed":1,"receiptState":"consumed","encryptedReceipt":false,"effectState":"admitted","epoch":1,"calls":0}

[90mstdout[2m | src/pi-durable-models.test.ts[2m > [22m[2mclaim denies Stop during held task, encrypted=false
[22m[39m[007-model-claim-snapshot] {"name":"task-Stop","encrypted":false,"claimed":0,"receiptState":"reserved","encryptedReceipt":false,"effectState":"admitted","epoch":1,"calls":0}

[90mstdout[2m | src/pi-durable-model-preparation.gate.test.ts[2m > [22m[2m007 initial gate: prepared compaction must resume through the integrated mandatory guard after reopen before first admission
[22m[39m007 compaction gate evidence {"task":11,"before":{"phase":"select"},"after":{"status":"terminal","outcome":{"status":"completed","result":{"submissionId":13}}},"attempts":2,"dispatched":2,"requests":[{"model":"faux-1"},{"model":"faux-1","thinking":"low","maxTokens":1024},{"model":"faux-2","thinking":"high"}]}

[90mstdout[2m | src/pi-durable-models.test.ts[2m > [22m[2mclaim denies Stop during held task, encrypted=false
[22m[39m[007-model-claim-snapshot] {"name":"task-Stop","encrypted":false,"claimed":0,"receiptState":"reserved","encryptedReceipt":false,"effectState":"admitted","epoch":2,"calls":0}

 [32m✓[39m src/pi-durable-model-preparation.gate.test.ts [2m([22m[2m2 tests[22m[2m)[22m[33m 920[2mms[22m[39m
   [33m[2m✓[22m[39m 007 initial gate: prepared compaction must resume through the integrated mandatory guard after reopen before first admission [33m 641[2mms[22m[39m
[90mstdout[2m | src/pi-durable-models.test.ts[2m > [22m[2mclaim denies authority during held flush, encrypted=false
[22m[39m[007-model-claim-snapshot] {"name":"flush-authority","encrypted":false,"claimed":1,"receiptState":"consumed","encryptedReceipt":false,"effectState":"admitted","epoch":1,"calls":0}

[90mstdout[2m | src/pi-durable-models.test.ts[2m > [22m[2mclaim denies authority during held flush, encrypted=false
[22m[39m[007-model-claim-snapshot] {"name":"flush-authority","encrypted":false,"claimed":1,"receiptState":"consumed","encryptedReceipt":false,"effectState":"admitted","epoch":1,"calls":0}

[90mstdout[2m | src/pi-durable-models.test.ts[2m > [22m[2mclaim denies Stop during held flush, encrypted=false
[22m[39m[007-model-claim-snapshot] {"name":"flush-Stop","encrypted":false,"claimed":1,"receiptState":"consumed","encryptedReceipt":false,"effectState":"admitted","epoch":1,"calls":0}

[90mstdout[2m | src/pi-durable-models.test.ts[2m > [22m[2mclaim denies Stop during held flush, encrypted=false
[22m[39m[007-model-claim-snapshot] {"name":"flush-Stop","encrypted":false,"claimed":1,"receiptState":"consumed","encryptedReceipt":false,"effectState":"admitted","epoch":3,"calls":0}

[90mstdout[2m | src/pi-durable-models.test.ts[2m > [22m[2mconcurrent exact claims reserve only once, encrypted=false
[22m[39m[007-model-claim-snapshot] {"name":"concurrent","encrypted":false,"claimed":1,"receiptState":"consumed","encryptedReceipt":false,"effectState":"admitted","epoch":1,"calls":0}

[90mstdout[2m | src/pi-durable-models.test.ts[2m > [22m[2mactual joined close cancels a held claim flush without refund, encrypted=false
[22m[39m[007-model-claim-snapshot] {"name":"close-held-flush","encrypted":false,"claimed":1,"receiptState":"consumed","encryptedReceipt":false,"effectState":"admitted","epoch":2,"calls":0}

[90mstdout[2m | src/pi-durable-models.test.ts[2m > [22m[2mactual joined close cancels a held claim flush without refund, encrypted=false
[22m[39m[007-model-claim-snapshot] {"name":"close-held-flush","encrypted":false,"claimed":1,"receiptState":"consumed","encryptedReceipt":false,"effectState":"admitted","epoch":2,"calls":0}

[90mstdout[2m | src/pi-durable-models.test.ts[2m > [22m[2mlost claim acknowledgment retains consumption across two reopens, encrypted=false
[22m[39m[007-model-claim-snapshot] {"name":"lost-ack","encrypted":false,"claimed":1,"receiptState":"consumed","encryptedReceipt":false,"effectState":"admitted","epoch":2,"calls":0}

[90mstdout[2m | src/pi-durable-models.test.ts[2m > [22m[2mlost claim acknowledgment retains consumption across two reopens, encrypted=false
[22m[39m[007-model-claim-snapshot] {"name":"lost-ack","encrypted":false,"claimed":1,"receiptState":"consumed","encryptedReceipt":false,"effectState":"admitted","epoch":2,"calls":0}

[90mstdout[2m | src/pi-durable-models.test.ts[2m > [22m[2mlost claim acknowledgment retains consumption across two reopens, encrypted=false
[22m[39m[007-model-claim-snapshot] {"name":"lost-ack","encrypted":false,"claimed":1,"receiptState":"consumed","encryptedReceipt":false,"effectState":"admitted","epoch":2,"calls":0}

[90mstdout[2m | src/pi-durable-models.test.ts[2m > [22m[2man older reserved receipt cannot refund an uncertain effect across reopens, encrypted=false
[22m[39m[007-model-claim-snapshot] {"name":"reserved-rollback","encrypted":false,"claimed":1,"receiptState":"consumed","encryptedReceipt":false,"effectState":"admitted","epoch":1,"calls":0}

[90mstdout[2m | src/pi-durable-models.test.ts[2m > [22m[2man older reserved receipt cannot refund an uncertain effect across reopens, encrypted=false
[22m[39m[007-model-claim-snapshot] {"name":"reserved-rollback","encrypted":false,"claimed":0,"receiptState":"reserved","encryptedReceipt":false,"effectState":"admitted","epoch":2,"calls":0}

[90mstdout[2m | src/pi-durable-models.test.ts[2m > [22m[2man older reserved receipt cannot refund an uncertain effect across reopens, encrypted=false
[22m[39m[007-model-claim-snapshot] {"name":"reserved-rollback","encrypted":false,"claimed":0,"receiptState":"reserved","encryptedReceipt":false,"effectState":"admitted","epoch":2,"calls":0}

[90mstdout[2m | src/pi-durable-models.test.ts[2m > [22m[2mdispatch digest substitution denies before consumption, encrypted=false
[22m[39m[007-model-claim-snapshot] {"name":"digest-substitution","encrypted":false,"claimed":0,"receiptState":"reserved","encryptedReceipt":false,"effectState":"admitted","epoch":2,"calls":0}

[90mstdout[2m | src/pi-durable-models.test.ts[2m > [22m[2ma rewound live claim cannot acknowledge consumption again, encrypted=true
[22m[39m[007-model-claim-snapshot] {"name":"rewound","encrypted":true,"claimed":0,"receiptState":"consumed","encryptedReceipt":true,"effectState":"admitted","epoch":1,"calls":0}

[90mstdout[2m | src/pi-durable-models.test.ts[2m > [22m[2mclaim denies authority during held task, encrypted=true
[22m[39m[007-model-claim-snapshot] {"name":"task-authority","encrypted":true,"claimed":0,"receiptState":"reserved","encryptedReceipt":true,"effectState":"admitted","epoch":1,"calls":0}

[90mstdout[2m | src/pi-durable-models.test.ts[2m > [22m[2mclaim denies authority during held task, encrypted=true
[22m[39m[007-model-claim-snapshot] {"name":"task-authority","encrypted":true,"claimed":1,"receiptState":"consumed","encryptedReceipt":true,"effectState":"admitted","epoch":1,"calls":0}

[90mstdout[2m | src/pi-durable-models.test.ts[2m > [22m[2mclaim denies Stop during held task, encrypted=true
[22m[39m[007-model-claim-snapshot] {"name":"task-Stop","encrypted":true,"claimed":0,"receiptState":"reserved","encryptedReceipt":true,"effectState":"admitted","epoch":1,"calls":0}

[90mstdout[2m | src/pi-durable-models.test.ts[2m > [22m[2mclaim denies Stop during held task, encrypted=true
[22m[39m[007-model-claim-snapshot] {"name":"task-Stop","encrypted":true,"claimed":0,"receiptState":"reserved","encryptedReceipt":true,"effectState":"admitted","epoch":2,"calls":0}

[90mstdout[2m | src/pi-durable-models.test.ts[2m > [22m[2mclaim denies authority during held flush, encrypted=true
[22m[39m[007-model-claim-snapshot] {"name":"flush-authority","encrypted":true,"claimed":1,"receiptState":"consumed","encryptedReceipt":true,"effectState":"admitted","epoch":1,"calls":0}

[90mstdout[2m | src/pi-durable-models.test.ts[2m > [22m[2mclaim denies authority during held flush, encrypted=true
[22m[39m[007-model-claim-snapshot] {"name":"flush-authority","encrypted":true,"claimed":1,"receiptState":"consumed","encryptedReceipt":true,"effectState":"admitted","epoch":1,"calls":0}

[90mstdout[2m | src/pi-durable-models.test.ts[2m > [22m[2mclaim denies Stop during held flush, encrypted=true
[22m[39m[007-model-claim-snapshot] {"name":"flush-Stop","encrypted":true,"claimed":1,"receiptState":"consumed","encryptedReceipt":true,"effectState":"admitted","epoch":1,"calls":0}

[90mstdout[2m | src/pi-durable-models.test.ts[2m > [22m[2mclaim denies Stop during held flush, encrypted=true
[22m[39m[007-model-claim-snapshot] {"name":"flush-Stop","encrypted":true,"claimed":1,"receiptState":"consumed","encryptedReceipt":true,"effectState":"admitted","epoch":3,"calls":0}

[90mstdout[2m | src/pi-durable-models.test.ts[2m > [22m[2mconcurrent exact claims reserve only once, encrypted=true
[22m[39m[007-model-claim-snapshot] {"name":"concurrent","encrypted":true,"claimed":1,"receiptState":"consumed","encryptedReceipt":true,"effectState":"admitted","epoch":1,"calls":0}

[90mstdout[2m | src/pi-durable-models.test.ts[2m > [22m[2mactual joined close cancels a held claim flush without refund, encrypted=true
[22m[39m[007-model-claim-snapshot] {"name":"close-held-flush","encrypted":true,"claimed":1,"receiptState":"consumed","encryptedReceipt":true,"effectState":"admitted","epoch":2,"calls":0}

[90mstdout[2m | src/pi-durable-models.test.ts[2m > [22m[2mactual joined close cancels a held claim flush without refund, encrypted=true
[22m[39m[007-model-claim-snapshot] {"name":"close-held-flush","encrypted":true,"claimed":1,"receiptState":"consumed","encryptedReceipt":true,"effectState":"admitted","epoch":2,"calls":0}

[90mstdout[2m | src/pi-durable-models.test.ts[2m > [22m[2mlost claim acknowledgment retains consumption across two reopens, encrypted=true
[22m[39m[007-model-claim-snapshot] {"name":"lost-ack","encrypted":true,"claimed":1,"receiptState":"consumed","encryptedReceipt":true,"effectState":"admitted","epoch":2,"calls":0}

[90mstdout[2m | src/pi-durable-models.test.ts[2m > [22m[2mlost claim acknowledgment retains consumption across two reopens, encrypted=true
[22m[39m[007-model-claim-snapshot] {"name":"lost-ack","encrypted":true,"claimed":1,"receiptState":"consumed","encryptedReceipt":true,"effectState":"admitted","epoch":2,"calls":0}

[90mstdout[2m | src/pi-durable-models.test.ts[2m > [22m[2mlost claim acknowledgment retains consumption across two reopens, encrypted=true
[22m[39m[007-model-claim-snapshot] {"name":"lost-ack","encrypted":true,"claimed":1,"receiptState":"consumed","encryptedReceipt":true,"effectState":"admitted","epoch":2,"calls":0}

[90mstdout[2m | src/pi-durable-models.test.ts[2m > [22m[2man older reserved receipt cannot refund an uncertain effect across reopens, encrypted=true
[22m[39m[007-model-claim-snapshot] {"name":"reserved-rollback","encrypted":true,"claimed":1,"receiptState":"consumed","encryptedReceipt":true,"effectState":"admitted","epoch":1,"calls":0}

[90mstdout[2m | src/pi-durable-models.test.ts[2m > [22m[2man older reserved receipt cannot refund an uncertain effect across reopens, encrypted=true
[22m[39m[007-model-claim-snapshot] {"name":"reserved-rollback","encrypted":true,"claimed":0,"receiptState":"reserved","encryptedReceipt":true,"effectState":"admitted","epoch":2,"calls":0}

[90mstdout[2m | src/pi-durable-models.test.ts[2m > [22m[2man older reserved receipt cannot refund an uncertain effect across reopens, encrypted=true
[22m[39m[007-model-claim-snapshot] {"name":"reserved-rollback","encrypted":true,"claimed":0,"receiptState":"reserved","encryptedReceipt":true,"effectState":"admitted","epoch":2,"calls":0}

[90mstdout[2m | src/pi-durable-models.test.ts[2m > [22m[2mdispatch digest substitution denies before consumption, encrypted=true
[22m[39m[007-model-claim-snapshot] {"name":"digest-substitution","encrypted":true,"claimed":0,"receiptState":"reserved","encryptedReceipt":true,"effectState":"admitted","epoch":2,"calls":0}

 [32m✓[39m src/pi-durable-models.test.ts [2m([22m[2m34 tests[22m[2m)[22m[33m 9572[2mms[22m[39m
   [33m[2m✓[22m[39m a rewound live claim cannot acknowledge consumption again, encrypted=false [33m 343[2mms[22m[39m
   [33m[2m✓[22m[39m claim denies Stop during held task, encrypted=false [33m 312[2mms[22m[39m
   [33m[2m✓[22m[39m claim denies Stop during held flush, encrypted=false [33m 316[2mms[22m[39m
   [33m[2m✓[22m[39m lost claim acknowledgment retains consumption across two reopens, encrypted=false [33m 334[2mms[22m[39m
   [33m[2m✓[22m[39m dispatch receipt corrupt substitution denies live and reopened admission, encrypted=false [33m 340[2mms[22m[39m
   [33m[2m✓[22m[39m an older reserved receipt cannot refund an uncertain effect across reopens, encrypted=false [33m 311[2mms[22m[39m
   [33m[2m✓[22m[39m a claimed exact attempt starts once and Stop retains its admitted work, encrypted=false [33m 326[2mms[22m[39m
   [33m[2m✓[22m[39m lost claim acknowledgment retains consumption across two reopens, encrypted=true [33m 323[2mms[22m[39m
   [33m[2m✓[22m[39m an older reserved receipt cannot refund an uncertain effect across reopens, encrypted=true [33m 301[2mms[22m[39m
 [32m✓[39m src/pi-durable-effects.test.ts [2m([22m[2m62 tests[22m[2m)[22m[33m 30304[2mms[22m[39m
   [33m[2m✓[22m[39m identical durable result delivery is idempotent [33m 377[2mms[22m[39m
   [33m[2m✓[22m[39m actual Pi unsafe recovery attempts the next tool and model but neither dispatches through two reopens [33m 645[2mms[22m[39m
   [33m[2m✓[22m[39m completed synthetic mutations and follow-up membership survive reopen without repetition [33m 780[2mms[22m[39m
   [33m[2m✓[22m[39m conflicting result persists review block across reopen and new command [33m 340[2mms[22m[39m
   [33m[2m✓[22m[39m healthy later writes cannot clear a storage barrier but current trusted reconciliation can account for an undispatched admission [33m 504[2mms[22m[39m
   [33m[2m✓[22m[39m actual generation and unsafe tool persist structured exact membership before dispatch [33m 464[2mms[22m[39m
   [33m[2m✓[22m[39m lost shell result commit denies actual tool/model callbacks across two SQLite reopens, unavailable=false [33m 686[2mms[22m[39m
   [33m[2m✓[22m[39m lost shell result commit denies actual tool/model callbacks across two SQLite reopens, unavailable=true [33m 675[2mms[22m[39m
   [33m[2m✓[22m[39m unavailable failure marker is unnecessary for reopen denial from durable admitted shell [33m 531[2mms[22m[39m
   [33m[2m✓[22m[39m safety result before failed Pi commit is not original successful tool receipt [33m 557[2mms[22m[39m
   [33m[2m✓[22m[39m shell-replay is denied on actual registered tool before executor I/O [33m 478[2mms[22m[39m
   [33m[2m✓[22m[39m implicit-read is denied on actual registered tool before executor I/O [33m 475[2mms[22m[39m
   [33m[2m✓[22m[39m unsupported-write is denied on actual registered tool before executor I/O [33m 493[2mms[22m[39m
   [33m[2m✓[22m[39m read repeats are explicit new observations on distinct original calls, never replay of an unresolved call [33m 629[2mms[22m[39m
   [33m[2m✓[22m[39m Stop during async model preparation commits revocation before cancellation and stale release dispatches nothing [33m 308[2mms[22m[39m
   [33m[2m✓[22m[39m uncooperative shell Stop is stopping, cancellation receipt is not termination [33m 420[2mms[22m[39m
   [33m[2m✓[22m[39m delayed old-run Stop never cancels later run or revives terminal completion [33m 471[2mms[22m[39m
   [33m[2m✓[22m[39m first interruption recovery deadline is fixed across two real reopens and expiry settles pending membership atomically [33m 306[2mms[22m[39m
   [33m[2m✓[22m[39m public committed retry evidence authorizes a separate summary attempt without reopening or guessing current task [33m 948[2mms[22m[39m
   [33m[2m✓[22m[39m known completed summary error retries after reopen with retained logical request and separately recorded spending [33m 506[2mms[22m[39m
   [33m[2m✓[22m[39m validated first summary preparation survives close without admitting an effect [33m 431[2mms[22m[39m
   [33m[2m✓[22m[39m missing first summary association after close denies the sole retained producer [33m 424[2mms[22m[39m
   [33m[2m✓[22m[39m corrupt first summary association after close denies the sole retained producer [33m 394[2mms[22m[39m
   [33m[2m✓[22m[39m selection handoff interrupted before Pi summarize commit remains exact or fails closed [33m 415[2mms[22m[39m
   [33m[2m✓[22m[39m selection handoff interrupted after Pi summarize commit remains exact or fails closed [33m 377[2mms[22m[39m
   [33m[2m✓[22m[39m stale epoch after validated summary preparation cannot admit an effect [33m 321[2mms[22m[39m
   [33m[2m✓[22m[39m owned blocking compaction excludes its actual waiting generation parent and preserves command membership [33m 520[2mms[22m[39m
   [33m[2m✓[22m[39m mixed actual generation and compaction producers deny both under one lane [33m 403[2mms[22m[39m
   [33m[2m✓[22m[39m unknown admitted summary blocks actual recovered requests through two SQLite reopens [33m 489[2mms[22m[39m
   [33m[2m✓[22m[39m authority during summary preparation denies actual dispatch [33m 332[2mms[22m[39m
   [33m[2m✓[22m[39m mapping during summary preparation denies actual dispatch [33m 524[2mms[22m[39m
   [33m[2m✓[22m[39m competition during summary preparation denies actual dispatch [33m 796[2mms[22m[39m
   [33m[2m✓[22m[39m finite operation expiry fails run but retains original executor and deadline [33m 307[2mms[22m[39m
   [33m[2m✓[22m[39m normal compaction establishes hook-bound tuple and preserves completed summary across reopen [33m 390[2mms[22m[39m
   [33m[2m✓[22m[39m correction: native settled no-work alarms consume serviced reconciliation without past rearm [33m 3315[2mms[22m[39m
   [33m[2m✓[22m[39m correction: known final compaction error settles original run, retryable=false [33m 460[2mms[22m[39m
   [33m[2m✓[22m[39m correction: known final compaction error settles original run, retryable=true [33m 739[2mms[22m[39m
   [33m[2m✓[22m[39m correction: actual tool/manual-summary race reserves at most one operation and dispatch [33m 572[2mms[22m[39m
   [33m[2m✓[22m[39m correction: fixed recovery expiry is enforced after held preparation [33m 458[2mms[22m[39m
   [33m[2m✓[22m[39m correction: response-only recovery expiry rejects result before Pi consumes it [33m 484[2mms[22m[39m
   [33m[2m✓[22m[39m correction: trusted abrupt takeover fixes recovery from the prior durable bound [33m 378[2mms[22m[39m
   [33m[2m✓[22m[39m encrypted validated summary preparation reopens with exact ciphertext provenance and no prior admission [33m 380[2mms[22m[39m
   [33m[2m✓[22m[39m encrypted L1: guarded model and tool settle without a false integrity failure [33m 428[2mms[22m[39m
   [33m[2m✓[22m[39m encrypted L1: compaction, retry, and follow-up keep distinct IDs and context order [33m 1023[2mms[22m[39m
   [33m[2m✓[22m[39m encrypted L1: stale Stop does not cancel a later completed run [33m 382[2mms[22m[39m
   [33m[2m✓[22m[39m encrypted L1: result loss and Pi commit loss both block two reopens [33m 646[2mms[22m[39m
   [33m[2m✓[22m[39m encrypted L1: persistence barrier and unknown shell block two reopens [33m 342[2mms[22m[39m
   [33m[2m✓[22m[39m encrypted L1: retry seal failure fences before close and survives both orders [33m 617[2mms[22m[39m
[90mstdout[2m | src/pi-durable-summary.test.ts[2m > [22m[2mconfiguration authority wait joins close by admitted deadline, external cancellation=false, encrypted=false
[22m[39m007 configuration-close advisor probe {"encrypted":false,"externallyCanceled":false,"invocation":{"id":"93565726-4a96-4225-83a3-8ea75d636f86","started":1791478899731,"yield_at":1791478909731,"end_at":1791478910731},"observedAt":1791478910781,"elapsedMs":1050,"configuration":{"state":"failed","at":1791478909732,"error":"The operation was aborted"},"close":{"state":"complete","at":1791478909744},"remoteSettled":false,"joinedConfiguration":{"state":"failed","at":1791478909732,"error":"The operation was aborted"},"joinedClose":{"state":"complete","at":1791478909744}}

[90mstdout[2m | src/pi-durable-summary.test.ts[2m > [22m[2mconfiguration authority wait joins close by admitted deadline, external cancellation=true, encrypted=false
[22m[39m007 configuration-close advisor probe {"encrypted":false,"externallyCanceled":true,"invocation":{"id":"eeda1517-3f62-4a0c-ae97-54b8dc21439a","started":1791478900962,"yield_at":1791478910962,"end_at":1791478911962},"observedAt":1791478912013,"elapsedMs":1051,"configuration":{"state":"failed","at":1791478910963,"error":"The operation was aborted"},"close":{"state":"complete","at":1791478910975},"remoteSettled":false,"joinedConfiguration":{"state":"failed","at":1791478910963,"error":"The operation was aborted"},"joinedClose":{"state":"complete","at":1791478910975}}

[90mstdout[2m | src/pi-durable-summary.test.ts[2m > [22m[2mconfiguration authority wait joins close by admitted deadline, external cancellation=false, encrypted=true
[22m[39m007 configuration-close advisor probe {"encrypted":true,"externallyCanceled":false,"invocation":{"id":"371a35b7-2ba1-496d-947b-5eb5628a4649","started":1791478902196,"yield_at":1791478912196,"end_at":1791478913196},"observedAt":1791478913247,"elapsedMs":1051,"configuration":{"state":"failed","at":1791478912197,"error":"The operation was aborted"},"close":{"state":"complete","at":1791478912209},"remoteSettled":false,"joinedConfiguration":{"state":"failed","at":1791478912197,"error":"The operation was aborted"},"joinedClose":{"state":"complete","at":1791478912209}}

[90mstdout[2m | src/pi-durable-summary.test.ts[2m > [22m[2mconfiguration authority wait joins close by admitted deadline, external cancellation=true, encrypted=true
[22m[39m007 configuration-close advisor probe {"encrypted":true,"externallyCanceled":true,"invocation":{"id":"7aeafcfb-ba7a-4331-94fb-58fd3a514c28","started":1791478903412,"yield_at":1791478913412,"end_at":1791478914412},"observedAt":1791478914463,"elapsedMs":1051,"configuration":{"state":"failed","at":1791478913413,"error":"The operation was aborted"},"close":{"state":"complete","at":1791478913437},"remoteSettled":false,"joinedConfiguration":{"state":"failed","at":1791478913413,"error":"The operation was aborted"},"joinedClose":{"state":"complete","at":1791478913437}}

 [32m✓[39m src/pi-durable-summary.test.ts [2m([22m[2m118 tests[22m[2m)[22m[33m 46442[2mms[22m[39m
   [33m[2m✓[22m[39m custom summary places a real manual Pi receipt, encrypted=false [33m 474[2mms[22m[39m
   [33m[2m✓[22m[39m custom summary places a real automatic Pi receipt, encrypted=false [33m 570[2mms[22m[39m
   [33m[2m✓[22m[39m recorded success survives close before hook return and is accounted once, encrypted=false [33m 469[2mms[22m[39m
   [33m[2m✓[22m[39m unknown admitted custom summary blocks two reopens without a second attempt, encrypted=false [33m 468[2mms[22m[39m
   [33m[2m✓[22m[39m custom preparation-write persistence failure fences every later effect, encrypted=false [33m 349[2mms[22m[39m
   [33m[2m✓[22m[39m custom preparation-flush persistence failure fences every later effect, encrypted=false [33m 423[2mms[22m[39m
   [33m[2m✓[22m[39m custom result persistence failure fences every later effect, encrypted=false [33m 394[2mms[22m[39m
   [33m[2m✓[22m[39m custom summary-result-write persistence failure fences every later effect, encrypted=false [33m 379[2mms[22m[39m
   [33m[2m✓[22m[39m custom summary-result-flush persistence failure fences every later effect, encrypted=false [33m 421[2mms[22m[39m
   [33m[2m✓[22m[39m custom summary places a real manual Pi receipt, encrypted=true [33m 375[2mms[22m[39m
   [33m[2m✓[22m[39m custom summary places a real automatic Pi receipt, encrypted=true [33m 485[2mms[22m[39m
   [33m[2m✓[22m[39m recorded success survives close before hook return and is accounted once, encrypted=true [33m 429[2mms[22m[39m
   [33m[2m✓[22m[39m unknown admitted custom summary blocks two reopens without a second attempt, encrypted=true [33m 365[2mms[22m[39m
   [33m[2m✓[22m[39m custom result persistence failure fences every later effect, encrypted=true [33m 330[2mms[22m[39m
   [33m[2m✓[22m[39m custom summary-result-write persistence failure fences every later effect, encrypted=true [33m 337[2mms[22m[39m
   [33m[2m✓[22m[39m custom summary-result-flush persistence failure fences every later effect, encrypted=true [33m 322[2mms[22m[39m
   [33m[2m✓[22m[39m known custom failure error/0 settles the run with one nonrefundable attempt, encrypted=false [33m 451[2mms[22m[39m
   [33m[2m✓[22m[39m known custom failure aborted/0 settles the run with one nonrefundable attempt, encrypted=false [33m 392[2mms[22m[39m
   [33m[2m✓[22m[39m known custom failure stop/1 settles the run with one nonrefundable attempt, encrypted=false [33m 405[2mms[22m[39m
   [33m[2m✓[22m[39m known custom failure toolUse/1 settles the run with one nonrefundable attempt, encrypted=false [33m 389[2mms[22m[39m
   [33m[2m✓[22m[39m known custom failure stop/1 settles the run with one nonrefundable attempt, encrypted=false [33m 407[2mms[22m[39m
   [33m[2m✓[22m[39m known custom failure error/0 settles the run with one nonrefundable attempt, encrypted=true [33m 340[2mms[22m[39m
   [33m[2m✓[22m[39m known custom failure aborted/0 settles the run with one nonrefundable attempt, encrypted=true [33m 324[2mms[22m[39m
   [33m[2m✓[22m[39m known custom failure stop/1 settles the run with one nonrefundable attempt, encrypted=true [33m 516[2mms[22m[39m
   [33m[2m✓[22m[39m known custom failure toolUse/1 settles the run with one nonrefundable attempt, encrypted=true [33m 360[2mms[22m[39m
   [33m[2m✓[22m[39m custom summary range after preparation dispatches nothing [33m 326[2mms[22m[39m
   [33m[2m✓[22m[39m custom summary policy after preparation dispatches nothing [33m 326[2mms[22m[39m
   [33m[2m✓[22m[39m custom summary epoch after preparation dispatches nothing [33m 351[2mms[22m[39m
   [33m[2m✓[22m[39m custom summary authority after preparation dispatches nothing [33m 347[2mms[22m[39m
   [33m[2m✓[22m[39m custom summary stop after preparation dispatches nothing [33m 358[2mms[22m[39m
   [33m[2m✓[22m[39m custom summary digest after preparation dispatches nothing [33m 330[2mms[22m[39m
   [33m[2m✓[22m[39m custom summary task after preparation dispatches nothing [33m 334[2mms[22m[39m
   [33m[2m✓[22m[39m custom summary conversation after preparation dispatches nothing [33m 321[2mms[22m[39m
   [33m[2m✓[22m[39m configuration at before custom preparation survives reopen, encrypted=false [33m 569[2mms[22m[39m
   [33m[2m✓[22m[39m configuration at after custom preparation survives reopen, encrypted=false [33m 585[2mms[22m[39m
   [33m[2m✓[22m[39m success at before actual Pi placement storage commit resumes without redispatch, encrypted=false [33m 425[2mms[22m[39m
   [33m[2m✓[22m[39m success at after actual Pi placement storage commit resumes without redispatch, encrypted=false [33m 402[2mms[22m[39m
   [33m[2m✓[22m[39m absent custom hook cannot dispatch stock fallback, encrypted=false [33m 526[2mms[22m[39m
   [33m[2m✓[22m[39m throwing custom hook cannot dispatch stock fallback, encrypted=false [33m 760[2mms[22m[39m
   [33m[2m✓[22m[39m custom response provider schema violation never places a summary, encrypted=false [33m 373[2mms[22m[39m
   [33m[2m✓[22m[39m custom response model schema violation never places a summary, encrypted=false [33m 377[2mms[22m[39m
   [33m[2m✓[22m[39m custom response usage schema violation never places a summary, encrypted=false [33m 326[2mms[22m[39m
   [33m[2m✓[22m[39m configuration at before custom preparation survives reopen, encrypted=true [33m 397[2mms[22m[39m
   [33m[2m✓[22m[39m configuration at after custom preparation survives reopen, encrypted=true [33m 401[2mms[22m[39m
   [33m[2m✓[22m[39m success at before actual Pi placement storage commit resumes without redispatch, encrypted=true [33m 302[2mms[22m[39m
   [33m[2m✓[22m[39m custom response timestamp schema violation never places a summary, encrypted=true [33m 341[2mms[22m[39m
   [33m[2m✓[22m[39m encrypted custom prepared tampering rejects reopen [33m 345[2mms[22m[39m
   [33m[2m✓[22m[39m actual custom callback transcript must equal persisted payload [33m 327[2mms[22m[39m
   [33m[2m✓[22m[39m oversized public summary source is rejected without truncation, encrypted=false [33m 307[2mms[22m[39m
   [33m[2m✓[22m[39m transport interruption retains uncertainty with one reservation, encrypted=false [33m 389[2mms[22m[39m
   [33m[2m✓[22m[39m custom preparation grants no extended invocation deadline, encrypted=false [33m 333[2mms[22m[39m
   [33m[2m✓[22m[39m transport interruption retains uncertainty with one reservation, encrypted=true [33m 327[2mms[22m[39m
   [33m[2m✓[22m[39m forced configuration-winning transition holds asynchronous preparation, encrypted=false [33m 693[2mms[22m[39m
   [33m[2m✓[22m[39m forced preparation-winning transition holds asynchronous preparation, encrypted=false [33m 690[2mms[22m[39m
   [33m[2m✓[22m[39m forced configuration-winning transition holds asynchronous preparation, encrypted=true [33m 557[2mms[22m[39m
   [33m[2m✓[22m[39m forced preparation-winning transition holds asynchronous preparation, encrypted=true [33m 656[2mms[22m[39m
   [33m[2m✓[22m[39m owning transition releases after cancel-configuration during asynchronous preparation, encrypted=false [33m 433[2mms[22m[39m
   [33m[2m✓[22m[39m owning transition releases after stop during asynchronous preparation, encrypted=false [33m 430[2mms[22m[39m
   [33m[2m✓[22m[39m owning transition releases after preparation-failure during asynchronous preparation, encrypted=false [33m 399[2mms[22m[39m
   [33m[2m✓[22m[39m owning transition releases after cancel-configuration during asynchronous preparation, encrypted=true [33m 408[2mms[22m[39m
   [33m[2m✓[22m[39m owning transition releases after stop during asynchronous preparation, encrypted=true [33m 377[2mms[22m[39m
   [33m[2m✓[22m[39m owning transition releases after preparation-failure during asynchronous preparation, encrypted=true [33m 339[2mms[22m[39m
   [33m[2m✓[22m[39m automatic waiting parent recovers at before-preparation, encrypted=false [33m 526[2mms[22m[39m
   [33m[2m✓[22m[39m automatic waiting parent recovers at prepared, encrypted=false [33m 406[2mms[22m[39m
   [33m[2m✓[22m[39m automatic waiting parent recovers at unknown, encrypted=false [33m 360[2mms[22m[39m
   [33m[2m✓[22m[39m automatic waiting parent recovers at result, encrypted=false [33m 399[2mms[22m[39m
   [33m[2m✓[22m[39m automatic waiting parent recovers at before-placement, encrypted=false [33m 416[2mms[22m[39m
   [33m[2m✓[22m[39m automatic waiting parent recovers at after-placement, encrypted=false [33m 397[2mms[22m[39m
   [33m[2m✓[22m[39m automatic waiting parent recovers at before-preparation, encrypted=true [33m 423[2mms[22m[39m
   [33m[2m✓[22m[39m automatic waiting parent recovers at prepared, encrypted=true [33m 423[2mms[22m[39m
   [33m[2m✓[22m[39m automatic waiting parent recovers at unknown, encrypted=true [33m 342[2mms[22m[39m
   [33m[2m✓[22m[39m automatic waiting parent recovers at result, encrypted=true [33m 450[2mms[22m[39m
   [33m[2m✓[22m[39m automatic waiting parent recovers at before-placement, encrypted=true [33m 457[2mms[22m[39m
   [33m[2m✓[22m[39m automatic waiting parent recovers at after-placement, encrypted=true [33m 420[2mms[22m[39m
   [33m[2m✓[22m[39m automatic waiting parent is fenced after known-failure, encrypted=false [33m 353[2mms[22m[39m
   [33m[2m✓[22m[39m automatic waiting parent is fenced after stop, encrypted=false [33m 534[2mms[22m[39m
   [33m[2m✓[22m[39m automatic waiting parent is fenced after epoch, encrypted=false [33m 335[2mms[22m[39m
   [33m[2m✓[22m[39m automatic waiting parent is fenced after authority, encrypted=false [33m 309[2mms[22m[39m
   [33m[2m✓[22m[39m automatic waiting parent is fenced after preparation-write, encrypted=false [33m 306[2mms[22m[39m
   [33m[2m✓[22m[39m automatic waiting parent is fenced after preparation-flush, encrypted=false [33m 317[2mms[22m[39m
   [33m[2m✓[22m[39m automatic waiting parent is fenced after summary-result-write, encrypted=false [33m 339[2mms[22m[39m
   [33m[2m✓[22m[39m automatic waiting parent is fenced after summary-result-flush, encrypted=false [33m 338[2mms[22m[39m
   [33m[2m✓[22m[39m automatic waiting parent is fenced after known-failure, encrypted=true [33m 352[2mms[22m[39m
   [33m[2m✓[22m[39m automatic waiting parent is fenced after summary-result-write, encrypted=true [33m 305[2mms[22m[39m
   [33m[2m✓[22m[39m automatic waiting parent is fenced after summary-result-flush, encrypted=true [33m 308[2mms[22m[39m
   [33m[2m✓[22m[39m configuration authority wait joins close by admitted deadline, external cancellation=false, encrypted=false [33m 1228[2mms[22m[39m
   [33m[2m✓[22m[39m configuration authority wait joins close by admitted deadline, external cancellation=true, encrypted=false [33m 1234[2mms[22m[39m
   [33m[2m✓[22m[39m configuration authority wait joins close by admitted deadline, external cancellation=false, encrypted=true [33m 1215[2mms[22m[39m
   [33m[2m✓[22m[39m configuration authority wait joins close by admitted deadline, external cancellation=true, encrypted=true [33m 1226[2mms[22m[39m

[2m Test Files [22m [1m[32m4 passed[39m[22m[90m (4)[39m
[2m      Tests [22m [1m[32m216 passed[39m[22m[90m (216)[39m
[2m   Start at [22m 18:59:55
[2m   Duration [22m 49.01s[2m (transform 695ms, setup 0ms, collect 3.73s, tests 87.24s, environment 1ms, prepare 1.01s)[22m

[vpw:debug] Shutting down runtimes...
[vpw:debug] Disposing remote proxy sessions...
