
[1m[46m RUN [49m[22m [36mv3.2.7 [39m[90m/home/ayan/ditto-execution/plan-007-recovery/apps/runtime[39m

[vpw:debug] Adding `enable_nodejs_tty_module` compatibility flag during tests as this feature is needed to support the Vitest runner.
[vpw:debug] Adding `enable_nodejs_fs_module` compatibility flag during tests as this feature is needed to support the Vitest runner.
[vpw:debug] Adding `enable_nodejs_http_modules` compatibility flag during tests as this feature is needed to support the Vitest runner.
[vpw:debug] Adding `enable_nodejs_perf_hooks_module` compatibility flag during tests as this feature is needed to support the Vitest runner.
[vpw:info] Starting isolated runtimes for vitest.config.ts...
[mf:warn] The latest compatibility date supported by the installed Cloudflare Workers Runtime is "2026-03-10",
but you've requested "2026-09-16". Falling back to "2026-03-10"...
[mf:warn] The latest compatibility date supported by the installed Cloudflare Workers Runtime is "2026-03-10",
but you've requested "2026-09-16". Falling back to "2026-03-10"...
[mf:warn] The latest compatibility date supported by the installed Cloudflare Workers Runtime is "2026-03-10",
but you've requested "2026-09-16". Falling back to "2026-03-10"...
[90mstdout[2m | src/pi-durable-model-preparation.gate.test.ts[2m > [22m[2m007 initial gate: prepared compaction must resume through the integrated mandatory guard after reopen before first admission
[22m[39m007 compaction gate evidence {"task":11,"before":{"phase":"select"},"after":{"status":"terminal","outcome":{"status":"completed","result":{"submissionId":13}}},"attempts":2,"dispatched":2,"requests":[{"model":"faux-1"},{"model":"faux-1","thinking":"low","maxTokens":1024},{"model":"faux-2","thinking":"high"}]}

 [32m✓[39m src/pi-durable-model-preparation.gate.test.ts [2m([22m[2m2 tests[22m[2m)[22m[33m 749[2mms[22m[39m
   [33m[2m✓[22m[39m 007 initial gate: prepared compaction must resume through the integrated mandatory guard after reopen before first admission [33m 543[2mms[22m[39m
 [32m✓[39m src/pi-durable-effects.test.ts [2m([22m[2m62 tests[22m[2m)[22m[33m 25631[2mms[22m[39m
   [33m[2m✓[22m[39m actual Pi unsafe recovery attempts the next tool and model but neither dispatches through two reopens [33m 553[2mms[22m[39m
   [33m[2m✓[22m[39m completed synthetic mutations and follow-up membership survive reopen without repetition [33m 632[2mms[22m[39m
   [33m[2m✓[22m[39m healthy later writes cannot clear a storage barrier but current trusted reconciliation can account for an undispatched admission [33m 351[2mms[22m[39m
   [33m[2m✓[22m[39m actual generation and unsafe tool persist structured exact membership before dispatch [33m 411[2mms[22m[39m
   [33m[2m✓[22m[39m lost shell result commit denies actual tool/model callbacks across two SQLite reopens, unavailable=false [33m 580[2mms[22m[39m
   [33m[2m✓[22m[39m lost shell result commit denies actual tool/model callbacks across two SQLite reopens, unavailable=true [33m 513[2mms[22m[39m
   [33m[2m✓[22m[39m unavailable failure marker is unnecessary for reopen denial from durable admitted shell [33m 441[2mms[22m[39m
   [33m[2m✓[22m[39m safety result before failed Pi commit is not original successful tool receipt [33m 452[2mms[22m[39m
   [33m[2m✓[22m[39m shell-replay is denied on actual registered tool before executor I/O [33m 392[2mms[22m[39m
   [33m[2m✓[22m[39m implicit-read is denied on actual registered tool before executor I/O [33m 368[2mms[22m[39m
   [33m[2m✓[22m[39m unsupported-write is denied on actual registered tool before executor I/O [33m 418[2mms[22m[39m
   [33m[2m✓[22m[39m read repeats are explicit new observations on distinct original calls, never replay of an unresolved call [33m 575[2mms[22m[39m
   [33m[2m✓[22m[39m uncooperative shell Stop is stopping, cancellation receipt is not termination [33m 372[2mms[22m[39m
   [33m[2m✓[22m[39m delayed old-run Stop never cancels later run or revives terminal completion [33m 397[2mms[22m[39m
   [33m[2m✓[22m[39m public committed retry evidence authorizes a separate summary attempt without reopening or guessing current task [33m 662[2mms[22m[39m
   [33m[2m✓[22m[39m known completed summary error retries after reopen with retained logical request and separately recorded spending [33m 440[2mms[22m[39m
   [33m[2m✓[22m[39m validated first summary preparation survives close without admitting an effect [33m 361[2mms[22m[39m
   [33m[2m✓[22m[39m missing first summary association after close denies the sole retained producer [33m 351[2mms[22m[39m
   [33m[2m✓[22m[39m corrupt first summary association after close denies the sole retained producer [33m 341[2mms[22m[39m
   [33m[2m✓[22m[39m selection handoff interrupted before Pi summarize commit remains exact or fails closed [33m 370[2mms[22m[39m
   [33m[2m✓[22m[39m selection handoff interrupted after Pi summarize commit remains exact or fails closed [33m 355[2mms[22m[39m
   [33m[2m✓[22m[39m owned blocking compaction excludes its actual waiting generation parent and preserves command membership [33m 464[2mms[22m[39m
   [33m[2m✓[22m[39m mixed actual generation and compaction producers deny both under one lane [33m 344[2mms[22m[39m
   [33m[2m✓[22m[39m unknown admitted summary blocks actual recovered requests through two SQLite reopens [33m 424[2mms[22m[39m
   [33m[2m✓[22m[39m competition during summary preparation denies actual dispatch [33m 328[2mms[22m[39m
   [33m[2m✓[22m[39m normal compaction establishes hook-bound tuple and preserves completed summary across reopen [33m 337[2mms[22m[39m
   [33m[2m✓[22m[39m correction: native settled no-work alarms consume serviced reconciliation without past rearm [33m 3454[2mms[22m[39m
   [33m[2m✓[22m[39m correction: known final compaction error settles original run, retryable=false [33m 350[2mms[22m[39m
   [33m[2m✓[22m[39m correction: known final compaction error settles original run, retryable=true [33m 674[2mms[22m[39m
   [33m[2m✓[22m[39m correction: actual tool/manual-summary race reserves at most one operation and dispatch [33m 520[2mms[22m[39m
   [33m[2m✓[22m[39m correction: fixed recovery expiry is enforced after held preparation [33m 415[2mms[22m[39m
   [33m[2m✓[22m[39m correction: response-only recovery expiry rejects result before Pi consumes it [33m 420[2mms[22m[39m
   [33m[2m✓[22m[39m correction: trusted abrupt takeover fixes recovery from the prior durable bound [33m 347[2mms[22m[39m
   [33m[2m✓[22m[39m encrypted validated summary preparation reopens with exact ciphertext provenance and no prior admission [33m 301[2mms[22m[39m
   [33m[2m✓[22m[39m encrypted L1: guarded model and tool settle without a false integrity failure [33m 332[2mms[22m[39m
   [33m[2m✓[22m[39m encrypted L1: compaction, retry, and follow-up keep distinct IDs and context order [33m 818[2mms[22m[39m
   [33m[2m✓[22m[39m encrypted L1: stale Stop does not cancel a later completed run [33m 308[2mms[22m[39m
   [33m[2m✓[22m[39m encrypted L1: result loss and Pi commit loss both block two reopens [33m 551[2mms[22m[39m
   [33m[2m✓[22m[39m encrypted L1: persistence barrier and unknown shell block two reopens [33m 305[2mms[22m[39m
   [33m[2m✓[22m[39m encrypted L1: retry seal failure fences before close and survives both orders [33m 490[2mms[22m[39m
[90mstdout[2m | src/pi-durable-summary.test.ts[2m > [22m[2mconfiguration authority wait joins close by admitted deadline, external cancellation=false, encrypted=false
[22m[39m007 configuration-close advisor probe {"encrypted":false,"externallyCanceled":false,"invocation":{"id":"91dfe082-4f36-4473-9fb5-0a0326e818cd","started":1791473818306,"yield_at":1791473828306,"end_at":1791473829306},"observedAt":1791473829357,"elapsedMs":1051,"configuration":{"state":"failed","at":1791473828307,"error":"The operation was aborted"},"close":{"state":"complete","at":1791473828318},"remoteSettled":false,"joinedConfiguration":{"state":"failed","at":1791473828307,"error":"The operation was aborted"},"joinedClose":{"state":"complete","at":1791473828318}}

[90mstdout[2m | src/pi-durable-summary.test.ts[2m > [22m[2mconfiguration authority wait joins close by admitted deadline, external cancellation=true, encrypted=false
[22m[39m007 configuration-close advisor probe {"encrypted":false,"externallyCanceled":true,"invocation":{"id":"d895307b-34c6-4e2b-a531-6ee7693c4eb8","started":1791473819498,"yield_at":1791473829498,"end_at":1791473830498},"observedAt":1791473830550,"elapsedMs":1052,"configuration":{"state":"failed","at":1791473829499,"error":"The operation was aborted"},"close":{"state":"complete","at":1791473829509},"remoteSettled":false,"joinedConfiguration":{"state":"failed","at":1791473829499,"error":"The operation was aborted"},"joinedClose":{"state":"complete","at":1791473829509}}

[90mstdout[2m | src/pi-durable-summary.test.ts[2m > [22m[2mconfiguration authority wait joins close by admitted deadline, external cancellation=false, encrypted=true
[22m[39m007 configuration-close advisor probe {"encrypted":true,"externallyCanceled":false,"invocation":{"id":"9413ccab-acad-40d9-a58a-3366064ba427","started":1791473820694,"yield_at":1791473830694,"end_at":1791473831694},"observedAt":1791473831746,"elapsedMs":1052,"configuration":{"state":"failed","at":1791473830694,"error":"The operation was aborted"},"close":{"state":"complete","at":1791473830704},"remoteSettled":false,"joinedConfiguration":{"state":"failed","at":1791473830694,"error":"The operation was aborted"},"joinedClose":{"state":"complete","at":1791473830704}}

[90mstdout[2m | src/pi-durable-summary.test.ts[2m > [22m[2mconfiguration authority wait joins close by admitted deadline, external cancellation=true, encrypted=true
[22m[39m007 configuration-close advisor probe {"encrypted":true,"externallyCanceled":true,"invocation":{"id":"79600749-72d5-4b90-adcb-2fd2218104a2","started":1791473821875,"yield_at":1791473831875,"end_at":1791473832875},"observedAt":1791473832927,"elapsedMs":1052,"configuration":{"state":"failed","at":1791473831875,"error":"The operation was aborted"},"close":{"state":"complete","at":1791473831885},"remoteSettled":false,"joinedConfiguration":{"state":"failed","at":1791473831875,"error":"The operation was aborted"},"joinedClose":{"state":"complete","at":1791473831885}}

 [32m✓[39m src/pi-durable-summary.test.ts [2m([22m[2m118 tests[22m[2m)[22m[33m 37480[2mms[22m[39m
   [33m[2m✓[22m[39m custom summary places a real manual Pi receipt, encrypted=false [33m 363[2mms[22m[39m
   [33m[2m✓[22m[39m custom summary places a real automatic Pi receipt, encrypted=false [33m 469[2mms[22m[39m
   [33m[2m✓[22m[39m recorded success survives close before hook return and is accounted once, encrypted=false [33m 373[2mms[22m[39m
   [33m[2m✓[22m[39m unknown admitted custom summary blocks two reopens without a second attempt, encrypted=false [33m 373[2mms[22m[39m
   [33m[2m✓[22m[39m custom preparation-flush persistence failure fences every later effect, encrypted=false [33m 302[2mms[22m[39m
   [33m[2m✓[22m[39m custom result persistence failure fences every later effect, encrypted=false [33m 328[2mms[22m[39m
   [33m[2m✓[22m[39m custom summary-result-write persistence failure fences every later effect, encrypted=false [33m 318[2mms[22m[39m
   [33m[2m✓[22m[39m custom summary-result-flush persistence failure fences every later effect, encrypted=false [33m 307[2mms[22m[39m
   [33m[2m✓[22m[39m custom summary places a real automatic Pi receipt, encrypted=true [33m 360[2mms[22m[39m
   [33m[2m✓[22m[39m recorded success survives close before hook return and is accounted once, encrypted=true [33m 325[2mms[22m[39m
   [33m[2m✓[22m[39m known custom failure error/0 settles the run with one nonrefundable attempt, encrypted=false [33m 341[2mms[22m[39m
   [33m[2m✓[22m[39m known custom failure aborted/0 settles the run with one nonrefundable attempt, encrypted=false [33m 407[2mms[22m[39m
   [33m[2m✓[22m[39m known custom failure stop/1 settles the run with one nonrefundable attempt, encrypted=false [33m 308[2mms[22m[39m
   [33m[2m✓[22m[39m known custom failure toolUse/1 settles the run with one nonrefundable attempt, encrypted=false [33m 314[2mms[22m[39m
   [33m[2m✓[22m[39m known custom failure stop/1 settles the run with one nonrefundable attempt, encrypted=false [33m 330[2mms[22m[39m
   [33m[2m✓[22m[39m custom summary stop after preparation dispatches nothing [33m 317[2mms[22m[39m
   [33m[2m✓[22m[39m custom summary task after preparation dispatches nothing [33m 301[2mms[22m[39m
   [33m[2m✓[22m[39m configuration at before custom preparation survives reopen, encrypted=false [33m 525[2mms[22m[39m
   [33m[2m✓[22m[39m configuration at after custom preparation survives reopen, encrypted=false [33m 489[2mms[22m[39m
   [33m[2m✓[22m[39m success at before actual Pi placement storage commit resumes without redispatch, encrypted=false [33m 388[2mms[22m[39m
   [33m[2m✓[22m[39m success at after actual Pi placement storage commit resumes without redispatch, encrypted=false [33m 359[2mms[22m[39m
   [33m[2m✓[22m[39m custom response provider schema violation never places a summary, encrypted=false [33m 321[2mms[22m[39m
   [33m[2m✓[22m[39m custom response model schema violation never places a summary, encrypted=false [33m 325[2mms[22m[39m
   [33m[2m✓[22m[39m custom response usage schema violation never places a summary, encrypted=false [33m 327[2mms[22m[39m
   [33m[2m✓[22m[39m custom response timestamp schema violation never places a summary, encrypted=false [33m 326[2mms[22m[39m
   [33m[2m✓[22m[39m configuration at before custom preparation survives reopen, encrypted=true [33m 365[2mms[22m[39m
   [33m[2m✓[22m[39m configuration at after custom preparation survives reopen, encrypted=true [33m 442[2mms[22m[39m
   [33m[2m✓[22m[39m transport interruption retains uncertainty with one reservation, encrypted=false [33m 303[2mms[22m[39m
   [33m[2m✓[22m[39m forced configuration-winning transition holds asynchronous preparation, encrypted=false [33m 601[2mms[22m[39m
   [33m[2m✓[22m[39m forced preparation-winning transition holds asynchronous preparation, encrypted=false [33m 616[2mms[22m[39m
   [33m[2m✓[22m[39m forced configuration-winning transition holds asynchronous preparation, encrypted=true [33m 493[2mms[22m[39m
   [33m[2m✓[22m[39m forced preparation-winning transition holds asynchronous preparation, encrypted=true [33m 526[2mms[22m[39m
   [33m[2m✓[22m[39m owning transition releases after cancel-configuration during asynchronous preparation, encrypted=false [33m 373[2mms[22m[39m
   [33m[2m✓[22m[39m owning transition releases after stop during asynchronous preparation, encrypted=false [33m 360[2mms[22m[39m
   [33m[2m✓[22m[39m owning transition releases after preparation-failure during asynchronous preparation, encrypted=false [33m 320[2mms[22m[39m
   [33m[2m✓[22m[39m owning transition releases after preparation-failure during asynchronous preparation, encrypted=true [33m 302[2mms[22m[39m
   [33m[2m✓[22m[39m automatic waiting parent recovers at before-preparation, encrypted=false [33m 521[2mms[22m[39m
   [33m[2m✓[22m[39m automatic waiting parent recovers at prepared, encrypted=false [33m 525[2mms[22m[39m
   [33m[2m✓[22m[39m automatic waiting parent recovers at unknown, encrypted=false [33m 468[2mms[22m[39m
   [33m[2m✓[22m[39m automatic waiting parent recovers at result, encrypted=false [33m 510[2mms[22m[39m
   [33m[2m✓[22m[39m automatic waiting parent recovers at before-placement, encrypted=false [33m 383[2mms[22m[39m
   [33m[2m✓[22m[39m automatic waiting parent recovers at after-placement, encrypted=false [33m 310[2mms[22m[39m
   [33m[2m✓[22m[39m automatic waiting parent recovers at before-preparation, encrypted=true [33m 309[2mms[22m[39m
   [33m[2m✓[22m[39m automatic waiting parent recovers at result, encrypted=true [33m 308[2mms[22m[39m
   [33m[2m✓[22m[39m automatic waiting parent recovers at before-placement, encrypted=true [33m 322[2mms[22m[39m
   [33m[2m✓[22m[39m configuration authority wait joins close by admitted deadline, external cancellation=false, encrypted=false [33m 1190[2mms[22m[39m
   [33m[2m✓[22m[39m configuration authority wait joins close by admitted deadline, external cancellation=true, encrypted=false [33m 1192[2mms[22m[39m
   [33m[2m✓[22m[39m configuration authority wait joins close by admitted deadline, external cancellation=false, encrypted=true [33m 1183[2mms[22m[39m
   [33m[2m✓[22m[39m configuration authority wait joins close by admitted deadline, external cancellation=true, encrypted=true [33m 1184[2mms[22m[39m

[2m Test Files [22m [1m[32m3 passed[39m[22m[90m (3)[39m
[2m      Tests [22m [1m[32m182 passed[39m[22m[90m (182)[39m
[2m   Start at [22m 17:35:23
[2m   Duration [22m 39.03s[2m (transform 324ms, setup 0ms, collect 1.39s, tests 63.86s, environment 0ms, prepare 394ms)[22m

[vpw:debug] Shutting down runtimes...
[vpw:debug] Disposing remote proxy sessions...
