$ pnpm --filter @ditto/runtime typecheck && node --test apps/runtime/src/pi-durable-imports.test.mjs scripts/pi-durable-host-auth.test.mjs && pnpm --filter @ditto/runtime exec vitest run
$ tsc --noEmit && tsc --noEmit -p tsconfig.forbidden-bindings.json
✔ audits the candidate's static imports, variable importer and closed auth path (347.178666ms)
✔ rejects filesystem and process execution imports, including variable specifiers (1467.393308ms)
✔ rejects omitted closed auth, escaped default auth and additional Models callers (1170.548829ms)
[96mAlchemy[0m (v0.93.12)
App: synthetic-auth
Phase: up
Stage: dev
✔ selects only host auth keys without exporting dotenv values (48.277977ms)
✔ invalid credentials and split logs cannot expose selected values (3.809807ms)
✔ public resource auth keeps inherited Docker child environment credential-free (225.182992ms)
ℹ tests 6
ℹ suites 0
ℹ pass 6
ℹ fail 0
ℹ cancelled 0
ℹ skipped 0
ℹ todo 0
ℹ duration_ms 3944.810777

[1m[46m RUN [49m[22m [36mv3.2.7 [39m[90m/home/ayan/ditto-execution/plan-007-recovery/apps/runtime[39m

[vpw:debug] Adding `enable_nodejs_tty_module` compatibility flag during tests as this feature is needed to support the Vitest runner.
[vpw:debug] Adding `enable_nodejs_fs_module` compatibility flag during tests as this feature is needed to support the Vitest runner.
[vpw:debug] Adding `enable_nodejs_http_modules` compatibility flag during tests as this feature is needed to support the Vitest runner.
[vpw:debug] Adding `enable_nodejs_perf_hooks_module` compatibility flag during tests as this feature is needed to support the Vitest runner.
[vpw:info] Starting isolated runtimes for vitest.config.ts...
[mf:warn] The latest compatibility date supported by the installed Cloudflare Workers Runtime is "2026-03-10",
but you've requested "2026-09-16". Falling back to "2026-03-10"...
[mf:warn] The latest compatibility date supported by the installed Cloudflare Workers Runtime is "2026-03-10",
but you've requested "2026-09-16". Falling back to "2026-03-10"...
[mf:warn] The latest compatibility date supported by the installed Cloudflare Workers Runtime is "2026-03-10",
but you've requested "2026-09-16". Falling back to "2026-03-10"...
[mf:warn] The latest compatibility date supported by the installed Cloudflare Workers Runtime is "2026-03-10",
but you've requested "2026-09-16". Falling back to "2026-03-10"...
[mf:warn] The latest compatibility date supported by the installed Cloudflare Workers Runtime is "2026-03-10",
but you've requested "2026-09-16". Falling back to "2026-03-10"...
[mf:warn] The latest compatibility date supported by the installed Cloudflare Workers Runtime is "2026-03-10",
but you've requested "2026-09-16". Falling back to "2026-03-10"...
[mf:warn] The latest compatibility date supported by the installed Cloudflare Workers Runtime is "2026-03-10",
but you've requested "2026-09-16". Falling back to "2026-03-10"...
[mf:warn] The latest compatibility date supported by the installed Cloudflare Workers Runtime is "2026-03-10",
but you've requested "2026-09-16". Falling back to "2026-03-10"...
[mf:warn] The latest compatibility date supported by the installed Cloudflare Workers Runtime is "2026-03-10",
but you've requested "2026-09-16". Falling back to "2026-03-10"...
[mf:warn] The latest compatibility date supported by the installed Cloudflare Workers Runtime is "2026-03-10",
but you've requested "2026-09-16". Falling back to "2026-03-10"...
[mf:warn] The latest compatibility date supported by the installed Cloudflare Workers Runtime is "2026-03-10",
but you've requested "2026-09-16". Falling back to "2026-03-10"...
 [32m✓[39m src/forbidden-import-graph.test.ts [2m([22m[2m1 test[22m[2m)[22m[32m 124[2mms[22m[39m
 [32m✓[39m src/runtime-crypto.test.ts [2m([22m[2m5 tests[22m[2m)[22m[33m 321[2mms[22m[39m
 [32m✓[39m src/feasibility.test.ts [2m([22m[2m19 tests[22m[2m)[22m[33m 461[2mms[22m[39m
 [32m✓[39m src/pi-durable-compatibility.test.ts [2m([22m[2m3 tests[22m[2m)[22m[33m 670[2mms[22m[39m
 [32m✓[39m src/pi-durable-encrypted-corrections.test.ts [2m([22m[2m5 tests[22m[2m)[22m[33m 760[2mms[22m[39m
[90mstdout[2m | src/pi-durable-model-preparation.gate.test.ts[2m > [22m[2m007 initial gate: prepared compaction must resume through the integrated mandatory guard after reopen before first admission
[22m[39m007 compaction gate evidence {"task":11,"before":{"phase":"select"},"after":{"status":"terminal","outcome":{"status":"completed","result":{"submissionId":13}}},"attempts":2,"dispatched":2,"requests":[{"model":"faux-1"},{"model":"faux-1","thinking":"low","maxTokens":1024},{"model":"faux-2","thinking":"high"}]}

 [32m✓[39m src/pi-durable-model-preparation.gate.test.ts [2m([22m[2m2 tests[22m[2m)[22m[33m 890[2mms[22m[39m
   [33m[2m✓[22m[39m 007 initial gate: prepared compaction must resume through the integrated mandatory guard after reopen before first admission [33m 647[2mms[22m[39m
[90mstdout[2m | src/pi-durable-host.test.ts[2m > [22m[2mGuarded local host with real DO SQLite[2m > [22m[2mactually closes with request authority read 1 still pending
[22m[39m[002-authority-close] {"phase":"request","blockedRead":1,"id":"4723bb58-f15e-4718-98c8-4a29a9580349","generation":1,"started":1791473578817,"yield_at":1791473579817,"end_at":1791473580817,"state":"active","closedAt":1791473578935,"preparationPending":true}

 [32m✓[39m src/pi-durable-history.test.ts [2m([22m[2m26 tests[22m[2m)[22m[33m 2819[2mms[22m[39m
   [33m[2m✓[22m[39m exact bounded encrypted history[2m > [22mreopens a compacted conversation with completed tools and queued followup and sends the exact next prepared provider request [33m 417[2mms[22m[39m
[90mstdout[2m | src/pi-durable-host.test.ts[2m > [22m[2mGuarded local host with real DO SQLite[2m > [22m[2mactually closes with request authority read 2 still pending
[22m[39m[002-authority-close] {"phase":"request","blockedRead":2,"id":"64f5dce4-ce5e-4f24-9119-f005f1f5cc24","generation":1,"started":1791473579049,"yield_at":1791473580049,"end_at":1791473581049,"state":"active","closedAt":1791473579169,"preparationPending":true}

[90mstdout[2m | src/pi-durable-host.test.ts[2m > [22m[2mGuarded local host with real DO SQLite[2m > [22m[2mactually closes with tool authority read 1 still pending
[22m[39m[002-authority-close] {"phase":"tool","blockedRead":1,"id":"9647104d-9fa8-4b2d-a958-198ec558a24b","generation":1,"started":1791473579291,"yield_at":1791473580291,"end_at":1791473581291,"state":"active","closedAt":1791473579450,"preparationPending":true}

[90mstdout[2m | src/pi-durable-host.test.ts[2m > [22m[2mGuarded local host with real DO SQLite[2m > [22m[2mactually closes with tool authority read 2 still pending
[22m[39m[002-authority-close] {"phase":"tool","blockedRead":2,"id":"23fd7a81-4617-46f8-9d97-ea51579e1982","generation":1,"started":1791473579558,"yield_at":1791473580558,"end_at":1791473581558,"state":"active","closedAt":1791473579728,"preparationPending":true}

 [32m✓[39m src/pi-durable-storage.test.ts [2m([22m[2m41 tests[22m[2m)[22m[33m 6551[2mms[22m[39m
   [33m[2m✓[22m[39m encrypted DO SQLite[2m > [22mstreams long document tails across root replacement deltas [33m 2421[2mms[22m[39m
   [33m[2m✓[22m[39m encrypted storage transactions and integrity[2m > [22mrejects each compatibility field and a keyring that lacks the historical key [33m 347[2mms[22m[39m
   [33m[2m✓[22m[39m authenticated durable counters[2m > [22mrejects malformed, negative, noncanonical, and unsafe counter values [33m 580[2mms[22m[39m
[90mstdout[2m | src/pi-durable-host.test.ts[2m > [22m[2mGuarded local host with real DO SQLite[2m > [22m[2mcombines wall-clock yield and native alarms with joined event resources
[22m[39m[002-native-close] {"id":"de949b0a-1a02-4605-a692-69ba01d52f96","generation":1,"started":1791473587403,"yield_at":1791473588403,"end_at":1791473589403,"state":"active","closedAt":1791473588417,"remotePending":true}

 [32m✓[39m src/pi-durable-host.test.ts [2m([22m[2m55 tests[22m[2m)[22m[33m 18862[2mms[22m[39m
   [33m[2m✓[22m[39m Guarded local host with real DO SQLite[2m > [22mfences tool, accounts actual close, retains effects across two passive reopens [33m 318[2mms[22m[39m
   [33m[2m✓[22m[39m Guarded local host with real DO SQLite[2m > [22mdenies effects after result persistence fails, continuing unavailability=false [33m 419[2mms[22m[39m
   [33m[2m✓[22m[39m Guarded local host with real DO SQLite[2m > [22mdenies effects after result persistence fails, continuing unavailability=true [33m 419[2mms[22m[39m
   [33m[2m✓[22m[39m Guarded local host with real DO SQLite[2m > [22mblocks recovery across two reopens after safety-result-missing [33m 525[2mms[22m[39m
   [33m[2m✓[22m[39m Guarded local host with real DO SQLite[2m > [22mblocks recovery across two reopens after pi-result-missing [33m 522[2mms[22m[39m
   [33m[2m✓[22m[39m Guarded local host with real DO SQLite[2m > [22mencrypted adapter blocks recovery across two reopens after safety-result-missing [33m 404[2mms[22m[39m
   [33m[2m✓[22m[39m Guarded local host with real DO SQLite[2m > [22mencrypted adapter blocks recovery across two reopens after pi-result-missing [33m 395[2mms[22m[39m
   [33m[2m✓[22m[39m Guarded local host with real DO SQLite[2m > [22mrechecks tool admission after fresh authority changes to revoked [33m 393[2mms[22m[39m
   [33m[2m✓[22m[39m Guarded local host with real DO SQLite[2m > [22mrechecks tool admission after fresh authority changes to generation [33m 364[2mms[22m[39m
   [33m[2m✓[22m[39m Guarded local host with real DO SQLite[2m > [22mrechecks tool admission after fresh authority changes to executor [33m 364[2mms[22m[39m
   [33m[2m✓[22m[39m Guarded local host with real DO SQLite[2m > [22mrechecks tool admission after fresh authority changes to capacity [33m 349[2mms[22m[39m
   [33m[2m✓[22m[39m Guarded local host with real DO SQLite[2m > [22mconsumes a safety result only after Pi's public terminal tool receipt [33m 382[2mms[22m[39m
   [33m[2m✓[22m[39m Guarded local host with real DO SQLite[2m > [22mretains a live unknown shell while real Pi recovery and subsequent requests deny effects across two reopens [33m 449[2mms[22m[39m
   [33m[2m✓[22m[39m Guarded local host with real DO SQLite[2m > [22mcloses the real built-in retry sleep and allocates one new budget only after accounted close [33m 314[2mms[22m[39m
   [33m[2m✓[22m[39m Guarded local host with real DO SQLite[2m > [22mautomatic yield awaits actual close before the absolute 2000 ms end deadline [33m 1094[2mms[22m[39m
   [33m[2m✓[22m[39m Guarded local host with real DO SQLite[2m > [22mcombines wall-clock yield and native alarms with joined event resources [33m 1147[2mms[22m[39m
   [33m[2m✓[22m[39m Guarded local host with real DO SQLite[2m > [22malarm-reactivates real Pi retry on the same surviving DO without retire [33m 1967[2mms[22m[39m
   [33m[2m✓[22m[39m Guarded local host with real DO SQLite[2m > [22malarm-reconciles unknown tool on the same surviving DO without retire [33m 329[2mms[22m[39m
   [33m[2m✓[22m[39m Guarded local host with real DO SQLite[2m > [22mactivates passively and repairs retained intent without reattaching a host [33m 351[2mms[22m[39m
   [33m[2m✓[22m[39m Guarded local host with real DO SQLite[2m > [22mdenies adversarial generation before dispatch [33m 334[2mms[22m[39m
   [33m[2m✓[22m[39m Guarded local host with real DO SQLite[2m > [22mdenies adversarial executor before dispatch [33m 340[2mms[22m[39m
   [33m[2m✓[22m[39m Guarded local host with real DO SQLite[2m > [22mdenies adversarial capacity before dispatch [33m 328[2mms[22m[39m
   [33m[2m✓[22m[39m Guarded local host with real DO SQLite[2m > [22mnever abandons actual close when a public Storage cleanup fault overruns its deadline [33m 490[2mms[22m[39m
 [32m✓[39m src/pi-durable-effects.test.ts [2m([22m[2m62 tests[22m[2m)[22m[33m 26609[2mms[22m[39m
   [33m[2m✓[22m[39m identical durable result delivery is idempotent [33m 330[2mms[22m[39m
   [33m[2m✓[22m[39m actual Pi unsafe recovery attempts the next tool and model but neither dispatches through two reopens [33m 653[2mms[22m[39m
   [33m[2m✓[22m[39m completed synthetic mutations and follow-up membership survive reopen without repetition [33m 766[2mms[22m[39m
   [33m[2m✓[22m[39m conflicting result persists review block across reopen and new command [33m 304[2mms[22m[39m
   [33m[2m✓[22m[39m healthy later writes cannot clear a storage barrier but current trusted reconciliation can account for an undispatched admission [33m 427[2mms[22m[39m
   [33m[2m✓[22m[39m actual generation and unsafe tool persist structured exact membership before dispatch [33m 454[2mms[22m[39m
   [33m[2m✓[22m[39m lost shell result commit denies actual tool/model callbacks across two SQLite reopens, unavailable=false [33m 637[2mms[22m[39m
   [33m[2m✓[22m[39m lost shell result commit denies actual tool/model callbacks across two SQLite reopens, unavailable=true [33m 600[2mms[22m[39m
   [33m[2m✓[22m[39m unavailable failure marker is unnecessary for reopen denial from durable admitted shell [33m 493[2mms[22m[39m
   [33m[2m✓[22m[39m safety result before failed Pi commit is not original successful tool receipt [33m 518[2mms[22m[39m
   [33m[2m✓[22m[39m shell-replay is denied on actual registered tool before executor I/O [33m 436[2mms[22m[39m
   [33m[2m✓[22m[39m implicit-read is denied on actual registered tool before executor I/O [33m 428[2mms[22m[39m
   [33m[2m✓[22m[39m unsupported-write is denied on actual registered tool before executor I/O [33m 447[2mms[22m[39m
   [33m[2m✓[22m[39m read repeats are explicit new observations on distinct original calls, never replay of an unresolved call [33m 509[2mms[22m[39m
   [33m[2m✓[22m[39m uncooperative shell Stop is stopping, cancellation receipt is not termination [33m 378[2mms[22m[39m
   [33m[2m✓[22m[39m delayed old-run Stop never cancels later run or revives terminal completion [33m 387[2mms[22m[39m
   [33m[2m✓[22m[39m public committed retry evidence authorizes a separate summary attempt without reopening or guessing current task [33m 708[2mms[22m[39m
   [33m[2m✓[22m[39m known completed summary error retries after reopen with retained logical request and separately recorded spending [33m 487[2mms[22m[39m
   [33m[2m✓[22m[39m validated first summary preparation survives close without admitting an effect [33m 376[2mms[22m[39m
   [33m[2m✓[22m[39m missing first summary association after close denies the sole retained producer [33m 370[2mms[22m[39m
   [33m[2m✓[22m[39m corrupt first summary association after close denies the sole retained producer [33m 370[2mms[22m[39m
   [33m[2m✓[22m[39m selection handoff interrupted before Pi summarize commit remains exact or fails closed [33m 368[2mms[22m[39m
   [33m[2m✓[22m[39m selection handoff interrupted after Pi summarize commit remains exact or fails closed [33m 350[2mms[22m[39m
   [33m[2m✓[22m[39m stale epoch after validated summary preparation cannot admit an effect [33m 301[2mms[22m[39m
   [33m[2m✓[22m[39m owned blocking compaction excludes its actual waiting generation parent and preserves command membership [33m 466[2mms[22m[39m
   [33m[2m✓[22m[39m mixed actual generation and compaction producers deny both under one lane [33m 490[2mms[22m[39m
   [33m[2m✓[22m[39m unknown admitted summary blocks actual recovered requests through two SQLite reopens [33m 443[2mms[22m[39m
   [33m[2m✓[22m[39m authority during summary preparation denies actual dispatch [33m 311[2mms[22m[39m
   [33m[2m✓[22m[39m mapping during summary preparation denies actual dispatch [33m 321[2mms[22m[39m
   [33m[2m✓[22m[39m competition during summary preparation denies actual dispatch [33m 353[2mms[22m[39m
   [33m[2m✓[22m[39m normal compaction establishes hook-bound tuple and preserves completed summary across reopen [33m 359[2mms[22m[39m
   [33m[2m✓[22m[39m correction: native settled no-work alarms consume serviced reconciliation without past rearm [33m 3308[2mms[22m[39m
   [33m[2m✓[22m[39m correction: known final compaction error settles original run, retryable=false [33m 344[2mms[22m[39m
   [33m[2m✓[22m[39m correction: known final compaction error settles original run, retryable=true [33m 685[2mms[22m[39m
   [33m[2m✓[22m[39m correction: actual tool/manual-summary race reserves at most one operation and dispatch [33m 507[2mms[22m[39m
   [33m[2m✓[22m[39m correction: fixed recovery expiry is enforced after held preparation [33m 392[2mms[22m[39m
   [33m[2m✓[22m[39m correction: response-only recovery expiry rejects result before Pi consumes it [33m 410[2mms[22m[39m
   [33m[2m✓[22m[39m correction: trusted abrupt takeover fixes recovery from the prior durable bound [33m 348[2mms[22m[39m
   [33m[2m✓[22m[39m encrypted L1: guarded model and tool settle without a false integrity failure [33m 323[2mms[22m[39m
   [33m[2m✓[22m[39m encrypted L1: compaction, retry, and follow-up keep distinct IDs and context order [33m 822[2mms[22m[39m
   [33m[2m✓[22m[39m encrypted L1: stale Stop does not cancel a later completed run [33m 311[2mms[22m[39m
   [33m[2m✓[22m[39m encrypted L1: result loss and Pi commit loss both block two reopens [33m 519[2mms[22m[39m
   [33m[2m✓[22m[39m encrypted L1: retry seal failure fences before close and survives both orders [33m 485[2mms[22m[39m
[90mstdout[2m | src/pi-durable-summary.test.ts[2m > [22m[2mconfiguration authority wait joins close by admitted deadline, external cancellation=false, encrypted=false
[22m[39m007 configuration-close advisor probe {"encrypted":false,"externallyCanceled":false,"invocation":{"id":"b0a60f2f-95c5-43d2-9f1e-51f5c2dcf438","started":1791473670746,"yield_at":1791473680746,"end_at":1791473681746},"observedAt":1791473681798,"elapsedMs":1052,"configuration":{"state":"failed","at":1791473680746,"error":"The operation was aborted"},"close":{"state":"complete","at":1791473680756},"remoteSettled":false,"joinedConfiguration":{"state":"failed","at":1791473680746,"error":"The operation was aborted"},"joinedClose":{"state":"complete","at":1791473680756}}

[90mstdout[2m | src/pi-durable-summary.test.ts[2m > [22m[2mconfiguration authority wait joins close by admitted deadline, external cancellation=true, encrypted=false
[22m[39m007 configuration-close advisor probe {"encrypted":false,"externallyCanceled":true,"invocation":{"id":"1cfd7915-fe60-419d-90d6-0648a0be9f27","started":1791473671936,"yield_at":1791473681936,"end_at":1791473682936},"observedAt":1791473682987,"elapsedMs":1051,"configuration":{"state":"failed","at":1791473681937,"error":"The operation was aborted"},"close":{"state":"complete","at":1791473681947},"remoteSettled":false,"joinedConfiguration":{"state":"failed","at":1791473681937,"error":"The operation was aborted"},"joinedClose":{"state":"complete","at":1791473681947}}

[90mstdout[2m | src/pi-durable-summary.test.ts[2m > [22m[2mconfiguration authority wait joins close by admitted deadline, external cancellation=false, encrypted=true
[22m[39m007 configuration-close advisor probe {"encrypted":true,"externallyCanceled":false,"invocation":{"id":"c28cb970-ba96-49d6-9272-406498b62ace","started":1791473673123,"yield_at":1791473683123,"end_at":1791473684123},"observedAt":1791473684176,"elapsedMs":1053,"configuration":{"state":"failed","at":1791473683123,"error":"The operation was aborted"},"close":{"state":"complete","at":1791473683133},"remoteSettled":false,"joinedConfiguration":{"state":"failed","at":1791473683123,"error":"The operation was aborted"},"joinedClose":{"state":"complete","at":1791473683133}}

[90mstdout[2m | src/pi-durable-summary.test.ts[2m > [22m[2mconfiguration authority wait joins close by admitted deadline, external cancellation=true, encrypted=true
[22m[39m007 configuration-close advisor probe {"encrypted":true,"externallyCanceled":true,"invocation":{"id":"f37a8bf5-f1c1-40ef-8668-7037663b7a0e","started":1791473674306,"yield_at":1791473684306,"end_at":1791473685306},"observedAt":1791473685357,"elapsedMs":1051,"configuration":{"state":"failed","at":1791473684306,"error":"The operation was aborted"},"close":{"state":"complete","at":1791473684316},"remoteSettled":false,"joinedConfiguration":{"state":"failed","at":1791473684306,"error":"The operation was aborted"},"joinedClose":{"state":"complete","at":1791473684316}}

 [32m✓[39m src/pi-durable-summary.test.ts [2m([22m[2m118 tests[22m[2m)[22m[33m 39184[2mms[22m[39m
   [33m[2m✓[22m[39m custom summary places a real manual Pi receipt, encrypted=false [33m 435[2mms[22m[39m
   [33m[2m✓[22m[39m custom summary places a real automatic Pi receipt, encrypted=false [33m 569[2mms[22m[39m
   [33m[2m✓[22m[39m recorded success survives close before hook return and is accounted once, encrypted=false [33m 463[2mms[22m[39m
   [33m[2m✓[22m[39m unknown admitted custom summary blocks two reopens without a second attempt, encrypted=false [33m 447[2mms[22m[39m
   [33m[2m✓[22m[39m custom preparation-write persistence failure fences every later effect, encrypted=false [33m 334[2mms[22m[39m
   [33m[2m✓[22m[39m custom preparation-flush persistence failure fences every later effect, encrypted=false [33m 368[2mms[22m[39m
   [33m[2m✓[22m[39m custom result persistence failure fences every later effect, encrypted=false [33m 357[2mms[22m[39m
   [33m[2m✓[22m[39m custom summary-result-write persistence failure fences every later effect, encrypted=false [33m 343[2mms[22m[39m
   [33m[2m✓[22m[39m custom summary-result-flush persistence failure fences every later effect, encrypted=false [33m 345[2mms[22m[39m
   [33m[2m✓[22m[39m custom summary places a real manual Pi receipt, encrypted=true [33m 327[2mms[22m[39m
   [33m[2m✓[22m[39m custom summary places a real automatic Pi receipt, encrypted=true [33m 409[2mms[22m[39m
   [33m[2m✓[22m[39m recorded success survives close before hook return and is accounted once, encrypted=true [33m 373[2mms[22m[39m
   [33m[2m✓[22m[39m known custom failure error/0 settles the run with one nonrefundable attempt, encrypted=false [33m 354[2mms[22m[39m
   [33m[2m✓[22m[39m known custom failure aborted/0 settles the run with one nonrefundable attempt, encrypted=false [33m 340[2mms[22m[39m
   [33m[2m✓[22m[39m known custom failure stop/1 settles the run with one nonrefundable attempt, encrypted=false [33m 337[2mms[22m[39m
   [33m[2m✓[22m[39m known custom failure toolUse/1 settles the run with one nonrefundable attempt, encrypted=false [33m 346[2mms[22m[39m
   [33m[2m✓[22m[39m known custom failure stop/1 settles the run with one nonrefundable attempt, encrypted=false [33m 336[2mms[22m[39m
   [33m[2m✓[22m[39m custom summary epoch after preparation dispatches nothing [33m 343[2mms[22m[39m
   [33m[2m✓[22m[39m custom summary authority after preparation dispatches nothing [33m 302[2mms[22m[39m
   [33m[2m✓[22m[39m custom summary stop after preparation dispatches nothing [33m 320[2mms[22m[39m
   [33m[2m✓[22m[39m custom summary digest after preparation dispatches nothing [33m 316[2mms[22m[39m
   [33m[2m✓[22m[39m configuration at before custom preparation survives reopen, encrypted=false [33m 528[2mms[22m[39m
   [33m[2m✓[22m[39m configuration at after custom preparation survives reopen, encrypted=false [33m 499[2mms[22m[39m
   [33m[2m✓[22m[39m success at before actual Pi placement storage commit resumes without redispatch, encrypted=false [33m 518[2mms[22m[39m
   [33m[2m✓[22m[39m success at after actual Pi placement storage commit resumes without redispatch, encrypted=false [33m 363[2mms[22m[39m
   [33m[2m✓[22m[39m absent custom hook cannot dispatch stock fallback, encrypted=false [33m 304[2mms[22m[39m
   [33m[2m✓[22m[39m throwing custom hook cannot dispatch stock fallback, encrypted=false [33m 324[2mms[22m[39m
   [33m[2m✓[22m[39m custom response provider schema violation never places a summary, encrypted=false [33m 340[2mms[22m[39m
   [33m[2m✓[22m[39m custom response model schema violation never places a summary, encrypted=false [33m 341[2mms[22m[39m
   [33m[2m✓[22m[39m custom response usage schema violation never places a summary, encrypted=false [33m 348[2mms[22m[39m
   [33m[2m✓[22m[39m custom response timestamp schema violation never places a summary, encrypted=false [33m 353[2mms[22m[39m
   [33m[2m✓[22m[39m configuration at before custom preparation survives reopen, encrypted=true [33m 433[2mms[22m[39m
   [33m[2m✓[22m[39m configuration at after custom preparation survives reopen, encrypted=true [33m 431[2mms[22m[39m
   [33m[2m✓[22m[39m success at before actual Pi placement storage commit resumes without redispatch, encrypted=true [33m 318[2mms[22m[39m
   [33m[2m✓[22m[39m actual custom callback options must equal persisted payload [33m 303[2mms[22m[39m
   [33m[2m✓[22m[39m transport interruption retains uncertainty with one reservation, encrypted=false [33m 328[2mms[22m[39m
   [33m[2m✓[22m[39m forced configuration-winning transition holds asynchronous preparation, encrypted=false [33m 603[2mms[22m[39m
   [33m[2m✓[22m[39m forced preparation-winning transition holds asynchronous preparation, encrypted=false [33m 585[2mms[22m[39m
   [33m[2m✓[22m[39m forced configuration-winning transition holds asynchronous preparation, encrypted=true [33m 467[2mms[22m[39m
   [33m[2m✓[22m[39m forced preparation-winning transition holds asynchronous preparation, encrypted=true [33m 443[2mms[22m[39m
   [33m[2m✓[22m[39m owning transition releases after cancel-configuration during asynchronous preparation, encrypted=false [33m 354[2mms[22m[39m
   [33m[2m✓[22m[39m owning transition releases after stop during asynchronous preparation, encrypted=false [33m 382[2mms[22m[39m
   [33m[2m✓[22m[39m owning transition releases after preparation-failure during asynchronous preparation, encrypted=false [33m 354[2mms[22m[39m
   [33m[2m✓[22m[39m owning transition releases after cancel-configuration during asynchronous preparation, encrypted=true [33m 324[2mms[22m[39m
   [33m[2m✓[22m[39m automatic waiting parent recovers at before-preparation, encrypted=false [33m 508[2mms[22m[39m
   [33m[2m✓[22m[39m automatic waiting parent recovers at prepared, encrypted=false [33m 431[2mms[22m[39m
   [33m[2m✓[22m[39m automatic waiting parent recovers at result, encrypted=false [33m 314[2mms[22m[39m
   [33m[2m✓[22m[39m automatic waiting parent recovers at before-placement, encrypted=false [33m 323[2mms[22m[39m
   [33m[2m✓[22m[39m automatic waiting parent recovers at before-preparation, encrypted=true [33m 302[2mms[22m[39m
   [33m[2m✓[22m[39m automatic waiting parent recovers at result, encrypted=true [33m 308[2mms[22m[39m
   [33m[2m✓[22m[39m automatic waiting parent recovers at before-placement, encrypted=true [33m 325[2mms[22m[39m
   [33m[2m✓[22m[39m configuration authority wait joins close by admitted deadline, external cancellation=false, encrypted=false [33m 1191[2mms[22m[39m
   [33m[2m✓[22m[39m configuration authority wait joins close by admitted deadline, external cancellation=true, encrypted=false [33m 1185[2mms[22m[39m
   [33m[2m✓[22m[39m configuration authority wait joins close by admitted deadline, external cancellation=false, encrypted=true [33m 1180[2mms[22m[39m
   [33m[2m✓[22m[39m configuration authority wait joins close by admitted deadline, external cancellation=true, encrypted=true [33m 1179[2mms[22m[39m

[2m Test Files [22m [1m[32m11 passed[39m[22m[90m (11)[39m
[2m      Tests [22m [1m[32m337 passed[39m[22m[90m (337)[39m
[2m   Start at [22m 17:32:52
[2m   Duration [22m 42.74s[2m (transform 1.01s, setup 0ms, collect 8.76s, tests 97.25s, environment 2ms, prepare 3.60s)[22m

[vpw:debug] Shutting down runtimes...
[vpw:debug] Disposing remote proxy sessions...
