
[1m[46m RUN [49m[22m [36mv3.2.7 [39m[90m/home/ayan/ditto-execution/plan-007-recovery/apps/runtime[39m

[vpw:debug] Adding `enable_nodejs_tty_module` compatibility flag during tests as this feature is needed to support the Vitest runner.
[vpw:debug] Adding `enable_nodejs_fs_module` compatibility flag during tests as this feature is needed to support the Vitest runner.
[vpw:debug] Adding `enable_nodejs_http_modules` compatibility flag during tests as this feature is needed to support the Vitest runner.
[vpw:debug] Adding `enable_nodejs_perf_hooks_module` compatibility flag during tests as this feature is needed to support the Vitest runner.
[vpw:info] Starting isolated runtimes for vitest.config.ts...
[mf:warn] The latest compatibility date supported by the installed Cloudflare Workers Runtime is "2026-03-10",
but you've requested "2026-09-16". Falling back to "2026-03-10"...
[90mstdout[2m | src/pi-durable-summary.test.ts[2m > [22m[2mconfiguration authority wait joins close by admitted deadline, external cancellation=false, encrypted=false
[22m[39m007 configuration-close advisor probe {"encrypted":false,"externallyCanceled":false,"invocation":{"id":"5d37104e-1880-4659-a1d6-b308d8cd5d8f","started":1791486826976,"yield_at":1791486836976,"end_at":1791486837976},"observedAt":1791486838028,"elapsedMs":1052,"configuration":{"state":"failed","at":1791486836976,"error":"The operation was aborted"},"close":{"state":"complete","at":1791486836994},"remoteSettled":false,"joinedConfiguration":{"state":"failed","at":1791486836976,"error":"The operation was aborted"},"joinedClose":{"state":"complete","at":1791486836994}}

[90mstdout[2m | src/pi-durable-summary.test.ts[2m > [22m[2mconfiguration authority wait joins close by admitted deadline, external cancellation=true, encrypted=false
[22m[39m007 configuration-close advisor probe {"encrypted":false,"externallyCanceled":true,"invocation":{"id":"fdd6a1ee-27aa-4c49-b8eb-7b76e72bf044","started":1791486828250,"yield_at":1791486838250,"end_at":1791486839250},"observedAt":1791486839302,"elapsedMs":1052,"configuration":{"state":"failed","at":1791486838256,"error":"The operation was aborted"},"close":{"state":"complete","at":1791486838270},"remoteSettled":false,"joinedConfiguration":{"state":"failed","at":1791486838256,"error":"The operation was aborted"},"joinedClose":{"state":"complete","at":1791486838270}}

[90mstdout[2m | src/pi-durable-summary.test.ts[2m > [22m[2mconfiguration authority wait joins close by admitted deadline, external cancellation=false, encrypted=true
[22m[39m007 configuration-close advisor probe {"encrypted":true,"externallyCanceled":false,"invocation":{"id":"84d11b07-9485-40d8-a83e-7a636692159d","started":1791486829489,"yield_at":1791486839489,"end_at":1791486840489},"observedAt":1791486840540,"elapsedMs":1051,"configuration":{"state":"failed","at":1791486839489,"error":"The operation was aborted"},"close":{"state":"complete","at":1791486839501},"remoteSettled":false,"joinedConfiguration":{"state":"failed","at":1791486839489,"error":"The operation was aborted"},"joinedClose":{"state":"complete","at":1791486839501}}

[90mstdout[2m | src/pi-durable-summary.test.ts[2m > [22m[2mconfiguration authority wait joins close by admitted deadline, external cancellation=true, encrypted=true
[22m[39m007 configuration-close advisor probe {"encrypted":true,"externallyCanceled":true,"invocation":{"id":"3bfbf513-883f-4b19-9d5a-d846b925135b","started":1791486830730,"yield_at":1791486840730,"end_at":1791486841730},"observedAt":1791486841781,"elapsedMs":1051,"configuration":{"state":"failed","at":1791486840731,"error":"The operation was aborted"},"close":{"state":"complete","at":1791486840743},"remoteSettled":false,"joinedConfiguration":{"state":"failed","at":1791486840731,"error":"The operation was aborted"},"joinedClose":{"state":"complete","at":1791486840743}}

 [32m✓[39m src/pi-durable-summary.test.ts [2m([22m[2m118 tests[22m[2m | [22m[33m114 skipped[39m[2m)[22m[33m 4996[2mms[22m[39m
   [33m[2m✓[22m[39m configuration authority wait joins close by admitted deadline, external cancellation=false, encrypted=false [33m 1289[2mms[22m[39m
   [33m[2m✓[22m[39m configuration authority wait joins close by admitted deadline, external cancellation=true, encrypted=false [33m 1225[2mms[22m[39m
   [33m[2m✓[22m[39m configuration authority wait joins close by admitted deadline, external cancellation=false, encrypted=true [33m 1247[2mms[22m[39m
   [33m[2m✓[22m[39m configuration authority wait joins close by admitted deadline, external cancellation=true, encrypted=true [33m 1229[2mms[22m[39m

[2m Test Files [22m [1m[32m1 passed[39m[22m[90m (1)[39m
[2m      Tests [22m [1m[32m4 passed[39m[22m[2m | [22m[33m114 skipped[39m[90m (118)[39m
[2m   Start at [22m 21:12:44
[2m   Duration [22m 7.40s[2m (transform 422ms, setup 0ms, collect 769ms, tests 5.00s, environment 0ms, prepare 202ms)[22m

[vpw:debug] Shutting down runtimes...
[vpw:debug] Disposing remote proxy sessions...
