Warning: Route file "/home/ayan/ditto-execution/plan-007-recovery/apps/web/src/routes/project.$projectId.test.tsx" does not export a Route. This file will not be included in the route tree.

If this file is not intended to be a route, you can exclude it using one of these options:
  1. Rename the file to "/home/ayan/ditto-execution/plan-007-recovery/apps/web/src/routes/-project.$projectId.test.tsx" (prefix with "-")
  2. Use 'routeFileIgnorePattern' in your config to match this file

Current configuration:
  routeFileIgnorePrefix: "-"
  routeFileIgnorePattern: undefined
Warning: Route file "/home/ayan/ditto-execution/plan-007-recovery/apps/web/src/routes/api.agent.control.test.ts" does not export a Route. This file will not be included in the route tree.

If this file is not intended to be a route, you can exclude it using one of these options:
  1. Rename the file to "/home/ayan/ditto-execution/plan-007-recovery/apps/web/src/routes/-api.agent.control.test.ts" (prefix with "-")
  2. Use 'routeFileIgnorePattern' in your config to match this file

Current configuration:
  routeFileIgnorePrefix: "-"
  routeFileIgnorePattern: undefined
Warning: Route file "/home/ayan/ditto-execution/plan-007-recovery/apps/web/src/routes/api.agent.stream.test.ts" does not export a Route. This file will not be included in the route tree.

If this file is not intended to be a route, you can exclude it using one of these options:
  1. Rename the file to "/home/ayan/ditto-execution/plan-007-recovery/apps/web/src/routes/-api.agent.stream.test.ts" (prefix with "-")
  2. Use 'routeFileIgnorePattern' in your config to match this file

Current configuration:
  routeFileIgnorePrefix: "-"
  routeFileIgnorePattern: undefined

 RUN  v4.1.10 /home/ayan/ditto-execution/plan-007-recovery/apps/web


 Test Files  3 passed (3)
      Tests  44 passed (44)
   Start at  20:43:13
   Duration  418ms (transform 323ms, setup 0ms, import 390ms, tests 105ms, environment 0ms)

