$ pnpm contracts:verify && npm run contracts:check --prefix packages/session-brain && npm run typecheck --prefix packages/session-brain && npm test --prefix packages/session-brain && npm run build --prefix packages/session-brain
$ pnpm --filter @ditto/runtime-contracts typecheck && pnpm --filter @ditto/runtime-contracts exec vitest run && pnpm --filter @ditto/runtime-contracts build
$ tsc --noEmit

 RUN  v3.2.7 /home/ayan/ditto-worktrees/plan-004-grok/packages/runtime-contracts

 ✓ src/contracts.test.ts (14 tests) 11ms

 Test Files  1 passed (1)
      Tests  14 passed (14)
   Start at  15:43:40
   Duration  305ms (transform 102ms, setup 0ms, collect 116ms, tests 11ms, environment 0ms, prepare 55ms)

$ tsc -p tsconfig.json
npm notice run contracts:check
npm notice run vitest run src/pi-feasibility.test.ts -t contracts-consumer-freshness

 RUN  v3.2.7 /home/ayan/ditto-worktrees/plan-004-grok/packages/session-brain

 ✓ src/pi-feasibility.test.ts (6 tests | 3 skipped) 7016ms
   ✓ contracts-consumer-freshness > contracts-consumer-freshness: imported emitted JS/declarations match a fresh contracts build  539ms
   ✓ contracts-consumer-freshness > contracts-consumer-freshness: isolated npm copy is stale until the documented npm refresh recipe  6401ms

 Test Files  1 passed (1)
      Tests  3 passed | 3 skipped (6)
   Start at  15:43:42
   Duration  8.04s (transform 108ms, setup 0ms, collect 859ms, tests 7.02s, environment 0ms, prepare 48ms)

npm notice run typecheck
npm notice run tsc -p tsconfig.json --noEmit
npm notice run test
npm notice run vitest run

 RUN  v3.2.7 /home/ayan/ditto-worktrees/plan-004-grok/packages/session-brain

 ✓ src/pi-restoration.test.ts (3 tests) 27ms
 ✓ src/pi-feasibility.test.ts (6 tests) 16371ms
   ✓ contracts-consumer-freshness > contracts-consumer-freshness: imported emitted JS/declarations match a fresh contracts build  584ms
   ✓ contracts-consumer-freshness > contracts-consumer-freshness: isolated npm copy is stale until the documented npm refresh recipe  15615ms
 ✓ src/pi-recovery.test.ts (34 tests) 19911ms
   ✓ awaited durability barriers > initial-command: SIGKILL before-persist and restart  3162ms
   ✓ awaited durability barriers > initial-command: SIGKILL after-persist-before-ack and restart  4405ms
   ✓ awaited durability barriers > initial-command: SIGKILL after-ack-before-next and restart  3819ms
   ✓ awaited durability barriers > follow-up: SIGKILL before-persist and restart  4182ms
   ✓ awaited durability barriers > follow-up: SIGKILL after-persist-before-ack and restart  4384ms
   ✓ awaited durability barriers > follow-up: SIGKILL after-ack-before-next and restart  4056ms
   ✓ awaited durability barriers > assistant-tools: SIGKILL before-persist and restart  4130ms
   ✓ awaited durability barriers > assistant-tools: SIGKILL after-persist-before-ack and restart  4747ms
   ✓ awaited durability barriers > assistant-tools: SIGKILL after-ack-before-next and restart  4983ms
   ✓ awaited durability barriers > tool-result: SIGKILL before-persist and restart  3656ms
   ✓ awaited durability barriers > tool-result: SIGKILL after-persist-before-ack and restart  4424ms
   ✓ awaited durability barriers > tool-result: SIGKILL after-ack-before-next and restart  4100ms
   ✓ awaited durability barriers > final-answer: SIGKILL before-persist and restart  4537ms
   ✓ awaited durability barriers > final-answer: SIGKILL after-persist-before-ack and restart  4358ms
   ✓ awaited durability barriers > final-answer: SIGKILL after-ack-before-next and restart  4206ms
   ✓ awaited durability barriers > compaction: SIGKILL before-persist and restart  4292ms
   ✓ awaited durability barriers > compaction: SIGKILL after-persist-before-ack and restart  3458ms
   ✓ awaited durability barriers > compaction: SIGKILL after-ack-before-next and restart  4045ms
   ✓ awaited durability barriers > extension-state: SIGKILL before-persist and restart  3789ms
   ✓ awaited durability barriers > extension-state: SIGKILL after-persist-before-ack and restart  3831ms
   ✓ awaited durability barriers > extension-state: SIGKILL after-ack-before-next and restart  2965ms
   ✓ awaited durability barriers > spending-attempt: SIGKILL before-persist and restart  2817ms
   ✓ awaited durability barriers > spending-attempt: SIGKILL after-persist-before-ack and restart  2539ms
   ✓ awaited durability barriers > spending-attempt: SIGKILL after-ack-before-next and restart  2201ms

 Test Files  3 passed (3)
      Tests  43 passed (43)
   Start at  15:43:54
   Duration  20.97s (transform 167ms, setup 0ms, collect 2.64s, tests 36.31s, environment 0ms, prepare 163ms)

npm notice run build
npm notice run tsc -p tsconfig.json
