{"name":"P01 real ProductEntrypoint reconstructs an admitted persisted command","result":"PASS","observed":{"reconstructed":true}}
{"name":"P02 positive control: current fixture reaches effect and identical result dedupe","result":"PASS","observed":{"admission":"admitted","first":"result_recorded","duplicate":"result_recorded"}}
{"name":"P03 legacy lease alone does not replace brain capacity and initial-pair prerequisites","result":"PASS","observed":{"admitted":false}}
{"name":"P04 execution rejects identity role project_seed","result":"PASS","observed":{"admitted":false}}
{"name":"P04 execution rejects identity role trusted_brain","result":"PASS","observed":{"admitted":false}}
{"name":"P05 identity lease must match exact execution identity","result":"PASS","observed":{"admitted":false}}
{"name":"P06 different tools serialize across one workspace","result":"PASS","observed":{"secondAdmitted":false}}
{"name":"P07 unknown effect blocks a distinct replacement run too","result":"PASS","observed":{"replacementAdmitted":false,"oldEffectState":"outcome_unknown"}}
{"name":"P08 unrelated isolation reference never authorizes a replacement writer","result":"PASS","observed":{"replacementAdmitted":false,"oldRunState":"stopping"}}
{"name":"P09 actual effect INSERT failure latches every subsequent effect","result":"PASS","observed":{"faultHit":true,"firstAdmitted":false,"nextAdmitted":false}}
{"name":"P10 effect assistant identity must belong to its exact run","result":"PASS","observed":{"foreignRunAssistantAccepted":false}}
{"name":"P11 stopped A cannot write a continuation by implicitly borrowing queued B","result":"PASS","observed":{"staleCommitAccepted":false}}
{"name":"P12 continuation checks the latest authority after encryption","result":"PASS","observed":{"reads":2,"staleCommitAccepted":false}}
{"name":"P13 revoked authority cannot obtain decrypted canonical continuation","result":"PASS","observed":{"plaintextReturned":false}}
{"name":"P14 positive control: inline continuation round-trips","result":"PASS","observed":{"roundTrip":true}}
{"name":"P15 large committed continuation round-trips and survives restart","result":"PASS","observed":{"readable":true}}
{"name":"P16 corrupt retained large chunks block admission after restart","result":"PASS","observed":{"effectAdmitted":false}}
{"name":"P17 corrupt retained effect result blocks admission after restart","result":"PASS","observed":{"effectAdmitted":false}}
{"name":"P18 repeated identical command projection is acknowledged idempotently","result":"PASS","observed":{"first":"applied","duplicate":"already_applied"}}
{"name":"P19 real command membership cannot be reassigned to a different run","result":"PASS","observed":{"unrelatedAssistantStatus":"pending","classifications":["blocked_membership","blocked_membership"]}}
{"name":"P20 unauthorized envelope cannot advance cursor of an already-terminal target","result":"PASS","observed":{"cursorOwner":1,"cursorSequence":10,"classification":"immutable_completed"}}
{"name":"P21 declared session projection is not silently acknowledged without target logic","result":"PASS","observed":{"classification":"blocked_membership"}}
{"name":"P22 positive control: successful final content projection is non-vacuous","result":"PASS","observed":{"status":"complete","contentBytes":22,"classification":"applied"}}
{"name":"P23 interruption itself schedules the persisted recovery deadline","result":"PASS","observed":{"schedulerCalls":1}}
{"name":"P24 expired admitted effect is reconciled rather than scheduled forever in the past","result":"PASS","observed":{"state":"outcome_unknown","nextInPast":false}}
{"name":"P25 missing predecessor uses future backoff, not immediate reschedule","result":"PASS","observed":{"nextDeadlineDelta":1000}}
{"name":"P26 snapshot settles follow-up assistants consistently with D1","result":"PASS","observed":{"snapshotStatus":"failed","d1Status":"failed"}}
{"name":"P27 active effect result after Stop eventually completes stopping reconciliation","result":"PASS","observed":{"runState":"canceled","pendingWakeups":2,"hasNext":true}}
{"checks":28,"failures":0}
