$ pnpm contracts:verify && npm run contracts:check --prefix packages/session-brain && npm run typecheck --prefix packages/session-brain && npm test --prefix packages/session-brain && npm run build --prefix packages/session-brain
$ pnpm --filter @ditto/runtime-contracts typecheck && pnpm --filter @ditto/runtime-contracts exec vitest run && pnpm --filter @ditto/runtime-contracts build
$ tsc --noEmit

 RUN  v3.2.7 /home/ayan/ditto-worktrees/plan-004-grok/packages/runtime-contracts

 ✓ src/contracts.test.ts (14 tests) 11ms

 Test Files  1 passed (1)
      Tests  14 passed (14)
   Start at  09:10:53
   Duration  366ms (transform 115ms, setup 0ms, collect 121ms, tests 11ms, environment 0ms, prepare 83ms)

$ tsc -p tsconfig.json
npm notice run contracts:check
npm notice run vitest run src/pi-feasibility.test.ts -t contracts-consumer-freshness

 RUN  v3.2.7 /home/ayan/ditto-worktrees/plan-004-grok/packages/session-brain

 ✓ src/pi-feasibility.test.ts (6 tests | 3 skipped) 7063ms
   ✓ contracts-consumer-freshness > contracts-consumer-freshness: imported emitted JS/declarations match a fresh contracts build  557ms
   ✓ contracts-consumer-freshness > contracts-consumer-freshness: isolated npm copy is stale until the documented npm refresh recipe  6444ms

 Test Files  1 passed (1)
      Tests  3 passed | 3 skipped (6)
   Start at  09:10:55
   Duration  8.07s (transform 105ms, setup 0ms, collect 825ms, tests 7.06s, environment 0ms, prepare 62ms)

npm notice run typecheck
npm notice run tsc -p tsconfig.json --noEmit
npm notice run test
npm notice run vitest run

 RUN  v3.2.7 /home/ayan/ditto-worktrees/plan-004-grok/packages/session-brain

 ✓ src/pi-restoration.test.ts (3 tests) 9ms
 ✓ src/pi-feasibility.test.ts (6 tests) 16450ms
   ✓ contracts-consumer-freshness > contracts-consumer-freshness: imported emitted JS/declarations match a fresh contracts build  553ms
   ✓ contracts-consumer-freshness > contracts-consumer-freshness: isolated npm copy is stale until the documented npm refresh recipe  15680ms
 ✓ src/pi-recovery.test.ts (34 tests) 22003ms
   ✓ awaited durability barriers > initial-command: SIGKILL before-persist and restart  3421ms
   ✓ awaited durability barriers > initial-command: SIGKILL after-persist-before-ack and restart  4245ms
   ✓ awaited durability barriers > initial-command: SIGKILL after-ack-before-next and restart  4047ms
   ✓ awaited durability barriers > follow-up: SIGKILL before-persist and restart  4277ms
   ✓ awaited durability barriers > follow-up: SIGKILL after-persist-before-ack and restart  4338ms
   ✓ awaited durability barriers > follow-up: SIGKILL after-ack-before-next and restart  3828ms
   ✓ awaited durability barriers > assistant-tools: SIGKILL before-persist and restart  4032ms
   ✓ awaited durability barriers > assistant-tools: SIGKILL after-persist-before-ack and restart  3877ms
   ✓ awaited durability barriers > assistant-tools: SIGKILL after-ack-before-next and restart  4227ms
   ✓ awaited durability barriers > tool-result: SIGKILL before-persist and restart  3811ms
   ✓ awaited durability barriers > tool-result: SIGKILL after-persist-before-ack and restart  4594ms
   ✓ awaited durability barriers > tool-result: SIGKILL after-ack-before-next and restart  4634ms
   ✓ awaited durability barriers > final-answer: SIGKILL before-persist and restart  4252ms
   ✓ awaited durability barriers > final-answer: SIGKILL after-persist-before-ack and restart  3736ms
   ✓ awaited durability barriers > final-answer: SIGKILL after-ack-before-next and restart  4345ms
   ✓ awaited durability barriers > compaction: SIGKILL before-persist and restart  4654ms
   ✓ awaited durability barriers > compaction: SIGKILL after-persist-before-ack and restart  4591ms
   ✓ awaited durability barriers > compaction: SIGKILL after-ack-before-next and restart  4406ms
   ✓ awaited durability barriers > extension-state: SIGKILL before-persist and restart  4808ms
   ✓ awaited durability barriers > extension-state: SIGKILL after-persist-before-ack and restart  4377ms
   ✓ awaited durability barriers > extension-state: SIGKILL after-ack-before-next and restart  4394ms
   ✓ awaited durability barriers > spending-attempt: SIGKILL before-persist and restart  4207ms
   ✓ awaited durability barriers > spending-attempt: SIGKILL after-persist-before-ack and restart  4106ms
   ✓ awaited durability barriers > spending-attempt: SIGKILL after-ack-before-next and restart  4070ms

 Test Files  3 passed (3)
      Tests  43 passed (43)
   Start at  09:11:07
   Duration  23.16s (transform 181ms, setup 0ms, collect 2.87s, tests 38.46s, environment 1ms, prepare 172ms)

npm notice run build
npm notice run tsc -p tsconfig.json
