$ pnpm --filter @ditto/runtime typecheck && node --test apps/runtime/src/pi-durable-imports.test.mjs scripts/pi-durable-host-auth.test.mjs && pnpm --filter @ditto/runtime exec vitest run
$ tsc --noEmit && tsc --noEmit -p tsconfig.forbidden-bindings.json
✔ audits the candidate's static imports, variable importer and closed auth path (328.743279ms)
✔ rejects filesystem and process execution imports, including variable specifiers (1552.996652ms)
✔ rejects omitted closed auth, escaped default auth and additional Models callers (1341.817533ms)
[96mAlchemy[0m (v0.93.12)
App: synthetic-auth
Phase: up
Stage: dev
✔ selects only host auth keys without exporting dotenv values (83.008601ms)
✔ invalid credentials and split logs cannot expose selected values (12.607943ms)
✔ public resource auth keeps inherited Docker child environment credential-free (199.400115ms)
ℹ tests 6
ℹ suites 0
ℹ pass 6
ℹ fail 0
ℹ cancelled 0
ℹ skipped 0
ℹ todo 0
ℹ duration_ms 4164.983043

[1m[46m RUN [49m[22m [36mv3.2.7 [39m[90m/tmp/ditto-plan-006-o6dok7/apps/runtime[39m

[vpw:debug] Adding `enable_nodejs_tty_module` compatibility flag during tests as this feature is needed to support the Vitest runner.
[vpw:debug] Adding `enable_nodejs_fs_module` compatibility flag during tests as this feature is needed to support the Vitest runner.
[vpw:debug] Adding `enable_nodejs_http_modules` compatibility flag during tests as this feature is needed to support the Vitest runner.
[vpw:debug] Adding `enable_nodejs_perf_hooks_module` compatibility flag during tests as this feature is needed to support the Vitest runner.
[vpw:info] Starting isolated runtimes for vitest.config.ts...
[mf:warn] The latest compatibility date supported by the installed Cloudflare Workers Runtime is "2026-03-10",
but you've requested "2026-09-16". Falling back to "2026-03-10"...
[mf:warn] The latest compatibility date supported by the installed Cloudflare Workers Runtime is "2026-03-10",
but you've requested "2026-09-16". Falling back to "2026-03-10"...
[mf:warn] The latest compatibility date supported by the installed Cloudflare Workers Runtime is "2026-03-10",
but you've requested "2026-09-16". Falling back to "2026-03-10"...
[mf:warn] The latest compatibility date supported by the installed Cloudflare Workers Runtime is "2026-03-10",
but you've requested "2026-09-16". Falling back to "2026-03-10"...
[mf:warn] The latest compatibility date supported by the installed Cloudflare Workers Runtime is "2026-03-10",
but you've requested "2026-09-16". Falling back to "2026-03-10"...
[mf:warn] The latest compatibility date supported by the installed Cloudflare Workers Runtime is "2026-03-10",
but you've requested "2026-09-16". Falling back to "2026-03-10"...
[mf:warn] The latest compatibility date supported by the installed Cloudflare Workers Runtime is "2026-03-10",
but you've requested "2026-09-16". Falling back to "2026-03-10"...
[mf:warn] The latest compatibility date supported by the installed Cloudflare Workers Runtime is "2026-03-10",
but you've requested "2026-09-16". Falling back to "2026-03-10"...
[mf:warn] The latest compatibility date supported by the installed Cloudflare Workers Runtime is "2026-03-10",
but you've requested "2026-09-16". Falling back to "2026-03-10"...
 [32m✓[39m src/forbidden-import-graph.test.ts [2m([22m[2m1 test[22m[2m)[22m[32m 159[2mms[22m[39m
 [32m✓[39m src/runtime-crypto.test.ts [2m([22m[2m5 tests[22m[2m)[22m[33m 348[2mms[22m[39m
 [32m✓[39m src/feasibility.test.ts [2m([22m[2m19 tests[22m[2m)[22m[33m 412[2mms[22m[39m
 [32m✓[39m src/pi-durable-compatibility.test.ts [2m([22m[2m3 tests[22m[2m)[22m[33m 690[2mms[22m[39m
 [32m✓[39m src/pi-durable-encrypted-corrections.test.ts [2m([22m[2m5 tests[22m[2m)[22m[33m 764[2mms[22m[39m
[90mstdout[2m | src/pi-durable-host.test.ts[2m > [22m[2mGuarded local host with real DO SQLite[2m > [22m[2mactually closes with request authority read 1 still pending
[22m[39m[002-authority-close] {"phase":"request","blockedRead":1,"id":"286440a8-9322-4e24-ad23-2ad3e26e7f06","generation":1,"started":1791398642538,"yield_at":1791398643538,"end_at":1791398644538,"state":"active","closedAt":1791398642655,"preparationPending":true}

[90mstdout[2m | src/pi-durable-host.test.ts[2m > [22m[2mGuarded local host with real DO SQLite[2m > [22m[2mactually closes with request authority read 2 still pending
[22m[39m[002-authority-close] {"phase":"request","blockedRead":2,"id":"a1b9a4d0-36af-415d-b230-3c12ea87952c","generation":1,"started":1791398642761,"yield_at":1791398643761,"end_at":1791398644761,"state":"active","closedAt":1791398642891,"preparationPending":true}

 [32m✓[39m src/pi-durable-history.test.ts [2m([22m[2m26 tests[22m[2m)[22m[33m 3042[2mms[22m[39m
   [33m[2m✓[22m[39m exact bounded encrypted history[2m > [22mreopens a compacted conversation with completed tools and queued followup and sends the exact next prepared provider request [33m 480[2mms[22m[39m
[90mstdout[2m | src/pi-durable-host.test.ts[2m > [22m[2mGuarded local host with real DO SQLite[2m > [22m[2mactually closes with tool authority read 1 still pending
[22m[39m[002-authority-close] {"phase":"tool","blockedRead":1,"id":"8d78fdc6-1837-407e-9b79-4b40fd6295ed","generation":1,"started":1791398643007,"yield_at":1791398644007,"end_at":1791398645007,"state":"active","closedAt":1791398643165,"preparationPending":true}

[90mstdout[2m | src/pi-durable-host.test.ts[2m > [22m[2mGuarded local host with real DO SQLite[2m > [22m[2mactually closes with tool authority read 2 still pending
[22m[39m[002-authority-close] {"phase":"tool","blockedRead":2,"id":"fe601688-bc3e-4dca-bfcf-4442293d23ee","generation":1,"started":1791398643267,"yield_at":1791398644267,"end_at":1791398645267,"state":"active","closedAt":1791398643429,"preparationPending":true}

 [32m✓[39m src/pi-durable-storage.test.ts [2m([22m[2m41 tests[22m[2m)[22m[33m 7132[2mms[22m[39m
   [33m[2m✓[22m[39m encrypted DO SQLite[2m > [22mstreams long document tails across root replacement deltas [33m 2806[2mms[22m[39m
   [33m[2m✓[22m[39m encrypted storage transactions and integrity[2m > [22mrejects each compatibility field and a keyring that lacks the historical key [33m 369[2mms[22m[39m
   [33m[2m✓[22m[39m authenticated durable counters[2m > [22mrejects malformed, negative, noncanonical, and unsafe counter values [33m 520[2mms[22m[39m
[90mstdout[2m | src/pi-durable-host.test.ts[2m > [22m[2mGuarded local host with real DO SQLite[2m > [22m[2mcombines wall-clock yield and native alarms with joined event resources
[22m[39m[002-native-close] {"id":"db87dd5d-168d-4eda-937b-f3f0af13d306","generation":1,"started":1791398650869,"yield_at":1791398651869,"end_at":1791398652869,"state":"active","closedAt":1791398651885,"remotePending":true}

 [32m✓[39m src/pi-durable-host.test.ts [2m([22m[2m55 tests[22m[2m)[22m[33m 18563[2mms[22m[39m
   [33m[2m✓[22m[39m Guarded local host with real DO SQLite[2m > [22mfences stream, accounts actual close, retains effects across two passive reopens [33m 313[2mms[22m[39m
   [33m[2m✓[22m[39m Guarded local host with real DO SQLite[2m > [22mfences tool, accounts actual close, retains effects across two passive reopens [33m 308[2mms[22m[39m
   [33m[2m✓[22m[39m Guarded local host with real DO SQLite[2m > [22mdenies effects after result persistence fails, continuing unavailability=false [33m 400[2mms[22m[39m
   [33m[2m✓[22m[39m Guarded local host with real DO SQLite[2m > [22mdenies effects after result persistence fails, continuing unavailability=true [33m 383[2mms[22m[39m
   [33m[2m✓[22m[39m Guarded local host with real DO SQLite[2m > [22mblocks recovery across two reopens after safety-result-missing [33m 520[2mms[22m[39m
   [33m[2m✓[22m[39m Guarded local host with real DO SQLite[2m > [22mblocks recovery across two reopens after pi-result-missing [33m 500[2mms[22m[39m
   [33m[2m✓[22m[39m Guarded local host with real DO SQLite[2m > [22mencrypted adapter blocks recovery across two reopens after safety-result-missing [33m 391[2mms[22m[39m
   [33m[2m✓[22m[39m Guarded local host with real DO SQLite[2m > [22mencrypted adapter blocks recovery across two reopens after pi-result-missing [33m 485[2mms[22m[39m
   [33m[2m✓[22m[39m Guarded local host with real DO SQLite[2m > [22mrechecks tool admission after fresh authority changes to revoked [33m 350[2mms[22m[39m
   [33m[2m✓[22m[39m Guarded local host with real DO SQLite[2m > [22mrechecks tool admission after fresh authority changes to generation [33m 349[2mms[22m[39m
   [33m[2m✓[22m[39m Guarded local host with real DO SQLite[2m > [22mrechecks tool admission after fresh authority changes to executor [33m 391[2mms[22m[39m
   [33m[2m✓[22m[39m Guarded local host with real DO SQLite[2m > [22mrechecks tool admission after fresh authority changes to capacity [33m 336[2mms[22m[39m
   [33m[2m✓[22m[39m Guarded local host with real DO SQLite[2m > [22mconsumes a safety result only after Pi's public terminal tool receipt [33m 350[2mms[22m[39m
   [33m[2m✓[22m[39m Guarded local host with real DO SQLite[2m > [22mretains a live unknown shell while real Pi recovery and subsequent requests deny effects across two reopens [33m 422[2mms[22m[39m
   [33m[2m✓[22m[39m Guarded local host with real DO SQLite[2m > [22mautomatic yield awaits actual close before the absolute 2000 ms end deadline [33m 1076[2mms[22m[39m
   [33m[2m✓[22m[39m Guarded local host with real DO SQLite[2m > [22mcombines wall-clock yield and native alarms with joined event resources [33m 1154[2mms[22m[39m
   [33m[2m✓[22m[39m Guarded local host with real DO SQLite[2m > [22malarm-reactivates real Pi retry on the same surviving DO without retire [33m 2663[2mms[22m[39m
   [33m[2m✓[22m[39m Guarded local host with real DO SQLite[2m > [22mdenies adversarial generation before dispatch [33m 328[2mms[22m[39m
   [33m[2m✓[22m[39m Guarded local host with real DO SQLite[2m > [22mdenies adversarial executor before dispatch [33m 320[2mms[22m[39m
   [33m[2m✓[22m[39m Guarded local host with real DO SQLite[2m > [22mnever abandons actual close when a public Storage cleanup fault overruns its deadline [33m 492[2mms[22m[39m
 [32m✓[39m src/pi-durable-effects.test.ts [2m([22m[2m53 tests[22m[2m)[22m[33m 22132[2mms[22m[39m
   [33m[2m✓[22m[39m identical durable result delivery is idempotent [33m 383[2mms[22m[39m
   [33m[2m✓[22m[39m actual Pi unsafe recovery attempts the next tool and model but neither dispatches through two reopens [33m 642[2mms[22m[39m
   [33m[2m✓[22m[39m completed synthetic mutations and follow-up membership survive reopen without repetition [33m 803[2mms[22m[39m
   [33m[2m✓[22m[39m conflicting result persists review block across reopen and new command [33m 306[2mms[22m[39m
   [33m[2m✓[22m[39m healthy later writes cannot clear a storage barrier but current trusted reconciliation can account for an undispatched admission [33m 376[2mms[22m[39m
   [33m[2m✓[22m[39m actual generation and unsafe tool persist structured exact membership before dispatch [33m 466[2mms[22m[39m
   [33m[2m✓[22m[39m lost shell result commit denies actual tool/model callbacks across two SQLite reopens, unavailable=false [33m 604[2mms[22m[39m
   [33m[2m✓[22m[39m lost shell result commit denies actual tool/model callbacks across two SQLite reopens, unavailable=true [33m 548[2mms[22m[39m
   [33m[2m✓[22m[39m unavailable failure marker is unnecessary for reopen denial from durable admitted shell [33m 453[2mms[22m[39m
   [33m[2m✓[22m[39m safety result before failed Pi commit is not original successful tool receipt [33m 452[2mms[22m[39m
   [33m[2m✓[22m[39m shell-replay is denied on actual registered tool before executor I/O [33m 492[2mms[22m[39m
   [33m[2m✓[22m[39m implicit-read is denied on actual registered tool before executor I/O [33m 460[2mms[22m[39m
   [33m[2m✓[22m[39m unsupported-write is denied on actual registered tool before executor I/O [33m 409[2mms[22m[39m
   [33m[2m✓[22m[39m read repeats are explicit new observations on distinct original calls, never replay of an unresolved call [33m 507[2mms[22m[39m
   [33m[2m✓[22m[39m uncooperative shell Stop is stopping, cancellation receipt is not termination [33m 353[2mms[22m[39m
   [33m[2m✓[22m[39m delayed old-run Stop never cancels later run or revives terminal completion [33m 368[2mms[22m[39m
   [33m[2m✓[22m[39m public committed retry evidence authorizes a separate summary attempt without reopening or guessing current task [33m 662[2mms[22m[39m
   [33m[2m✓[22m[39m unknown admitted summary blocks actual recovered requests through two SQLite reopens [33m 406[2mms[22m[39m
   [33m[2m✓[22m[39m normal compaction establishes hook-bound tuple and preserves completed summary across reopen [33m 1080[2mms[22m[39m
   [33m[2m✓[22m[39m correction: native settled no-work alarms consume serviced reconciliation without past rearm [33m 3301[2mms[22m[39m
   [33m[2m✓[22m[39m correction: known final compaction error settles original run, retryable=false [33m 337[2mms[22m[39m
   [33m[2m✓[22m[39m correction: known final compaction error settles original run, retryable=true [33m 670[2mms[22m[39m
   [33m[2m✓[22m[39m correction: actual tool/manual-summary race reserves at most one operation and dispatch [33m 478[2mms[22m[39m
   [33m[2m✓[22m[39m correction: fixed recovery expiry is enforced after held preparation [33m 306[2mms[22m[39m
   [33m[2m✓[22m[39m correction: response-only recovery expiry rejects result before Pi consumes it [33m 323[2mms[22m[39m
   [33m[2m✓[22m[39m correction: trusted abrupt takeover fixes recovery from the prior durable bound [33m 315[2mms[22m[39m
   [33m[2m✓[22m[39m encrypted L1: compaction, retry, and follow-up keep distinct IDs and context order [33m 731[2mms[22m[39m
   [33m[2m✓[22m[39m encrypted L1: result loss and Pi commit loss both block two reopens [33m 473[2mms[22m[39m
   [33m[2m✓[22m[39m encrypted L1: retry seal failure fences before close and survives both orders [33m 364[2mms[22m[39m

[2m Test Files [22m [1m[32m9 passed[39m[22m[90m (9)[39m
[2m      Tests [22m [1m[32m208 passed[39m[22m[90m (208)[39m
[2m   Start at [22m 20:43:56
[2m   Duration [22m 23.89s[2m (transform 616ms, setup 0ms, collect 6.37s, tests 53.24s, environment 2ms, prepare 2.54s)[22m

[vpw:debug] Shutting down runtimes...
[vpw:debug] Disposing remote proxy sessions...
