{"metadataUnchangedBeforeRead":true,"refreshDispatches":2,"status":"connected"}
✖ replacing ciphertext alone cannot dispatch a previously spent fixture refresh (434.233416ms)
ℹ tests 1
ℹ suites 0
ℹ pass 0
ℹ fail 1
ℹ cancelled 0
ℹ skipped 0
ℹ todo 0
ℹ duration_ms 647.237896

✖ failing tests:

test at plans/evidence/006-advisor-record-revision-probe.mjs:27:1
✖ replacing ciphertext alone cannot dispatch a previously spent fixture refresh (434.233416ms)
  AssertionError [ERR_ASSERTION]: previously spent fixture refresh was dispatched again
  
  2 !== 1
  
      at TestContext.<anonymous> (file:///tmp/ditto-plan-006-o6dok7/plans/evidence/006-advisor-record-revision-probe.mjs:64:10)
      at process.processTicksAndRejections (node:internal/process/task_queues:104:5)
      at async Test.run (node:internal/test_runner/test:1409:7)
      at async startSubtestAfterBootstrap (node:internal/test_runner/harness:387:3) {
    generatedMessage: false,
    code: 'ERR_ASSERTION',
    actual: 2,
    expected: 1,
    operator: 'strictEqual',
    diff: 'simple'
  }
