{"name":"private delivery and control route to the same workspace coordinator as observation","result":"PASS","observed":{"routes":["workspace-a","workspace-a","workspace-a"]}}
{"name":"Container class has a usable reconstruction adapter","result":"PASS","observed":{"accepted":true,"hasEffectMethod":true,"hasContinuationMethod":true}}
{"name":"coordinator rejects an old accepted owner version after ownership transfer","result":"PASS","observed":{"accepted":false,"runCount":0}}
{"name":"handoff ownerVersion must match persisted command authority","result":"PASS","observed":{"accepted":false}}
{"name":"effect admission denies archived","result":"PASS","observed":{"accepted":false}}
{"name":"effect admission denies deleting","result":"PASS","observed":{"accepted":false}}
{"name":"effect admission denies wrong_lifecycle","result":"PASS","observed":{"accepted":false}}
{"name":"effect admission denies missing_identity","result":"PASS","observed":{"accepted":false}}
{"name":"uncooperative Stop stays nonterminal and blocks a replacement writer","result":"PASS","observed":{"stoppedRunState":"stopping","unresolved":1,"replacementEffectAdmitted":false}}
{"name":"Stop of A does not invalidate a distinct later run B follow-up","result":"PASS","observed":{"followUpState":"consumed"}}
{"name":"terminal Stop settles every pending assistant belonging to its run","result":"PASS","observed":{"statuses":["failed","failed"],"projectionLag":0}}
{"name":"late prompt canceled by Stop has its assistant settled","result":"PASS","observed":{"statuses":["failed"],"commandState":"canceled"}}
{"name":"durable cancellation resolves a missing predecessor without delivering canceled work","result":"PASS","observed":{"nextCommandStatus":"consumed"}}
{"name":"expired queued work settles without creating a live queued run","result":"PASS","observed":{"runStates":["failed"],"statuses":["failed"]}}
{"name":"actual continuation persistence failure latches off subsequent admissions","result":"PASS","observed":{"commitAccepted":false,"nextEffectAdmitted":false,"fatalLatch":true}}
{"name":"pending effect identity cannot be rewritten or concurrently reattempted","result":"PASS","observed":{"conflictingAdmissionAccepted":false,"secondAttemptAccepted":false}}
{"name":"unknown effect halts the run and all subsequent tools","result":"PASS","observed":{"nextAdmitted":false,"runStatus":"failed"}}
{"name":"superseded continuation cannot advance after Stop","result":"PASS","observed":{"accepted":false,"position":0}}
{"name":"restart with tampered canonical command fails closed before effect admission","result":"PASS","observed":{"effectAdmittedAfterTamper":false}}
{"name":"projection membership validates the persisted command and its exact assistant","result":"PASS","observed":{"unrelatedAssistantStatus":"pending","classification":"blocked_membership"}}
{"name":"failed target CAS does not advance its cursor or claim already applied","result":"PASS","observed":{"classification":"blocked_membership","actualVersion":5}}
{"name":"a persisted deletion fence prevents terminal projection writes","result":"PASS","observed":{"statuses":["pending"]}}
{"name":"accepted command wakeup intent schedules work even without projections","result":"PASS","observed":{"durablePendingWakeups":2,"schedulerCalls":1}}
{"name":"recovery deadline has a future scheduler wakeup independent of browser traffic","result":"PASS","observed":{"schedulerCalls":1,"nextDeadlineAt":1700000900000,"recoveryDeadlineAt":1700000900000}}
{"name":"one reconcile pass processes at most 25 total intents","result":"PASS","observed":{"processed":25}}
{"name":"chunk manifest authenticates one immutable record version against cross-write splicing","result":"PASS","observed":{"mixedRecordAccepted":false}}
{"name":"related terminal targets roll back together when the later target fails","result":"PASS","observed":{"assistantStatus":"pending","classifications":["retry","retry"]}}
{"name":"completed assistant projection writes redacted final content with status","result":"PASS","observed":{"assistantStatus":"pending","contentByteCount":0}}
{"name":"retained journal with a missing old encryption key blocks admission on reinitialization","result":"PASS","observed":{"newEffectAdmitted":false}}
{"name":"observation rejects a foreign owner","result":"PASS","observed":{"status":404}}
{"checks":30,"failures":0}
