
[1m[46m RUN [49m[22m [36mv3.2.7 [39m[90m/home/ayan/ditto-execution/plan-007-recovery/apps/runtime[39m

[vpw:debug] Adding `enable_nodejs_tty_module` compatibility flag during tests as this feature is needed to support the Vitest runner.
[vpw:debug] Adding `enable_nodejs_fs_module` compatibility flag during tests as this feature is needed to support the Vitest runner.
[vpw:debug] Adding `enable_nodejs_http_modules` compatibility flag during tests as this feature is needed to support the Vitest runner.
[vpw:debug] Adding `enable_nodejs_perf_hooks_module` compatibility flag during tests as this feature is needed to support the Vitest runner.
[vpw:info] Starting isolated runtimes for vitest.config.ts...
[mf:warn] The latest compatibility date supported by the installed Cloudflare Workers Runtime is "2026-03-10",
but you've requested "2026-09-16". Falling back to "2026-03-10"...
[90mstdout[2m | src/pi-durable-summary.test.ts[2m > [22m[2mconfiguration authority wait joins close by admitted deadline, external cancellation=false, encrypted=false
[22m[39m007 configuration-close advisor probe {"encrypted":false,"externallyCanceled":false,"invocation":{"id":"f32afaae-9286-48a1-b79b-59511aede712","started":1791488748359,"yield_at":1791488758359,"end_at":1791488759359},"observedAt":1791488759411,"elapsedMs":1052,"configuration":{"state":"failed","at":1791488758360,"error":"The operation was aborted"},"close":{"state":"complete","at":1791488758374},"remoteSettled":false,"joinedConfiguration":{"state":"failed","at":1791488758360,"error":"The operation was aborted"},"joinedClose":{"state":"complete","at":1791488758374}}

[90mstdout[2m | src/pi-durable-summary.test.ts[2m > [22m[2mconfiguration authority wait joins close by admitted deadline, external cancellation=true, encrypted=false
[22m[39m007 configuration-close advisor probe {"encrypted":false,"externallyCanceled":true,"invocation":{"id":"ba3350ce-b3e8-472a-9df5-96aa2eb90a2b","started":1791488749654,"yield_at":1791488759654,"end_at":1791488760654},"observedAt":1791488761237,"elapsedMs":1583,"configuration":{"state":"failed","at":1791488759661,"error":"The operation was aborted"},"close":{"state":"complete","at":1791488759677},"remoteSettled":false,"joinedConfiguration":{"state":"failed","at":1791488759661,"error":"The operation was aborted"},"joinedClose":{"state":"complete","at":1791488759677}}

[90mstdout[2m | src/pi-durable-summary.test.ts[2m > [22m[2mconfiguration authority wait joins close by admitted deadline, external cancellation=false, encrypted=true
[22m[39m007 configuration-close advisor probe {"encrypted":true,"externallyCanceled":false,"invocation":{"id":"ab924f7f-9096-431d-88b2-8281320eee6e","started":1791488751855,"yield_at":1791488761855,"end_at":1791488762855},"observedAt":1791488762906,"elapsedMs":1051,"configuration":{"state":"failed","at":1791488761855,"error":"The operation was aborted"},"close":{"state":"complete","at":1791488761869},"remoteSettled":false,"joinedConfiguration":{"state":"failed","at":1791488761855,"error":"The operation was aborted"},"joinedClose":{"state":"complete","at":1791488761869}}

[90mstdout[2m | src/pi-durable-summary.test.ts[2m > [22m[2mconfiguration authority wait joins close by admitted deadline, external cancellation=true, encrypted=true
[22m[39m007 configuration-close advisor probe {"encrypted":true,"externallyCanceled":true,"invocation":{"id":"10affa8b-4655-4e25-9df1-81660abc6d94","started":1791488753092,"yield_at":1791488763092,"end_at":1791488764092},"observedAt":1791488764142,"elapsedMs":1050,"configuration":{"state":"failed","at":1791488763093,"error":"The operation was aborted"},"close":{"state":"complete","at":1791488763104},"remoteSettled":false,"joinedConfiguration":{"state":"failed","at":1791488763093,"error":"The operation was aborted"},"joinedClose":{"state":"complete","at":1791488763104}}

 [32m✓[39m src/pi-durable-summary.test.ts [2m([22m[2m118 tests[22m[2m | [22m[33m114 skipped[39m[2m)[22m[33m 5975[2mms[22m[39m
   [33m[2m✓[22m[39m configuration authority wait joins close by admitted deadline, external cancellation=false, encrypted=false [33m 1314[2mms[22m[39m
   [33m[2m✓[22m[39m configuration authority wait joins close by admitted deadline, external cancellation=true, encrypted=false [33m 2195[2mms[22m[39m
   [33m[2m✓[22m[39m configuration authority wait joins close by admitted deadline, external cancellation=false, encrypted=true [33m 1240[2mms[22m[39m
   [33m[2m✓[22m[39m configuration authority wait joins close by admitted deadline, external cancellation=true, encrypted=true [33m 1222[2mms[22m[39m

[2m Test Files [22m [1m[32m1 passed[39m[22m[90m (1)[39m
[2m      Tests [22m [1m[32m4 passed[39m[22m[2m | [22m[33m114 skipped[39m[90m (118)[39m
[2m   Start at [22m 21:44:45
[2m   Duration [22m 7.43s[2m (transform 470ms, setup 0ms, collect 837ms, tests 5.97s, environment 0ms, prepare 167ms)[22m

[vpw:debug] Shutting down runtimes...
[vpw:debug] Disposing remote proxy sessions...
