
[1m[46m RUN [49m[22m [36mv3.2.7 [39m[90m/home/ayan/ditto-execution/plan-007-recovery/apps/runtime[39m

[vpw:debug] Adding `enable_nodejs_tty_module` compatibility flag during tests as this feature is needed to support the Vitest runner.
[vpw:debug] Adding `enable_nodejs_fs_module` compatibility flag during tests as this feature is needed to support the Vitest runner.
[vpw:debug] Adding `enable_nodejs_http_modules` compatibility flag during tests as this feature is needed to support the Vitest runner.
[vpw:debug] Adding `enable_nodejs_perf_hooks_module` compatibility flag during tests as this feature is needed to support the Vitest runner.
[vpw:info] Starting isolated runtimes for vitest.config.ts...
[mf:warn] The latest compatibility date supported by the installed Cloudflare Workers Runtime is "2026-03-10",
but you've requested "2026-09-16". Falling back to "2026-03-10"...
[mf:warn] The latest compatibility date supported by the installed Cloudflare Workers Runtime is "2026-03-10",
but you've requested "2026-09-16". Falling back to "2026-03-10"...
[mf:warn] The latest compatibility date supported by the installed Cloudflare Workers Runtime is "2026-03-10",
but you've requested "2026-09-16". Falling back to "2026-03-10"...
[mf:warn] The latest compatibility date supported by the installed Cloudflare Workers Runtime is "2026-03-10",
but you've requested "2026-09-16". Falling back to "2026-03-10"...
[90mstdout[2m | src/pi-durable-models.test.ts[2m > [22m[2mheld product callback denies changed host authority {"current":false}, encrypted=false
[22m[39m[007-model-claim-snapshot] {"name":"product-{\"current\":false}","encrypted":false,"claimed":1,"receiptState":"consumed","encryptedReceipt":false,"effectState":"admitted","epoch":1,"calls":0}

[90mstdout[2m | src/pi-durable-models.test.ts[2m > [22m[2mheld product callback denies changed host authority {"executor":2}, encrypted=false
[22m[39m[007-model-claim-snapshot] {"name":"product-{\"executor\":2}","encrypted":false,"claimed":1,"receiptState":"consumed","encryptedReceipt":false,"effectState":"admitted","epoch":1,"calls":0}

[90mstdout[2m | src/pi-durable-model-preparation.gate.test.ts[2m > [22m[2m007 initial gate: prepared compaction must resume through the integrated mandatory guard after reopen before first admission
[22m[39m007 compaction gate evidence {"task":11,"before":{"phase":"select"},"after":{"status":"terminal","outcome":{"status":"completed","result":{"submissionId":13}}},"attempts":2,"dispatched":2,"requests":[{"model":"faux-1"},{"model":"faux-1","thinking":"low","maxTokens":1024},{"model":"faux-2","thinking":"high"}]}

 [32m✓[39m src/pi-durable-model-preparation.gate.test.ts [2m([22m[2m2 tests[22m[2m)[22m[33m 998[2mms[22m[39m
   [33m[2m✓[22m[39m 007 initial gate: prepared compaction must resume through the integrated mandatory guard after reopen before first admission [33m 722[2mms[22m[39m
[90mstdout[2m | src/pi-durable-models.test.ts[2m > [22m[2mheld product callback denies changed host authority {"generation":2}, encrypted=false
[22m[39m[007-model-claim-snapshot] {"name":"product-{\"generation\":2}","encrypted":false,"claimed":1,"receiptState":"consumed","encryptedReceipt":false,"effectState":"admitted","epoch":1,"calls":0}

[90mstdout[2m | src/pi-durable-models.test.ts[2m > [22m[2ma rewound live claim cannot acknowledge consumption again, encrypted=false
[22m[39m[007-model-claim-snapshot] {"name":"rewound","encrypted":false,"claimed":0,"receiptState":"consumed","encryptedReceipt":false,"effectState":"admitted","epoch":1,"calls":0}

[90mstdout[2m | src/pi-durable-models.test.ts[2m > [22m[2mclaim denies authority during held task, encrypted=false
[22m[39m[007-model-claim-snapshot] {"name":"task-authority","encrypted":false,"claimed":0,"receiptState":"reserved","encryptedReceipt":false,"effectState":"admitted","epoch":1,"calls":0}

[90mstdout[2m | src/pi-durable-models.test.ts[2m > [22m[2mclaim denies authority during held task, encrypted=false
[22m[39m[007-model-claim-snapshot] {"name":"task-authority","encrypted":false,"claimed":1,"receiptState":"consumed","encryptedReceipt":false,"effectState":"admitted","epoch":1,"calls":0}

[90mstdout[2m | src/pi-durable-models.test.ts[2m > [22m[2mclaim denies Stop during held task, encrypted=false
[22m[39m[007-model-claim-snapshot] {"name":"task-Stop","encrypted":false,"claimed":0,"receiptState":"reserved","encryptedReceipt":false,"effectState":"admitted","epoch":1,"calls":0}

[90mstdout[2m | src/pi-durable-models.test.ts[2m > [22m[2mclaim denies Stop during held task, encrypted=false
[22m[39m[007-model-claim-snapshot] {"name":"task-Stop","encrypted":false,"claimed":0,"receiptState":"reserved","encryptedReceipt":false,"effectState":"admitted","epoch":2,"calls":0}

[90mstdout[2m | src/pi-durable-models.test.ts[2m > [22m[2mclaim denies authority during held flush, encrypted=false
[22m[39m[007-model-claim-snapshot] {"name":"flush-authority","encrypted":false,"claimed":1,"receiptState":"consumed","encryptedReceipt":false,"effectState":"admitted","epoch":1,"calls":0}

[90mstdout[2m | src/pi-durable-models.test.ts[2m > [22m[2mclaim denies authority during held flush, encrypted=false
[22m[39m[007-model-claim-snapshot] {"name":"flush-authority","encrypted":false,"claimed":1,"receiptState":"consumed","encryptedReceipt":false,"effectState":"admitted","epoch":1,"calls":0}

[90mstdout[2m | src/pi-durable-models.test.ts[2m > [22m[2mclaim denies Stop during held flush, encrypted=false
[22m[39m[007-model-claim-snapshot] {"name":"flush-Stop","encrypted":false,"claimed":1,"receiptState":"consumed","encryptedReceipt":false,"effectState":"admitted","epoch":1,"calls":0}

[90mstdout[2m | src/pi-durable-models.test.ts[2m > [22m[2mclaim denies Stop during held flush, encrypted=false
[22m[39m[007-model-claim-snapshot] {"name":"flush-Stop","encrypted":false,"claimed":1,"receiptState":"consumed","encryptedReceipt":false,"effectState":"admitted","epoch":3,"calls":0}

[90mstdout[2m | src/pi-durable-models.test.ts[2m > [22m[2mconcurrent exact claims reserve only once, encrypted=false
[22m[39m[007-model-claim-snapshot] {"name":"concurrent","encrypted":false,"claimed":1,"receiptState":"consumed","encryptedReceipt":false,"effectState":"admitted","epoch":1,"calls":0}

[90mstdout[2m | src/pi-durable-models.test.ts[2m > [22m[2mactual joined close cancels a held claim flush without refund, encrypted=false
[22m[39m[007-model-claim-close] {"encrypted":false,"elapsedMs":19}

[90mstdout[2m | src/pi-durable-models.test.ts[2m > [22m[2mactual joined close cancels a held claim flush without refund, encrypted=false
[22m[39m[007-model-claim-snapshot] {"name":"close-held-flush","encrypted":false,"claimed":1,"receiptState":"consumed","encryptedReceipt":false,"effectState":"admitted","epoch":2,"calls":0}

[90mstdout[2m | src/pi-durable-models.test.ts[2m > [22m[2mactual joined close cancels a held claim flush without refund, encrypted=false
[22m[39m[007-model-claim-snapshot] {"name":"close-held-flush","encrypted":false,"claimed":1,"receiptState":"consumed","encryptedReceipt":false,"effectState":"admitted","epoch":2,"calls":0}

[90mstdout[2m | src/pi-durable-models.test.ts[2m > [22m[2mlost claim acknowledgment retains consumption across two reopens, encrypted=false
[22m[39m[007-model-claim-snapshot] {"name":"lost-ack","encrypted":false,"claimed":1,"receiptState":"consumed","encryptedReceipt":false,"effectState":"admitted","epoch":2,"calls":0}

[90mstdout[2m | src/pi-durable-models.test.ts[2m > [22m[2mlost claim acknowledgment retains consumption across two reopens, encrypted=false
[22m[39m[007-model-claim-snapshot] {"name":"lost-ack","encrypted":false,"claimed":1,"receiptState":"consumed","encryptedReceipt":false,"effectState":"admitted","epoch":2,"calls":0}

[90mstdout[2m | src/pi-durable-models.test.ts[2m > [22m[2mlost claim acknowledgment retains consumption across two reopens, encrypted=false
[22m[39m[007-model-claim-snapshot] {"name":"lost-ack","encrypted":false,"claimed":1,"receiptState":"consumed","encryptedReceipt":false,"effectState":"admitted","epoch":2,"calls":0}

[90mstdout[2m | src/pi-durable-models.test.ts[2m > [22m[2man older reserved receipt cannot refund an uncertain effect across reopens, encrypted=false
[22m[39m[007-model-claim-snapshot] {"name":"reserved-rollback","encrypted":false,"claimed":1,"receiptState":"consumed","encryptedReceipt":false,"effectState":"admitted","epoch":1,"calls":0}

[90mstdout[2m | src/pi-durable-models.test.ts[2m > [22m[2man older reserved receipt cannot refund an uncertain effect across reopens, encrypted=false
[22m[39m[007-model-claim-snapshot] {"name":"reserved-rollback","encrypted":false,"claimed":0,"receiptState":"reserved","encryptedReceipt":false,"effectState":"admitted","epoch":2,"calls":0}

[90mstdout[2m | src/pi-durable-models.test.ts[2m > [22m[2man older reserved receipt cannot refund an uncertain effect across reopens, encrypted=false
[22m[39m[007-model-claim-snapshot] {"name":"reserved-rollback","encrypted":false,"claimed":0,"receiptState":"reserved","encryptedReceipt":false,"effectState":"admitted","epoch":2,"calls":0}

[90mstdout[2m | src/pi-durable-models.test.ts[2m > [22m[2mdispatch digest substitution denies before consumption, encrypted=false
[22m[39m[007-model-claim-snapshot] {"name":"digest-substitution","encrypted":false,"claimed":0,"receiptState":"reserved","encryptedReceipt":false,"effectState":"admitted","epoch":2,"calls":0}

[90mstdout[2m | src/pi-durable-models.test.ts[2m > [22m[2mheld product callback denies changed host authority {"current":false}, encrypted=true
[22m[39m[007-model-claim-snapshot] {"name":"product-{\"current\":false}","encrypted":true,"claimed":1,"receiptState":"consumed","encryptedReceipt":true,"effectState":"admitted","epoch":1,"calls":0}

[90mstdout[2m | src/pi-durable-models.test.ts[2m > [22m[2mheld product callback denies changed host authority {"executor":2}, encrypted=true
[22m[39m[007-model-claim-snapshot] {"name":"product-{\"executor\":2}","encrypted":true,"claimed":1,"receiptState":"consumed","encryptedReceipt":true,"effectState":"admitted","epoch":1,"calls":0}

[90mstdout[2m | src/pi-durable-models.test.ts[2m > [22m[2mheld product callback denies changed host authority {"generation":2}, encrypted=true
[22m[39m[007-model-claim-snapshot] {"name":"product-{\"generation\":2}","encrypted":true,"claimed":1,"receiptState":"consumed","encryptedReceipt":true,"effectState":"admitted","epoch":1,"calls":0}

[90mstdout[2m | src/pi-durable-models.test.ts[2m > [22m[2ma rewound live claim cannot acknowledge consumption again, encrypted=true
[22m[39m[007-model-claim-snapshot] {"name":"rewound","encrypted":true,"claimed":0,"receiptState":"consumed","encryptedReceipt":true,"effectState":"admitted","epoch":1,"calls":0}

[90mstdout[2m | src/pi-durable-models.test.ts[2m > [22m[2mclaim denies authority during held task, encrypted=true
[22m[39m[007-model-claim-snapshot] {"name":"task-authority","encrypted":true,"claimed":0,"receiptState":"reserved","encryptedReceipt":true,"effectState":"admitted","epoch":1,"calls":0}

[90mstdout[2m | src/pi-durable-models.test.ts[2m > [22m[2mclaim denies authority during held task, encrypted=true
[22m[39m[007-model-claim-snapshot] {"name":"task-authority","encrypted":true,"claimed":1,"receiptState":"consumed","encryptedReceipt":true,"effectState":"admitted","epoch":1,"calls":0}

[90mstdout[2m | src/pi-durable-models.test.ts[2m > [22m[2mclaim denies Stop during held task, encrypted=true
[22m[39m[007-model-claim-snapshot] {"name":"task-Stop","encrypted":true,"claimed":0,"receiptState":"reserved","encryptedReceipt":true,"effectState":"admitted","epoch":1,"calls":0}

[90mstdout[2m | src/pi-durable-models.test.ts[2m > [22m[2mclaim denies Stop during held task, encrypted=true
[22m[39m[007-model-claim-snapshot] {"name":"task-Stop","encrypted":true,"claimed":0,"receiptState":"reserved","encryptedReceipt":true,"effectState":"admitted","epoch":2,"calls":0}

[90mstdout[2m | src/pi-durable-models.test.ts[2m > [22m[2mclaim denies authority during held flush, encrypted=true
[22m[39m[007-model-claim-snapshot] {"name":"flush-authority","encrypted":true,"claimed":1,"receiptState":"consumed","encryptedReceipt":true,"effectState":"admitted","epoch":1,"calls":0}

[90mstdout[2m | src/pi-durable-models.test.ts[2m > [22m[2mclaim denies authority during held flush, encrypted=true
[22m[39m[007-model-claim-snapshot] {"name":"flush-authority","encrypted":true,"claimed":1,"receiptState":"consumed","encryptedReceipt":true,"effectState":"admitted","epoch":1,"calls":0}

[90mstdout[2m | src/pi-durable-models.test.ts[2m > [22m[2mclaim denies Stop during held flush, encrypted=true
[22m[39m[007-model-claim-snapshot] {"name":"flush-Stop","encrypted":true,"claimed":1,"receiptState":"consumed","encryptedReceipt":true,"effectState":"admitted","epoch":1,"calls":0}

[90mstdout[2m | src/pi-durable-models.test.ts[2m > [22m[2mclaim denies Stop during held flush, encrypted=true
[22m[39m[007-model-claim-snapshot] {"name":"flush-Stop","encrypted":true,"claimed":1,"receiptState":"consumed","encryptedReceipt":true,"effectState":"admitted","epoch":3,"calls":0}

[90mstdout[2m | src/pi-durable-models.test.ts[2m > [22m[2mconcurrent exact claims reserve only once, encrypted=true
[22m[39m[007-model-claim-snapshot] {"name":"concurrent","encrypted":true,"claimed":1,"receiptState":"consumed","encryptedReceipt":true,"effectState":"admitted","epoch":1,"calls":0}

[90mstdout[2m | src/pi-durable-models.test.ts[2m > [22m[2mactual joined close cancels a held claim flush without refund, encrypted=true
[22m[39m[007-model-claim-close] {"encrypted":true,"elapsedMs":17}

[90mstdout[2m | src/pi-durable-models.test.ts[2m > [22m[2mactual joined close cancels a held claim flush without refund, encrypted=true
[22m[39m[007-model-claim-snapshot] {"name":"close-held-flush","encrypted":true,"claimed":1,"receiptState":"consumed","encryptedReceipt":true,"effectState":"admitted","epoch":2,"calls":0}

[90mstdout[2m | src/pi-durable-models.test.ts[2m > [22m[2mactual joined close cancels a held claim flush without refund, encrypted=true
[22m[39m[007-model-claim-snapshot] {"name":"close-held-flush","encrypted":true,"claimed":1,"receiptState":"consumed","encryptedReceipt":true,"effectState":"admitted","epoch":2,"calls":0}

[90mstdout[2m | src/pi-durable-models.test.ts[2m > [22m[2mlost claim acknowledgment retains consumption across two reopens, encrypted=true
[22m[39m[007-model-claim-snapshot] {"name":"lost-ack","encrypted":true,"claimed":1,"receiptState":"consumed","encryptedReceipt":true,"effectState":"admitted","epoch":2,"calls":0}

[90mstdout[2m | src/pi-durable-models.test.ts[2m > [22m[2mlost claim acknowledgment retains consumption across two reopens, encrypted=true
[22m[39m[007-model-claim-snapshot] {"name":"lost-ack","encrypted":true,"claimed":1,"receiptState":"consumed","encryptedReceipt":true,"effectState":"admitted","epoch":2,"calls":0}

[90mstdout[2m | src/pi-durable-models.test.ts[2m > [22m[2mlost claim acknowledgment retains consumption across two reopens, encrypted=true
[22m[39m[007-model-claim-snapshot] {"name":"lost-ack","encrypted":true,"claimed":1,"receiptState":"consumed","encryptedReceipt":true,"effectState":"admitted","epoch":2,"calls":0}

[90mstdout[2m | src/pi-durable-models.test.ts[2m > [22m[2man older reserved receipt cannot refund an uncertain effect across reopens, encrypted=true
[22m[39m[007-model-claim-snapshot] {"name":"reserved-rollback","encrypted":true,"claimed":1,"receiptState":"consumed","encryptedReceipt":true,"effectState":"admitted","epoch":1,"calls":0}

[90mstdout[2m | src/pi-durable-models.test.ts[2m > [22m[2man older reserved receipt cannot refund an uncertain effect across reopens, encrypted=true
[22m[39m[007-model-claim-snapshot] {"name":"reserved-rollback","encrypted":true,"claimed":0,"receiptState":"reserved","encryptedReceipt":true,"effectState":"admitted","epoch":2,"calls":0}

[90mstdout[2m | src/pi-durable-models.test.ts[2m > [22m[2man older reserved receipt cannot refund an uncertain effect across reopens, encrypted=true
[22m[39m[007-model-claim-snapshot] {"name":"reserved-rollback","encrypted":true,"claimed":0,"receiptState":"reserved","encryptedReceipt":true,"effectState":"admitted","epoch":2,"calls":0}

[90mstdout[2m | src/pi-durable-models.test.ts[2m > [22m[2mdispatch digest substitution denies before consumption, encrypted=true
[22m[39m[007-model-claim-snapshot] {"name":"digest-substitution","encrypted":true,"claimed":0,"receiptState":"reserved","encryptedReceipt":true,"effectState":"admitted","epoch":2,"calls":0}

[90mstdout[2m | src/pi-durable-models.test.ts[2m > [22m[2mprivate Worker RPC carries the live exact claim and admits one start, encrypted=false
[22m[39m[007-model-claim-snapshot] {"name":"rpc-admit","encrypted":false,"claimed":1,"receiptState":"consumed","encryptedReceipt":false,"effectState":"admitted","epoch":1,"calls":1}

[90mstdout[2m | src/pi-durable-models.test.ts[2m > [22m[2mreal epoch-first Stop wins before a private RPC acknowledgment, encrypted=false
[22m[39m[007-model-claim-snapshot] {"name":"rpc-stop-first","encrypted":false,"claimed":1,"receiptState":"consumed","encryptedReceipt":false,"effectState":"admitted","epoch":3,"calls":0}

[90mstdout[2m | src/pi-durable-models.test.ts[2m > [22m[2mStop after a private RPC acknowledgment retains the admitted start, encrypted=false
[22m[39m[007-model-claim-snapshot] {"name":"rpc-stop-after","encrypted":false,"claimed":1,"receiptState":"consumed","encryptedReceipt":false,"effectState":"admitted","epoch":2,"calls":1}

[90mstdout[2m | src/pi-durable-models.test.ts[2m > [22m[2mprivate RPC rejects foreign owned context and a JSON-only association, encrypted=false
[22m[39m[007-model-claim-snapshot] {"name":"rpc-foreign","encrypted":false,"claimed":0,"receiptState":"reserved","encryptedReceipt":false,"effectState":"admitted","epoch":1,"calls":0}

[90mstdout[2m | src/pi-durable-models.test.ts[2m > [22m[2mprivate Worker RPC carries the live exact claim and admits one start, encrypted=true
[22m[39m[007-model-claim-snapshot] {"name":"rpc-admit","encrypted":true,"claimed":1,"receiptState":"consumed","encryptedReceipt":true,"effectState":"admitted","epoch":1,"calls":1}

[90mstdout[2m | src/pi-durable-models.test.ts[2m > [22m[2mreal epoch-first Stop wins before a private RPC acknowledgment, encrypted=true
[22m[39m[007-model-claim-snapshot] {"name":"rpc-stop-first","encrypted":true,"claimed":1,"receiptState":"consumed","encryptedReceipt":true,"effectState":"admitted","epoch":3,"calls":0}

[90mstdout[2m | src/pi-durable-models.test.ts[2m > [22m[2mStop after a private RPC acknowledgment retains the admitted start, encrypted=true
[22m[39m[007-model-claim-snapshot] {"name":"rpc-stop-after","encrypted":true,"claimed":1,"receiptState":"consumed","encryptedReceipt":true,"effectState":"admitted","epoch":2,"calls":1}

[90mstdout[2m | src/pi-durable-models.test.ts[2m > [22m[2mprivate RPC rejects foreign owned context and a JSON-only association, encrypted=true
[22m[39m[007-model-claim-snapshot] {"name":"rpc-foreign","encrypted":true,"claimed":0,"receiptState":"reserved","encryptedReceipt":true,"effectState":"admitted","epoch":1,"calls":0}

 [31m❯[39m src/pi-durable-models.test.ts [2m([22m[2m50 tests[22m[2m | [22m[31m1 failed[39m[2m)[22m[33m 14834[2mms[22m[39m
   [33m[2m✓[22m[39m held product callback denies changed host authority {"current":false}, encrypted=false [33m 393[2mms[22m[39m
   [33m[2m✓[22m[39m held product callback denies changed host authority {"executor":2}, encrypted=false [33m 323[2mms[22m[39m
   [33m[2m✓[22m[39m held product callback denies changed host authority {"generation":2}, encrypted=false [33m 351[2mms[22m[39m
   [32m✓[39m a rewound live claim cannot acknowledge consumption again, encrypted=false[32m 273[2mms[22m[39m
   [32m✓[39m claim denies authority during held task, encrypted=false[32m 298[2mms[22m[39m
   [32m✓[39m claim denies Stop during held task, encrypted=false[32m 287[2mms[22m[39m
   [32m✓[39m claim denies authority during held flush, encrypted=false[32m 285[2mms[22m[39m
   [33m[2m✓[22m[39m claim denies Stop during held flush, encrypted=false [33m 315[2mms[22m[39m
   [33m[2m✓[22m[39m concurrent exact claims reserve only once, encrypted=false [33m 322[2mms[22m[39m
   [32m✓[39m actual joined close cancels a held claim flush without refund, encrypted=false[32m 286[2mms[22m[39m
   [33m[2m✓[22m[39m lost claim acknowledgment retains consumption across two reopens, encrypted=false [33m 320[2mms[22m[39m
   [32m✓[39m dispatch receipt corrupt substitution denies live and reopened admission, encrypted=false[32m 290[2mms[22m[39m
   [32m✓[39m dispatch receipt foreign-record substitution denies live and reopened admission, encrypted=false[32m 290[2mms[22m[39m
   [33m[2m✓[22m[39m an older reserved receipt cannot refund an uncertain effect across reopens, encrypted=false [33m 315[2mms[22m[39m
   [33m[2m✓[22m[39m dispatch digest substitution denies before consumption, encrypted=false [33m 678[2mms[22m[39m
   [33m[2m✓[22m[39m a claimed exact attempt starts once and Stop retains its admitted work, encrypted=false [33m 808[2mms[22m[39m
   [32m✓[39m host model claim denies Stop while transport check is held, encrypted=false[32m 300[2mms[22m[39m
   [32m✓[39m host model claim rechecks local revocation after a held check, encrypted=false[32m 269[2mms[22m[39m
   [32m✓[39m host model claim denies an expired admitted attempt, encrypted=false[32m 271[2mms[22m[39m
   [33m[2m✓[22m[39m exact claim is one-shot and independent of the waiting provider lane, encrypted=false [33m 301[2mms[22m[39m
   [32m✓[39m held product callback denies changed host authority {"current":false}, encrypted=true[32m 264[2mms[22m[39m
   [32m✓[39m held product callback denies changed host authority {"executor":2}, encrypted=true[32m 264[2mms[22m[39m
   [32m✓[39m held product callback denies changed host authority {"generation":2}, encrypted=true[32m 256[2mms[22m[39m
   [32m✓[39m a rewound live claim cannot acknowledge consumption again, encrypted=true[32m 273[2mms[22m[39m
   [32m✓[39m claim denies authority during held task, encrypted=true[32m 261[2mms[22m[39m
   [32m✓[39m claim denies Stop during held task, encrypted=true[32m 266[2mms[22m[39m
   [32m✓[39m claim denies authority during held flush, encrypted=true[32m 253[2mms[22m[39m
   [32m✓[39m claim denies Stop during held flush, encrypted=true[32m 254[2mms[22m[39m
   [32m✓[39m concurrent exact claims reserve only once, encrypted=true[32m 240[2mms[22m[39m
   [32m✓[39m actual joined close cancels a held claim flush without refund, encrypted=true[32m 270[2mms[22m[39m
   [33m[2m✓[22m[39m lost claim acknowledgment retains consumption across two reopens, encrypted=true [33m 326[2mms[22m[39m
   [32m✓[39m dispatch receipt corrupt substitution denies live and reopened admission, encrypted=true[32m 238[2mms[22m[39m
   [32m✓[39m dispatch receipt foreign-record substitution denies live and reopened admission, encrypted=true[32m 248[2mms[22m[39m
   [33m[2m✓[22m[39m an older reserved receipt cannot refund an uncertain effect across reopens, encrypted=true [33m 325[2mms[22m[39m
   [32m✓[39m dispatch digest substitution denies before consumption, encrypted=true[32m 244[2mms[22m[39m
   [32m✓[39m a claimed exact attempt starts once and Stop retains its admitted work, encrypted=true[32m 273[2mms[22m[39m
   [32m✓[39m host model claim denies Stop while transport check is held, encrypted=true[32m 258[2mms[22m[39m
   [32m✓[39m host model claim rechecks local revocation after a held check, encrypted=true[32m 230[2mms[22m[39m
   [32m✓[39m host model claim denies an expired admitted attempt, encrypted=true[32m 268[2mms[22m[39m
   [32m✓[39m exact claim is one-shot and independent of the waiting provider lane, encrypted=true[32m 260[2mms[22m[39m
   [32m✓[39m registered adapter terminal error retains faux-2 identity, aborted=false[32m 12[2mms[22m[39m
[31m   [31m×[31m registered adapter terminal error retains faux-2 identity, aborted=true[39m[32m 12[2mms[22m[39m
[31m     → expected { Object (role, content, ...) } to match object { provider: 'faux', …(2) }
(12 matching properties omitted from actual)[39m
   [33m[2m✓[22m[39m private Worker RPC carries the live exact claim and admits one start, encrypted=false [33m 533[2mms[22m[39m
   [33m[2m✓[22m[39m real epoch-first Stop wins before a private RPC acknowledgment, encrypted=false [33m 303[2mms[22m[39m
   [32m✓[39m Stop after a private RPC acknowledgment retains the admitted start, encrypted=false[32m 299[2mms[22m[39m
   [33m[2m✓[22m[39m private RPC rejects foreign owned context and a JSON-only association, encrypted=false [33m 385[2mms[22m[39m
   [32m✓[39m private Worker RPC carries the live exact claim and admits one start, encrypted=true[32m 252[2mms[22m[39m
   [32m✓[39m real epoch-first Stop wins before a private RPC acknowledgment, encrypted=true[32m 274[2mms[22m[39m
   [32m✓[39m Stop after a private RPC acknowledgment retains the admitted start, encrypted=true[32m 280[2mms[22m[39m
   [32m✓[39m private RPC rejects foreign owned context and a JSON-only association, encrypted=true[32m 223[2mms[22m[39m
 [32m✓[39m src/pi-durable-effects.test.ts [2m([22m[2m62 tests[22m[2m)[22m[33m 31838[2mms[22m[39m
   [33m[2m✓[22m[39m identical durable result delivery is idempotent [33m 371[2mms[22m[39m
   [33m[2m✓[22m[39m actual Pi unsafe recovery attempts the next tool and model but neither dispatches through two reopens [33m 732[2mms[22m[39m
   [33m[2m✓[22m[39m completed synthetic mutations and follow-up membership survive reopen without repetition [33m 764[2mms[22m[39m
   [33m[2m✓[22m[39m conflicting result persists review block across reopen and new command [33m 315[2mms[22m[39m
   [33m[2m✓[22m[39m healthy later writes cannot clear a storage barrier but current trusted reconciliation can account for an undispatched admission [33m 441[2mms[22m[39m
   [33m[2m✓[22m[39m actual generation and unsafe tool persist structured exact membership before dispatch [33m 502[2mms[22m[39m
   [33m[2m✓[22m[39m lost shell result commit denies actual tool/model callbacks across two SQLite reopens, unavailable=false [33m 674[2mms[22m[39m
   [33m[2m✓[22m[39m lost shell result commit denies actual tool/model callbacks across two SQLite reopens, unavailable=true [33m 646[2mms[22m[39m
   [33m[2m✓[22m[39m unavailable failure marker is unnecessary for reopen denial from durable admitted shell [33m 1432[2mms[22m[39m
   [33m[2m✓[22m[39m safety result before failed Pi commit is not original successful tool receipt [33m 541[2mms[22m[39m
   [33m[2m✓[22m[39m shell-replay is denied on actual registered tool before executor I/O [33m 464[2mms[22m[39m
   [33m[2m✓[22m[39m implicit-read is denied on actual registered tool before executor I/O [33m 483[2mms[22m[39m
   [33m[2m✓[22m[39m unsupported-write is denied on actual registered tool before executor I/O [33m 483[2mms[22m[39m
   [33m[2m✓[22m[39m read repeats are explicit new observations on distinct original calls, never replay of an unresolved call [33m 652[2mms[22m[39m
   [33m[2m✓[22m[39m uncooperative shell Stop is stopping, cancellation receipt is not termination [33m 421[2mms[22m[39m
   [33m[2m✓[22m[39m delayed old-run Stop never cancels later run or revives terminal completion [33m 485[2mms[22m[39m
   [33m[2m✓[22m[39m first interruption recovery deadline is fixed across two real reopens and expiry settles pending membership atomically [33m 324[2mms[22m[39m
   [33m[2m✓[22m[39m alarm settles committed submissions and pending projection intent without allocating another invocation or repeating I/O [33m 327[2mms[22m[39m
   [33m[2m✓[22m[39m completed model IDs and context survive close/reopen without repeating completed command [33m 312[2mms[22m[39m
   [33m[2m✓[22m[39m public committed retry evidence authorizes a separate summary attempt without reopening or guessing current task [33m 766[2mms[22m[39m
   [33m[2m✓[22m[39m known completed summary error retries after reopen with retained logical request and separately recorded spending [33m 819[2mms[22m[39m
   [33m[2m✓[22m[39m validated first summary preparation survives close without admitting an effect [33m 438[2mms[22m[39m
   [33m[2m✓[22m[39m missing first summary association after close denies the sole retained producer [33m 507[2mms[22m[39m
   [33m[2m✓[22m[39m corrupt first summary association after close denies the sole retained producer [33m 439[2mms[22m[39m
   [33m[2m✓[22m[39m selection handoff interrupted before Pi summarize commit remains exact or fails closed [33m 457[2mms[22m[39m
   [33m[2m✓[22m[39m selection handoff interrupted after Pi summarize commit remains exact or fails closed [33m 414[2mms[22m[39m
   [33m[2m✓[22m[39m stale epoch after validated summary preparation cannot admit an effect [33m 353[2mms[22m[39m
   [33m[2m✓[22m[39m owned blocking compaction excludes its actual waiting generation parent and preserves command membership [33m 583[2mms[22m[39m
   [33m[2m✓[22m[39m mixed actual generation and compaction producers deny both under one lane [33m 456[2mms[22m[39m
   [33m[2m✓[22m[39m unknown admitted summary blocks actual recovered requests through two SQLite reopens [33m 506[2mms[22m[39m
   [33m[2m✓[22m[39m authority during summary preparation denies actual dispatch [33m 328[2mms[22m[39m
   [33m[2m✓[22m[39m mapping during summary preparation denies actual dispatch [33m 376[2mms[22m[39m
   [33m[2m✓[22m[39m competition during summary preparation denies actual dispatch [33m 382[2mms[22m[39m
   [33m[2m✓[22m[39m finite operation expiry fails run but retains original executor and deadline [33m 309[2mms[22m[39m
   [33m[2m✓[22m[39m normal compaction establishes hook-bound tuple and preserves completed summary across reopen [33m 401[2mms[22m[39m
   [33m[2m✓[22m[39m correction: native settled no-work alarms consume serviced reconciliation without past rearm [33m 3310[2mms[22m[39m
   [33m[2m✓[22m[39m correction: known final compaction error settles original run, retryable=false [33m 402[2mms[22m[39m
   [33m[2m✓[22m[39m correction: known final compaction error settles original run, retryable=true [33m 758[2mms[22m[39m
   [33m[2m✓[22m[39m correction: actual tool/manual-summary race reserves at most one operation and dispatch [33m 595[2mms[22m[39m
   [33m[2m✓[22m[39m correction: fixed recovery expiry is enforced after held preparation [33m 525[2mms[22m[39m
   [33m[2m✓[22m[39m correction: response-only recovery expiry rejects result before Pi consumes it [33m 501[2mms[22m[39m
   [33m[2m✓[22m[39m correction: trusted abrupt takeover fixes recovery from the prior durable bound [33m 433[2mms[22m[39m
   [33m[2m✓[22m[39m encrypted preparation preparation-write failure fences without admitting a summary [33m 312[2mms[22m[39m
   [33m[2m✓[22m[39m encrypted preparation preparation-flush failure fences without admitting a summary [33m 301[2mms[22m[39m
   [33m[2m✓[22m[39m encrypted validated summary preparation reopens with exact ciphertext provenance and no prior admission [33m 628[2mms[22m[39m
   [33m[2m✓[22m[39m encrypted L1: guarded model and tool settle without a false integrity failure [33m 437[2mms[22m[39m
   [33m[2m✓[22m[39m encrypted L1: compaction, retry, and follow-up keep distinct IDs and context order [33m 1006[2mms[22m[39m
   [33m[2m✓[22m[39m encrypted L1: stale Stop does not cancel a later completed run [33m 421[2mms[22m[39m
   [33m[2m✓[22m[39m encrypted L1: active uncooperative tool Stop stays stopping and reopens blocked [33m 330[2mms[22m[39m
   [33m[2m✓[22m[39m encrypted L1: operation and recovery deadlines fail closed after awaits [33m 308[2mms[22m[39m
   [33m[2m✓[22m[39m encrypted L1: result loss and Pi commit loss both block two reopens [33m 639[2mms[22m[39m
   [33m[2m✓[22m[39m encrypted L1: persistence barrier and unknown shell block two reopens [33m 363[2mms[22m[39m
   [33m[2m✓[22m[39m encrypted L1: retry seal failure fences before close and survives both orders [33m 603[2mms[22m[39m
[90mstdout[2m | src/pi-durable-summary.test.ts[2m > [22m[2mconfiguration authority wait joins close by admitted deadline, external cancellation=false, encrypted=false
[22m[39m007 configuration-close advisor probe {"encrypted":false,"externallyCanceled":false,"invocation":{"id":"ad6bf6fc-4db6-48c0-8770-630e28166335","started":1791488820042,"yield_at":1791488830042,"end_at":1791488831042},"observedAt":1791488831093,"elapsedMs":1051,"configuration":{"state":"failed","at":1791488830042,"error":"The operation was aborted"},"close":{"state":"complete","at":1791488830054},"remoteSettled":false,"joinedConfiguration":{"state":"failed","at":1791488830042,"error":"The operation was aborted"},"joinedClose":{"state":"complete","at":1791488830054}}

[90mstdout[2m | src/pi-durable-summary.test.ts[2m > [22m[2mconfiguration authority wait joins close by admitted deadline, external cancellation=true, encrypted=false
[22m[39m007 configuration-close advisor probe {"encrypted":false,"externallyCanceled":true,"invocation":{"id":"01a86b95-8a2d-437c-95f0-9c0aa1709874","started":1791488821270,"yield_at":1791488831270,"end_at":1791488832270},"observedAt":1791488832322,"elapsedMs":1052,"configuration":{"state":"failed","at":1791488831270,"error":"The operation was aborted"},"close":{"state":"complete","at":1791488831281},"remoteSettled":false,"joinedConfiguration":{"state":"failed","at":1791488831270,"error":"The operation was aborted"},"joinedClose":{"state":"complete","at":1791488831281}}

[90mstdout[2m | src/pi-durable-summary.test.ts[2m > [22m[2mconfiguration authority wait joins close by admitted deadline, external cancellation=false, encrypted=true
[22m[39m007 configuration-close advisor probe {"encrypted":true,"externallyCanceled":false,"invocation":{"id":"65fd5f30-cf4e-4378-bbe4-ed4bdd7e6f11","started":1791488822499,"yield_at":1791488832499,"end_at":1791488833499},"observedAt":1791488833551,"elapsedMs":1052,"configuration":{"state":"failed","at":1791488832499,"error":"The operation was aborted"},"close":{"state":"complete","at":1791488832511},"remoteSettled":false,"joinedConfiguration":{"state":"failed","at":1791488832499,"error":"The operation was aborted"},"joinedClose":{"state":"complete","at":1791488832511}}

[90mstdout[2m | src/pi-durable-summary.test.ts[2m > [22m[2mconfiguration authority wait joins close by admitted deadline, external cancellation=true, encrypted=true
[22m[39m007 configuration-close advisor probe {"encrypted":true,"externallyCanceled":true,"invocation":{"id":"c83a3a90-3447-4834-bfb4-5178158f8dc6","started":1791488823723,"yield_at":1791488833723,"end_at":1791488834723},"observedAt":1791488834774,"elapsedMs":1051,"configuration":{"state":"failed","at":1791488833724,"error":"The operation was aborted"},"close":{"state":"complete","at":1791488833735},"remoteSettled":false,"joinedConfiguration":{"state":"failed","at":1791488833724,"error":"The operation was aborted"},"joinedClose":{"state":"complete","at":1791488833735}}

 [32m✓[39m src/pi-durable-summary.test.ts [2m([22m[2m118 tests[22m[2m)[22m[33m 48848[2mms[22m[39m
   [33m[2m✓[22m[39m custom summary places a real manual Pi receipt, encrypted=false [33m 501[2mms[22m[39m
   [33m[2m✓[22m[39m custom summary places a real automatic Pi receipt, encrypted=false [33m 630[2mms[22m[39m
   [33m[2m✓[22m[39m recorded success survives close before hook return and is accounted once, encrypted=false [33m 458[2mms[22m[39m
   [33m[2m✓[22m[39m unknown admitted custom summary blocks two reopens without a second attempt, encrypted=false [33m 453[2mms[22m[39m
   [33m[2m✓[22m[39m custom preparation-write persistence failure fences every later effect, encrypted=false [33m 374[2mms[22m[39m
   [33m[2m✓[22m[39m custom preparation-flush persistence failure fences every later effect, encrypted=false [33m 384[2mms[22m[39m
   [33m[2m✓[22m[39m custom result persistence failure fences every later effect, encrypted=false [33m 404[2mms[22m[39m
   [33m[2m✓[22m[39m custom summary-result-write persistence failure fences every later effect, encrypted=false [33m 375[2mms[22m[39m
   [33m[2m✓[22m[39m custom summary-result-flush persistence failure fences every later effect, encrypted=false [33m 380[2mms[22m[39m
   [33m[2m✓[22m[39m custom summary places a real manual Pi receipt, encrypted=true [33m 382[2mms[22m[39m
   [33m[2m✓[22m[39m custom summary places a real automatic Pi receipt, encrypted=true [33m 897[2mms[22m[39m
   [33m[2m✓[22m[39m recorded success survives close before hook return and is accounted once, encrypted=true [33m 939[2mms[22m[39m
   [33m[2m✓[22m[39m unknown admitted custom summary blocks two reopens without a second attempt, encrypted=true [33m 367[2mms[22m[39m
   [33m[2m✓[22m[39m custom preparation-write persistence failure fences every later effect, encrypted=true [33m 305[2mms[22m[39m
   [33m[2m✓[22m[39m custom result persistence failure fences every later effect, encrypted=true [33m 378[2mms[22m[39m
   [33m[2m✓[22m[39m custom summary-result-write persistence failure fences every later effect, encrypted=true [33m 345[2mms[22m[39m
   [33m[2m✓[22m[39m custom summary-result-flush persistence failure fences every later effect, encrypted=true [33m 380[2mms[22m[39m
   [33m[2m✓[22m[39m known custom failure error/0 settles the run with one nonrefundable attempt, encrypted=false [33m 430[2mms[22m[39m
   [33m[2m✓[22m[39m known custom failure aborted/0 settles the run with one nonrefundable attempt, encrypted=false [33m 384[2mms[22m[39m
   [33m[2m✓[22m[39m known custom failure stop/1 settles the run with one nonrefundable attempt, encrypted=false [33m 420[2mms[22m[39m
   [33m[2m✓[22m[39m known custom failure toolUse/1 settles the run with one nonrefundable attempt, encrypted=false [33m 400[2mms[22m[39m
   [33m[2m✓[22m[39m known custom failure stop/1 settles the run with one nonrefundable attempt, encrypted=false [33m 389[2mms[22m[39m
   [33m[2m✓[22m[39m known custom failure error/0 settles the run with one nonrefundable attempt, encrypted=true [33m 346[2mms[22m[39m
   [33m[2m✓[22m[39m known custom failure aborted/0 settles the run with one nonrefundable attempt, encrypted=true [33m 377[2mms[22m[39m
   [33m[2m✓[22m[39m known custom failure stop/1 settles the run with one nonrefundable attempt, encrypted=true [33m 333[2mms[22m[39m
   [33m[2m✓[22m[39m known custom failure toolUse/1 settles the run with one nonrefundable attempt, encrypted=true [33m 356[2mms[22m[39m
   [33m[2m✓[22m[39m known custom failure stop/1 settles the run with one nonrefundable attempt, encrypted=true [33m 371[2mms[22m[39m
   [33m[2m✓[22m[39m custom summary range after preparation dispatches nothing [33m 603[2mms[22m[39m
   [33m[2m✓[22m[39m custom summary policy after preparation dispatches nothing [33m 372[2mms[22m[39m
   [33m[2m✓[22m[39m custom summary epoch after preparation dispatches nothing [33m 357[2mms[22m[39m
   [33m[2m✓[22m[39m custom summary authority after preparation dispatches nothing [33m 460[2mms[22m[39m
   [33m[2m✓[22m[39m custom summary stop after preparation dispatches nothing [33m 404[2mms[22m[39m
   [33m[2m✓[22m[39m custom summary digest after preparation dispatches nothing [33m 358[2mms[22m[39m
   [33m[2m✓[22m[39m custom summary task after preparation dispatches nothing [33m 362[2mms[22m[39m
   [33m[2m✓[22m[39m custom summary conversation after preparation dispatches nothing [33m 346[2mms[22m[39m
   [33m[2m✓[22m[39m configuration at before custom preparation survives reopen, encrypted=false [33m 618[2mms[22m[39m
   [33m[2m✓[22m[39m configuration at after custom preparation survives reopen, encrypted=false [33m 625[2mms[22m[39m
   [33m[2m✓[22m[39m success at before actual Pi placement storage commit resumes without redispatch, encrypted=false [33m 445[2mms[22m[39m
   [33m[2m✓[22m[39m success at after actual Pi placement storage commit resumes without redispatch, encrypted=false [33m 423[2mms[22m[39m
   [33m[2m✓[22m[39m absent custom hook cannot dispatch stock fallback, encrypted=false [33m 362[2mms[22m[39m
   [33m[2m✓[22m[39m throwing custom hook cannot dispatch stock fallback, encrypted=false [33m 348[2mms[22m[39m
   [33m[2m✓[22m[39m custom response provider schema violation never places a summary, encrypted=false [33m 387[2mms[22m[39m
   [33m[2m✓[22m[39m custom response model schema violation never places a summary, encrypted=false [33m 405[2mms[22m[39m
   [33m[2m✓[22m[39m configuration at before custom preparation survives reopen, encrypted=true [33m 428[2mms[22m[39m
   [33m[2m✓[22m[39m configuration at after custom preparation survives reopen, encrypted=true [33m 449[2mms[22m[39m
   [33m[2m✓[22m[39m success at before actual Pi placement storage commit resumes without redispatch, encrypted=true [33m 304[2mms[22m[39m
   [33m[2m✓[22m[39m custom response usage schema violation never places a summary, encrypted=true [33m 313[2mms[22m[39m
   [33m[2m✓[22m[39m custom response timestamp schema violation never places a summary, encrypted=true [33m 334[2mms[22m[39m
   [33m[2m✓[22m[39m actual custom callback options must equal persisted payload [33m 340[2mms[22m[39m
   [33m[2m✓[22m[39m actual custom callback transcript must equal persisted payload [33m 367[2mms[22m[39m
   [33m[2m✓[22m[39m oversized public summary source is rejected without truncation, encrypted=false [33m 375[2mms[22m[39m
   [33m[2m✓[22m[39m transport interruption retains uncertainty with one reservation, encrypted=false [33m 422[2mms[22m[39m
   [33m[2m✓[22m[39m custom preparation grants no extended invocation deadline, encrypted=false [33m 330[2mms[22m[39m
   [33m[2m✓[22m[39m transport interruption retains uncertainty with one reservation, encrypted=true [33m 333[2mms[22m[39m
   [33m[2m✓[22m[39m custom preparation grants no extended invocation deadline, encrypted=true [33m 480[2mms[22m[39m
   [33m[2m✓[22m[39m forced configuration-winning transition holds asynchronous preparation, encrypted=false [33m 772[2mms[22m[39m
   [33m[2m✓[22m[39m forced preparation-winning transition holds asynchronous preparation, encrypted=false [33m 674[2mms[22m[39m
   [33m[2m✓[22m[39m forced configuration-winning transition holds asynchronous preparation, encrypted=true [33m 587[2mms[22m[39m
   [33m[2m✓[22m[39m forced preparation-winning transition holds asynchronous preparation, encrypted=true [33m 720[2mms[22m[39m
   [33m[2m✓[22m[39m owning transition releases after cancel-configuration during asynchronous preparation, encrypted=false [33m 463[2mms[22m[39m
   [33m[2m✓[22m[39m owning transition releases after stop during asynchronous preparation, encrypted=false [33m 423[2mms[22m[39m
   [33m[2m✓[22m[39m owning transition releases after preparation-failure during asynchronous preparation, encrypted=false [33m 389[2mms[22m[39m
   [33m[2m✓[22m[39m owning transition releases after cancel-configuration during asynchronous preparation, encrypted=true [33m 420[2mms[22m[39m
   [33m[2m✓[22m[39m owning transition releases after stop during asynchronous preparation, encrypted=true [33m 376[2mms[22m[39m
   [33m[2m✓[22m[39m owning transition releases after preparation-failure during asynchronous preparation, encrypted=true [33m 332[2mms[22m[39m
   [33m[2m✓[22m[39m automatic waiting parent recovers at before-preparation, encrypted=false [33m 437[2mms[22m[39m
   [33m[2m✓[22m[39m automatic waiting parent recovers at prepared, encrypted=false [33m 401[2mms[22m[39m
   [33m[2m✓[22m[39m automatic waiting parent recovers at unknown, encrypted=false [33m 360[2mms[22m[39m
   [33m[2m✓[22m[39m automatic waiting parent recovers at result, encrypted=false [33m 395[2mms[22m[39m
   [33m[2m✓[22m[39m automatic waiting parent recovers at before-placement, encrypted=false [33m 409[2mms[22m[39m
   [33m[2m✓[22m[39m automatic waiting parent recovers at after-placement, encrypted=false [33m 396[2mms[22m[39m
   [33m[2m✓[22m[39m automatic waiting parent recovers at before-preparation, encrypted=true [33m 416[2mms[22m[39m
   [33m[2m✓[22m[39m automatic waiting parent recovers at prepared, encrypted=true [33m 412[2mms[22m[39m
   [33m[2m✓[22m[39m automatic waiting parent recovers at unknown, encrypted=true [33m 343[2mms[22m[39m
   [33m[2m✓[22m[39m automatic waiting parent recovers at result, encrypted=true [33m 1397[2mms[22m[39m
   [33m[2m✓[22m[39m automatic waiting parent recovers at before-placement, encrypted=true [33m 433[2mms[22m[39m
   [33m[2m✓[22m[39m automatic waiting parent recovers at after-placement, encrypted=true [33m 429[2mms[22m[39m
   [33m[2m✓[22m[39m automatic waiting parent is fenced after known-failure, encrypted=false [33m 327[2mms[22m[39m
   [33m[2m✓[22m[39m automatic waiting parent is fenced after stop, encrypted=false [33m 301[2mms[22m[39m
   [33m[2m✓[22m[39m automatic waiting parent is fenced after epoch, encrypted=false [33m 313[2mms[22m[39m
   [33m[2m✓[22m[39m automatic waiting parent is fenced after preparation-write, encrypted=false [33m 309[2mms[22m[39m
   [33m[2m✓[22m[39m automatic waiting parent is fenced after preparation-flush, encrypted=false [33m 315[2mms[22m[39m
   [33m[2m✓[22m[39m automatic waiting parent is fenced after summary-result-write, encrypted=false [33m 331[2mms[22m[39m
   [33m[2m✓[22m[39m automatic waiting parent is fenced after summary-result-flush, encrypted=false [33m 347[2mms[22m[39m
   [33m[2m✓[22m[39m automatic waiting parent is fenced after known-failure, encrypted=true [33m 321[2mms[22m[39m
   [33m[2m✓[22m[39m automatic waiting parent is fenced after stop, encrypted=true [33m 512[2mms[22m[39m
   [33m[2m✓[22m[39m automatic waiting parent is fenced after summary-result-write, encrypted=true [33m 315[2mms[22m[39m
   [33m[2m✓[22m[39m configuration authority wait joins close by admitted deadline, external cancellation=false, encrypted=false [33m 1229[2mms[22m[39m
   [33m[2m✓[22m[39m configuration authority wait joins close by admitted deadline, external cancellation=true, encrypted=false [33m 1226[2mms[22m[39m
   [33m[2m✓[22m[39m configuration authority wait joins close by admitted deadline, external cancellation=false, encrypted=true [33m 1222[2mms[22m[39m
   [33m[2m✓[22m[39m configuration authority wait joins close by admitted deadline, external cancellation=true, encrypted=true [33m 1216[2mms[22m[39m

[31m⎯⎯⎯⎯⎯⎯⎯[39m[1m[41m Failed Tests 1 [49m[22m[31m⎯⎯⎯⎯⎯⎯⎯[39m

[41m[1m FAIL [22m[49m src/pi-durable-models.test.ts[2m > [22mregistered adapter terminal error retains faux-2 identity, aborted=true
[31m[1mAssertionError[22m: expected { Object (role, content, ...) } to match object { provider: 'faux', …(2) }
(12 matching properties omitted from actual)[39m

- Expected
+ Received

  {
    "model": "faux-2",
    "provider": "faux",
-   "stopReason": "aborted",
+   "stopReason": "error",
  }

[90m [2m❯[22m Proxy.methodWrapper home/ayan/ditto-execution/plan-007-recovery/apps/runtime/node_modules/.vite/vitest/da39a3ee5e6b4b0d3255bfef95601890afd80709/deps_ssr/vitest___@vitest_expect___chai.js:[2m1603:25[22m[39m
[36m [2m❯[22m src/pi-durable-models.test.ts:[2m692:20[22m[39m
    [90m690| [39m   { signal[33m:[39m controller[33m.[39msignal }[33m,[39m
    [90m691| [39m  )[33m;[39m
    [90m692| [39m  [34mexpect[39m(response)[33m.[39m[34mtoMatchObject[39m({
    [90m   | [39m                   [31m^[39m
    [90m693| [39m   provider[33m:[39m [32m"faux"[39m[33m,[39m
    [90m694| [39m   model[33m:[39m [32m"faux-2"[39m[33m,[39m

[31m[2m⎯⎯⎯⎯⎯⎯⎯⎯⎯⎯⎯⎯⎯⎯⎯⎯⎯⎯⎯⎯⎯⎯⎯⎯[1/1]⎯[22m[39m


[2m Test Files [22m [1m[31m1 failed[39m[22m[2m | [22m[1m[32m3 passed[39m[22m[90m (4)[39m
[2m      Tests [22m [1m[31m1 failed[39m[22m[2m | [22m[1m[32m231 passed[39m[22m[90m (232)[39m
[2m   Start at [22m 21:45:12
[2m   Duration [22m 50.54s[2m (transform 750ms, setup 0ms, collect 3.87s, tests 96.52s, environment 2ms, prepare 1.09s)[22m

[vpw:debug] Shutting down runtimes...
[vpw:debug] Disposing remote proxy sessions...
undefined
/home/ayan/ditto-execution/plan-007-recovery/apps/runtime:
[ERR_PNPM_RECURSIVE_EXEC_FIRST_FAIL] Command failed with exit code 1: vitest run src/pi-durable-models.test.ts src/pi-durable-effects.test.ts src/pi-durable-summary.test.ts src/pi-durable-model-preparation.gate.test.ts
