Scope: all 4 workspace projects
✓ Lockfile passes supply-chain policies (verified 2d ago)
Lockfile is up to date, resolution step is skipped
Progress: resolved 1, reused 0, downloaded 0, added 0
Packages: +1198
++++++++++++++++++++++++++++++++++++++++++++++++++++++++++++++++++++++++++++++++
Progress: resolved 1198, reused 671, downloaded 0, added 0
Progress: resolved 1198, reused 1194, downloaded 0, added 1198, done
.../sharp@0.34.5/node_modules/sharp install$ node install/check.js || npm run build
.../node_modules/lefthook postinstall$ node postinstall.js
.../node_modules/lefthook postinstall: sync hooks: ✔️(pre-commit)
.../node_modules/lefthook postinstall: Done
.../sharp@0.34.5/node_modules/sharp install: Done

dependencies:
+ alchemy 0.93.12

devDependencies:
+ @biomejs/biome 2.4.5
+ dotenv 17.4.2
+ lefthook 2.1.10
+ react-doctor 0.4.2

Done in 16.4s using pnpm v11.8.0
$ pnpm --filter @ditto/runtime-contracts typecheck && pnpm --filter @ditto/runtime-contracts exec vitest run && pnpm --filter @ditto/runtime-contracts build
$ tsc --noEmit

 RUN  v3.2.7 /home/ayan/ditto-worktrees/plan-004-grok/packages/runtime-contracts

 ✓ src/contracts.test.ts (14 tests) 9ms

 Test Files  1 passed (1)
      Tests  14 passed (14)
   Start at  14:00:51
   Duration  240ms (transform 77ms, setup 0ms, collect 88ms, tests 9ms, environment 0ms, prepare 48ms)

$ tsc -p tsconfig.json
npm warn deprecated node-domexception@1.0.0: Use your platform's native DOMException instead
npm warn deprecated node-domexception@1.0.0: Use your platform's native DOMException instead

added 273 packages, and audited 274 packages in 8s

24 packages are looking for funding
  run `npm fund` for details

4 vulnerabilities (2 moderate, 2 high)

To address issues that do not require attention, run:
  npm audit fix

To address all issues (including breaking changes), run:
  npm audit fix --force

Run `npm audit` for details.
npm warn install-scripts 6 packages had install scripts blocked because they are not covered by allowScripts:
npm warn install-scripts   @google/genai@1.52.0 (preinstall: echo 'preinstall: no-op')
npm warn install-scripts   esbuild@0.28.1 (postinstall: node install.js)
npm warn install-scripts   protobufjs@7.6.5 (postinstall: node scripts/postinstall)
npm warn install-scripts   @google/genai@1.52.0 (preinstall: echo 'preinstall: no-op')
npm warn install-scripts   esbuild@0.28.1 (postinstall: node install.js)
npm warn install-scripts   protobufjs@7.6.5 (postinstall: node scripts/postinstall)
npm warn install-scripts
npm warn install-scripts Run `npm install-scripts ls` to review, or `npm install-scripts approve <pkg>` to allow.
npm warn deprecated node-domexception@1.0.0: Use your platform's native DOMException instead
npm warn deprecated node-domexception@1.0.0: Use your platform's native DOMException instead

added 274 packages, and audited 276 packages in 8s

24 packages are looking for funding
  run `npm fund` for details

4 vulnerabilities (2 moderate, 2 high)

To address issues that do not require attention, run:
  npm audit fix

To address all issues (including breaking changes), run:
  npm audit fix --force

Run `npm audit` for details.
npm warn install-scripts 6 packages had install scripts blocked because they are not covered by allowScripts:
npm warn install-scripts   @google/genai@1.52.0 (preinstall: echo 'preinstall: no-op')
npm warn install-scripts   esbuild@0.28.1 (postinstall: node install.js)
npm warn install-scripts   protobufjs@7.6.5 (postinstall: node scripts/postinstall)
npm warn install-scripts   @google/genai@1.52.0 (preinstall: echo 'preinstall: no-op')
npm warn install-scripts   esbuild@0.28.1 (postinstall: node install.js)
npm warn install-scripts   protobufjs@7.6.5 (postinstall: node scripts/postinstall)
npm warn install-scripts
npm warn install-scripts Run `npm install-scripts ls` to review, or `npm install-scripts approve <pkg>` to allow.
npm notice run contracts:check
npm notice run vitest run src/pi-feasibility.test.ts -t contracts-consumer-freshness

 RUN  v3.2.7 /home/ayan/ditto-worktrees/plan-004-grok/packages/session-brain

 ✓ src/pi-feasibility.test.ts (6 tests | 3 skipped) 5885ms
   ✓ contracts-consumer-freshness > contracts-consumer-freshness: imported emitted JS/declarations match a fresh contracts build  530ms
   ✓ contracts-consumer-freshness > contracts-consumer-freshness: isolated npm copy is stale until the documented npm refresh recipe  5297ms

 Test Files  1 passed (1)
      Tests  3 passed | 3 skipped (6)
   Start at  14:01:08
   Duration  6.75s (transform 84ms, setup 0ms, collect 715ms, tests 5.88s, environment 0ms, prepare 43ms)

