
[1m[46m RUN [49m[22m [36mv3.2.7 [39m[90m/home/ayan/ditto-execution/plan-007-recovery/apps/credential-tests[39m

[vpw:debug] Adding `enable_nodejs_tty_module` compatibility flag during tests as this feature is needed to support the Vitest runner.
[vpw:debug] Adding `enable_nodejs_fs_module` compatibility flag during tests as this feature is needed to support the Vitest runner.
[vpw:debug] Adding `enable_nodejs_http_modules` compatibility flag during tests as this feature is needed to support the Vitest runner.
[vpw:debug] Adding `enable_nodejs_perf_hooks_module` compatibility flag during tests as this feature is needed to support the Vitest runner.
[vpw:info] Starting isolated runtimes for ../../plans/evidence/artifacts/007/configuration-advisor/vitest.config.ts...
[90mstdout[2m | ../../plans/evidence/artifacts/007/configuration-advisor/probes.worker.test.ts[2m > [22m[2madvisor: equal current choice falsely completes an unapplied pending intent encrypted=false
[22m[39m[advisor-equal] {"encrypted":false,"piUnchangedBeforeReopen":true,"ack":{"version":1,"intentId":"never-applied","status":"applied","snapshot":{"version":1,"projectId":"project","workspaceSessionId":"session","ownerVersion":1,"selection":{"model":"faux-1","thinking":"off"}}}}

[90mstdout[2m | ../../plans/evidence/artifacts/007/configuration-advisor/probes.worker.test.ts[2m > [22m[2madvisor: equal current choice falsely completes an unapplied pending intent encrypted=true
[22m[39m[advisor-equal] {"encrypted":true,"piUnchangedBeforeReopen":true,"ack":{"version":1,"intentId":"never-applied","status":"applied","snapshot":{"version":1,"projectId":"project","workspaceSessionId":"session","ownerVersion":1,"selection":{"model":"faux-1","thinking":"off"}}}}

[90mstdout[2m | ../../plans/evidence/artifacts/007/configuration-advisor/probes.worker.test.ts[2m > [22m[2madvisor: stale local authority survives final awaited product check
[22m[39m[advisor-local] {"localCurrent":false,"ack":{"version":1,"intentId":"choice-1","status":"applied","snapshot":{"version":1,"projectId":"project","workspaceSessionId":"session","ownerVersion":1,"selection":{"model":"faux-2","thinking":"low"}}}}

 [32m✓[39m ../../plans/evidence/artifacts/007/configuration-advisor/probes.worker.test.ts [2m([22m[2m117 tests[22m[2m | [22m[33m114 skipped[39m[2m)[22m[33m 4353[2mms[22m[39m
   [33m[2m✓[22m[39m advisor: equal current choice falsely completes an unapplied pending intent encrypted=false [33m 1418[2mms[22m[39m
   [33m[2m✓[22m[39m advisor: equal current choice falsely completes an unapplied pending intent encrypted=true [33m 1416[2mms[22m[39m
   [33m[2m✓[22m[39m advisor: stale local authority survives final awaited product check [33m 1517[2mms[22m[39m

[2m Test Files [22m [1m[32m1 passed[39m[22m[90m (1)[39m
[2m      Tests [22m [1m[32m3 passed[39m[22m[2m | [22m[33m114 skipped[39m[90m (117)[39m
[2m   Start at [22m 07:21:02
[2m   Duration [22m 6.77s[2m (transform 839ms, setup 0ms, collect 1.32s, tests 4.35s, environment 0ms, prepare 132ms)[22m

[vpw:debug] Shutting down runtimes...
[vpw:debug] Disposing remote proxy sessions...
