$ pnpm contracts:verify && npm run contracts:check --prefix packages/session-brain && npm run typecheck --prefix packages/session-brain && npm test --prefix packages/session-brain && npm run build --prefix packages/session-brain
$ pnpm --filter @ditto/runtime-contracts typecheck && pnpm --filter @ditto/runtime-contracts exec vitest run && pnpm --filter @ditto/runtime-contracts build
$ tsc --noEmit

[1m[46m RUN [49m[22m [36mv3.2.7 [39m[90m/home/ayan/ditto-execution/plan-007-recovery/packages/runtime-contracts[39m

 [32m✓[39m src/model.test.ts [2m([22m[2m2 tests[22m[2m)[22m[32m 8[2mms[22m[39m
 [32m✓[39m src/contracts.test.ts [2m([22m[2m14 tests[22m[2m)[22m[32m 18[2mms[22m[39m

[2m Test Files [22m [1m[32m2 passed[39m[22m[90m (2)[39m
[2m      Tests [22m [1m[32m16 passed[39m[22m[90m (16)[39m
[2m   Start at [22m 19:27:14
[2m   Duration [22m 428ms[2m (transform 194ms, setup 0ms, collect 264ms, tests 27ms, environment 1ms, prepare 173ms)[22m

$ tsc -p tsconfig.json
npm notice run contracts:check
npm notice run vitest run src/pi-feasibility.test.ts -t contracts-consumer-freshness

[1m[46m RUN [49m[22m [36mv3.2.7 [39m[90m/home/ayan/ditto-execution/plan-007-recovery/packages/session-brain[39m

 [32m✓[39m src/pi-feasibility.test.ts [2m([22m[2m6 tests[22m[2m | [22m[33m3 skipped[39m[2m)[22m[33m 10241[2mms[22m[39m
   [33m[2m✓[22m[39m contracts-consumer-freshness[2m > [22mcontracts-consumer-freshness: imported emitted JS/declarations match a fresh contracts build [33m 915[2mms[22m[39m
   [33m[2m✓[22m[39m contracts-consumer-freshness[2m > [22mcontracts-consumer-freshness: isolated npm copy is stale until the documented npm refresh recipe [33m 9237[2mms[22m[39m

[2m Test Files [22m [1m[32m1 passed[39m[22m[90m (1)[39m
[2m      Tests [22m [1m[32m3 passed[39m[22m[2m | [22m[33m3 skipped[39m[90m (6)[39m
[2m   Start at [22m 19:27:16
[2m   Duration [22m 12.08s[2m (transform 185ms, setup 0ms, collect 1.58s, tests 10.24s, environment 0ms, prepare 91ms)[22m

npm notice run typecheck
npm notice run tsc -p tsconfig.json --noEmit
npm notice run test
npm notice run vitest run

[1m[46m RUN [49m[22m [36mv3.2.7 [39m[90m/home/ayan/ditto-execution/plan-007-recovery/packages/session-brain[39m

 [32m✓[39m src/pi-restoration.test.ts [2m([22m[2m3 tests[22m[2m)[22m[32m 25[2mms[22m[39m
 [32m✓[39m src/pi-feasibility.test.ts [2m([22m[2m6 tests[22m[2m)[22m[33m 23728[2mms[22m[39m
   [33m[2m✓[22m[39m contracts-consumer-freshness[2m > [22mcontracts-consumer-freshness: imported emitted JS/declarations match a fresh contracts build [33m 941[2mms[22m[39m
   [33m[2m✓[22m[39m contracts-consumer-freshness[2m > [22mcontracts-consumer-freshness: isolated npm copy is stale until the documented npm refresh recipe [33m 22509[2mms[22m[39m
 [32m✓[39m src/pi-recovery.test.ts [2m([22m[2m34 tests[22m[2m)[22m[33m 28298[2mms[22m[39m
   [33m[2m✓[22m[39m journal-led recovery[2m > [22mR01 executes a committed A/B batch once before the next inference [33m 422[2mms[22m[39m
   [33m[2m✓[22m[39m awaited durability barriers[2m > [22minitial-command: SIGKILL before-persist and restart [33m 5136[2mms[22m[39m
   [33m[2m✓[22m[39m awaited durability barriers[2m > [22minitial-command: SIGKILL after-persist-before-ack and restart [33m 5868[2mms[22m[39m
   [33m[2m✓[22m[39m awaited durability barriers[2m > [22minitial-command: SIGKILL after-ack-before-next and restart [33m 5916[2mms[22m[39m
   [33m[2m✓[22m[39m awaited durability barriers[2m > [22mfollow-up: SIGKILL before-persist and restart [33m 6023[2mms[22m[39m
   [33m[2m✓[22m[39m awaited durability barriers[2m > [22mfollow-up: SIGKILL after-persist-before-ack and restart [33m 6465[2mms[22m[39m
   [33m[2m✓[22m[39m awaited durability barriers[2m > [22mfollow-up: SIGKILL after-ack-before-next and restart [33m 5439[2mms[22m[39m
   [33m[2m✓[22m[39m awaited durability barriers[2m > [22massistant-tools: SIGKILL before-persist and restart [33m 5635[2mms[22m[39m
   [33m[2m✓[22m[39m awaited durability barriers[2m > [22massistant-tools: SIGKILL after-persist-before-ack and restart [33m 6021[2mms[22m[39m
   [33m[2m✓[22m[39m awaited durability barriers[2m > [22massistant-tools: SIGKILL after-ack-before-next and restart [33m 5944[2mms[22m[39m
   [33m[2m✓[22m[39m awaited durability barriers[2m > [22mtool-result: SIGKILL before-persist and restart [33m 5939[2mms[22m[39m
   [33m[2m✓[22m[39m awaited durability barriers[2m > [22mtool-result: SIGKILL after-persist-before-ack and restart [33m 6395[2mms[22m[39m
   [33m[2m✓[22m[39m awaited durability barriers[2m > [22mtool-result: SIGKILL after-ack-before-next and restart [33m 6317[2mms[22m[39m
   [33m[2m✓[22m[39m awaited durability barriers[2m > [22mfinal-answer: SIGKILL before-persist and restart [33m 5551[2mms[22m[39m
   [33m[2m✓[22m[39m awaited durability barriers[2m > [22mfinal-answer: SIGKILL after-persist-before-ack and restart [33m 5261[2mms[22m[39m
   [33m[2m✓[22m[39m awaited durability barriers[2m > [22mfinal-answer: SIGKILL after-ack-before-next and restart [33m 5385[2mms[22m[39m
   [33m[2m✓[22m[39m awaited durability barriers[2m > [22mcompaction: SIGKILL before-persist and restart [33m 5877[2mms[22m[39m
   [33m[2m✓[22m[39m awaited durability barriers[2m > [22mcompaction: SIGKILL after-persist-before-ack and restart [33m 6094[2mms[22m[39m
   [33m[2m✓[22m[39m awaited durability barriers[2m > [22mcompaction: SIGKILL after-ack-before-next and restart [33m 5889[2mms[22m[39m
   [33m[2m✓[22m[39m awaited durability barriers[2m > [22mextension-state: SIGKILL before-persist and restart [33m 6432[2mms[22m[39m
   [33m[2m✓[22m[39m awaited durability barriers[2m > [22mextension-state: SIGKILL after-persist-before-ack and restart [33m 5981[2mms[22m[39m
   [33m[2m✓[22m[39m awaited durability barriers[2m > [22mextension-state: SIGKILL after-ack-before-next and restart [33m 4246[2mms[22m[39m
   [33m[2m✓[22m[39m awaited durability barriers[2m > [22mspending-attempt: SIGKILL before-persist and restart [33m 3810[2mms[22m[39m
   [33m[2m✓[22m[39m awaited durability barriers[2m > [22mspending-attempt: SIGKILL after-persist-before-ack and restart [33m 3736[2mms[22m[39m
   [33m[2m✓[22m[39m awaited durability barriers[2m > [22mspending-attempt: SIGKILL after-ack-before-next and restart [33m 3479[2mms[22m[39m

[2m Test Files [22m [1m[32m3 passed[39m[22m[90m (3)[39m
[2m      Tests [22m [1m[32m43 passed[39m[22m[90m (43)[39m
[2m   Start at [22m 19:27:35
[2m   Duration [22m 30.03s[2m (transform 257ms, setup 0ms, collect 4.35s, tests 52.05s, environment 1ms, prepare 254ms)[22m

npm notice run build
npm notice run tsc -p tsconfig.json
