$ pnpm contracts:verify && npm run contracts:check --prefix packages/session-brain && npm run typecheck --prefix packages/session-brain && npm test --prefix packages/session-brain && npm run build --prefix packages/session-brain
$ pnpm --filter @ditto/runtime-contracts typecheck && pnpm --filter @ditto/runtime-contracts exec vitest run && pnpm --filter @ditto/runtime-contracts build
$ tsc --noEmit

 RUN  v3.2.7 /home/ayan/ditto-worktrees/plan-003-grok/packages/runtime-contracts

 ✓ src/contracts.test.ts (14 tests) 15ms

 Test Files  1 passed (1)
      Tests  14 passed (14)
   Start at  08:00:54
   Duration  411ms (transform 137ms, setup 0ms, collect 157ms, tests 15ms, environment 0ms, prepare 79ms)

$ tsc -p tsconfig.json
npm notice run contracts:check
npm notice run vitest run src/pi-feasibility.test.ts -t contracts-consumer-freshness

 RUN  v3.2.7 /home/ayan/ditto-worktrees/plan-003-grok/packages/session-brain

 ✓ src/pi-feasibility.test.ts (6 tests | 3 skipped) 9563ms
   ✓ contracts-consumer-freshness > contracts-consumer-freshness: imported emitted JS/declarations match a fresh contracts build  758ms
   ✓ contracts-consumer-freshness > contracts-consumer-freshness: isolated npm copy is stale until the documented npm refresh recipe  8708ms

 Test Files  1 passed (1)
      Tests  3 passed | 3 skipped (6)
   Start at  08:00:56
   Duration  11.70s (transform 141ms, setup 0ms, collect 1.90s, tests 9.56s, environment 0ms, prepare 84ms)

npm notice run typecheck
npm notice run tsc -p tsconfig.json --noEmit
npm notice run test
npm notice run vitest run

 RUN  v3.2.7 /home/ayan/ditto-worktrees/plan-003-grok/packages/session-brain

 ✓ src/pi-restoration.test.ts (3 tests) 17ms
 ✓ src/pi-feasibility.test.ts (6 tests) 25154ms
   ✓ contracts-consumer-freshness > contracts-consumer-freshness: imported emitted JS/declarations match a fresh contracts build  1828ms
   ✓ contracts-consumer-freshness > contracts-consumer-freshness: isolated npm copy is stale until the documented npm refresh recipe  23124ms
 ✓ src/pi-recovery.test.ts (34 tests) 28585ms
   ✓ journal-led recovery > R01 executes a committed A/B batch once before the next inference  348ms
   ✓ awaited durability barriers > initial-command: SIGKILL before-persist and restart  6227ms
   ✓ awaited durability barriers > initial-command: SIGKILL after-persist-before-ack and restart  5958ms
   ✓ awaited durability barriers > initial-command: SIGKILL after-ack-before-next and restart  6815ms
   ✓ awaited durability barriers > follow-up: SIGKILL before-persist and restart  6266ms
   ✓ awaited durability barriers > follow-up: SIGKILL after-persist-before-ack and restart  6372ms
   ✓ awaited durability barriers > follow-up: SIGKILL after-ack-before-next and restart  5719ms
   ✓ awaited durability barriers > assistant-tools: SIGKILL before-persist and restart  6204ms
   ✓ awaited durability barriers > assistant-tools: SIGKILL after-persist-before-ack and restart  5880ms
   ✓ awaited durability barriers > assistant-tools: SIGKILL after-ack-before-next and restart  6550ms
   ✓ awaited durability barriers > tool-result: SIGKILL before-persist and restart  6027ms
   ✓ awaited durability barriers > tool-result: SIGKILL after-persist-before-ack and restart  5761ms
   ✓ awaited durability barriers > tool-result: SIGKILL after-ack-before-next and restart  5731ms
   ✓ awaited durability barriers > final-answer: SIGKILL before-persist and restart  5195ms
   ✓ awaited durability barriers > final-answer: SIGKILL after-persist-before-ack and restart  4905ms
   ✓ awaited durability barriers > final-answer: SIGKILL after-ack-before-next and restart  5670ms
   ✓ awaited durability barriers > compaction: SIGKILL before-persist and restart  6194ms
   ✓ awaited durability barriers > compaction: SIGKILL after-persist-before-ack and restart  5614ms
   ✓ awaited durability barriers > compaction: SIGKILL after-ack-before-next and restart  5563ms
   ✓ awaited durability barriers > extension-state: SIGKILL before-persist and restart  5905ms
   ✓ awaited durability barriers > extension-state: SIGKILL after-persist-before-ack and restart  6139ms
   ✓ awaited durability barriers > extension-state: SIGKILL after-ack-before-next and restart  4057ms
   ✓ awaited durability barriers > spending-attempt: SIGKILL before-persist and restart  3753ms
   ✓ awaited durability barriers > spending-attempt: SIGKILL after-persist-before-ack and restart  3842ms
   ✓ awaited durability barriers > spending-attempt: SIGKILL after-ack-before-next and restart  3380ms

 Test Files  3 passed (3)
      Tests  43 passed (43)
   Start at  08:01:14
   Duration  30.20s (transform 244ms, setup 0ms, collect 3.99s, tests 53.76s, environment 1ms, prepare 263ms)

npm notice run build
npm notice run tsc -p tsconfig.json
EXIT:0
