Warning: Route file "/home/ayan/ditto-worktrees/plan-003-grok/apps/web/src/routes/project.$projectId.test.tsx" does not export a Route. This file will not be included in the route tree.

If this file is not intended to be a route, you can exclude it using one of these options:
  1. Rename the file to "/home/ayan/ditto-worktrees/plan-003-grok/apps/web/src/routes/-project.$projectId.test.tsx" (prefix with "-")
  2. Use 'routeFileIgnorePattern' in your config to match this file

Current configuration:
  routeFileIgnorePrefix: "-"
  routeFileIgnorePattern: undefined
Warning: Route file "/home/ayan/ditto-worktrees/plan-003-grok/apps/web/src/routes/api.agent.control.test.ts" does not export a Route. This file will not be included in the route tree.

If this file is not intended to be a route, you can exclude it using one of these options:
  1. Rename the file to "/home/ayan/ditto-worktrees/plan-003-grok/apps/web/src/routes/-api.agent.control.test.ts" (prefix with "-")
  2. Use 'routeFileIgnorePattern' in your config to match this file

Current configuration:
  routeFileIgnorePrefix: "-"
  routeFileIgnorePattern: undefined
Warning: Route file "/home/ayan/ditto-worktrees/plan-003-grok/apps/web/src/routes/api.agent.stream.test.ts" does not export a Route. This file will not be included in the route tree.

If this file is not intended to be a route, you can exclude it using one of these options:
  1. Rename the file to "/home/ayan/ditto-worktrees/plan-003-grok/apps/web/src/routes/-api.agent.stream.test.ts" (prefix with "-")
  2. Use 'routeFileIgnorePattern' in your config to match this file

Current configuration:
  routeFileIgnorePrefix: "-"
  routeFileIgnorePattern: undefined

 RUN  v4.1.10 /home/ayan/ditto-worktrees/plan-003-grok/apps/web


 Test Files  2 passed (2)
      Tests  34 passed (34)
   Start at  08:23:07
   Duration  1.85s (transform 861ms, setup 0ms, import 1.70s, tests 1.06s, environment 0ms)

