$ pnpm contracts:verify && npm run contracts:check --prefix packages/session-brain && npm run typecheck --prefix packages/session-brain && npm test --prefix packages/session-brain && npm run build --prefix packages/session-brain
$ pnpm --filter @ditto/runtime-contracts typecheck && pnpm --filter @ditto/runtime-contracts exec vitest run && pnpm --filter @ditto/runtime-contracts build
$ tsc --noEmit

 RUN  v3.2.7 /home/ayan/ditto-worktrees/plan-003-grok/packages/runtime-contracts

 ✓ src/contracts.test.ts (14 tests) 51ms

 Test Files  1 passed (1)
      Tests  14 passed (14)
   Start at  08:24:38
   Duration  600ms (transform 166ms, setup 0ms, collect 187ms, tests 51ms, environment 0ms, prepare 106ms)

$ tsc -p tsconfig.json
npm notice run contracts:check
npm notice run vitest run src/pi-feasibility.test.ts -t contracts-consumer-freshness

 RUN  v3.2.7 /home/ayan/ditto-worktrees/plan-003-grok/packages/session-brain

 ✓ src/pi-feasibility.test.ts (6 tests | 3 skipped) 8646ms
   ✓ contracts-consumer-freshness > contracts-consumer-freshness: imported emitted JS/declarations match a fresh contracts build  943ms
   ✓ contracts-consumer-freshness > contracts-consumer-freshness: isolated npm copy is stale until the documented npm refresh recipe  7630ms

 Test Files  1 passed (1)
      Tests  3 passed | 3 skipped (6)
   Start at  08:24:44
   Duration  10.55s (transform 163ms, setup 0ms, collect 1.59s, tests 8.65s, environment 0ms, prepare 102ms)

npm notice run typecheck
npm notice run tsc -p tsconfig.json --noEmit
npm notice run test
npm notice run vitest run

 RUN  v3.2.7 /home/ayan/ditto-worktrees/plan-003-grok/packages/session-brain

 ✓ src/pi-restoration.test.ts (3 tests) 14ms
 ✓ src/pi-feasibility.test.ts (6 tests) 21543ms
   ✓ contracts-consumer-freshness > contracts-consumer-freshness: imported emitted JS/declarations match a fresh contracts build  908ms
   ✓ contracts-consumer-freshness > contracts-consumer-freshness: isolated npm copy is stale until the documented npm refresh recipe  20409ms
 ✓ src/pi-recovery.test.ts (34 tests) 25928ms
   ✓ awaited durability barriers > initial-command: SIGKILL before-persist and restart  5600ms
   ✓ awaited durability barriers > initial-command: SIGKILL after-persist-before-ack and restart  7218ms
   ✓ awaited durability barriers > initial-command: SIGKILL after-ack-before-next and restart  7171ms
   ✓ awaited durability barriers > follow-up: SIGKILL before-persist and restart  6811ms
   ✓ awaited durability barriers > follow-up: SIGKILL after-persist-before-ack and restart  7366ms
   ✓ awaited durability barriers > follow-up: SIGKILL after-ack-before-next and restart  5856ms
   ✓ awaited durability barriers > assistant-tools: SIGKILL before-persist and restart  6098ms
   ✓ awaited durability barriers > assistant-tools: SIGKILL after-persist-before-ack and restart  5800ms
   ✓ awaited durability barriers > assistant-tools: SIGKILL after-ack-before-next and restart  5784ms
   ✓ awaited durability barriers > tool-result: SIGKILL before-persist and restart  5214ms
   ✓ awaited durability barriers > tool-result: SIGKILL after-persist-before-ack and restart  4686ms
   ✓ awaited durability barriers > tool-result: SIGKILL after-ack-before-next and restart  4804ms
   ✓ awaited durability barriers > final-answer: SIGKILL before-persist and restart  4231ms
   ✓ awaited durability barriers > final-answer: SIGKILL after-persist-before-ack and restart  4361ms
   ✓ awaited durability barriers > final-answer: SIGKILL after-ack-before-next and restart  3760ms
   ✓ awaited durability barriers > compaction: SIGKILL before-persist and restart  4653ms
   ✓ awaited durability barriers > compaction: SIGKILL after-persist-before-ack and restart  4531ms
   ✓ awaited durability barriers > compaction: SIGKILL after-ack-before-next and restart  4585ms
   ✓ awaited durability barriers > extension-state: SIGKILL before-persist and restart  4624ms
   ✓ awaited durability barriers > extension-state: SIGKILL after-persist-before-ack and restart  4711ms
   ✓ awaited durability barriers > extension-state: SIGKILL after-ack-before-next and restart  3787ms
   ✓ awaited durability barriers > spending-attempt: SIGKILL before-persist and restart  3362ms
   ✓ awaited durability barriers > spending-attempt: SIGKILL after-persist-before-ack and restart  3186ms
   ✓ awaited durability barriers > spending-attempt: SIGKILL after-ack-before-next and restart  3225ms

 Test Files  3 passed (3)
      Tests  43 passed (43)
   Start at  08:24:59
   Duration  27.20s (transform 214ms, setup 0ms, collect 3.30s, tests 47.49s, environment 0ms, prepare 183ms)

npm notice run build
npm notice run tsc -p tsconfig.json
EXIT:0
