$ pnpm contracts:verify && npm run contracts:check --prefix packages/session-brain && npm run typecheck --prefix packages/session-brain && npm test --prefix packages/session-brain && npm run build --prefix packages/session-brain
$ pnpm --filter @ditto/runtime-contracts typecheck && pnpm --filter @ditto/runtime-contracts exec vitest run && pnpm --filter @ditto/runtime-contracts build
$ tsc --noEmit

[1m[46m RUN [49m[22m [36mv3.2.7 [39m[90m/home/ayan/ditto-execution/plan-007-recovery/packages/runtime-contracts[39m

 [32m✓[39m src/model.test.ts [2m([22m[2m2 tests[22m[2m)[22m[32m 7[2mms[22m[39m
 [32m✓[39m src/contracts.test.ts [2m([22m[2m14 tests[22m[2m)[22m[32m 15[2mms[22m[39m

[2m Test Files [22m [1m[32m2 passed[39m[22m[90m (2)[39m
[2m      Tests [22m [1m[32m16 passed[39m[22m[90m (16)[39m
[2m   Start at [22m 18:34:08
[2m   Duration [22m 471ms[2m (transform 250ms, setup 0ms, collect 315ms, tests 22ms, environment 0ms, prepare 207ms)[22m

$ tsc -p tsconfig.json
npm notice run contracts:check
npm notice run vitest run src/pi-feasibility.test.ts -t contracts-consumer-freshness

[1m[46m RUN [49m[22m [36mv3.2.7 [39m[90m/home/ayan/ditto-execution/plan-007-recovery/packages/session-brain[39m

 [32m✓[39m src/pi-feasibility.test.ts [2m([22m[2m6 tests[22m[2m | [22m[33m3 skipped[39m[2m)[22m[33m 9694[2mms[22m[39m
   [33m[2m✓[22m[39m contracts-consumer-freshness[2m > [22mcontracts-consumer-freshness: imported emitted JS/declarations match a fresh contracts build [33m 1042[2mms[22m[39m
   [33m[2m✓[22m[39m contracts-consumer-freshness[2m > [22mcontracts-consumer-freshness: isolated npm copy is stale until the documented npm refresh recipe [33m 8576[2mms[22m[39m

[2m Test Files [22m [1m[32m1 passed[39m[22m[90m (1)[39m
[2m      Tests [22m [1m[32m3 passed[39m[22m[2m | [22m[33m3 skipped[39m[90m (6)[39m
[2m   Start at [22m 18:34:11
[2m   Duration [22m 11.43s[2m (transform 170ms, setup 0ms, collect 1.49s, tests 9.69s, environment 0ms, prepare 88ms)[22m

npm notice run typecheck
npm notice run tsc -p tsconfig.json --noEmit
npm notice run test
npm notice run vitest run

[1m[46m RUN [49m[22m [36mv3.2.7 [39m[90m/home/ayan/ditto-execution/plan-007-recovery/packages/session-brain[39m

 [32m✓[39m src/pi-restoration.test.ts [2m([22m[2m3 tests[22m[2m)[22m[32m 16[2mms[22m[39m
 [32m✓[39m src/pi-feasibility.test.ts [2m([22m[2m6 tests[22m[2m)[22m[33m 19668[2mms[22m[39m
   [33m[2m✓[22m[39m contracts-consumer-freshness[2m > [22mcontracts-consumer-freshness: imported emitted JS/declarations match a fresh contracts build [33m 967[2mms[22m[39m
   [33m[2m✓[22m[39m contracts-consumer-freshness[2m > [22mcontracts-consumer-freshness: isolated npm copy is stale until the documented npm refresh recipe [33m 18501[2mms[22m[39m
 [32m✓[39m src/pi-recovery.test.ts [2m([22m[2m34 tests[22m[2m)[22m[33m 22811[2mms[22m[39m
   [33m[2m✓[22m[39m awaited durability barriers[2m > [22minitial-command: SIGKILL before-persist and restart [33m 4729[2mms[22m[39m
   [33m[2m✓[22m[39m awaited durability barriers[2m > [22minitial-command: SIGKILL after-persist-before-ack and restart [33m 4698[2mms[22m[39m
   [33m[2m✓[22m[39m awaited durability barriers[2m > [22minitial-command: SIGKILL after-ack-before-next and restart [33m 4888[2mms[22m[39m
   [33m[2m✓[22m[39m awaited durability barriers[2m > [22mfollow-up: SIGKILL before-persist and restart [33m 4781[2mms[22m[39m
   [33m[2m✓[22m[39m awaited durability barriers[2m > [22mfollow-up: SIGKILL after-persist-before-ack and restart [33m 4927[2mms[22m[39m
   [33m[2m✓[22m[39m awaited durability barriers[2m > [22mfollow-up: SIGKILL after-ack-before-next and restart [33m 4289[2mms[22m[39m
   [33m[2m✓[22m[39m awaited durability barriers[2m > [22massistant-tools: SIGKILL before-persist and restart [33m 4615[2mms[22m[39m
   [33m[2m✓[22m[39m awaited durability barriers[2m > [22massistant-tools: SIGKILL after-persist-before-ack and restart [33m 4981[2mms[22m[39m
   [33m[2m✓[22m[39m awaited durability barriers[2m > [22massistant-tools: SIGKILL after-ack-before-next and restart [33m 4850[2mms[22m[39m
   [33m[2m✓[22m[39m awaited durability barriers[2m > [22mtool-result: SIGKILL before-persist and restart [33m 4391[2mms[22m[39m
   [33m[2m✓[22m[39m awaited durability barriers[2m > [22mtool-result: SIGKILL after-persist-before-ack and restart [33m 4569[2mms[22m[39m
   [33m[2m✓[22m[39m awaited durability barriers[2m > [22mtool-result: SIGKILL after-ack-before-next and restart [33m 5302[2mms[22m[39m
   [33m[2m✓[22m[39m awaited durability barriers[2m > [22mfinal-answer: SIGKILL before-persist and restart [33m 4576[2mms[22m[39m
   [33m[2m✓[22m[39m awaited durability barriers[2m > [22mfinal-answer: SIGKILL after-persist-before-ack and restart [33m 4750[2mms[22m[39m
   [33m[2m✓[22m[39m awaited durability barriers[2m > [22mfinal-answer: SIGKILL after-ack-before-next and restart [33m 4465[2mms[22m[39m
   [33m[2m✓[22m[39m awaited durability barriers[2m > [22mcompaction: SIGKILL before-persist and restart [33m 4463[2mms[22m[39m
   [33m[2m✓[22m[39m awaited durability barriers[2m > [22mcompaction: SIGKILL after-persist-before-ack and restart [33m 4276[2mms[22m[39m
   [33m[2m✓[22m[39m awaited durability barriers[2m > [22mcompaction: SIGKILL after-ack-before-next and restart [33m 4647[2mms[22m[39m
   [33m[2m✓[22m[39m awaited durability barriers[2m > [22mextension-state: SIGKILL before-persist and restart [33m 5133[2mms[22m[39m
   [33m[2m✓[22m[39m awaited durability barriers[2m > [22mextension-state: SIGKILL after-persist-before-ack and restart [33m 4674[2mms[22m[39m
   [33m[2m✓[22m[39m awaited durability barriers[2m > [22mextension-state: SIGKILL after-ack-before-next and restart [33m 3583[2mms[22m[39m
   [33m[2m✓[22m[39m awaited durability barriers[2m > [22mspending-attempt: SIGKILL before-persist and restart [33m 3476[2mms[22m[39m
   [33m[2m✓[22m[39m awaited durability barriers[2m > [22mspending-attempt: SIGKILL after-persist-before-ack and restart [33m 3093[2mms[22m[39m
   [33m[2m✓[22m[39m awaited durability barriers[2m > [22mspending-attempt: SIGKILL after-ack-before-next and restart [33m 2831[2mms[22m[39m

[2m Test Files [22m [1m[32m3 passed[39m[22m[90m (3)[39m
[2m      Tests [22m [1m[32m43 passed[39m[22m[90m (43)[39m
[2m   Start at [22m 18:34:28
[2m   Duration [22m 24.09s[2m (transform 216ms, setup 0ms, collect 3.29s, tests 42.50s, environment 0ms, prepare 185ms)[22m

npm notice run build
npm notice run tsc -p tsconfig.json
