
[1m[46m RUN [49m[22m [36mv3.2.7 [39m[90m/home/ayan/ditto-execution/plan-007-recovery/apps/runtime[39m

[vpw:debug] Adding `enable_nodejs_tty_module` compatibility flag during tests as this feature is needed to support the Vitest runner.
[vpw:debug] Adding `enable_nodejs_fs_module` compatibility flag during tests as this feature is needed to support the Vitest runner.
[vpw:debug] Adding `enable_nodejs_http_modules` compatibility flag during tests as this feature is needed to support the Vitest runner.
[vpw:debug] Adding `enable_nodejs_perf_hooks_module` compatibility flag during tests as this feature is needed to support the Vitest runner.
[vpw:info] Starting isolated runtimes for vitest.config.ts...
[mf:warn] The latest compatibility date supported by the installed Cloudflare Workers Runtime is "2026-03-10",
but you've requested "2026-09-16". Falling back to "2026-03-10"...
[mf:warn] The latest compatibility date supported by the installed Cloudflare Workers Runtime is "2026-03-10",
but you've requested "2026-09-16". Falling back to "2026-03-10"...
[mf:warn] The latest compatibility date supported by the installed Cloudflare Workers Runtime is "2026-03-10",
but you've requested "2026-09-16". Falling back to "2026-03-10"...
[mf:warn] The latest compatibility date supported by the installed Cloudflare Workers Runtime is "2026-03-10",
but you've requested "2026-09-16". Falling back to "2026-03-10"...
[90mstdout[2m | src/pi-durable-model-preparation.gate.test.ts[2m > [22m[2m007 initial gate: prepared compaction must resume through the integrated mandatory guard after reopen before first admission
[22m[39m007 compaction gate evidence {"task":11,"before":{"phase":"select"},"after":{"status":"terminal","outcome":{"status":"completed","result":{"submissionId":13}}},"attempts":2,"dispatched":2,"requests":[{"model":"faux-1"},{"model":"faux-1","thinking":"low","maxTokens":1024},{"model":"faux-2","thinking":"high"}]}

 [32m✓[39m src/pi-durable-model-preparation.gate.test.ts [2m([22m[2m2 tests[22m[2m)[22m[33m 801[2mms[22m[39m
   [33m[2m✓[22m[39m 007 initial gate: prepared compaction must resume through the integrated mandatory guard after reopen before first admission [33m 599[2mms[22m[39m
 [32m✓[39m src/pi-durable-models.test.ts [2m([22m[2m10 tests[22m[2m)[22m[33m 2530[2mms[22m[39m
   [33m[2m✓[22m[39m a claimed exact attempt starts once and Stop retains its admitted work, encrypted=false [33m 304[2mms[22m[39m
 [32m✓[39m src/pi-durable-effects.test.ts [2m([22m[2m62 tests[22m[2m)[22m[33m 26377[2mms[22m[39m
   [33m[2m✓[22m[39m identical durable result delivery is idempotent [33m 310[2mms[22m[39m
   [33m[2m✓[22m[39m actual Pi unsafe recovery attempts the next tool and model but neither dispatches through two reopens [33m 604[2mms[22m[39m
   [33m[2m✓[22m[39m completed synthetic mutations and follow-up membership survive reopen without repetition [33m 747[2mms[22m[39m
   [33m[2m✓[22m[39m healthy later writes cannot clear a storage barrier but current trusted reconciliation can account for an undispatched admission [33m 399[2mms[22m[39m
   [33m[2m✓[22m[39m actual generation and unsafe tool persist structured exact membership before dispatch [33m 442[2mms[22m[39m
   [33m[2m✓[22m[39m lost shell result commit denies actual tool/model callbacks across two SQLite reopens, unavailable=false [33m 618[2mms[22m[39m
   [33m[2m✓[22m[39m lost shell result commit denies actual tool/model callbacks across two SQLite reopens, unavailable=true [33m 520[2mms[22m[39m
   [33m[2m✓[22m[39m unavailable failure marker is unnecessary for reopen denial from durable admitted shell [33m 443[2mms[22m[39m
   [33m[2m✓[22m[39m safety result before failed Pi commit is not original successful tool receipt [33m 479[2mms[22m[39m
   [33m[2m✓[22m[39m shell-replay is denied on actual registered tool before executor I/O [33m 404[2mms[22m[39m
   [33m[2m✓[22m[39m implicit-read is denied on actual registered tool before executor I/O [33m 425[2mms[22m[39m
   [33m[2m✓[22m[39m unsupported-write is denied on actual registered tool before executor I/O [33m 380[2mms[22m[39m
   [33m[2m✓[22m[39m read repeats are explicit new observations on distinct original calls, never replay of an unresolved call [33m 522[2mms[22m[39m
   [33m[2m✓[22m[39m uncooperative shell Stop is stopping, cancellation receipt is not termination [33m 384[2mms[22m[39m
   [33m[2m✓[22m[39m delayed old-run Stop never cancels later run or revives terminal completion [33m 419[2mms[22m[39m
   [33m[2m✓[22m[39m public committed retry evidence authorizes a separate summary attempt without reopening or guessing current task [33m 688[2mms[22m[39m
   [33m[2m✓[22m[39m known completed summary error retries after reopen with retained logical request and separately recorded spending [33m 462[2mms[22m[39m
   [33m[2m✓[22m[39m validated first summary preparation survives close without admitting an effect [33m 372[2mms[22m[39m
   [33m[2m✓[22m[39m missing first summary association after close denies the sole retained producer [33m 364[2mms[22m[39m
   [33m[2m✓[22m[39m corrupt first summary association after close denies the sole retained producer [33m 364[2mms[22m[39m
   [33m[2m✓[22m[39m selection handoff interrupted before Pi summarize commit remains exact or fails closed [33m 400[2mms[22m[39m
   [33m[2m✓[22m[39m selection handoff interrupted after Pi summarize commit remains exact or fails closed [33m 348[2mms[22m[39m
   [33m[2m✓[22m[39m stale epoch after validated summary preparation cannot admit an effect [33m 308[2mms[22m[39m
   [33m[2m✓[22m[39m owned blocking compaction excludes its actual waiting generation parent and preserves command membership [33m 490[2mms[22m[39m
   [33m[2m✓[22m[39m mixed actual generation and compaction producers deny both under one lane [33m 360[2mms[22m[39m
   [33m[2m✓[22m[39m unknown admitted summary blocks actual recovered requests through two SQLite reopens [33m 467[2mms[22m[39m
   [33m[2m✓[22m[39m mapping during summary preparation denies actual dispatch [33m 311[2mms[22m[39m
   [33m[2m✓[22m[39m competition during summary preparation denies actual dispatch [33m 347[2mms[22m[39m
   [33m[2m✓[22m[39m normal compaction establishes hook-bound tuple and preserves completed summary across reopen [33m 351[2mms[22m[39m
   [33m[2m✓[22m[39m correction: native settled no-work alarms consume serviced reconciliation without past rearm [33m 3294[2mms[22m[39m
   [33m[2m✓[22m[39m correction: known final compaction error settles original run, retryable=false [33m 365[2mms[22m[39m
   [33m[2m✓[22m[39m correction: known final compaction error settles original run, retryable=true [33m 711[2mms[22m[39m
   [33m[2m✓[22m[39m correction: actual tool/manual-summary race reserves at most one operation and dispatch [33m 503[2mms[22m[39m
   [33m[2m✓[22m[39m correction: fixed recovery expiry is enforced after held preparation [33m 414[2mms[22m[39m
   [33m[2m✓[22m[39m correction: response-only recovery expiry rejects result before Pi consumes it [33m 437[2mms[22m[39m
   [33m[2m✓[22m[39m correction: trusted abrupt takeover fixes recovery from the prior durable bound [33m 367[2mms[22m[39m
   [33m[2m✓[22m[39m encrypted validated summary preparation reopens with exact ciphertext provenance and no prior admission [33m 343[2mms[22m[39m
   [33m[2m✓[22m[39m encrypted L1: guarded model and tool settle without a false integrity failure [33m 356[2mms[22m[39m
   [33m[2m✓[22m[39m encrypted L1: compaction, retry, and follow-up keep distinct IDs and context order [33m 892[2mms[22m[39m
   [33m[2m✓[22m[39m encrypted L1: stale Stop does not cancel a later completed run [33m 307[2mms[22m[39m
   [33m[2m✓[22m[39m encrypted L1: result loss and Pi commit loss both block two reopens [33m 541[2mms[22m[39m
   [33m[2m✓[22m[39m encrypted L1: retry seal failure fences before close and survives both orders [33m 514[2mms[22m[39m
[90mstdout[2m | src/pi-durable-summary.test.ts[2m > [22m[2mconfiguration authority wait joins close by admitted deadline, external cancellation=false, encrypted=false
[22m[39m007 configuration-close advisor probe {"encrypted":false,"externallyCanceled":false,"invocation":{"id":"a35fdbbe-14c0-465b-b978-4d708821fc52","started":1791476853517,"yield_at":1791476863517,"end_at":1791476864517},"observedAt":1791476864568,"elapsedMs":1051,"configuration":{"state":"failed","at":1791476863517,"error":"The operation was aborted"},"close":{"state":"complete","at":1791476863527},"remoteSettled":false,"joinedConfiguration":{"state":"failed","at":1791476863517,"error":"The operation was aborted"},"joinedClose":{"state":"complete","at":1791476863527}}

[90mstdout[2m | src/pi-durable-summary.test.ts[2m > [22m[2mconfiguration authority wait joins close by admitted deadline, external cancellation=true, encrypted=false
[22m[39m007 configuration-close advisor probe {"encrypted":false,"externallyCanceled":true,"invocation":{"id":"349aaa61-7956-4602-92ee-28b78f5346c8","started":1791476854721,"yield_at":1791476864721,"end_at":1791476865721},"observedAt":1791476865773,"elapsedMs":1052,"configuration":{"state":"failed","at":1791476864722,"error":"The operation was aborted"},"close":{"state":"complete","at":1791476864731},"remoteSettled":false,"joinedConfiguration":{"state":"failed","at":1791476864722,"error":"The operation was aborted"},"joinedClose":{"state":"complete","at":1791476864731}}

[90mstdout[2m | src/pi-durable-summary.test.ts[2m > [22m[2mconfiguration authority wait joins close by admitted deadline, external cancellation=false, encrypted=true
[22m[39m007 configuration-close advisor probe {"encrypted":true,"externallyCanceled":false,"invocation":{"id":"d1f34844-d03e-4b6b-b4c6-e6a74d2dfb1c","started":1791476855925,"yield_at":1791476865925,"end_at":1791476866925},"observedAt":1791476866977,"elapsedMs":1052,"configuration":{"state":"failed","at":1791476865925,"error":"The operation was aborted"},"close":{"state":"complete","at":1791476865936},"remoteSettled":false,"joinedConfiguration":{"state":"failed","at":1791476865925,"error":"The operation was aborted"},"joinedClose":{"state":"complete","at":1791476865936}}

[90mstdout[2m | src/pi-durable-summary.test.ts[2m > [22m[2mconfiguration authority wait joins close by admitted deadline, external cancellation=true, encrypted=true
[22m[39m007 configuration-close advisor probe {"encrypted":true,"externallyCanceled":true,"invocation":{"id":"49b5394d-7ab5-496d-be55-fd56d60573d7","started":1791476857117,"yield_at":1791476867117,"end_at":1791476868117},"observedAt":1791476868169,"elapsedMs":1052,"configuration":{"state":"failed","at":1791476867118,"error":"The operation was aborted"},"close":{"state":"complete","at":1791476867129},"remoteSettled":false,"joinedConfiguration":{"state":"failed","at":1791476867118,"error":"The operation was aborted"},"joinedClose":{"state":"complete","at":1791476867129}}

 [32m✓[39m src/pi-durable-summary.test.ts [2m([22m[2m118 tests[22m[2m)[22m[33m 39102[2mms[22m[39m
   [33m[2m✓[22m[39m custom summary places a real manual Pi receipt, encrypted=false [33m 397[2mms[22m[39m
   [33m[2m✓[22m[39m custom summary places a real automatic Pi receipt, encrypted=false [33m 532[2mms[22m[39m
   [33m[2m✓[22m[39m recorded success survives close before hook return and is accounted once, encrypted=false [33m 436[2mms[22m[39m
   [33m[2m✓[22m[39m unknown admitted custom summary blocks two reopens without a second attempt, encrypted=false [33m 426[2mms[22m[39m
   [33m[2m✓[22m[39m custom preparation-write persistence failure fences every later effect, encrypted=false [33m 329[2mms[22m[39m
   [33m[2m✓[22m[39m custom preparation-flush persistence failure fences every later effect, encrypted=false [33m 335[2mms[22m[39m
   [33m[2m✓[22m[39m custom result persistence failure fences every later effect, encrypted=false [33m 349[2mms[22m[39m
   [33m[2m✓[22m[39m custom summary-result-write persistence failure fences every later effect, encrypted=false [33m 349[2mms[22m[39m
   [33m[2m✓[22m[39m custom summary-result-flush persistence failure fences every later effect, encrypted=false [33m 344[2mms[22m[39m
   [33m[2m✓[22m[39m custom summary places a real manual Pi receipt, encrypted=true [33m 312[2mms[22m[39m
   [33m[2m✓[22m[39m custom summary places a real automatic Pi receipt, encrypted=true [33m 423[2mms[22m[39m
   [33m[2m✓[22m[39m recorded success survives close before hook return and is accounted once, encrypted=true [33m 361[2mms[22m[39m
   [33m[2m✓[22m[39m known custom failure error/0 settles the run with one nonrefundable attempt, encrypted=false [33m 358[2mms[22m[39m
   [33m[2m✓[22m[39m known custom failure aborted/0 settles the run with one nonrefundable attempt, encrypted=false [33m 335[2mms[22m[39m
   [33m[2m✓[22m[39m known custom failure stop/1 settles the run with one nonrefundable attempt, encrypted=false [33m 339[2mms[22m[39m
   [33m[2m✓[22m[39m known custom failure toolUse/1 settles the run with one nonrefundable attempt, encrypted=false [33m 349[2mms[22m[39m
   [33m[2m✓[22m[39m known custom failure stop/1 settles the run with one nonrefundable attempt, encrypted=false [33m 354[2mms[22m[39m
   [33m[2m✓[22m[39m custom summary policy after preparation dispatches nothing [33m 306[2mms[22m[39m
   [33m[2m✓[22m[39m custom summary epoch after preparation dispatches nothing [33m 305[2mms[22m[39m
   [33m[2m✓[22m[39m custom summary authority after preparation dispatches nothing [33m 304[2mms[22m[39m
   [33m[2m✓[22m[39m custom summary stop after preparation dispatches nothing [33m 333[2mms[22m[39m
   [33m[2m✓[22m[39m custom summary digest after preparation dispatches nothing [33m 326[2mms[22m[39m
   [33m[2m✓[22m[39m custom summary task after preparation dispatches nothing [33m 309[2mms[22m[39m
   [33m[2m✓[22m[39m custom summary conversation after preparation dispatches nothing [33m 311[2mms[22m[39m
   [33m[2m✓[22m[39m configuration at before custom preparation survives reopen, encrypted=false [33m 526[2mms[22m[39m
   [33m[2m✓[22m[39m configuration at after custom preparation survives reopen, encrypted=false [33m 526[2mms[22m[39m
   [33m[2m✓[22m[39m success at before actual Pi placement storage commit resumes without redispatch, encrypted=false [33m 401[2mms[22m[39m
   [33m[2m✓[22m[39m success at after actual Pi placement storage commit resumes without redispatch, encrypted=false [33m 386[2mms[22m[39m
   [33m[2m✓[22m[39m throwing custom hook cannot dispatch stock fallback, encrypted=false [33m 311[2mms[22m[39m
   [33m[2m✓[22m[39m custom response provider schema violation never places a summary, encrypted=false [33m 348[2mms[22m[39m
   [33m[2m✓[22m[39m custom response model schema violation never places a summary, encrypted=false [33m 327[2mms[22m[39m
   [33m[2m✓[22m[39m custom response usage schema violation never places a summary, encrypted=false [33m 343[2mms[22m[39m
   [33m[2m✓[22m[39m configuration at before custom preparation survives reopen, encrypted=true [33m 316[2mms[22m[39m
   [33m[2m✓[22m[39m configuration at after custom preparation survives reopen, encrypted=true [33m 321[2mms[22m[39m
   [33m[2m✓[22m[39m transport interruption retains uncertainty with one reservation, encrypted=false [33m 354[2mms[22m[39m
   [33m[2m✓[22m[39m forced configuration-winning transition holds asynchronous preparation, encrypted=false [33m 651[2mms[22m[39m
   [33m[2m✓[22m[39m forced preparation-winning transition holds asynchronous preparation, encrypted=false [33m 643[2mms[22m[39m
   [33m[2m✓[22m[39m forced configuration-winning transition holds asynchronous preparation, encrypted=true [33m 527[2mms[22m[39m
   [33m[2m✓[22m[39m forced preparation-winning transition holds asynchronous preparation, encrypted=true [33m 555[2mms[22m[39m
   [33m[2m✓[22m[39m owning transition releases after cancel-configuration during asynchronous preparation, encrypted=false [33m 415[2mms[22m[39m
   [33m[2m✓[22m[39m owning transition releases after cancel-configuration during asynchronous preparation, encrypted=true [33m 331[2mms[22m[39m
   [33m[2m✓[22m[39m owning transition releases after stop during asynchronous preparation, encrypted=true [33m 309[2mms[22m[39m
   [33m[2m✓[22m[39m automatic waiting parent recovers at before-preparation, encrypted=false [33m 508[2mms[22m[39m
   [33m[2m✓[22m[39m automatic waiting parent recovers at prepared, encrypted=false [33m 540[2mms[22m[39m
   [33m[2m✓[22m[39m automatic waiting parent recovers at unknown, encrypted=false [33m 456[2mms[22m[39m
   [33m[2m✓[22m[39m automatic waiting parent recovers at result, encrypted=false [33m 434[2mms[22m[39m
   [33m[2m✓[22m[39m automatic waiting parent recovers at before-placement, encrypted=false [33m 344[2mms[22m[39m
   [33m[2m✓[22m[39m automatic waiting parent recovers at after-placement, encrypted=false [33m 319[2mms[22m[39m
   [33m[2m✓[22m[39m automatic waiting parent recovers at before-preparation, encrypted=true [33m 319[2mms[22m[39m
   [33m[2m✓[22m[39m automatic waiting parent recovers at prepared, encrypted=true [33m 315[2mms[22m[39m
   [33m[2m✓[22m[39m automatic waiting parent recovers at result, encrypted=true [33m 327[2mms[22m[39m
   [33m[2m✓[22m[39m automatic waiting parent recovers at before-placement, encrypted=true [33m 334[2mms[22m[39m
   [33m[2m✓[22m[39m automatic waiting parent recovers at after-placement, encrypted=true [33m 328[2mms[22m[39m
   [33m[2m✓[22m[39m automatic waiting parent is fenced after stop, encrypted=false [33m 401[2mms[22m[39m
   [33m[2m✓[22m[39m configuration authority wait joins close by admitted deadline, external cancellation=false, encrypted=false [33m 1202[2mms[22m[39m
   [33m[2m✓[22m[39m configuration authority wait joins close by admitted deadline, external cancellation=true, encrypted=false [33m 1205[2mms[22m[39m
   [33m[2m✓[22m[39m configuration authority wait joins close by admitted deadline, external cancellation=false, encrypted=true [33m 1191[2mms[22m[39m
   [33m[2m✓[22m[39m configuration authority wait joins close by admitted deadline, external cancellation=true, encrypted=true [33m 1190[2mms[22m[39m

[2m Test Files [22m [1m[32m4 passed[39m[22m[90m (4)[39m
[2m      Tests [22m [1m[32m192 passed[39m[22m[90m (192)[39m
[2m   Start at [22m 18:25:57
[2m   Duration [22m 40.98s[2m (transform 418ms, setup 0ms, collect 2.85s, tests 68.81s, environment 1ms, prepare 819ms)[22m

[vpw:debug] Shutting down runtimes...
[vpw:debug] Disposing remote proxy sessions...
