$ pnpm check && pnpm typecheck && pnpm test && pnpm build && pnpm runner:verify
$ biome check
packages/runtime-contracts/src/contracts.test.ts:368:26 lint/style/useTemplate  FIXABLE  ━━━━━━━━━━━

  i Template literals are preferred over string concatenation.
  
    366 │ 		expect(() => parseBrowserCommandV1(nested)).toThrow(/JSON|nesting|byte/);
    367 │ 		try {
  > 368 │ 			parseBrowserCommandV1("[".repeat(8000) + "0" + "]".repeat(8000));
        │ 			                      ^^^^^^^^^^^^^^^^^^^^^^^^^^^^^^^^^^^^^^^^^
    369 │ 			throw new Error("expected nested JSON to fail");
    370 │ 		} catch (error) {
  
  i Unsafe fix: Use a template literal.
  
    366 366 │   		expect(() => parseBrowserCommandV1(nested)).toThrow(/JSON|nesting|byte/);
    367 367 │   		try {
    368     │ - → → → parseBrowserCommandV1("[".repeat(8000)·+·"0"·+·"]".repeat(8000));
        368 │ + → → → parseBrowserCommandV1(`${"[".repeat(8000)}0${"]".repeat(8000)}`);
    369 369 │   			throw new Error("expected nested JSON to fail");
    370 370 │   		} catch (error) {
  

plans/003-repair-evidence/before/packages/runtime-contracts/src/contracts.test.ts:368:26 lint/style/useTemplate  FIXABLE  ━━━━━━━━━━

  i Template literals are preferred over string concatenation.
  
    366 │ 		expect(() => parseBrowserCommandV1(nested)).toThrow(/JSON|nesting|byte/);
    367 │ 		try {
  > 368 │ 			parseBrowserCommandV1("[".repeat(8000) + "0" + "]".repeat(8000));
        │ 			                      ^^^^^^^^^^^^^^^^^^^^^^^^^^^^^^^^^^^^^^^^^
    369 │ 			throw new Error("expected nested JSON to fail");
    370 │ 		} catch (error) {
  
  i Unsafe fix: Use a template literal.
  
    366 366 │   		expect(() => parseBrowserCommandV1(nested)).toThrow(/JSON|nesting|byte/);
    367 367 │   		try {
    368     │ - → → → parseBrowserCommandV1("[".repeat(8000)·+·"0"·+·"]".repeat(8000));
        368 │ + → → → parseBrowserCommandV1(`${"[".repeat(8000)}0${"]".repeat(8000)}`);
    369 369 │   			throw new Error("expected nested JSON to fail");
    370 370 │   		} catch (error) {
  

apps/web/src/lib/git-fetch-contract.ts:117:10 lint/style/noNonNullAssertion ━━━━━━━━━━━━━━━━━━━━━━━━

  ! Forbidden non-null assertion.
  
    115 │ 	}
    116 │ 	return {
  > 117 │ 		owner: match[1]!,
        │ 		       ^^^^^^^^^
    118 │ 		repo: match[2]!,
    119 │ 		servicePath: match[4]!,
  

apps/web/src/lib/git-fetch-contract.ts:118:9 lint/style/noNonNullAssertion ━━━━━━━━━━━━━━━━━━━━━━━━━

  ! Forbidden non-null assertion.
  
    116 │ 	return {
    117 │ 		owner: match[1]!,
  > 118 │ 		repo: match[2]!,
        │ 		      ^^^^^^^^^
    119 │ 		servicePath: match[4]!,
    120 │ 	};
  

apps/web/src/lib/git-fetch-contract.ts:119:16 lint/style/noNonNullAssertion ━━━━━━━━━━━━━━━━━━━━━━━━

  ! Forbidden non-null assertion.
  
    117 │ 		owner: match[1]!,
    118 │ 		repo: match[2]!,
  > 119 │ 		servicePath: match[4]!,
        │ 		             ^^^^^^^^^
    120 │ 	};
    121 │ }
  

apps/web/src/lib/git-pkt-line.ts:42:16 lint/style/noNonNullAssertion ━━━━━━━━━━━━━━━━━━━━━━━━━━━━━━━

  ! Forbidden non-null assertion.
  
    40 │ 	let value = 0;
    41 │ 	for (let i = 0; i < 4; i++) {
  > 42 │ 		const byte = bytes[offset + i]!;
       │ 		             ^^^^^^^^^^^^^^^^^^
    43 │ 		if (!isHexChar(byte)) {
    44 │ 			throw new PktLineError("non_hex_length", "Pkt-line length is not hex.");
  

apps/web/src/lib/git-receive-pack.ts:139:17 lint/style/noNonNullAssertion  FIXABLE  ━━━━━━━━━━━━━━━━

  ! Forbidden non-null assertion.
  
    137 │ 		);
    138 │ 	}
  > 139 │ 	const oldOid = match[1]!.toLowerCase();
        │ 	               ^^^^^^^^^
    140 │ 	const newOid = match[2]!.toLowerCase();
    141 │ 	const ref = match[3]!;
  
  i Unsafe fix: Replace with optional chain operator ?. This operator includes runtime checks, so it is safer than the compile-only non-null assertion operator
  
    137 137 │   		);
    138 138 │   	}
    139     │ - → const·oldOid·=·match[1]!.toLowerCase();
        139 │ + → const·oldOid·=·match[1]?.toLowerCase();
    140 140 │   	const newOid = match[2]!.toLowerCase();
    141 141 │   	const ref = match[3]!;
  

apps/web/src/lib/git-receive-pack.ts:140:17 lint/style/noNonNullAssertion  FIXABLE  ━━━━━━━━━━━━━━━━

  ! Forbidden non-null assertion.
  
    138 │ 	}
    139 │ 	const oldOid = match[1]!.toLowerCase();
  > 140 │ 	const newOid = match[2]!.toLowerCase();
        │ 	               ^^^^^^^^^
    141 │ 	const ref = match[3]!;
    142 │ 	assertSha1Oid(oldOid, "old object id");
  
  i Unsafe fix: Replace with optional chain operator ?. This operator includes runtime checks, so it is safer than the compile-only non-null assertion operator
  
    138 138 │   	}
    139 139 │   	const oldOid = match[1]!.toLowerCase();
    140     │ - → const·newOid·=·match[2]!.toLowerCase();
        140 │ + → const·newOid·=·match[2]?.toLowerCase();
    141 141 │   	const ref = match[3]!;
    142 142 │   	assertSha1Oid(oldOid, "old object id");
  

apps/web/src/lib/git-receive-pack.ts:141:14 lint/style/noNonNullAssertion ━━━━━━━━━━━━━━━━━━━━━━━━━━

  ! Forbidden non-null assertion.
  
    139 │ 	const oldOid = match[1]!.toLowerCase();
    140 │ 	const newOid = match[2]!.toLowerCase();
  > 141 │ 	const ref = match[3]!;
        │ 	            ^^^^^^^^^
    142 │ 	assertSha1Oid(oldOid, "old object id");
    143 │ 	assertSha1Oid(newOid, "new object id");
  

apps/web/src/lib/git-receive-pack.ts:220:15 lint/style/noNonNullAssertion  FIXABLE  ━━━━━━━━━━━━━━━━

  ! Forbidden non-null assertion.
  
    218 │ 			);
    219 │ 		}
  > 220 │ 		const oid = parts[0]!.toLowerCase();
        │ 		            ^^^^^^^^^
    221 │ 		const name = parts.slice(1).join(" ");
    222 │ 		if (name.endsWith("^{}")) {
  
  i Unsafe fix: Replace with optional chain operator ?. This operator includes runtime checks, so it is safer than the compile-only non-null assertion operator
  
    218 218 │   			);
    219 219 │   		}
    220     │ - → → const·oid·=·parts[0]!.toLowerCase();
        220 │ + → → const·oid·=·parts[0]?.toLowerCase();
    221 221 │   		const name = parts.slice(1).join(" ");
    222 222 │   		if (name.endsWith("^{}")) {
  

apps/web/src/lib/git-receive-pack.ts:328:18 lint/style/noNonNullAssertion ━━━━━━━━━━━━━━━━━━━━━━━━━━

  ! Forbidden non-null assertion.
  
    326 │ 	}
    327 │ 
  > 328 │ 	const command = commands[0]!;
        │ 	                ^^^^^^^^^^^^
    329 │ 	if (command.newOid === ZERO_OID) {
    330 │ 		throw new GitReceivePackError("deletion", "Ref deletion is not allowed.");
  

apps/web/src/lib/git-receive-pack.ts:373:16 lint/style/noNonNullAssertion ━━━━━━━━━━━━━━━━━━━━━━━━━━

  ! Forbidden non-null assertion.
  
    371 │ 			continue;
    372 │ 		}
  > 373 │ 		const band = line.data[0]!;
        │ 		             ^^^^^^^^^^^^^
    374 │ 		if (band === 1 || band === 2 || band === 3) {
    375 │ 			sawBand = true;
  

apps/web/src/lib/sandbox-egress-broker.ts:617:21 lint/style/noNonNullAssertion ━━━━━━━━━━━━━━━━━━━━━

  ! Forbidden non-null assertion.
  
    615 │ 	}
    616 │ 
  > 617 │ 	const allowedRef = operation.allowedRefs[0]!;
        │ 	                   ^^^^^^^^^^^^^^^^^^^^^^^^^
    618 │ 	try {
    619 │ 		const upstream = await options.fetchImpl(upstreamRequest);
  

Checked 290 files in 1203ms. No fixes applied.
Found 11 warnings.
Found 2 infos.
$ pnpm --filter @ditto/web typecheck
$ tsc --noEmit
$ pnpm --filter @ditto/web test
$ vitest run
Warning: Route file "/home/ayan/ditto-worktrees/plan-004-grok/apps/web/src/routes/project.$projectId.test.tsx" does not export a Route. This file will not be included in the route tree.

If this file is not intended to be a route, you can exclude it using one of these options:
  1. Rename the file to "/home/ayan/ditto-worktrees/plan-004-grok/apps/web/src/routes/-project.$projectId.test.tsx" (prefix with "-")
  2. Use 'routeFileIgnorePattern' in your config to match this file

Current configuration:
  routeFileIgnorePrefix: "-"
  routeFileIgnorePattern: undefined
Warning: Route file "/home/ayan/ditto-worktrees/plan-004-grok/apps/web/src/routes/api.agent.control.test.ts" does not export a Route. This file will not be included in the route tree.

If this file is not intended to be a route, you can exclude it using one of these options:
  1. Rename the file to "/home/ayan/ditto-worktrees/plan-004-grok/apps/web/src/routes/-api.agent.control.test.ts" (prefix with "-")
  2. Use 'routeFileIgnorePattern' in your config to match this file

Current configuration:
  routeFileIgnorePrefix: "-"
  routeFileIgnorePattern: undefined
Warning: Route file "/home/ayan/ditto-worktrees/plan-004-grok/apps/web/src/routes/api.agent.stream.test.ts" does not export a Route. This file will not be included in the route tree.

If this file is not intended to be a route, you can exclude it using one of these options:
  1. Rename the file to "/home/ayan/ditto-worktrees/plan-004-grok/apps/web/src/routes/-api.agent.stream.test.ts" (prefix with "-")
  2. Use 'routeFileIgnorePattern' in your config to match this file

Current configuration:
  routeFileIgnorePrefix: "-"
  routeFileIgnorePattern: undefined

 RUN  v4.1.10 /home/ayan/ditto-worktrees/plan-004-grok/apps/web

 ❯ src/lib/session-runtime-journal.test.ts (24 tests | 1 failed) 7158ms
     × restore validates continuation 201 and budget-exhausted suffixes stay incomplete 5022ms
Not implemented: Window's scrollTo() method
Not implemented: Window's scrollTo() method
Not implemented: Window's scrollTo() method

⎯⎯⎯⎯⎯⎯⎯ Failed Tests 1 ⎯⎯⎯⎯⎯⎯⎯

 FAIL  src/lib/session-runtime-journal.test.ts > session runtime journal > restore validates continuation 201 and budget-exhausted suffixes stay incomplete
Error: Test timed out in 5000ms.
If this is a long-running test, pass a timeout value as the last argument or configure it globally with "testTimeout".
 ❯ src/lib/session-runtime-journal.test.ts:834:2
    832|  });
    833|
    834|  it("restore validates continuation 201 and budget-exhausted suffixes …
       |  ^
    835|   const created = fixture({ persistentJournal: true });
    836|   created.seedTrustedExecutionEvidence({

⎯⎯⎯⎯⎯⎯⎯⎯⎯⎯⎯⎯⎯⎯⎯⎯⎯⎯⎯⎯⎯⎯⎯⎯[1/1]⎯


 Test Files  1 failed | 71 passed (72)
      Tests  1 failed | 789 passed (790)
   Start at  08:31:02
   Duration  44.33s (transform 19.63s, setup 0ms, import 57.69s, tests 45.43s, environment 11.73s)

/home/ayan/ditto-worktrees/plan-004-grok/apps/web:
[ERR_PNPM_RECURSIVE_RUN_FIRST_FAIL] @ditto/web@ test: `vitest run`
Exit status 1
[ELIFECYCLE] Test failed. See above for more details.
[ELIFECYCLE] Command failed with exit code 1.
