$ pnpm contracts:verify && npm run contracts:check --prefix packages/session-brain && npm run typecheck --prefix packages/session-brain && npm test --prefix packages/session-brain && npm run build --prefix packages/session-brain
$ pnpm --filter @ditto/runtime-contracts typecheck && pnpm --filter @ditto/runtime-contracts exec vitest run && pnpm --filter @ditto/runtime-contracts build
$ tsc --noEmit

 RUN  v3.2.7 /home/ayan/ditto-worktrees/plan-004-grok/packages/runtime-contracts

 ✓ src/contracts.test.ts (14 tests) 12ms

 Test Files  1 passed (1)
      Tests  14 passed (14)
   Start at  08:30:47
   Duration  578ms (transform 198ms, setup 0ms, collect 249ms, tests 12ms, environment 0ms, prepare 102ms)

$ tsc -p tsconfig.json
npm notice run contracts:check
npm notice run vitest run src/pi-feasibility.test.ts -t contracts-consumer-freshness

 RUN  v3.2.7 /home/ayan/ditto-worktrees/plan-004-grok/packages/session-brain

 ✓ src/pi-feasibility.test.ts (6 tests | 3 skipped) 8694ms
   ✓ contracts-consumer-freshness > contracts-consumer-freshness: imported emitted JS/declarations match a fresh contracts build  1056ms
   ✓ contracts-consumer-freshness > contracts-consumer-freshness: isolated npm copy is stale until the documented npm refresh recipe  7575ms

 Test Files  1 passed (1)
      Tests  3 passed | 3 skipped (6)
   Start at  08:30:50
   Duration  10.27s (transform 223ms, setup 0ms, collect 1.24s, tests 8.69s, environment 0ms, prepare 101ms)

npm notice run typecheck
npm notice run tsc -p tsconfig.json --noEmit
npm notice run test
npm notice run vitest run

 RUN  v3.2.7 /home/ayan/ditto-worktrees/plan-004-grok/packages/session-brain

 ✓ src/pi-restoration.test.ts (3 tests) 9ms
 ✓ src/pi-feasibility.test.ts (6 tests) 23602ms
   ✓ contracts-consumer-freshness > contracts-consumer-freshness: imported emitted JS/declarations match a fresh contracts build  1031ms
   ✓ contracts-consumer-freshness > contracts-consumer-freshness: isolated npm copy is stale until the documented npm refresh recipe  22273ms
 ✓ src/pi-recovery.test.ts (34 tests) 30165ms
   ✓ journal-led recovery > R01 executes a committed A/B batch once before the next inference  312ms
   ✓ awaited durability barriers > initial-command: SIGKILL before-persist and restart  5026ms
   ✓ awaited durability barriers > initial-command: SIGKILL after-persist-before-ack and restart  6081ms
   ✓ awaited durability barriers > initial-command: SIGKILL after-ack-before-next and restart  5940ms
   ✓ awaited durability barriers > follow-up: SIGKILL before-persist and restart  4156ms
   ✓ awaited durability barriers > follow-up: SIGKILL after-persist-before-ack and restart  5840ms
   ✓ awaited durability barriers > follow-up: SIGKILL after-ack-before-next and restart  5892ms
   ✓ awaited durability barriers > assistant-tools: SIGKILL before-persist and restart  6512ms
   ✓ awaited durability barriers > assistant-tools: SIGKILL after-persist-before-ack and restart  6439ms
   ✓ awaited durability barriers > assistant-tools: SIGKILL after-ack-before-next and restart  6485ms
   ✓ awaited durability barriers > tool-result: SIGKILL before-persist and restart  5624ms
   ✓ awaited durability barriers > tool-result: SIGKILL after-persist-before-ack and restart  5756ms
   ✓ awaited durability barriers > tool-result: SIGKILL after-ack-before-next and restart  6633ms
   ✓ awaited durability barriers > final-answer: SIGKILL before-persist and restart  5474ms
   ✓ awaited durability barriers > final-answer: SIGKILL after-persist-before-ack and restart  5991ms
   ✓ awaited durability barriers > final-answer: SIGKILL after-ack-before-next and restart  6468ms
   ✓ awaited durability barriers > compaction: SIGKILL before-persist and restart  6796ms
   ✓ awaited durability barriers > compaction: SIGKILL after-persist-before-ack and restart  6096ms
   ✓ awaited durability barriers > compaction: SIGKILL after-ack-before-next and restart  6124ms
   ✓ awaited durability barriers > extension-state: SIGKILL before-persist and restart  5572ms
   ✓ awaited durability barriers > extension-state: SIGKILL after-persist-before-ack and restart  6294ms
   ✓ awaited durability barriers > extension-state: SIGKILL after-ack-before-next and restart  5666ms
   ✓ awaited durability barriers > spending-attempt: SIGKILL before-persist and restart  4933ms
   ✓ awaited durability barriers > spending-attempt: SIGKILL after-persist-before-ack and restart  4974ms
   ✓ awaited durability barriers > spending-attempt: SIGKILL after-ack-before-next and restart  4793ms

 Test Files  3 passed (3)
      Tests  43 passed (43)
   Start at  08:31:04
   Duration  31.73s (transform 241ms, setup 0ms, collect 3.91s, tests 53.78s, environment 0ms, prepare 252ms)

npm notice run build
npm notice run tsc -p tsconfig.json
