$ pnpm --filter @ditto/runtime typecheck && node --test apps/runtime/src/pi-durable-imports.test.mjs scripts/pi-durable-host-auth.test.mjs && pnpm --filter @ditto/runtime exec vitest run
$ tsc --noEmit && tsc --noEmit -p tsconfig.forbidden-bindings.json
✔ audits the candidate's static imports, variable importer and closed auth path (521.680098ms)
✔ rejects filesystem and process execution imports, including variable specifiers (2329.387155ms)
✔ rejects omitted closed auth, escaped default auth and additional Models callers (1828.718867ms)
[96mAlchemy[0m (v0.93.12)
App: synthetic-auth
Phase: up
Stage: dev
✔ selects only host auth keys without exporting dotenv values (95.919137ms)
✔ invalid credentials and split logs cannot expose selected values (10.140237ms)
✔ public resource auth keeps inherited Docker child environment credential-free (359.881789ms)
ℹ tests 6
ℹ suites 0
ℹ pass 6
ℹ fail 0
ℹ cancelled 0
ℹ skipped 0
ℹ todo 0
ℹ duration_ms 6181.86731

[1m[46m RUN [49m[22m [36mv3.2.7 [39m[90m/home/ayan/ditto-execution/plan-007-recovery/apps/runtime[39m

[vpw:debug] Adding `enable_nodejs_tty_module` compatibility flag during tests as this feature is needed to support the Vitest runner.
[vpw:debug] Adding `enable_nodejs_fs_module` compatibility flag during tests as this feature is needed to support the Vitest runner.
[vpw:debug] Adding `enable_nodejs_http_modules` compatibility flag during tests as this feature is needed to support the Vitest runner.
[vpw:debug] Adding `enable_nodejs_perf_hooks_module` compatibility flag during tests as this feature is needed to support the Vitest runner.
[vpw:info] Starting isolated runtimes for vitest.config.ts...
[mf:warn] The latest compatibility date supported by the installed Cloudflare Workers Runtime is "2026-03-10",
but you've requested "2026-09-16". Falling back to "2026-03-10"...
[mf:warn] The latest compatibility date supported by the installed Cloudflare Workers Runtime is "2026-03-10",
but you've requested "2026-09-16". Falling back to "2026-03-10"...
[mf:warn] The latest compatibility date supported by the installed Cloudflare Workers Runtime is "2026-03-10",
but you've requested "2026-09-16". Falling back to "2026-03-10"...
[mf:warn] The latest compatibility date supported by the installed Cloudflare Workers Runtime is "2026-03-10",
but you've requested "2026-09-16". Falling back to "2026-03-10"...
[mf:warn] The latest compatibility date supported by the installed Cloudflare Workers Runtime is "2026-03-10",
but you've requested "2026-09-16". Falling back to "2026-03-10"...
[mf:warn] The latest compatibility date supported by the installed Cloudflare Workers Runtime is "2026-03-10",
but you've requested "2026-09-16". Falling back to "2026-03-10"...
[mf:warn] The latest compatibility date supported by the installed Cloudflare Workers Runtime is "2026-03-10",
but you've requested "2026-09-16". Falling back to "2026-03-10"...
[mf:warn] The latest compatibility date supported by the installed Cloudflare Workers Runtime is "2026-03-10",
but you've requested "2026-09-16". Falling back to "2026-03-10"...
[mf:warn] The latest compatibility date supported by the installed Cloudflare Workers Runtime is "2026-03-10",
but you've requested "2026-09-16". Falling back to "2026-03-10"...
[mf:warn] The latest compatibility date supported by the installed Cloudflare Workers Runtime is "2026-03-10",
but you've requested "2026-09-16". Falling back to "2026-03-10"...
[mf:warn] The latest compatibility date supported by the installed Cloudflare Workers Runtime is "2026-03-10",
but you've requested "2026-09-16". Falling back to "2026-03-10"...
[mf:warn] The latest compatibility date supported by the installed Cloudflare Workers Runtime is "2026-03-10",
but you've requested "2026-09-16". Falling back to "2026-03-10"...
 [32m✓[39m src/forbidden-import-graph.test.ts [2m([22m[2m1 test[22m[2m)[22m[32m 295[2mms[22m[39m
 [32m✓[39m src/runtime-crypto.test.ts [2m([22m[2m5 tests[22m[2m)[22m[33m 671[2mms[22m[39m
 [32m✓[39m src/feasibility.test.ts [2m([22m[2m19 tests[22m[2m)[22m[33m 772[2mms[22m[39m
[90mstdout[2m | src/pi-durable-models.test.ts[2m > [22m[2ma rewound live claim cannot acknowledge consumption again, encrypted=false
[22m[39m[007-model-claim-snapshot] {"name":"rewound","encrypted":false,"claimed":0,"receiptState":"consumed","encryptedReceipt":false,"effectState":"admitted","epoch":1,"calls":0}

 [32m✓[39m src/pi-durable-compatibility.test.ts [2m([22m[2m3 tests[22m[2m)[22m[33m 907[2mms[22m[39m
   [33m[2m✓[22m[39m Pi Durable synthetic compatibility in workerd[2m > [22mcommits a remote tool result and its answer in DO SQLite [33m 385[2mms[22m[39m
   [33m[2m✓[22m[39m Pi Durable synthetic compatibility in workerd[2m > [22mfails without an executor and never calls a read fallback [33m 343[2mms[22m[39m
[90mstdout[2m | src/pi-durable-models.test.ts[2m > [22m[2mclaim denies authority during held task, encrypted=false
[22m[39m[007-model-claim-snapshot] {"name":"task-authority","encrypted":false,"claimed":0,"receiptState":"reserved","encryptedReceipt":false,"effectState":"admitted","epoch":1,"calls":0}

[90mstdout[2m | src/pi-durable-models.test.ts[2m > [22m[2mclaim denies authority during held task, encrypted=false
[22m[39m[007-model-claim-snapshot] {"name":"task-authority","encrypted":false,"claimed":1,"receiptState":"consumed","encryptedReceipt":false,"effectState":"admitted","epoch":1,"calls":0}

 [32m✓[39m src/pi-durable-encrypted-corrections.test.ts [2m([22m[2m5 tests[22m[2m)[22m[33m 1033[2mms[22m[39m
[90mstdout[2m | src/pi-durable-model-preparation.gate.test.ts[2m > [22m[2m007 initial gate: prepared compaction must resume through the integrated mandatory guard after reopen before first admission
[22m[39m007 compaction gate evidence {"task":11,"before":{"phase":"select"},"after":{"status":"terminal","outcome":{"status":"completed","result":{"submissionId":13}}},"attempts":2,"dispatched":2,"requests":[{"model":"faux-1"},{"model":"faux-1","thinking":"low","maxTokens":1024},{"model":"faux-2","thinking":"high"}]}

 [32m✓[39m src/pi-durable-model-preparation.gate.test.ts [2m([22m[2m2 tests[22m[2m)[22m[33m 1212[2mms[22m[39m
   [33m[2m✓[22m[39m 007 initial gate: prepared generation survives close/reopen and the next request changes within one instruction [33m 344[2mms[22m[39m
   [33m[2m✓[22m[39m 007 initial gate: prepared compaction must resume through the integrated mandatory guard after reopen before first admission [33m 866[2mms[22m[39m
[90mstdout[2m | src/pi-durable-models.test.ts[2m > [22m[2mclaim denies Stop during held task, encrypted=false
[22m[39m[007-model-claim-snapshot] {"name":"task-Stop","encrypted":false,"claimed":0,"receiptState":"reserved","encryptedReceipt":false,"effectState":"admitted","epoch":1,"calls":0}

[90mstdout[2m | src/pi-durable-models.test.ts[2m > [22m[2mclaim denies Stop during held task, encrypted=false
[22m[39m[007-model-claim-snapshot] {"name":"task-Stop","encrypted":false,"claimed":0,"receiptState":"reserved","encryptedReceipt":false,"effectState":"admitted","epoch":2,"calls":0}

[90mstdout[2m | src/pi-durable-models.test.ts[2m > [22m[2mclaim denies authority during held flush, encrypted=false
[22m[39m[007-model-claim-snapshot] {"name":"flush-authority","encrypted":false,"claimed":1,"receiptState":"consumed","encryptedReceipt":false,"effectState":"admitted","epoch":1,"calls":0}

[90mstdout[2m | src/pi-durable-models.test.ts[2m > [22m[2mclaim denies authority during held flush, encrypted=false
[22m[39m[007-model-claim-snapshot] {"name":"flush-authority","encrypted":false,"claimed":1,"receiptState":"consumed","encryptedReceipt":false,"effectState":"admitted","epoch":1,"calls":0}

[90mstdout[2m | src/pi-durable-models.test.ts[2m > [22m[2mclaim denies Stop during held flush, encrypted=false
[22m[39m[007-model-claim-snapshot] {"name":"flush-Stop","encrypted":false,"claimed":1,"receiptState":"consumed","encryptedReceipt":false,"effectState":"admitted","epoch":1,"calls":0}

[90mstdout[2m | src/pi-durable-models.test.ts[2m > [22m[2mclaim denies Stop during held flush, encrypted=false
[22m[39m[007-model-claim-snapshot] {"name":"flush-Stop","encrypted":false,"claimed":1,"receiptState":"consumed","encryptedReceipt":false,"effectState":"admitted","epoch":3,"calls":0}

[90mstdout[2m | src/pi-durable-models.test.ts[2m > [22m[2mconcurrent exact claims reserve only once, encrypted=false
[22m[39m[007-model-claim-snapshot] {"name":"concurrent","encrypted":false,"claimed":1,"receiptState":"consumed","encryptedReceipt":false,"effectState":"admitted","epoch":1,"calls":0}

[90mstdout[2m | src/pi-durable-models.test.ts[2m > [22m[2mactual joined close cancels a held claim flush without refund, encrypted=false
[22m[39m[007-model-claim-close] {"encrypted":false,"elapsedMs":18}

[90mstdout[2m | src/pi-durable-models.test.ts[2m > [22m[2mactual joined close cancels a held claim flush without refund, encrypted=false
[22m[39m[007-model-claim-snapshot] {"name":"close-held-flush","encrypted":false,"claimed":1,"receiptState":"consumed","encryptedReceipt":false,"effectState":"admitted","epoch":2,"calls":0}

[90mstdout[2m | src/pi-durable-models.test.ts[2m > [22m[2mactual joined close cancels a held claim flush without refund, encrypted=false
[22m[39m[007-model-claim-snapshot] {"name":"close-held-flush","encrypted":false,"claimed":1,"receiptState":"consumed","encryptedReceipt":false,"effectState":"admitted","epoch":2,"calls":0}

[90mstdout[2m | src/pi-durable-models.test.ts[2m > [22m[2mlost claim acknowledgment retains consumption across two reopens, encrypted=false
[22m[39m[007-model-claim-snapshot] {"name":"lost-ack","encrypted":false,"claimed":1,"receiptState":"consumed","encryptedReceipt":false,"effectState":"admitted","epoch":2,"calls":0}

[90mstdout[2m | src/pi-durable-models.test.ts[2m > [22m[2mlost claim acknowledgment retains consumption across two reopens, encrypted=false
[22m[39m[007-model-claim-snapshot] {"name":"lost-ack","encrypted":false,"claimed":1,"receiptState":"consumed","encryptedReceipt":false,"effectState":"admitted","epoch":2,"calls":0}

[90mstdout[2m | src/pi-durable-models.test.ts[2m > [22m[2mlost claim acknowledgment retains consumption across two reopens, encrypted=false
[22m[39m[007-model-claim-snapshot] {"name":"lost-ack","encrypted":false,"claimed":1,"receiptState":"consumed","encryptedReceipt":false,"effectState":"admitted","epoch":2,"calls":0}

[90mstdout[2m | src/pi-durable-host.test.ts[2m > [22m[2mGuarded local host with real DO SQLite[2m > [22m[2mactually closes with request authority read 1 still pending
[22m[39m[002-authority-close] {"phase":"request","blockedRead":1,"id":"b6cba028-601e-4ecb-a92e-94faa9e63b95","generation":1,"started":1791487196001,"yield_at":1791487197001,"end_at":1791487198001,"state":"active","closedAt":1791487196142,"preparationPending":true}

[90mstdout[2m | src/pi-durable-host.test.ts[2m > [22m[2mGuarded local host with real DO SQLite[2m > [22m[2mactually closes with request authority read 2 still pending
[22m[39m[002-authority-close] {"phase":"request","blockedRead":2,"id":"69d66f4c-0436-4488-bd5a-2493d4b966df","generation":1,"started":1791487196312,"yield_at":1791487197312,"end_at":1791487198312,"state":"active","closedAt":1791487196466,"preparationPending":true}

[90mstdout[2m | src/pi-durable-host.test.ts[2m > [22m[2mGuarded local host with real DO SQLite[2m > [22m[2mactually closes with tool authority read 1 still pending
[22m[39m[002-authority-close] {"phase":"tool","blockedRead":1,"id":"7142b59b-4a2a-4c10-a4f3-c4a2b7a76008","generation":1,"started":1791487196612,"yield_at":1791487197612,"end_at":1791487198612,"state":"active","closedAt":1791487197077,"preparationPending":true}

 [32m✓[39m src/pi-durable-history.test.ts [2m([22m[2m26 tests[22m[2m)[22m[33m 4324[2mms[22m[39m
   [33m[2m✓[22m[39m exact bounded encrypted history[2m > [22mroundtrips large task input, checkpoint, memos, image data, tool result and queued submission exactly [33m 357[2mms[22m[39m
   [33m[2m✓[22m[39m exact bounded encrypted history[2m > [22mreopens a compacted conversation with completed tools and queued followup and sends the exact next prepared provider request [33m 951[2mms[22m[39m
[90mstdout[2m | src/pi-durable-models.test.ts[2m > [22m[2man older reserved receipt cannot refund an uncertain effect across reopens, encrypted=false
[22m[39m[007-model-claim-snapshot] {"name":"reserved-rollback","encrypted":false,"claimed":1,"receiptState":"consumed","encryptedReceipt":false,"effectState":"admitted","epoch":1,"calls":0}

[90mstdout[2m | src/pi-durable-models.test.ts[2m > [22m[2man older reserved receipt cannot refund an uncertain effect across reopens, encrypted=false
[22m[39m[007-model-claim-snapshot] {"name":"reserved-rollback","encrypted":false,"claimed":0,"receiptState":"reserved","encryptedReceipt":false,"effectState":"admitted","epoch":2,"calls":0}

[90mstdout[2m | src/pi-durable-models.test.ts[2m > [22m[2man older reserved receipt cannot refund an uncertain effect across reopens, encrypted=false
[22m[39m[007-model-claim-snapshot] {"name":"reserved-rollback","encrypted":false,"claimed":0,"receiptState":"reserved","encryptedReceipt":false,"effectState":"admitted","epoch":2,"calls":0}

[90mstdout[2m | src/pi-durable-host.test.ts[2m > [22m[2mGuarded local host with real DO SQLite[2m > [22m[2mactually closes with tool authority read 2 still pending
[22m[39m[002-authority-close] {"phase":"tool","blockedRead":2,"id":"92ec7e4f-d664-4234-95d1-a4f362694563","generation":1,"started":1791487197213,"yield_at":1791487198213,"end_at":1791487199213,"state":"active","closedAt":1791487197414,"preparationPending":true}

[90mstdout[2m | src/pi-durable-models.test.ts[2m > [22m[2mdispatch digest substitution denies before consumption, encrypted=false
[22m[39m[007-model-claim-snapshot] {"name":"digest-substitution","encrypted":false,"claimed":0,"receiptState":"reserved","encryptedReceipt":false,"effectState":"admitted","epoch":2,"calls":0}

[90mstdout[2m | src/pi-durable-models.test.ts[2m > [22m[2ma rewound live claim cannot acknowledge consumption again, encrypted=true
[22m[39m[007-model-claim-snapshot] {"name":"rewound","encrypted":true,"claimed":0,"receiptState":"consumed","encryptedReceipt":true,"effectState":"admitted","epoch":1,"calls":0}

[90mstdout[2m | src/pi-durable-models.test.ts[2m > [22m[2mclaim denies authority during held task, encrypted=true
[22m[39m[007-model-claim-snapshot] {"name":"task-authority","encrypted":true,"claimed":0,"receiptState":"reserved","encryptedReceipt":true,"effectState":"admitted","epoch":1,"calls":0}

[90mstdout[2m | src/pi-durable-models.test.ts[2m > [22m[2mclaim denies authority during held task, encrypted=true
[22m[39m[007-model-claim-snapshot] {"name":"task-authority","encrypted":true,"claimed":1,"receiptState":"consumed","encryptedReceipt":true,"effectState":"admitted","epoch":1,"calls":0}

[90mstdout[2m | src/pi-durable-models.test.ts[2m > [22m[2mclaim denies Stop during held task, encrypted=true
[22m[39m[007-model-claim-snapshot] {"name":"task-Stop","encrypted":true,"claimed":0,"receiptState":"reserved","encryptedReceipt":true,"effectState":"admitted","epoch":1,"calls":0}

[90mstdout[2m | src/pi-durable-models.test.ts[2m > [22m[2mclaim denies Stop during held task, encrypted=true
[22m[39m[007-model-claim-snapshot] {"name":"task-Stop","encrypted":true,"claimed":0,"receiptState":"reserved","encryptedReceipt":true,"effectState":"admitted","epoch":2,"calls":0}

[90mstdout[2m | src/pi-durable-models.test.ts[2m > [22m[2mclaim denies authority during held flush, encrypted=true
[22m[39m[007-model-claim-snapshot] {"name":"flush-authority","encrypted":true,"claimed":1,"receiptState":"consumed","encryptedReceipt":true,"effectState":"admitted","epoch":1,"calls":0}

[90mstdout[2m | src/pi-durable-models.test.ts[2m > [22m[2mclaim denies authority during held flush, encrypted=true
[22m[39m[007-model-claim-snapshot] {"name":"flush-authority","encrypted":true,"claimed":1,"receiptState":"consumed","encryptedReceipt":true,"effectState":"admitted","epoch":1,"calls":0}

[90mstdout[2m | src/pi-durable-models.test.ts[2m > [22m[2mclaim denies Stop during held flush, encrypted=true
[22m[39m[007-model-claim-snapshot] {"name":"flush-Stop","encrypted":true,"claimed":1,"receiptState":"consumed","encryptedReceipt":true,"effectState":"admitted","epoch":1,"calls":0}

[90mstdout[2m | src/pi-durable-models.test.ts[2m > [22m[2mclaim denies Stop during held flush, encrypted=true
[22m[39m[007-model-claim-snapshot] {"name":"flush-Stop","encrypted":true,"claimed":1,"receiptState":"consumed","encryptedReceipt":true,"effectState":"admitted","epoch":3,"calls":0}

[90mstdout[2m | src/pi-durable-models.test.ts[2m > [22m[2mconcurrent exact claims reserve only once, encrypted=true
[22m[39m[007-model-claim-snapshot] {"name":"concurrent","encrypted":true,"claimed":1,"receiptState":"consumed","encryptedReceipt":true,"effectState":"admitted","epoch":1,"calls":0}

[90mstdout[2m | src/pi-durable-models.test.ts[2m > [22m[2mactual joined close cancels a held claim flush without refund, encrypted=true
[22m[39m[007-model-claim-close] {"encrypted":true,"elapsedMs":17}

[90mstdout[2m | src/pi-durable-models.test.ts[2m > [22m[2mactual joined close cancels a held claim flush without refund, encrypted=true
[22m[39m[007-model-claim-snapshot] {"name":"close-held-flush","encrypted":true,"claimed":1,"receiptState":"consumed","encryptedReceipt":true,"effectState":"admitted","epoch":2,"calls":0}

[90mstdout[2m | src/pi-durable-models.test.ts[2m > [22m[2mactual joined close cancels a held claim flush without refund, encrypted=true
[22m[39m[007-model-claim-snapshot] {"name":"close-held-flush","encrypted":true,"claimed":1,"receiptState":"consumed","encryptedReceipt":true,"effectState":"admitted","epoch":2,"calls":0}

[90mstdout[2m | src/pi-durable-models.test.ts[2m > [22m[2mlost claim acknowledgment retains consumption across two reopens, encrypted=true
[22m[39m[007-model-claim-snapshot] {"name":"lost-ack","encrypted":true,"claimed":1,"receiptState":"consumed","encryptedReceipt":true,"effectState":"admitted","epoch":2,"calls":0}

[90mstdout[2m | src/pi-durable-models.test.ts[2m > [22m[2mlost claim acknowledgment retains consumption across two reopens, encrypted=true
[22m[39m[007-model-claim-snapshot] {"name":"lost-ack","encrypted":true,"claimed":1,"receiptState":"consumed","encryptedReceipt":true,"effectState":"admitted","epoch":2,"calls":0}

[90mstdout[2m | src/pi-durable-models.test.ts[2m > [22m[2mlost claim acknowledgment retains consumption across two reopens, encrypted=true
[22m[39m[007-model-claim-snapshot] {"name":"lost-ack","encrypted":true,"claimed":1,"receiptState":"consumed","encryptedReceipt":true,"effectState":"admitted","epoch":2,"calls":0}

 [32m✓[39m src/pi-durable-storage.test.ts [2m([22m[2m41 tests[22m[2m)[22m[33m 9466[2mms[22m[39m
   [33m[2m✓[22m[39m encrypted DO SQLite[2m > [22mstreams long document tails across root replacement deltas [33m 4035[2mms[22m[39m
   [33m[2m✓[22m[39m encrypted storage transactions and integrity[2m > [22mrejects each compatibility field and a keyring that lacks the historical key [33m 418[2mms[22m[39m
   [33m[2m✓[22m[39m authenticated durable counters[2m > [22mrejects malformed, negative, noncanonical, and unsafe counter values [33m 705[2mms[22m[39m
[90mstdout[2m | src/pi-durable-models.test.ts[2m > [22m[2man older reserved receipt cannot refund an uncertain effect across reopens, encrypted=true
[22m[39m[007-model-claim-snapshot] {"name":"reserved-rollback","encrypted":true,"claimed":1,"receiptState":"consumed","encryptedReceipt":true,"effectState":"admitted","epoch":1,"calls":0}

[90mstdout[2m | src/pi-durable-models.test.ts[2m > [22m[2man older reserved receipt cannot refund an uncertain effect across reopens, encrypted=true
[22m[39m[007-model-claim-snapshot] {"name":"reserved-rollback","encrypted":true,"claimed":0,"receiptState":"reserved","encryptedReceipt":true,"effectState":"admitted","epoch":2,"calls":0}

[90mstdout[2m | src/pi-durable-models.test.ts[2m > [22m[2man older reserved receipt cannot refund an uncertain effect across reopens, encrypted=true
[22m[39m[007-model-claim-snapshot] {"name":"reserved-rollback","encrypted":true,"claimed":0,"receiptState":"reserved","encryptedReceipt":true,"effectState":"admitted","epoch":2,"calls":0}

[90mstdout[2m | src/pi-durable-models.test.ts[2m > [22m[2mdispatch digest substitution denies before consumption, encrypted=true
[22m[39m[007-model-claim-snapshot] {"name":"digest-substitution","encrypted":true,"claimed":0,"receiptState":"reserved","encryptedReceipt":true,"effectState":"admitted","epoch":2,"calls":0}

[90mstdout[2m | src/pi-durable-models.test.ts[2m > [22m[2mprivate Worker RPC carries the live exact claim and admits one start, encrypted=false
[22m[39m[007-model-claim-snapshot] {"name":"rpc-admit","encrypted":false,"claimed":1,"receiptState":"consumed","encryptedReceipt":false,"effectState":"admitted","epoch":1,"calls":1}

[90mstdout[2m | src/pi-durable-models.test.ts[2m > [22m[2mreal epoch-first Stop wins before a private RPC acknowledgment, encrypted=false
[22m[39m[007-model-claim-snapshot] {"name":"rpc-stop-first","encrypted":false,"claimed":1,"receiptState":"consumed","encryptedReceipt":false,"effectState":"admitted","epoch":3,"calls":0}

[90mstdout[2m | src/pi-durable-models.test.ts[2m > [22m[2mStop after a private RPC acknowledgment retains the admitted start, encrypted=false
[22m[39m[007-model-claim-snapshot] {"name":"rpc-stop-after","encrypted":false,"claimed":1,"receiptState":"consumed","encryptedReceipt":false,"effectState":"admitted","epoch":2,"calls":1}

[90mstdout[2m | src/pi-durable-models.test.ts[2m > [22m[2mprivate RPC rejects foreign owned context and a JSON-only association, encrypted=false
[22m[39m[007-model-claim-snapshot] {"name":"rpc-foreign","encrypted":false,"claimed":0,"receiptState":"reserved","encryptedReceipt":false,"effectState":"admitted","epoch":1,"calls":0}

[90mstdout[2m | src/pi-durable-models.test.ts[2m > [22m[2mprivate Worker RPC carries the live exact claim and admits one start, encrypted=true
[22m[39m[007-model-claim-snapshot] {"name":"rpc-admit","encrypted":true,"claimed":1,"receiptState":"consumed","encryptedReceipt":true,"effectState":"admitted","epoch":1,"calls":1}

[90mstdout[2m | src/pi-durable-models.test.ts[2m > [22m[2mreal epoch-first Stop wins before a private RPC acknowledgment, encrypted=true
[22m[39m[007-model-claim-snapshot] {"name":"rpc-stop-first","encrypted":true,"claimed":1,"receiptState":"consumed","encryptedReceipt":true,"effectState":"admitted","epoch":3,"calls":0}

[90mstdout[2m | src/pi-durable-models.test.ts[2m > [22m[2mStop after a private RPC acknowledgment retains the admitted start, encrypted=true
[22m[39m[007-model-claim-snapshot] {"name":"rpc-stop-after","encrypted":true,"claimed":1,"receiptState":"consumed","encryptedReceipt":true,"effectState":"admitted","epoch":2,"calls":1}

[90mstdout[2m | src/pi-durable-models.test.ts[2m > [22m[2mprivate RPC rejects foreign owned context and a JSON-only association, encrypted=true
[22m[39m[007-model-claim-snapshot] {"name":"rpc-foreign","encrypted":true,"claimed":0,"receiptState":"reserved","encryptedReceipt":true,"effectState":"admitted","epoch":1,"calls":0}

 [32m✓[39m src/pi-durable-models.test.ts [2m([22m[2m42 tests[22m[2m)[22m[33m 14512[2mms[22m[39m
   [33m[2m✓[22m[39m a rewound live claim cannot acknowledge consumption again, encrypted=false [33m 461[2mms[22m[39m
   [33m[2m✓[22m[39m claim denies authority during held task, encrypted=false [33m 418[2mms[22m[39m
   [33m[2m✓[22m[39m claim denies Stop during held task, encrypted=false [33m 394[2mms[22m[39m
   [33m[2m✓[22m[39m claim denies authority during held flush, encrypted=false [33m 347[2mms[22m[39m
   [33m[2m✓[22m[39m claim denies Stop during held flush, encrypted=false [33m 377[2mms[22m[39m
   [33m[2m✓[22m[39m concurrent exact claims reserve only once, encrypted=false [33m 331[2mms[22m[39m
   [33m[2m✓[22m[39m actual joined close cancels a held claim flush without refund, encrypted=false [33m 334[2mms[22m[39m
   [33m[2m✓[22m[39m lost claim acknowledgment retains consumption across two reopens, encrypted=false [33m 400[2mms[22m[39m
   [33m[2m✓[22m[39m dispatch receipt corrupt substitution denies live and reopened admission, encrypted=false [33m 355[2mms[22m[39m
   [33m[2m✓[22m[39m dispatch receipt foreign-record substitution denies live and reopened admission, encrypted=false [33m 368[2mms[22m[39m
   [33m[2m✓[22m[39m an older reserved receipt cannot refund an uncertain effect across reopens, encrypted=false [33m 663[2mms[22m[39m
   [33m[2m✓[22m[39m dispatch digest substitution denies before consumption, encrypted=false [33m 316[2mms[22m[39m
   [33m[2m✓[22m[39m a claimed exact attempt starts once and Stop retains its admitted work, encrypted=false [33m 376[2mms[22m[39m
   [33m[2m✓[22m[39m host model claim denies Stop while transport check is held, encrypted=false [33m 345[2mms[22m[39m
   [33m[2m✓[22m[39m host model claim rechecks local revocation after a held check, encrypted=false [33m 329[2mms[22m[39m
   [33m[2m✓[22m[39m host model claim denies an expired admitted attempt, encrypted=false [33m 309[2mms[22m[39m
   [33m[2m✓[22m[39m exact claim is one-shot and independent of the waiting provider lane, encrypted=false [33m 351[2mms[22m[39m
   [33m[2m✓[22m[39m a rewound live claim cannot acknowledge consumption again, encrypted=true [33m 303[2mms[22m[39m
   [33m[2m✓[22m[39m claim denies authority during held task, encrypted=true [33m 306[2mms[22m[39m
   [33m[2m✓[22m[39m claim denies Stop during held task, encrypted=true [33m 311[2mms[22m[39m
   [33m[2m✓[22m[39m lost claim acknowledgment retains consumption across two reopens, encrypted=true [33m 337[2mms[22m[39m
   [33m[2m✓[22m[39m real epoch-first Stop wins before a private RPC acknowledgment, encrypted=false [33m 313[2mms[22m[39m
   [33m[2m✓[22m[39m Stop after a private RPC acknowledgment retains the admitted start, encrypted=false [33m 314[2mms[22m[39m
   [33m[2m✓[22m[39m real epoch-first Stop wins before a private RPC acknowledgment, encrypted=true [33m 1221[2mms[22m[39m
   [33m[2m✓[22m[39m Stop after a private RPC acknowledgment retains the admitted start, encrypted=true [33m 319[2mms[22m[39m
[90mstdout[2m | src/pi-durable-host.test.ts[2m > [22m[2mGuarded local host with real DO SQLite[2m > [22m[2mcombines wall-clock yield and native alarms with joined event resources
[22m[39m[002-native-close] {"id":"33e6755a-784c-4354-a773-9d61ff6ca265","generation":1,"started":1791487207101,"yield_at":1791487208101,"end_at":1791487209101,"state":"active","closedAt":1791487208120,"remotePending":true}

 [32m✓[39m src/pi-durable-host.test.ts [2m([22m[2m55 tests[22m[2m)[22m[33m 22881[2mms[22m[39m
   [33m[2m✓[22m[39m Guarded local host with real DO SQLite[2m > [22mfences request, accounts actual close, retains effects across two passive reopens [33m 333[2mms[22m[39m
   [33m[2m✓[22m[39m Guarded local host with real DO SQLite[2m > [22mfences stream, accounts actual close, retains effects across two passive reopens [33m 331[2mms[22m[39m
   [33m[2m✓[22m[39m Guarded local host with real DO SQLite[2m > [22mfences tool, accounts actual close, retains effects across two passive reopens [33m 375[2mms[22m[39m
   [33m[2m✓[22m[39m Guarded local host with real DO SQLite[2m > [22mdenies effects after result persistence fails, continuing unavailability=false [33m 483[2mms[22m[39m
   [33m[2m✓[22m[39m Guarded local host with real DO SQLite[2m > [22mdenies effects after result persistence fails, continuing unavailability=true [33m 515[2mms[22m[39m
   [33m[2m✓[22m[39m Guarded local host with real DO SQLite[2m > [22mactually closes with request authority read 1 still pending [33m 302[2mms[22m[39m
   [33m[2m✓[22m[39m Guarded local host with real DO SQLite[2m > [22mactually closes with request authority read 2 still pending [33m 316[2mms[22m[39m
   [33m[2m✓[22m[39m Guarded local host with real DO SQLite[2m > [22mactually closes with tool authority read 1 still pending [33m 605[2mms[22m[39m
   [33m[2m✓[22m[39m Guarded local host with real DO SQLite[2m > [22mactually closes with tool authority read 2 still pending [33m 351[2mms[22m[39m
   [33m[2m✓[22m[39m Guarded local host with real DO SQLite[2m > [22mblocks recovery across two reopens after safety-result-missing [33m 640[2mms[22m[39m
   [33m[2m✓[22m[39m Guarded local host with real DO SQLite[2m > [22mblocks recovery across two reopens after pi-result-missing [33m 610[2mms[22m[39m
   [33m[2m✓[22m[39m Guarded local host with real DO SQLite[2m > [22mencrypted adapter blocks recovery across two reopens after safety-result-missing [33m 473[2mms[22m[39m
   [33m[2m✓[22m[39m Guarded local host with real DO SQLite[2m > [22mencrypted adapter blocks recovery across two reopens after pi-result-missing [33m 467[2mms[22m[39m
   [33m[2m✓[22m[39m Guarded local host with real DO SQLite[2m > [22mrechecks tool admission after fresh authority changes to revoked [33m 454[2mms[22m[39m
   [33m[2m✓[22m[39m Guarded local host with real DO SQLite[2m > [22mrechecks tool admission after fresh authority changes to generation [33m 457[2mms[22m[39m
   [33m[2m✓[22m[39m Guarded local host with real DO SQLite[2m > [22mrechecks tool admission after fresh authority changes to executor [33m 470[2mms[22m[39m
   [33m[2m✓[22m[39m Guarded local host with real DO SQLite[2m > [22mrechecks tool admission after fresh authority changes to capacity [33m 462[2mms[22m[39m
   [33m[2m✓[22m[39m Guarded local host with real DO SQLite[2m > [22mconsumes a safety result only after Pi's public terminal tool receipt [33m 433[2mms[22m[39m
   [33m[2m✓[22m[39m Guarded local host with real DO SQLite[2m > [22mretains a live unknown shell while real Pi recovery and subsequent requests deny effects across two reopens [33m 501[2mms[22m[39m
   [33m[2m✓[22m[39m Guarded local host with real DO SQLite[2m > [22mcloses the real built-in retry sleep and allocates one new budget only after accounted close [33m 353[2mms[22m[39m
   [33m[2m✓[22m[39m Guarded local host with real DO SQLite[2m > [22mautomatic yield awaits actual close before the absolute 2000 ms end deadline [33m 1287[2mms[22m[39m
   [33m[2m✓[22m[39m Guarded local host with real DO SQLite[2m > [22mrepairs a dropped platform alarm from retained acceptance and handles duplicate delivery [33m 891[2mms[22m[39m
   [33m[2m✓[22m[39m Guarded local host with real DO SQLite[2m > [22mcombines wall-clock yield and native alarms with joined event resources [33m 1215[2mms[22m[39m
   [33m[2m✓[22m[39m Guarded local host with real DO SQLite[2m > [22malarm-reactivates real Pi retry on the same surviving DO without retire [33m 1995[2mms[22m[39m
   [33m[2m✓[22m[39m Guarded local host with real DO SQLite[2m > [22malarm-reconciles unknown request on the same surviving DO without retire [33m 330[2mms[22m[39m
   [33m[2m✓[22m[39m Guarded local host with real DO SQLite[2m > [22malarm-reconciles unknown tool on the same surviving DO without retire [33m 407[2mms[22m[39m
   [33m[2m✓[22m[39m Guarded local host with real DO SQLite[2m > [22mactivates passively and repairs retained intent without reattaching a host [33m 612[2mms[22m[39m
   [33m[2m✓[22m[39m Guarded local host with real DO SQLite[2m > [22mdenies adversarial generation before dispatch [33m 387[2mms[22m[39m
   [33m[2m✓[22m[39m Guarded local host with real DO SQLite[2m > [22mdenies adversarial executor before dispatch [33m 368[2mms[22m[39m
   [33m[2m✓[22m[39m Guarded local host with real DO SQLite[2m > [22mdenies adversarial capacity before dispatch [33m 359[2mms[22m[39m
   [33m[2m✓[22m[39m Guarded local host with real DO SQLite[2m > [22mnever abandons actual close when a public Storage cleanup fault overruns its deadline [33m 513[2mms[22m[39m
 [32m✓[39m src/pi-durable-effects.test.ts [2m([22m[2m62 tests[22m[2m)[22m[33m 32868[2mms[22m[39m
   [33m[2m✓[22m[39m identical durable result delivery is idempotent [33m 474[2mms[22m[39m
   [33m[2m✓[22m[39m actual Pi unsafe recovery attempts the next tool and model but neither dispatches through two reopens [33m 860[2mms[22m[39m
   [33m[2m✓[22m[39m completed synthetic mutations and follow-up membership survive reopen without repetition [33m 935[2mms[22m[39m
   [33m[2m✓[22m[39m conflicting result persists review block across reopen and new command [33m 360[2mms[22m[39m
   [33m[2m✓[22m[39m healthy later writes cannot clear a storage barrier but current trusted reconciliation can account for an undispatched admission [33m 514[2mms[22m[39m
   [33m[2m✓[22m[39m actual generation and unsafe tool persist structured exact membership before dispatch [33m 592[2mms[22m[39m
   [33m[2m✓[22m[39m lost shell result commit denies actual tool/model callbacks across two SQLite reopens, unavailable=false [33m 1068[2mms[22m[39m
   [33m[2m✓[22m[39m lost shell result commit denies actual tool/model callbacks across two SQLite reopens, unavailable=true [33m 742[2mms[22m[39m
   [33m[2m✓[22m[39m unavailable failure marker is unnecessary for reopen denial from durable admitted shell [33m 588[2mms[22m[39m
   [33m[2m✓[22m[39m safety result before failed Pi commit is not original successful tool receipt [33m 648[2mms[22m[39m
   [33m[2m✓[22m[39m shell-replay is denied on actual registered tool before executor I/O [33m 570[2mms[22m[39m
   [33m[2m✓[22m[39m implicit-read is denied on actual registered tool before executor I/O [33m 500[2mms[22m[39m
   [33m[2m✓[22m[39m unsupported-write is denied on actual registered tool before executor I/O [33m 528[2mms[22m[39m
   [33m[2m✓[22m[39m read repeats are explicit new observations on distinct original calls, never replay of an unresolved call [33m 673[2mms[22m[39m
   [33m[2m✓[22m[39m Stop during async model preparation commits revocation before cancellation and stale release dispatches nothing [33m 336[2mms[22m[39m
   [33m[2m✓[22m[39m uncooperative shell Stop is stopping, cancellation receipt is not termination [33m 432[2mms[22m[39m
   [33m[2m✓[22m[39m delayed old-run Stop never cancels later run or revives terminal completion [33m 456[2mms[22m[39m
   [33m[2m✓[22m[39m first interruption recovery deadline is fixed across two real reopens and expiry settles pending membership atomically [33m 339[2mms[22m[39m
   [33m[2m✓[22m[39m lost submit acknowledgment resolves public dedupe without duplicate spending [33m 302[2mms[22m[39m
   [33m[2m✓[22m[39m alarm settles committed submissions and pending projection intent without allocating another invocation or repeating I/O [33m 321[2mms[22m[39m
   [33m[2m✓[22m[39m completed model IDs and context survive close/reopen without repeating completed command [33m 311[2mms[22m[39m
   [33m[2m✓[22m[39m public committed retry evidence authorizes a separate summary attempt without reopening or guessing current task [33m 762[2mms[22m[39m
   [33m[2m✓[22m[39m known completed summary error retries after reopen with retained logical request and separately recorded spending [33m 1515[2mms[22m[39m
   [33m[2m✓[22m[39m validated first summary preparation survives close without admitting an effect [33m 501[2mms[22m[39m
   [33m[2m✓[22m[39m missing first summary association after close denies the sole retained producer [33m 410[2mms[22m[39m
   [33m[2m✓[22m[39m corrupt first summary association after close denies the sole retained producer [33m 397[2mms[22m[39m
   [33m[2m✓[22m[39m selection handoff interrupted before Pi summarize commit remains exact or fails closed [33m 446[2mms[22m[39m
   [33m[2m✓[22m[39m selection handoff interrupted after Pi summarize commit remains exact or fails closed [33m 382[2mms[22m[39m
   [33m[2m✓[22m[39m stale epoch after validated summary preparation cannot admit an effect [33m 350[2mms[22m[39m
   [33m[2m✓[22m[39m owned blocking compaction excludes its actual waiting generation parent and preserves command membership [33m 548[2mms[22m[39m
   [33m[2m✓[22m[39m mixed actual generation and compaction producers deny both under one lane [33m 413[2mms[22m[39m
   [33m[2m✓[22m[39m unknown admitted summary blocks actual recovered requests through two SQLite reopens [33m 558[2mms[22m[39m
   [33m[2m✓[22m[39m authority during summary preparation denies actual dispatch [33m 348[2mms[22m[39m
   [33m[2m✓[22m[39m mapping during summary preparation denies actual dispatch [33m 351[2mms[22m[39m
   [33m[2m✓[22m[39m competition during summary preparation denies actual dispatch [33m 400[2mms[22m[39m
   [33m[2m✓[22m[39m finite operation expiry fails run but retains original executor and deadline [33m 559[2mms[22m[39m
   [33m[2m✓[22m[39m normal compaction establishes hook-bound tuple and preserves completed summary across reopen [33m 408[2mms[22m[39m
   [33m[2m✓[22m[39m correction: native settled no-work alarms consume serviced reconciliation without past rearm [33m 3318[2mms[22m[39m
   [33m[2m✓[22m[39m correction: known final compaction error settles original run, retryable=false [33m 414[2mms[22m[39m
   [33m[2m✓[22m[39m correction: known final compaction error settles original run, retryable=true [33m 748[2mms[22m[39m
   [33m[2m✓[22m[39m correction: actual tool/manual-summary race reserves at most one operation and dispatch [33m 570[2mms[22m[39m
   [33m[2m✓[22m[39m correction: fixed recovery expiry is enforced after held preparation [33m 455[2mms[22m[39m
   [33m[2m✓[22m[39m correction: response-only recovery expiry rejects result before Pi consumes it [33m 482[2mms[22m[39m
   [33m[2m✓[22m[39m correction: trusted abrupt takeover fixes recovery from the prior durable bound [33m 421[2mms[22m[39m
   [33m[2m✓[22m[39m encrypted preparation preparation-write failure fences without admitting a summary [33m 303[2mms[22m[39m
   [33m[2m✓[22m[39m encrypted preparation preparation-flush failure fences without admitting a summary [33m 306[2mms[22m[39m
   [33m[2m✓[22m[39m encrypted validated summary preparation reopens with exact ciphertext provenance and no prior admission [33m 380[2mms[22m[39m
   [33m[2m✓[22m[39m encrypted L1: guarded model and tool settle without a false integrity failure [33m 416[2mms[22m[39m
   [33m[2m✓[22m[39m encrypted L1: compaction, retry, and follow-up keep distinct IDs and context order [33m 980[2mms[22m[39m
   [33m[2m✓[22m[39m encrypted L1: stale Stop does not cancel a later completed run [33m 373[2mms[22m[39m
   [33m[2m✓[22m[39m encrypted L1: operation and recovery deadlines fail closed after awaits [33m 310[2mms[22m[39m
   [33m[2m✓[22m[39m encrypted L1: result loss and Pi commit loss both block two reopens [33m 699[2mms[22m[39m
   [33m[2m✓[22m[39m encrypted L1: persistence barrier and unknown shell block two reopens [33m 415[2mms[22m[39m
   [33m[2m✓[22m[39m encrypted L1: retry seal failure fences before close and survives both orders [33m 598[2mms[22m[39m
[90mstdout[2m | src/pi-durable-summary.test.ts[2m > [22m[2mconfiguration authority wait joins close by admitted deadline, external cancellation=false, encrypted=false
[22m[39m007 configuration-close advisor probe {"encrypted":false,"externallyCanceled":false,"invocation":{"id":"3fc13843-d758-4337-8967-15db37a0158d","started":1791487298054,"yield_at":1791487308054,"end_at":1791487309054},"observedAt":1791487309106,"elapsedMs":1052,"configuration":{"state":"failed","at":1791487308054,"error":"The operation was aborted"},"close":{"state":"complete","at":1791487308066},"remoteSettled":false,"joinedConfiguration":{"state":"failed","at":1791487308054,"error":"The operation was aborted"},"joinedClose":{"state":"complete","at":1791487308066}}

[90mstdout[2m | src/pi-durable-summary.test.ts[2m > [22m[2mconfiguration authority wait joins close by admitted deadline, external cancellation=true, encrypted=false
[22m[39m007 configuration-close advisor probe {"encrypted":false,"externallyCanceled":true,"invocation":{"id":"5d4c8d89-9851-49a5-a172-91a928d89fe9","started":1791487299276,"yield_at":1791487309276,"end_at":1791487310276},"observedAt":1791487310328,"elapsedMs":1052,"configuration":{"state":"failed","at":1791487309277,"error":"The operation was aborted"},"close":{"state":"complete","at":1791487309290},"remoteSettled":false,"joinedConfiguration":{"state":"failed","at":1791487309277,"error":"The operation was aborted"},"joinedClose":{"state":"complete","at":1791487309290}}

[90mstdout[2m | src/pi-durable-summary.test.ts[2m > [22m[2mconfiguration authority wait joins close by admitted deadline, external cancellation=false, encrypted=true
[22m[39m007 configuration-close advisor probe {"encrypted":true,"externallyCanceled":false,"invocation":{"id":"522d8730-508a-484b-861c-c4ebf2af2d93","started":1791487300501,"yield_at":1791487310501,"end_at":1791487311501},"observedAt":1791487311552,"elapsedMs":1051,"configuration":{"state":"failed","at":1791487310501,"error":"The operation was aborted"},"close":{"state":"complete","at":1791487310516},"remoteSettled":false,"joinedConfiguration":{"state":"failed","at":1791487310501,"error":"The operation was aborted"},"joinedClose":{"state":"complete","at":1791487310516}}

[90mstdout[2m | src/pi-durable-summary.test.ts[2m > [22m[2mconfiguration authority wait joins close by admitted deadline, external cancellation=true, encrypted=true
[22m[39m007 configuration-close advisor probe {"encrypted":true,"externallyCanceled":true,"invocation":{"id":"762d5562-e20d-4848-a0a9-5edafacc5f9c","started":1791487301718,"yield_at":1791487311718,"end_at":1791487312718},"observedAt":1791487312770,"elapsedMs":1052,"configuration":{"state":"failed","at":1791487311718,"error":"The operation was aborted"},"close":{"state":"complete","at":1791487311744},"remoteSettled":false,"joinedConfiguration":{"state":"failed","at":1791487311718,"error":"The operation was aborted"},"joinedClose":{"state":"complete","at":1791487311744}}

 [32m✓[39m src/pi-durable-summary.test.ts [2m([22m[2m118 tests[22m[2m)[22m[33m 50147[2mms[22m[39m
   [33m[2m✓[22m[39m custom summary places a real manual Pi receipt, encrypted=false [33m 616[2mms[22m[39m
   [33m[2m✓[22m[39m custom summary places a real automatic Pi receipt, encrypted=false [33m 733[2mms[22m[39m
   [33m[2m✓[22m[39m recorded success survives close before hook return and is accounted once, encrypted=false [33m 558[2mms[22m[39m
   [33m[2m✓[22m[39m unknown admitted custom summary blocks two reopens without a second attempt, encrypted=false [33m 527[2mms[22m[39m
   [33m[2m✓[22m[39m custom preparation-write persistence failure fences every later effect, encrypted=false [33m 426[2mms[22m[39m
   [33m[2m✓[22m[39m custom preparation-flush persistence failure fences every later effect, encrypted=false [33m 432[2mms[22m[39m
   [33m[2m✓[22m[39m custom result persistence failure fences every later effect, encrypted=false [33m 495[2mms[22m[39m
   [33m[2m✓[22m[39m custom summary-result-write persistence failure fences every later effect, encrypted=false [33m 740[2mms[22m[39m
   [33m[2m✓[22m[39m custom summary-result-flush persistence failure fences every later effect, encrypted=false [33m 485[2mms[22m[39m
   [33m[2m✓[22m[39m custom summary places a real manual Pi receipt, encrypted=true [33m 433[2mms[22m[39m
   [33m[2m✓[22m[39m custom summary places a real automatic Pi receipt, encrypted=true [33m 541[2mms[22m[39m
   [33m[2m✓[22m[39m recorded success survives close before hook return and is accounted once, encrypted=true [33m 513[2mms[22m[39m
   [33m[2m✓[22m[39m unknown admitted custom summary blocks two reopens without a second attempt, encrypted=true [33m 426[2mms[22m[39m
   [33m[2m✓[22m[39m custom preparation-write persistence failure fences every later effect, encrypted=true [33m 351[2mms[22m[39m
   [33m[2m✓[22m[39m custom preparation-flush persistence failure fences every later effect, encrypted=true [33m 326[2mms[22m[39m
   [33m[2m✓[22m[39m custom result persistence failure fences every later effect, encrypted=true [33m 380[2mms[22m[39m
   [33m[2m✓[22m[39m custom summary-result-write persistence failure fences every later effect, encrypted=true [33m 388[2mms[22m[39m
   [33m[2m✓[22m[39m custom summary-result-flush persistence failure fences every later effect, encrypted=true [33m 373[2mms[22m[39m
   [33m[2m✓[22m[39m known custom failure error/0 settles the run with one nonrefundable attempt, encrypted=false [33m 471[2mms[22m[39m
   [33m[2m✓[22m[39m known custom failure aborted/0 settles the run with one nonrefundable attempt, encrypted=false [33m 439[2mms[22m[39m
   [33m[2m✓[22m[39m known custom failure stop/1 settles the run with one nonrefundable attempt, encrypted=false [33m 406[2mms[22m[39m
   [33m[2m✓[22m[39m known custom failure toolUse/1 settles the run with one nonrefundable attempt, encrypted=false [33m 392[2mms[22m[39m
   [33m[2m✓[22m[39m known custom failure stop/1 settles the run with one nonrefundable attempt, encrypted=false [33m 418[2mms[22m[39m
   [33m[2m✓[22m[39m known custom failure error/0 settles the run with one nonrefundable attempt, encrypted=true [33m 360[2mms[22m[39m
   [33m[2m✓[22m[39m known custom failure aborted/0 settles the run with one nonrefundable attempt, encrypted=true [33m 367[2mms[22m[39m
   [33m[2m✓[22m[39m known custom failure stop/1 settles the run with one nonrefundable attempt, encrypted=true [33m 339[2mms[22m[39m
   [33m[2m✓[22m[39m known custom failure toolUse/1 settles the run with one nonrefundable attempt, encrypted=true [33m 350[2mms[22m[39m
   [33m[2m✓[22m[39m known custom failure stop/1 settles the run with one nonrefundable attempt, encrypted=true [33m 347[2mms[22m[39m
   [33m[2m✓[22m[39m custom summary range after preparation dispatches nothing [33m 1327[2mms[22m[39m
   [33m[2m✓[22m[39m custom summary policy after preparation dispatches nothing [33m 415[2mms[22m[39m
   [33m[2m✓[22m[39m custom summary epoch after preparation dispatches nothing [33m 379[2mms[22m[39m
   [33m[2m✓[22m[39m custom summary authority after preparation dispatches nothing [33m 320[2mms[22m[39m
   [33m[2m✓[22m[39m custom summary stop after preparation dispatches nothing [33m 346[2mms[22m[39m
   [33m[2m✓[22m[39m custom summary digest after preparation dispatches nothing [33m 343[2mms[22m[39m
   [33m[2m✓[22m[39m custom summary task after preparation dispatches nothing [33m 338[2mms[22m[39m
   [33m[2m✓[22m[39m custom summary conversation after preparation dispatches nothing [33m 358[2mms[22m[39m
   [33m[2m✓[22m[39m configuration at before custom preparation survives reopen, encrypted=false [33m 605[2mms[22m[39m
   [33m[2m✓[22m[39m configuration at after custom preparation survives reopen, encrypted=false [33m 596[2mms[22m[39m
   [33m[2m✓[22m[39m success at before actual Pi placement storage commit resumes without redispatch, encrypted=false [33m 483[2mms[22m[39m
   [33m[2m✓[22m[39m success at after actual Pi placement storage commit resumes without redispatch, encrypted=false [33m 427[2mms[22m[39m
   [33m[2m✓[22m[39m absent custom hook cannot dispatch stock fallback, encrypted=false [33m 356[2mms[22m[39m
   [33m[2m✓[22m[39m throwing custom hook cannot dispatch stock fallback, encrypted=false [33m 363[2mms[22m[39m
   [33m[2m✓[22m[39m custom response provider schema violation never places a summary, encrypted=false [33m 606[2mms[22m[39m
   [33m[2m✓[22m[39m custom response model schema violation never places a summary, encrypted=false [33m 402[2mms[22m[39m
   [33m[2m✓[22m[39m custom response usage schema violation never places a summary, encrypted=false [33m 379[2mms[22m[39m
   [33m[2m✓[22m[39m custom response timestamp schema violation never places a summary, encrypted=false [33m 373[2mms[22m[39m
   [33m[2m✓[22m[39m configuration at before custom preparation survives reopen, encrypted=true [33m 520[2mms[22m[39m
   [33m[2m✓[22m[39m configuration at after custom preparation survives reopen, encrypted=true [33m 504[2mms[22m[39m
   [33m[2m✓[22m[39m success at before actual Pi placement storage commit resumes without redispatch, encrypted=true [33m 348[2mms[22m[39m
   [33m[2m✓[22m[39m success at after actual Pi placement storage commit resumes without redispatch, encrypted=true [33m 349[2mms[22m[39m
   [33m[2m✓[22m[39m custom response provider schema violation never places a summary, encrypted=true [33m 302[2mms[22m[39m
   [33m[2m✓[22m[39m custom response model schema violation never places a summary, encrypted=true [33m 348[2mms[22m[39m
   [33m[2m✓[22m[39m custom response usage schema violation never places a summary, encrypted=true [33m 320[2mms[22m[39m
   [33m[2m✓[22m[39m encrypted custom evidence tampering rejects reopen [33m 316[2mms[22m[39m
   [33m[2m✓[22m[39m actual custom callback options must equal persisted payload [33m 310[2mms[22m[39m
   [33m[2m✓[22m[39m actual custom callback transcript must equal persisted payload [33m 346[2mms[22m[39m
   [33m[2m✓[22m[39m oversized public summary source is rejected without truncation, encrypted=false [33m 347[2mms[22m[39m
   [33m[2m✓[22m[39m transport interruption retains uncertainty with one reservation, encrypted=false [33m 399[2mms[22m[39m
   [33m[2m✓[22m[39m custom preparation grants no extended invocation deadline, encrypted=false [33m 317[2mms[22m[39m
   [33m[2m✓[22m[39m transport interruption retains uncertainty with one reservation, encrypted=true [33m 317[2mms[22m[39m
   [33m[2m✓[22m[39m forced configuration-winning transition holds asynchronous preparation, encrypted=false [33m 678[2mms[22m[39m
   [33m[2m✓[22m[39m forced preparation-winning transition holds asynchronous preparation, encrypted=false [33m 570[2mms[22m[39m
   [33m[2m✓[22m[39m forced configuration-winning transition holds asynchronous preparation, encrypted=true [33m 645[2mms[22m[39m
   [33m[2m✓[22m[39m forced preparation-winning transition holds asynchronous preparation, encrypted=true [33m 656[2mms[22m[39m
   [33m[2m✓[22m[39m owning transition releases after cancel-configuration during asynchronous preparation, encrypted=false [33m 440[2mms[22m[39m
   [33m[2m✓[22m[39m owning transition releases after stop during asynchronous preparation, encrypted=false [33m 440[2mms[22m[39m
   [33m[2m✓[22m[39m owning transition releases after preparation-failure during asynchronous preparation, encrypted=false [33m 405[2mms[22m[39m
   [33m[2m✓[22m[39m owning transition releases after cancel-configuration during asynchronous preparation, encrypted=true [33m 414[2mms[22m[39m
   [33m[2m✓[22m[39m owning transition releases after stop during asynchronous preparation, encrypted=true [33m 371[2mms[22m[39m
   [33m[2m✓[22m[39m owning transition releases after preparation-failure during asynchronous preparation, encrypted=true [33m 349[2mms[22m[39m
   [33m[2m✓[22m[39m configuration persistence failure releases and fences the owner lane, encrypted=true [33m 446[2mms[22m[39m
   [33m[2m✓[22m[39m automatic waiting parent recovers at before-preparation, encrypted=false [33m 394[2mms[22m[39m
   [33m[2m✓[22m[39m automatic waiting parent recovers at prepared, encrypted=false [33m 391[2mms[22m[39m
   [33m[2m✓[22m[39m automatic waiting parent recovers at unknown, encrypted=false [33m 369[2mms[22m[39m
   [33m[2m✓[22m[39m automatic waiting parent recovers at result, encrypted=false [33m 396[2mms[22m[39m
   [33m[2m✓[22m[39m automatic waiting parent recovers at before-placement, encrypted=false [33m 406[2mms[22m[39m
   [33m[2m✓[22m[39m automatic waiting parent recovers at after-placement, encrypted=false [33m 424[2mms[22m[39m
   [33m[2m✓[22m[39m automatic waiting parent recovers at before-preparation, encrypted=true [33m 427[2mms[22m[39m
   [33m[2m✓[22m[39m automatic waiting parent recovers at prepared, encrypted=true [33m 413[2mms[22m[39m
   [33m[2m✓[22m[39m automatic waiting parent recovers at unknown, encrypted=true [33m 334[2mms[22m[39m
   [33m[2m✓[22m[39m automatic waiting parent recovers at result, encrypted=true [33m 415[2mms[22m[39m
   [33m[2m✓[22m[39m automatic waiting parent recovers at before-placement, encrypted=true [33m 409[2mms[22m[39m
   [33m[2m✓[22m[39m automatic waiting parent recovers at after-placement, encrypted=true [33m 425[2mms[22m[39m
   [33m[2m✓[22m[39m automatic waiting parent is fenced after known-failure, encrypted=false [33m 337[2mms[22m[39m
   [33m[2m✓[22m[39m automatic waiting parent is fenced after stop, encrypted=false [33m 310[2mms[22m[39m
   [33m[2m✓[22m[39m automatic waiting parent is fenced after epoch, encrypted=false [33m 317[2mms[22m[39m
   [33m[2m✓[22m[39m automatic waiting parent is fenced after preparation-write, encrypted=false [33m 302[2mms[22m[39m
   [33m[2m✓[22m[39m automatic waiting parent is fenced after summary-result-write, encrypted=false [33m 326[2mms[22m[39m
   [33m[2m✓[22m[39m automatic waiting parent is fenced after summary-result-flush, encrypted=false [33m 319[2mms[22m[39m
   [33m[2m✓[22m[39m automatic waiting parent is fenced after known-failure, encrypted=true [33m 315[2mms[22m[39m
   [33m[2m✓[22m[39m automatic waiting parent is fenced after summary-result-flush, encrypted=true [33m 311[2mms[22m[39m
   [33m[2m✓[22m[39m yield cancels all queued owner changes without late commits, encrypted=true [33m 614[2mms[22m[39m
   [33m[2m✓[22m[39m yield joins admitted configuration before-storage settlement, encrypted=true [33m 715[2mms[22m[39m
   [33m[2m✓[22m[39m configuration authority wait joins close by admitted deadline, external cancellation=false, encrypted=false [33m 1221[2mms[22m[39m
   [33m[2m✓[22m[39m configuration authority wait joins close by admitted deadline, external cancellation=true, encrypted=false [33m 1222[2mms[22m[39m
   [33m[2m✓[22m[39m configuration authority wait joins close by admitted deadline, external cancellation=false, encrypted=true [33m 1213[2mms[22m[39m
   [33m[2m✓[22m[39m configuration authority wait joins close by admitted deadline, external cancellation=true, encrypted=true [33m 1222[2mms[22m[39m

[2m Test Files [22m [1m[32m12 passed[39m[22m[90m (12)[39m
[2m      Tests [22m [1m[32m379 passed[39m[22m[90m (379)[39m
[2m   Start at [22m 21:19:46
[2m   Duration [22m 55.00s[2m (transform 2.01s, setup 0ms, collect 18.34s, tests 139.09s, environment 1ms, prepare 7.64s)[22m

[vpw:debug] Shutting down runtimes...
[vpw:debug] Disposing remote proxy sessions...
