
[1m[46m RUN [49m[22m [36mv3.2.7 [39m[90m/home/ayan/ditto-execution/plan-007-recovery/apps/credential-tests[39m

[vpw:debug] Adding `enable_nodejs_tty_module` compatibility flag during tests as this feature is needed to support the Vitest runner.
[vpw:debug] Adding `enable_nodejs_fs_module` compatibility flag during tests as this feature is needed to support the Vitest runner.
[vpw:debug] Adding `enable_nodejs_http_modules` compatibility flag during tests as this feature is needed to support the Vitest runner.
[vpw:debug] Adding `enable_nodejs_perf_hooks_module` compatibility flag during tests as this feature is needed to support the Vitest runner.
[vpw:info] Starting isolated runtimes for ../../plans/evidence/artifacts/007/configuration-timing-followup/timing-product.config.ts...
[90mstdout[2m | ../../plans/evidence/artifacts/007/configuration-timing-followup/timing.worker.test.ts[2m > [22m[2mactual custom_summary preparation survives close/reopen with an owned selection change
[22m[39m[007-product-timing] {"selection":true,"credentialMs":22,"policyMs":6}

[90mstdout[2m | ../../plans/evidence/artifacts/007/configuration-timing-followup/timing.worker.test.ts[2m > [22m[2mactual custom_summary preparation survives close/reopen with an owned selection change
[22m[39m[007-product-timing] {"selection":true,"credentialMs":20,"policyMs":6}

[90mstdout[2m | ../../plans/evidence/artifacts/007/configuration-timing-followup/timing.worker.test.ts[2m > [22m[2mactual custom_summary preparation survives close/reopen with an owned selection change
[22m[39m[007-product-timing] {"selection":true,"credentialMs":20,"policyMs":6}

[90mstdout[2m | ../../plans/evidence/artifacts/007/configuration-timing-followup/timing.worker.test.ts[2m > [22m[2mactual custom_summary preparation survives close/reopen with an owned selection change
[22m[39m[007-product-timing] {"selection":false,"credentialMs":24,"policyMs":6}

[90mstdout[2m | ../../plans/evidence/artifacts/007/configuration-timing-followup/timing.worker.test.ts[2m > [22m[2mactual custom_summary preparation survives close/reopen with an owned selection change
[22m[39m[007-product-timing] {"selection":false,"credentialMs":19,"policyMs":6}

[90mstdout[2m | ../../plans/evidence/artifacts/007/configuration-timing-followup/timing.worker.test.ts[2m > [22m[2mactual custom_summary preparation survives close/reopen with an owned selection change
[22m[39m[007-product-timing] {"selection":false,"credentialMs":19,"policyMs":6}

[90mstdout[2m | ../../plans/evidence/artifacts/007/configuration-timing-followup/timing.worker.test.ts[2m > [22m[2mactual custom_summary preparation survives close/reopen with an owned selection change
[22m[39m[007-product-timing] {"selection":true,"credentialMs":18,"policyMs":5}

[90mstdout[2m | ../../plans/evidence/artifacts/007/configuration-timing-followup/timing.worker.test.ts[2m > [22m[2mactual custom_summary preparation survives close/reopen with an owned selection change
[22m[39m[007-product-timing] {"selection":true,"credentialMs":18,"policyMs":6}

[90mstdout[2m | ../../plans/evidence/artifacts/007/configuration-timing-followup/timing.worker.test.ts[2m > [22m[2mactual custom_summary preparation survives close/reopen with an owned selection change
[22m[39m[007-product-timing] {"selection":true,"credentialMs":17,"policyMs":6}

[90mstdout[2m | ../../plans/evidence/artifacts/007/configuration-timing-followup/timing.worker.test.ts[2m > [22m[2mactual custom_summary preparation survives close/reopen with an owned selection change
[22m[39m[007-product-timing] {"selection":true,"credentialMs":23,"policyMs":6}

[90mstdout[2m | ../../plans/evidence/artifacts/007/configuration-timing-followup/timing.worker.test.ts[2m > [22m[2mactual custom_summary preparation survives close/reopen with an owned selection change
[22m[39m[007-product-timing] {"selection":true,"credentialMs":24,"policyMs":6}

[90mstdout[2m | ../../plans/evidence/artifacts/007/configuration-timing-followup/timing.worker.test.ts[2m > [22m[2mactual custom_summary preparation survives close/reopen with an owned selection change
[22m[39m[007-product-timing] {"selection":true,"credentialMs":19,"policyMs":5}

[90mstdout[2m | ../../plans/evidence/artifacts/007/configuration-timing-followup/timing.worker.test.ts[2m > [22m[2mactual custom_summary preparation survives close/reopen with an owned selection change
[22m[39m[007-product-timing] {"selection":false,"credentialMs":27,"policyMs":7}

[90mstdout[2m | ../../plans/evidence/artifacts/007/configuration-timing-followup/timing.worker.test.ts[2m > [22m[2mactual custom_summary preparation survives close/reopen with an owned selection change
[22m[39m[007-product-timing] {"selection":false,"credentialMs":23,"policyMs":7}

[90mstdout[2m | ../../plans/evidence/artifacts/007/configuration-timing-followup/timing.worker.test.ts[2m > [22m[2mactual custom_summary preparation survives close/reopen with an owned selection change
[22m[39m[007-product-timing] {"selection":false,"credentialMs":23,"policyMs":10}

[90mstdout[2m | ../../plans/evidence/artifacts/007/configuration-timing-followup/timing.worker.test.ts[2m > [22m[2mactual custom_summary preparation survives close/reopen with an owned selection change
[22m[39m[007-configuration-retained] {"purpose":"custom_summary","requests":[{"model":"faux-1","thinking":"off","purpose":"generation"},{"model":"faux-1","thinking":"off","purpose":"custom_summary"}],"snapshot":{"calls":2,"windows":[{"consumedRequests":1,"contractDenials":0,"closeReason":"complete","openSlot":"model/7fc15e36b1f4e89b6ae80b94334e10211f28b9cf8baf26a143e207aef7e7bfae"},{"consumedRequests":1,"contractDenials":0,"closeReason":"complete","openSlot":"model/b97f92fc342af5d53b005bf68250980292cfacf74089bbf37650943a4b1f7f6b"}],"admissions":[{"effectId":"pi.generation/8/d3a2034ebfcd7363f7c1345eb83828c176ce66919bcd050dfc5348269219cfe2/attempt/1","purpose":"generation","state":"complete","requestDigest":"48616251f62080b3cc13adc9f24f521ca2337810a7d8f68db7b6023778a5abf7"},{"effectId":"ditto-summary-1/10/attempt/1","purpose":"custom_summary","state":"complete","requestDigest":"73ba2204368eb7959ee36ed03fa868f798800a563030a079d18186ca459f9f34"}],"claims":[{"claimed":1},{"claimed":1}],"runs":[{"state":"complete","epoch":2}]}}

[90mstdout[2m | ../../plans/evidence/artifacts/007/configuration-timing-followup/timing.worker.test.ts[2m > [22m[2mactual custom_summary preparation survives close/reopen with an owned selection change
[22m[39m[007-timing] {"test":"actual custom_summary preparation survives close/reopen with an owned selection change","totalMs":2432,"measured":{"fixture.setup":{"count":1,"ms":767,"max":767},"host.durable":{"count":36,"ms":218,"max":22},"local.productD1":{"count":44,"ms":280,"max":10},"local.authority":{"count":29,"ms":187,"max":9},"host.configurationLedger":{"count":9,"ms":3,"max":1},"product.configurationRPC":{"count":15,"ms":465,"max":44},"host.configurationAllowed":{"count":5,"ms":539,"max":119},"host.initializeOwnedConfiguration":{"count":2,"ms":136,"max":135},"host.open":{"count":2,"ms":177,"max":159},"host.seal":{"count":17,"ms":3,"max":1},"host.configurationIdentity":{"count":6,"ms":1,"max":1},"host.configurationEvidence":{"count":5,"ms":3,"max":1},"pi.configure":{"count":1,"ms":2,"max":2},"host.piConfiguration":{"count":2,"ms":0,"max":0},"host.configureOwned":{"count":1,"ms":325,"max":325},"host.yield":{"count":2,"ms":33,"max":20}}}

[90mstdout[2m | ../../plans/evidence/artifacts/007/configuration-timing-followup/timing.worker.test.ts[2m > [22m[2mconfiguration correction: authenticates complete payload_digest before new-intent
[22m[39m[007-product-timing] {"selection":true,"credentialMs":18,"policyMs":5}

[90mstdout[2m | ../../plans/evidence/artifacts/007/configuration-timing-followup/timing.worker.test.ts[2m > [22m[2mconfiguration correction: authenticates complete payload_digest before new-intent
[22m[39m[007-product-timing] {"selection":true,"credentialMs":19,"policyMs":5}

[90mstdout[2m | ../../plans/evidence/artifacts/007/configuration-timing-followup/timing.worker.test.ts[2m > [22m[2mconfiguration correction: authenticates complete payload_digest before new-intent
[22m[39m[007-product-timing] {"selection":true,"credentialMs":18,"policyMs":6}

[90mstdout[2m | ../../plans/evidence/artifacts/007/configuration-timing-followup/timing.worker.test.ts[2m > [22m[2mconfiguration correction: authenticates complete payload_digest before new-intent
[22m[39m[007-product-timing] {"selection":false,"credentialMs":21,"policyMs":5}

[90mstdout[2m | ../../plans/evidence/artifacts/007/configuration-timing-followup/timing.worker.test.ts[2m > [22m[2mconfiguration correction: authenticates complete payload_digest before new-intent
[22m[39m[007-product-timing] {"selection":false,"credentialMs":17,"policyMs":5}

[90mstdout[2m | ../../plans/evidence/artifacts/007/configuration-timing-followup/timing.worker.test.ts[2m > [22m[2mconfiguration correction: authenticates complete payload_digest before new-intent
[22m[39m[007-product-timing] {"selection":false,"credentialMs":16,"policyMs":5}

[90mstdout[2m | ../../plans/evidence/artifacts/007/configuration-timing-followup/timing.worker.test.ts[2m > [22m[2mconfiguration correction: authenticates complete payload_digest before new-intent
[22m[39m[007-product-timing] {"selection":true,"credentialMs":19,"policyMs":6}

[90mstdout[2m | ../../plans/evidence/artifacts/007/configuration-timing-followup/timing.worker.test.ts[2m > [22m[2mconfiguration correction: authenticates complete payload_digest before new-intent
[22m[39m[007-product-timing] {"selection":true,"credentialMs":17,"policyMs":5}

[90mstdout[2m | ../../plans/evidence/artifacts/007/configuration-timing-followup/timing.worker.test.ts[2m > [22m[2mconfiguration correction: authenticates complete payload_digest before new-intent
[22m[39m[007-product-timing] {"selection":true,"credentialMs":17,"policyMs":8}

[90mstdout[2m | ../../plans/evidence/artifacts/007/configuration-timing-followup/timing.worker.test.ts[2m > [22m[2mconfiguration correction: authenticates complete payload_digest before new-intent
[22m[39m[007-product-timing] {"selection":true,"credentialMs":17,"policyMs":8}

[90mstdout[2m | ../../plans/evidence/artifacts/007/configuration-timing-followup/timing.worker.test.ts[2m > [22m[2mconfiguration correction: authenticates complete payload_digest before new-intent
[22m[39m[007-product-timing] {"selection":true,"credentialMs":17,"policyMs":5}

[90mstdout[2m | ../../plans/evidence/artifacts/007/configuration-timing-followup/timing.worker.test.ts[2m > [22m[2mconfiguration correction: authenticates complete payload_digest before new-intent
[22m[39m[007-product-timing] {"selection":true,"credentialMs":18,"policyMs":5}

[90mstdout[2m | ../../plans/evidence/artifacts/007/configuration-timing-followup/timing.worker.test.ts[2m > [22m[2mconfiguration correction: authenticates complete payload_digest before new-intent
[22m[39m[007-product-timing] {"selection":false,"credentialMs":17,"policyMs":8}

[90mstdout[2m | ../../plans/evidence/artifacts/007/configuration-timing-followup/timing.worker.test.ts[2m > [22m[2mconfiguration correction: authenticates complete payload_digest before new-intent
[22m[39m[007-product-timing] {"selection":false,"credentialMs":17,"policyMs":7}

[90mstdout[2m | ../../plans/evidence/artifacts/007/configuration-timing-followup/timing.worker.test.ts[2m > [22m[2mconfiguration correction: authenticates complete payload_digest before new-intent
[22m[39m[007-product-timing] {"selection":false,"credentialMs":17,"policyMs":5}

[90mstdout[2m | ../../plans/evidence/artifacts/007/configuration-timing-followup/timing.worker.test.ts[2m > [22m[2mconfiguration correction: authenticates complete payload_digest before new-intent
[22m[39m[007-correction-integrity] {"phase":"complete","path":"new-intent","field":"payload_digest","piUnchanged":true,"evidenceUnchanged":true,"calls":0}

[90mstdout[2m | ../../plans/evidence/artifacts/007/configuration-timing-followup/timing.worker.test.ts[2m > [22m[2mconfiguration correction: authenticates complete payload_digest before new-intent
[22m[39m[007-timing] {"test":"configuration correction: authenticates complete payload_digest before new-intent","totalMs":2862,"measured":{"fixture.setup":{"count":1,"ms":2270,"max":2270},"host.durable":{"count":7,"ms":33,"max":11},"local.productD1":{"count":25,"ms":165,"max":20},"local.authority":{"count":10,"ms":77,"max":20},"host.configurationLedger":{"count":7,"ms":1,"max":1},"product.configurationRPC":{"count":15,"ms":404,"max":31},"host.configurationAllowed":{"count":5,"ms":478,"max":105},"host.initializeOwnedConfiguration":{"count":1,"ms":105,"max":105},"host.open":{"count":1,"ms":130,"max":130},"host.configurationIdentity":{"count":4,"ms":0,"max":0},"host.seal":{"count":2,"ms":0,"max":0},"host.configurationEvidence":{"count":3,"ms":1,"max":1},"pi.configure":{"count":1,"ms":1,"max":1},"host.piConfiguration":{"count":1,"ms":0,"max":0},"host.configureOwned":{"count":2,"ms":401,"max":295},"host.yield":{"count":1,"ms":5,"max":5}}}

[90mstdout[2m | ../../plans/evidence/artifacts/007/configuration-timing-followup/timing.worker.test.ts[2m > [22m[2mconfiguration correction: authenticates complete outcome before new-intent
[22m[39m[007-product-timing] {"selection":true,"credentialMs":21,"policyMs":7}

[90mstdout[2m | ../../plans/evidence/artifacts/007/configuration-timing-followup/timing.worker.test.ts[2m > [22m[2mconfiguration correction: authenticates complete outcome before new-intent
[22m[39m[007-product-timing] {"selection":true,"credentialMs":19,"policyMs":7}

[90mstdout[2m | ../../plans/evidence/artifacts/007/configuration-timing-followup/timing.worker.test.ts[2m > [22m[2mconfiguration correction: authenticates complete outcome before new-intent
[22m[39m[007-product-timing] {"selection":true,"credentialMs":17,"policyMs":6}

[90mstdout[2m | ../../plans/evidence/artifacts/007/configuration-timing-followup/timing.worker.test.ts[2m > [22m[2mconfiguration correction: authenticates complete outcome before new-intent
[22m[39m[007-product-timing] {"selection":false,"credentialMs":24,"policyMs":5}

[90mstdout[2m | ../../plans/evidence/artifacts/007/configuration-timing-followup/timing.worker.test.ts[2m > [22m[2mconfiguration correction: authenticates complete outcome before new-intent
[22m[39m[007-product-timing] {"selection":false,"credentialMs":18,"policyMs":6}

[90mstdout[2m | ../../plans/evidence/artifacts/007/configuration-timing-followup/timing.worker.test.ts[2m > [22m[2mconfiguration correction: authenticates complete outcome before new-intent
[22m[39m[007-product-timing] {"selection":false,"credentialMs":18,"policyMs":6}

[90mstdout[2m | ../../plans/evidence/artifacts/007/configuration-timing-followup/timing.worker.test.ts[2m > [22m[2mconfiguration correction: authenticates complete outcome before new-intent
[22m[39m[007-product-timing] {"selection":true,"credentialMs":19,"policyMs":7}

[90mstdout[2m | ../../plans/evidence/artifacts/007/configuration-timing-followup/timing.worker.test.ts[2m > [22m[2mconfiguration correction: authenticates complete outcome before new-intent
[22m[39m[007-product-timing] {"selection":true,"credentialMs":27,"policyMs":6}

[90mstdout[2m | ../../plans/evidence/artifacts/007/configuration-timing-followup/timing.worker.test.ts[2m > [22m[2mconfiguration correction: authenticates complete outcome before new-intent
[22m[39m[007-product-timing] {"selection":true,"credentialMs":21,"policyMs":6}

[90mstdout[2m | ../../plans/evidence/artifacts/007/configuration-timing-followup/timing.worker.test.ts[2m > [22m[2mconfiguration correction: authenticates complete outcome before new-intent
[22m[39m[007-product-timing] {"selection":true,"credentialMs":25,"policyMs":11}

[90mstdout[2m | ../../plans/evidence/artifacts/007/configuration-timing-followup/timing.worker.test.ts[2m > [22m[2mconfiguration correction: authenticates complete outcome before new-intent
[22m[39m[007-product-timing] {"selection":true,"credentialMs":17,"policyMs":5}

[90mstdout[2m | ../../plans/evidence/artifacts/007/configuration-timing-followup/timing.worker.test.ts[2m > [22m[2mconfiguration correction: authenticates complete outcome before new-intent
[22m[39m[007-product-timing] {"selection":true,"credentialMs":22,"policyMs":6}

[90mstdout[2m | ../../plans/evidence/artifacts/007/configuration-timing-followup/timing.worker.test.ts[2m > [22m[2mconfiguration correction: authenticates complete outcome before new-intent
[22m[39m[007-product-timing] {"selection":false,"credentialMs":30,"policyMs":7}

[90mstdout[2m | ../../plans/evidence/artifacts/007/configuration-timing-followup/timing.worker.test.ts[2m > [22m[2mconfiguration correction: authenticates complete outcome before new-intent
[22m[39m[007-product-timing] {"selection":false,"credentialMs":23,"policyMs":6}

[90mstdout[2m | ../../plans/evidence/artifacts/007/configuration-timing-followup/timing.worker.test.ts[2m > [22m[2mconfiguration correction: authenticates complete outcome before new-intent
[22m[39m[007-product-timing] {"selection":false,"credentialMs":28,"policyMs":6}

[90mstdout[2m | ../../plans/evidence/artifacts/007/configuration-timing-followup/timing.worker.test.ts[2m > [22m[2mconfiguration correction: authenticates complete outcome before new-intent
[22m[39m[007-correction-integrity] {"phase":"complete","path":"new-intent","field":"outcome","piUnchanged":true,"evidenceUnchanged":true,"calls":0}

[90mstdout[2m | ../../plans/evidence/artifacts/007/configuration-timing-followup/timing.worker.test.ts[2m > [22m[2mconfiguration correction: authenticates complete outcome before new-intent
[22m[39m[007-timing] {"test":"configuration correction: authenticates complete outcome before new-intent","totalMs":1435,"measured":{"fixture.setup":{"count":1,"ms":787,"max":787},"host.durable":{"count":7,"ms":29,"max":9},"local.productD1":{"count":25,"ms":158,"max":11},"local.authority":{"count":10,"ms":61,"max":7},"host.configurationLedger":{"count":7,"ms":1,"max":1},"product.configurationRPC":{"count":15,"ms":484,"max":44},"host.configurationAllowed":{"count":5,"ms":541,"max":119},"host.initializeOwnedConfiguration":{"count":1,"ms":113,"max":113},"host.open":{"count":1,"ms":132,"max":132},"host.configurationIdentity":{"count":3,"ms":1,"max":1},"host.seal":{"count":2,"ms":0,"max":0},"host.configurationEvidence":{"count":3,"ms":0,"max":0},"pi.configure":{"count":1,"ms":1,"max":1},"host.piConfiguration":{"count":1,"ms":1,"max":1},"host.configureOwned":{"count":2,"ms":454,"max":335},"host.yield":{"count":1,"ms":5,"max":5}}}

 [32m✓[39m ../../plans/evidence/artifacts/007/configuration-timing-followup/timing.worker.test.ts [2m([22m[2m140 tests[22m[2m | [22m[33m137 skipped[39m[2m)[22m[33m 6743[2mms[22m[39m
   [33m[2m✓[22m[39m actual custom_summary preparation survives close/reopen with an owned selection change [33m 2435[2mms[22m[39m
   [33m[2m✓[22m[39m configuration correction: authenticates complete payload_digest before new-intent [33m 2869[2mms[22m[39m
   [33m[2m✓[22m[39m configuration correction: authenticates complete outcome before new-intent [33m 1438[2mms[22m[39m

[2m Test Files [22m [1m[32m1 passed[39m[22m[90m (1)[39m
[2m      Tests [22m [1m[32m3 passed[39m[22m[2m | [22m[33m137 skipped[39m[90m (140)[39m
[2m   Start at [22m 09:14:36
[2m   Duration [22m 7.47s[2m (transform 804ms, setup 0ms, collect 1.27s, tests 6.74s, environment 0ms, prepare 99ms)[22m

[vpw:debug] Shutting down runtimes...
[vpw:debug] Disposing remote proxy sessions...
