
[1m[46m RUN [49m[22m [36mv3.2.7 [39m[90m/home/ayan/ditto-execution/plan-007-recovery/apps/credential-tests[39m

[vpw:debug] Adding `enable_nodejs_tty_module` compatibility flag during tests as this feature is needed to support the Vitest runner.
[vpw:debug] Adding `enable_nodejs_fs_module` compatibility flag during tests as this feature is needed to support the Vitest runner.
[vpw:debug] Adding `enable_nodejs_http_modules` compatibility flag during tests as this feature is needed to support the Vitest runner.
[vpw:debug] Adding `enable_nodejs_perf_hooks_module` compatibility flag during tests as this feature is needed to support the Vitest runner.
[vpw:info] Starting isolated runtimes for ../../plans/evidence/artifacts/007/configuration-timing-followup/timing.config.ts...
[90mstdout[2m | ../../plans/evidence/artifacts/007/configuration-timing-followup/timing.worker.test.ts[2m > [22m[2mactual custom_summary preparation survives close/reopen with an owned selection change
[22m[39m[007-configuration-retained] {"purpose":"custom_summary","requests":[{"model":"faux-1","thinking":"off","purpose":"generation"},{"model":"faux-1","thinking":"off","purpose":"custom_summary"}],"snapshot":{"calls":2,"windows":[{"consumedRequests":1,"contractDenials":0,"closeReason":"complete","openSlot":"model/7fc15e36b1f4e89b6ae80b94334e10211f28b9cf8baf26a143e207aef7e7bfae"},{"consumedRequests":1,"contractDenials":0,"closeReason":"complete","openSlot":"model/b97f92fc342af5d53b005bf68250980292cfacf74089bbf37650943a4b1f7f6b"}],"admissions":[{"effectId":"pi.generation/8/d3a2034ebfcd7363f7c1345eb83828c176ce66919bcd050dfc5348269219cfe2/attempt/1","purpose":"generation","state":"complete","requestDigest":"48616251f62080b3cc13adc9f24f521ca2337810a7d8f68db7b6023778a5abf7"},{"effectId":"ditto-summary-1/10/attempt/1","purpose":"custom_summary","state":"complete","requestDigest":"687d8ecdfec8c6d602dd99d52ad629e730d5a37cabc8fef90f154e0edc81bea3"}],"claims":[{"claimed":1},{"claimed":1}],"runs":[{"state":"complete","epoch":2}]}}

[90mstdout[2m | ../../plans/evidence/artifacts/007/configuration-timing-followup/timing.worker.test.ts[2m > [22m[2mactual custom_summary preparation survives close/reopen with an owned selection change
[22m[39m[007-timing] {"test":"actual custom_summary preparation survives close/reopen with an owned selection change","totalMs":2187,"measured":{"fixture.setup":{"count":1,"ms":699,"max":699},"host.durable":{"count":36,"ms":190,"max":18},"local.productD1":{"count":44,"ms":250,"max":9},"local.authority":{"count":29,"ms":168,"max":9},"host.configurationLedger":{"count":9,"ms":2,"max":1},"product.configurationRPC":{"count":15,"ms":398,"max":39},"host.configurationAllowed":{"count":5,"ms":469,"max":102},"host.initializeOwnedConfiguration":{"count":2,"ms":114,"max":113},"host.open":{"count":2,"ms":155,"max":137},"host.seal":{"count":17,"ms":2,"max":1},"host.configurationIdentity":{"count":6,"ms":1,"max":1},"host.configurationEvidence":{"count":5,"ms":2,"max":1},"pi.configure":{"count":1,"ms":2,"max":2},"host.piConfiguration":{"count":2,"ms":1,"max":1},"host.configureOwned":{"count":1,"ms":288,"max":288},"host.yield":{"count":2,"ms":32,"max":22}}}

[90mstdout[2m | ../../plans/evidence/artifacts/007/configuration-timing-followup/timing.worker.test.ts[2m > [22m[2mconfiguration correction: authenticates complete payload_digest before new-intent
[22m[39m[007-correction-integrity] {"phase":"complete","path":"new-intent","field":"payload_digest","piUnchanged":true,"evidenceUnchanged":true,"calls":0}

[90mstdout[2m | ../../plans/evidence/artifacts/007/configuration-timing-followup/timing.worker.test.ts[2m > [22m[2mconfiguration correction: authenticates complete payload_digest before new-intent
[22m[39m[007-timing] {"test":"configuration correction: authenticates complete payload_digest before new-intent","totalMs":1500,"measured":{"fixture.setup":{"count":1,"ms":962,"max":962},"host.durable":{"count":7,"ms":29,"max":10},"local.productD1":{"count":25,"ms":138,"max":7},"local.authority":{"count":10,"ms":54,"max":6},"host.configurationLedger":{"count":7,"ms":0,"max":0},"product.configurationRPC":{"count":15,"ms":390,"max":30},"host.configurationAllowed":{"count":5,"ms":439,"max":90},"host.initializeOwnedConfiguration":{"count":1,"ms":99,"max":99},"host.open":{"count":1,"ms":120,"max":120},"host.configurationIdentity":{"count":4,"ms":0,"max":0},"host.seal":{"count":2,"ms":0,"max":0},"host.configurationEvidence":{"count":3,"ms":0,"max":0},"pi.configure":{"count":1,"ms":1,"max":1},"host.piConfiguration":{"count":1,"ms":1,"max":1},"host.configureOwned":{"count":2,"ms":365,"max":279},"host.yield":{"count":1,"ms":5,"max":5}}}

[90mstdout[2m | ../../plans/evidence/artifacts/007/configuration-timing-followup/timing.worker.test.ts[2m > [22m[2mconfiguration correction: authenticates complete outcome before new-intent
[22m[39m[007-correction-integrity] {"phase":"complete","path":"new-intent","field":"outcome","piUnchanged":true,"evidenceUnchanged":true,"calls":0}

[90mstdout[2m | ../../plans/evidence/artifacts/007/configuration-timing-followup/timing.worker.test.ts[2m > [22m[2mconfiguration correction: authenticates complete outcome before new-intent
[22m[39m[007-timing] {"test":"configuration correction: authenticates complete outcome before new-intent","totalMs":1245,"measured":{"fixture.setup":{"count":1,"ms":702,"max":702},"host.durable":{"count":7,"ms":27,"max":9},"local.productD1":{"count":25,"ms":135,"max":7},"local.authority":{"count":10,"ms":50,"max":5},"host.configurationLedger":{"count":7,"ms":3,"max":1},"product.configurationRPC":{"count":15,"ms":402,"max":34},"host.configurationAllowed":{"count":5,"ms":451,"max":102},"host.initializeOwnedConfiguration":{"count":1,"ms":94,"max":94},"host.open":{"count":1,"ms":113,"max":113},"host.configurationIdentity":{"count":3,"ms":0,"max":0},"host.seal":{"count":2,"ms":0,"max":0},"host.configurationEvidence":{"count":3,"ms":2,"max":1},"pi.configure":{"count":1,"ms":1,"max":1},"host.piConfiguration":{"count":1,"ms":0,"max":0},"host.configureOwned":{"count":2,"ms":380,"max":278},"host.yield":{"count":1,"ms":5,"max":5}}}

 [32m✓[39m ../../plans/evidence/artifacts/007/configuration-timing-followup/timing.worker.test.ts [2m([22m[2m140 tests[22m[2m | [22m[33m137 skipped[39m[2m)[22m[33m 4944[2mms[22m[39m
   [33m[2m✓[22m[39m actual custom_summary preparation survives close/reopen with an owned selection change [33m 2192[2mms[22m[39m
   [33m[2m✓[22m[39m configuration correction: authenticates complete payload_digest before new-intent [33m 1503[2mms[22m[39m
   [33m[2m✓[22m[39m configuration correction: authenticates complete outcome before new-intent [33m 1248[2mms[22m[39m

[2m Test Files [22m [1m[32m1 passed[39m[22m[90m (1)[39m
[2m      Tests [22m [1m[32m3 passed[39m[22m[2m | [22m[33m137 skipped[39m[90m (140)[39m
[2m   Start at [22m 09:05:12
[2m   Duration [22m 7.55s[2m (transform 821ms, setup 0ms, collect 2.78s, tests 4.94s, environment 0ms, prepare 128ms)[22m

[vpw:debug] Shutting down runtimes...
[vpw:debug] Disposing remote proxy sessions...
