$ pnpm --filter @ditto/runtime typecheck && pnpm --filter @ditto/runtime exec vitest run
$ tsc --noEmit && tsc --noEmit -p tsconfig.forbidden-bindings.json

 RUN  v3.2.7 /home/ayan/ditto-worktrees/plan-004-grok/apps/runtime

[vpw:debug] Adding `enable_nodejs_tty_module` compatibility flag during tests as this feature is needed to support the Vitest runner.
[vpw:debug] Adding `enable_nodejs_fs_module` compatibility flag during tests as this feature is needed to support the Vitest runner.
[vpw:debug] Adding `enable_nodejs_http_modules` compatibility flag during tests as this feature is needed to support the Vitest runner.
[vpw:debug] Adding `enable_nodejs_perf_hooks_module` compatibility flag during tests as this feature is needed to support the Vitest runner.
[vpw:info] Starting isolated runtimes for vitest.config.ts...
[mf:warn] The latest compatibility date supported by the installed Cloudflare Workers Runtime is "2026-03-10",
but you've requested "2026-09-16". Falling back to "2026-03-10"...
[mf:warn] The latest compatibility date supported by the installed Cloudflare Workers Runtime is "2026-03-10",
but you've requested "2026-09-16". Falling back to "2026-03-10"...
[mf:warn] The latest compatibility date supported by the installed Cloudflare Workers Runtime is "2026-03-10",
but you've requested "2026-09-16". Falling back to "2026-03-10"...
 ✓ src/forbidden-import-graph.test.ts (1 test) 97ms
 ✓ src/runtime-crypto.test.ts (4 tests) 226ms
 ✓ src/feasibility.test.ts (19 tests) 324ms

 Test Files  3 passed (3)
      Tests  24 passed (24)
   Start at  19:39:58
   Duration  4.22s (transform 432ms, setup 0ms, collect 854ms, tests 647ms, environment 1ms, prepare 1.55s)

[vpw:debug] Shutting down runtimes...
[vpw:debug] Disposing remote proxy sessions...
