$ pnpm contracts:verify && npm run contracts:check --prefix packages/session-brain && npm run typecheck --prefix packages/session-brain && npm test --prefix packages/session-brain && npm run build --prefix packages/session-brain
$ pnpm --filter @ditto/runtime-contracts typecheck && pnpm --filter @ditto/runtime-contracts exec vitest run && pnpm --filter @ditto/runtime-contracts build
$ tsc --noEmit

 RUN  v3.2.7 /home/ayan/ditto-worktrees/plan-004-grok/packages/runtime-contracts

 ✓ src/contracts.test.ts (14 tests) 21ms

 Test Files  1 passed (1)
      Tests  14 passed (14)
   Start at  19:39:53
   Duration  847ms (transform 259ms, setup 0ms, collect 306ms, tests 21ms, environment 0ms, prepare 137ms)

$ tsc -p tsconfig.json
npm notice run contracts:check
npm notice run vitest run src/pi-feasibility.test.ts -t contracts-consumer-freshness

 RUN  v3.2.7 /home/ayan/ditto-worktrees/plan-004-grok/packages/session-brain

 ✓ src/pi-feasibility.test.ts (6 tests | 3 skipped) 12683ms
   ✓ contracts-consumer-freshness > contracts-consumer-freshness: imported emitted JS/declarations match a fresh contracts build  1675ms
   ✓ contracts-consumer-freshness > contracts-consumer-freshness: isolated npm copy is stale until the documented npm refresh recipe  10897ms

 Test Files  1 passed (1)
      Tests  3 passed | 3 skipped (6)
   Start at  19:39:57
   Duration  15.05s (transform 313ms, setup 0ms, collect 1.97s, tests 12.68s, environment 0ms, prepare 169ms)

npm notice run typecheck
npm notice run tsc -p tsconfig.json --noEmit
npm notice run test
npm notice run vitest run

 RUN  v3.2.7 /home/ayan/ditto-worktrees/plan-004-grok/packages/session-brain

 ✓ src/pi-restoration.test.ts (3 tests) 38ms
 ✓ src/pi-feasibility.test.ts (6 tests) 38712ms
   ✓ contracts-consumer-freshness > contracts-consumer-freshness: imported emitted JS/declarations match a fresh contracts build  2610ms
   ✓ contracts-consumer-freshness > contracts-consumer-freshness: isolated npm copy is stale until the documented npm refresh recipe  35738ms
   ✓ contracts-consumer-freshness > contracts-consumer-freshness: refresh refuses a consumer symlink to an external sentinel  337ms
 ✓ src/pi-recovery.test.ts (34 tests) 49552ms
   ✓ journal-led recovery > R01 executes a committed A/B batch once before the next inference  325ms
   ✓ awaited durability barriers > initial-command: SIGKILL before-persist and restart  10972ms
   ✓ awaited durability barriers > initial-command: SIGKILL after-persist-before-ack and restart  10608ms
   ✓ awaited durability barriers > initial-command: SIGKILL after-ack-before-next and restart  10431ms
   ✓ awaited durability barriers > follow-up: SIGKILL before-persist and restart  10753ms
   ✓ awaited durability barriers > follow-up: SIGKILL after-persist-before-ack and restart  10324ms
   ✓ awaited durability barriers > follow-up: SIGKILL after-ack-before-next and restart  10155ms
   ✓ awaited durability barriers > assistant-tools: SIGKILL before-persist and restart  10443ms
   ✓ awaited durability barriers > assistant-tools: SIGKILL after-persist-before-ack and restart  10839ms
   ✓ awaited durability barriers > assistant-tools: SIGKILL after-ack-before-next and restart  10810ms
   ✓ awaited durability barriers > tool-result: SIGKILL before-persist and restart  9450ms
   ✓ awaited durability barriers > tool-result: SIGKILL after-persist-before-ack and restart  9125ms
   ✓ awaited durability barriers > tool-result: SIGKILL after-ack-before-next and restart  10343ms
   ✓ awaited durability barriers > final-answer: SIGKILL before-persist and restart  9605ms
   ✓ awaited durability barriers > final-answer: SIGKILL after-persist-before-ack and restart  8748ms
   ✓ awaited durability barriers > final-answer: SIGKILL after-ack-before-next and restart  9630ms
   ✓ awaited durability barriers > compaction: SIGKILL before-persist and restart  9548ms
   ✓ awaited durability barriers > compaction: SIGKILL after-persist-before-ack and restart  9467ms
   ✓ awaited durability barriers > compaction: SIGKILL after-ack-before-next and restart  10052ms
   ✓ awaited durability barriers > extension-state: SIGKILL before-persist and restart  8749ms
   ✓ awaited durability barriers > extension-state: SIGKILL after-persist-before-ack and restart  10002ms
   ✓ awaited durability barriers > extension-state: SIGKILL after-ack-before-next and restart  7995ms
   ✓ awaited durability barriers > spending-attempt: SIGKILL before-persist and restart  8565ms
   ✓ awaited durability barriers > spending-attempt: SIGKILL after-persist-before-ack and restart  7495ms
   ✓ awaited durability barriers > spending-attempt: SIGKILL after-ack-before-next and restart  7859ms

 Test Files  3 passed (3)
      Tests  43 passed (43)
   Start at  19:40:20
   Duration  52.18s (transform 595ms, setup 0ms, collect 6.60s, tests 88.30s, environment 1ms, prepare 446ms)

npm notice run build
npm notice run tsc -p tsconfig.json
