{"name":"private delivery and control route to the same workspace coordinator as observation","result":"FAIL","observed":{"routes":["command-a","stop-a","workspace-a"]}}
{"name":"Container class has a usable reconstruction adapter","result":"FAIL","observed":{"accepted":false,"errorCategory":"command_missing","hasEffectMethod":false,"hasContinuationMethod":false}}
{"name":"coordinator rejects an old accepted owner version after ownership transfer","result":"FAIL","observed":{"accepted":true,"runCount":1}}
{"name":"handoff ownerVersion must match persisted command authority","result":"FAIL","observed":{"accepted":true,"acknowledgedOwnerVersion":99}}
{"name":"effect admission denies archived","result":"FAIL","observed":{"accepted":true,"state":"admitted"}}
{"name":"effect admission denies deleting","result":"FAIL","observed":{"accepted":true,"state":"admitted"}}
{"name":"effect admission denies wrong_lifecycle","result":"FAIL","observed":{"accepted":true,"state":"admitted"}}
{"name":"effect admission denies missing_identity","result":"FAIL","observed":{"accepted":true,"state":"admitted"}}
{"name":"uncooperative Stop stays nonterminal and blocks a replacement writer","result":"FAIL","observed":{"stoppedRunState":"canceled","unresolved":1,"replacementEffectAdmitted":true}}
{"name":"Stop of A does not invalidate a distinct later run B follow-up","result":"FAIL","observed":{"followUpState":"denied"}}
{"name":"terminal Stop settles every pending assistant belonging to its run","result":"FAIL","observed":{"statuses":["failed","pending"],"projectionLag":0}}
{"name":"late prompt canceled by Stop has its assistant settled","result":"FAIL","observed":{"statuses":["pending"],"commandState":"canceled"}}
{"name":"durable cancellation resolves a missing predecessor without delivering canceled work","result":"FAIL","observed":{"nextCommandStatus":"accepted"}}
{"name":"expired queued work settles without creating a live queued run","result":"FAIL","observed":{"runStates":["queued"],"statuses":["pending"]}}
{"name":"actual continuation persistence failure latches off subsequent admissions","result":"FAIL","observed":{"commitAccepted":false,"nextEffectAdmitted":true,"fatalLatch":false}}
{"name":"pending effect identity cannot be rewritten or concurrently reattempted","result":"FAIL","observed":{"conflictingAdmissionAccepted":true,"secondAttemptAccepted":true}}
{"name":"unknown effect halts the run and all subsequent tools","result":"FAIL","observed":{"nextAdmitted":true,"runStatus":"queued"}}
{"name":"superseded continuation cannot advance after Stop","result":"FAIL","observed":{"accepted":true,"position":1}}
{"name":"restart with tampered canonical command fails closed before effect admission","result":"FAIL","observed":{"effectAdmittedAfterTamper":true}}
{"name":"projection membership validates the persisted command and its exact assistant","result":"FAIL","observed":{"unrelatedAssistantStatus":"failed","classification":"applied"}}
{"name":"failed target CAS does not advance its cursor or claim already applied","result":"FAIL","observed":{"classification":"already_applied","cursor":9,"actualVersion":5}}
{"name":"a persisted deletion fence prevents terminal projection writes","result":"FAIL","observed":{"statuses":["failed"]}}
{"name":"accepted command wakeup intent schedules work even without projections","result":"FAIL","observed":{"durablePendingWakeups":1,"schedulerCalls":0}}
{"name":"recovery deadline has a future scheduler wakeup independent of browser traffic","result":"FAIL","observed":{"schedulerCalls":0,"nextDeadlineAt":null,"recoveryDeadlineAt":1700000900000}}
{"name":"one reconcile pass processes at most 25 total intents","result":"FAIL","observed":{"processed":50}}
{"name":"chunk manifest authenticates one immutable record version against cross-write splicing","result":"FAIL","observed":{"mixedRecordAccepted":true}}
{"name":"related terminal targets roll back together when the later target fails","result":"FAIL","observed":{"assistantStatus":"complete","classifications":["applied","retry"]}}
{"name":"completed assistant projection writes redacted final content with status","result":"FAIL","observed":{"assistantStatus":"complete","contentByteCount":0}}
{"name":"retained journal with a missing old encryption key blocks admission on reinitialization","result":"FAIL","observed":{"newEffectAdmitted":true}}
{"name":"observation rejects a foreign owner","result":"PASS","observed":{"status":404}}
{"checks":30,"failures":29}
